Warning	1	warning MSB8004: Output Directory does not end with a trailing slash.  This build instance will add the slash as it is required to allow proper evaluation of the Output Directory.	C:\Program Files (x86)\MSBuild\Microsoft.Cpp\v4.0\V120\Microsoft.CppBuild.targets	364	5	BackMirClient
Error	2	error C2039: 'list' : is not a member of 'std'	y:\develop\github\backmir\bmclient\Common\InteractiveContext.h	76	1	BackMirClient
Error	3	error C2143: syntax error : missing ';' before '<'	y:\develop\github\backmir\bmclient\Common\InteractiveContext.h	76	1	BackMirClient
Error	4	error C4430: missing type specifier - int assumed. Note: C++ does not support default-int	y:\develop\github\backmir\bmclient\Common\InteractiveContext.h	76	1	BackMirClient
Error	5	error C2143: syntax error : missing ';' before '&'	y:\develop\github\backmir\bmclient\Common\InteractiveContext.h	90	1	BackMirClient
Error	6	error C4430: missing type specifier - int assumed. Note: C++ does not support default-int	y:\develop\github\backmir\bmclient\Common\InteractiveContext.h	90	1	BackMirClient
Error	7	error C4430: missing type specifier - int assumed. Note: C++ does not support default-int	y:\develop\github\backmir\bmclient\Common\InteractiveContext.h	91	1	BackMirClient
Warning	8	warning C4183: 'GetNodes': missing return type; assumed to be a member function returning 'int'	y:\develop\github\backmir\bmclient\Common\InteractiveContext.h	93	1	BackMirClient
Error	9	error C2039: 'list' : is not a member of 'std'	y:\develop\github\backmir\bmclient\Common\InteractiveContext.h	98	1	BackMirClient
Error	10	error C2059: syntax error : '<'	y:\develop\github\backmir\bmclient\Common\InteractiveContext.h	98	1	BackMirClient
Error	11	error C2238: unexpected token(s) preceding ';'	y:\develop\github\backmir\bmclient\Common\InteractiveContext.h	98	1	BackMirClient
Error	12	error C2065: 'm_xNodes' : undeclared identifier	y:\develop\github\backmir\bmclient\Common\InteractiveContext.h	92	1	BackMirClient
Warning	13	warning C4819: The file contains a character that cannot be represented in the current code page (936). Save the file in Unicode format to prevent data loss	y:\develop\github\backmir\bmclient\common\GlobalDefine.h	1	1	BackMirClient
Error	14	error C2447: '{' : missing function header (old-style formal list?)	y:\develop\github\backmir\bmclient\common\GlobalDefine.h	91	1	BackMirClient
Error	15	error C2447: '{' : missing function header (old-style formal list?)	y:\develop\github\backmir\bmclient\common\GlobalDefine.h	103	1	BackMirClient
Error	16	error C2447: '{' : missing function header (old-style formal list?)	y:\develop\github\backmir\bmclient\common\GlobalDefine.h	128	1	BackMirClient
Error	17	error C2146: syntax error : missing ';' before identifier 'GetAngle'	y:\develop\github\backmir\bmclient\Common\GlobalFunction.h	26	1	BackMirClient
Error	18	error C4430: missing type specifier - int assumed. Note: C++ does not support default-int	y:\develop\github\backmir\bmclient\Common\GlobalFunction.h	26	1	BackMirClient
Error	19	error C4430: missing type specifier - int assumed. Note: C++ does not support default-int	y:\develop\github\backmir\bmclient\net\PacketHandler.h	71	1	BackMirClient
Error	20	error C2143: syntax error : missing ',' before '&'	y:\develop\github\backmir\bmclient\net\PacketHandler.h	71	1	BackMirClient
Warning	21	warning C4819: The file contains a character that cannot be represented in the current code page (936). Save the file in Unicode format to prevent data loss	y:\develop\github\backmir\CommonModule\MagicEffectID.h	1	1	BackMirClient
Error	22	error C2061: syntax error : identifier 'PLAYER_DIRECTION'	y:\develop\github\backmir\bmclient\Common\GameRenderObject.h	308	1	BackMirClient
Error	23	error C2146: syntax error : missing ';' before identifier 'GetDirection'	y:\develop\github\backmir\bmclient\Common\GameRenderObject.h	312	1	BackMirClient
Error	24	error C2433: 'GameObject::PLAYER_DIRECTION' : 'inline' not permitted on data declarations	y:\develop\github\backmir\bmclient\Common\GameRenderObject.h	312	1	BackMirClient
Error	25	error C4430: missing type specifier - int assumed. Note: C++ does not support default-int	y:\develop\github\backmir\bmclient\Common\GameRenderObject.h	312	1	BackMirClient
Error	26	error C4430: missing type specifier - int assumed. Note: C++ does not support default-int	y:\develop\github\backmir\bmclient\Common\GameRenderObject.h	313	1	BackMirClient
Warning	27	warning C4183: 'GetDirection': missing return type; assumed to be a member function returning 'int'	y:\develop\github\backmir\bmclient\Common\GameRenderObject.h	315	1	BackMirClient
Error	28	error C2061: syntax error : identifier 'PLAYER_STATUS'	y:\develop\github\backmir\bmclient\Common\GameRenderObject.h	316	1	BackMirClient
Error	29	error C2146: syntax error : missing ';' before identifier 'GetStatus'	y:\develop\github\backmir\bmclient\Common\GameRenderObject.h	326	1	BackMirClient
Error	30	error C2433: 'GameObject::PLAYER_STATUS' : 'inline' not permitted on data declarations	y:\develop\github\backmir\bmclient\Common\GameRenderObject.h	326	1	BackMirClient
Error	31	error C4430: missing type specifier - int assumed. Note: C++ does not support default-int	y:\develop\github\backmir\bmclient\Common\GameRenderObject.h	326	1	BackMirClient
Error	32	error C4430: missing type specifier - int assumed. Note: C++ does not support default-int	y:\develop\github\backmir\bmclient\Common\GameRenderObject.h	327	1	BackMirClient
Warning	33	warning C4183: 'GetStatus': missing return type; assumed to be a member function returning 'int'	y:\develop\github\backmir\bmclient\Common\GameRenderObject.h	329	1	BackMirClient
Error	34	error C2146: syntax error : missing ';' before identifier 'GetPreStatus'	y:\develop\github\backmir\bmclient\Common\GameRenderObject.h	330	1	BackMirClient
Error	35	error C2433: 'GameObject::PLAYER_STATUS' : 'inline' not permitted on data declarations	y:\develop\github\backmir\bmclient\Common\GameRenderObject.h	330	1	BackMirClient
Error	36	error C4430: missing type specifier - int assumed. Note: C++ does not support default-int	y:\develop\github\backmir\bmclient\Common\GameRenderObject.h	330	1	BackMirClient
Error	37	error C4430: missing type specifier - int assumed. Note: C++ does not support default-int	y:\develop\github\backmir\bmclient\Common\GameRenderObject.h	331	1	BackMirClient
Warning	38	warning C4183: 'GetPreStatus': missing return type; assumed to be a member function returning 'int'	y:\develop\github\backmir\bmclient\Common\GameRenderObject.h	333	1	BackMirClient
Error	39	error C2061: syntax error : identifier 'PLAYER_SEX'	y:\develop\github\backmir\bmclient\Common\GameRenderObject.h	354	1	BackMirClient
Error	40	error C2146: syntax error : missing ';' before identifier 'GetPlayerSex'	y:\develop\github\backmir\bmclient\Common\GameRenderObject.h	358	1	BackMirClient
Error	41	error C2433: 'GameObject::PLAYER_SEX' : 'inline' not permitted on data declarations	y:\develop\github\backmir\bmclient\Common\GameRenderObject.h	358	1	BackMirClient
Error	42	error C4430: missing type specifier - int assumed. Note: C++ does not support default-int	y:\develop\github\backmir\bmclient\Common\GameRenderObject.h	358	1	BackMirClient
Error	43	error C4430: missing type specifier - int assumed. Note: C++ does not support default-int	y:\develop\github\backmir\bmclient\Common\GameRenderObject.h	359	1	BackMirClient
Warning	44	warning C4183: 'GetPlayerSex': missing return type; assumed to be a member function returning 'int'	y:\develop\github\backmir\bmclient\Common\GameRenderObject.h	361	1	BackMirClient
Error	45	error C4430: missing type specifier - int assumed. Note: C++ does not support default-int	y:\develop\github\backmir\bmclient\Common\GameRenderObject.h	503	1	BackMirClient
Error	46	error C2143: syntax error : missing ',' before '&'	y:\develop\github\backmir\bmclient\Common\GameRenderObject.h	503	1	BackMirClient
Error	47	error C4430: missing type specifier - int assumed. Note: C++ does not support default-int	y:\develop\github\backmir\bmclient\Common\GameRenderObject.h	504	1	BackMirClient
Error	48	error C2143: syntax error : missing ',' before '&'	y:\develop\github\backmir\bmclient\Common\GameRenderObject.h	504	1	BackMirClient
Error	49	error C2535: 'void GameObject::DoPacket(const int)' : member function already defined or declared	y:\develop\github\backmir\bmclient\Common\GameRenderObject.h	504	1	BackMirClient
Error	50	error C4430: missing type specifier - int assumed. Note: C++ does not support default-int	y:\develop\github\backmir\bmclient\Common\GameRenderObject.h	505	1	BackMirClient
Error	51	error C2143: syntax error : missing ',' before '&'	y:\develop\github\backmir\bmclient\Common\GameRenderObject.h	505	1	BackMirClient
Error	52	error C2535: 'void GameObject::DoPacket(const int)' : member function already defined or declared	y:\develop\github\backmir\bmclient\Common\GameRenderObject.h	505	1	BackMirClient
Error	53	error C2061: syntax error : identifier 'PLAYER_STATUS'	y:\develop\github\backmir\bmclient\Common\GameRenderObject.h	513	1	BackMirClient
Error	54	error C2146: syntax error : missing ';' before identifier 'm_drt'	y:\develop\github\backmir\bmclient\Common\GameRenderObject.h	554	1	BackMirClient
Error	55	error C4430: missing type specifier - int assumed. Note: C++ does not support default-int	y:\develop\github\backmir\bmclient\Common\GameRenderObject.h	554	1	BackMirClient
Error	56	error C2146: syntax error : missing ';' before identifier 'm_sex'	y:\develop\github\backmir\bmclient\Common\GameRenderObject.h	555	1	BackMirClient
Error	57	error C4430: missing type specifier - int assumed. Note: C++ does not support default-int	y:\develop\github\backmir\bmclient\Common\GameRenderObject.h	555	1	BackMirClient
Error	58	error C2146: syntax error : missing ';' before identifier 'm_stat'	y:\develop\github\backmir\bmclient\Common\GameRenderObject.h	556	1	BackMirClient
Error	59	error C4430: missing type specifier - int assumed. Note: C++ does not support default-int	y:\develop\github\backmir\bmclient\Common\GameRenderObject.h	556	1	BackMirClient
Error	60	error C2146: syntax error : missing ';' before identifier 'm_preStat'	y:\develop\github\backmir\bmclient\Common\GameRenderObject.h	557	1	BackMirClient
Error	61	error C4430: missing type specifier - int assumed. Note: C++ does not support default-int	y:\develop\github\backmir\bmclient\Common\GameRenderObject.h	557	1	BackMirClient
Error	62	error C2065: 'm_drt' : undeclared identifier	y:\develop\github\backmir\bmclient\Common\GameRenderObject.h	253	1	BackMirClient
Error	63	error C2065: 'PDT_DOWN' : undeclared identifier	y:\develop\github\backmir\bmclient\Common\GameRenderObject.h	253	1	BackMirClient
Error	64	error C2065: 'm_sex' : undeclared identifier	y:\develop\github\backmir\bmclient\Common\GameRenderObject.h	254	1	BackMirClient
Error	65	error C2065: 'PSX_MAN' : undeclared identifier	y:\develop\github\backmir\bmclient\Common\GameRenderObject.h	254	1	BackMirClient
Error	66	error C2065: 'm_preStat' : undeclared identifier	y:\develop\github\backmir\bmclient\Common\GameRenderObject.h	255	1	BackMirClient
Error	67	error C2065: 'm_stat' : undeclared identifier	y:\develop\github\backmir\bmclient\Common\GameRenderObject.h	255	1	BackMirClient
Error	68	error C2065: 'PST_STAND' : undeclared identifier	y:\develop\github\backmir\bmclient\Common\GameRenderObject.h	255	1	BackMirClient
Error	69	error C2065: 'm_drt' : undeclared identifier	y:\develop\github\backmir\bmclient\Common\GameRenderObject.h	310	1	BackMirClient
Error	70	error C2065: '_pd' : undeclared identifier	y:\develop\github\backmir\bmclient\Common\GameRenderObject.h	310	1	BackMirClient
Error	71	error C2065: 'm_drt' : undeclared identifier	y:\develop\github\backmir\bmclient\Common\GameRenderObject.h	314	1	BackMirClient
Error	72	error C2065: 'm_stat' : undeclared identifier	y:\develop\github\backmir\bmclient\Common\GameRenderObject.h	318	1	BackMirClient
Error	73	error C2065: '_ps' : undeclared identifier	y:\develop\github\backmir\bmclient\Common\GameRenderObject.h	318	1	BackMirClient
Error	74	error C2065: '_ps' : undeclared identifier	y:\develop\github\backmir\bmclient\Common\GameRenderObject.h	320	1	BackMirClient
Error	75	error C2065: 'PST_STAND' : undeclared identifier	y:\develop\github\backmir\bmclient\Common\GameRenderObject.h	320	1	BackMirClient
Error	76	error C2065: '_ps' : undeclared identifier	y:\develop\github\backmir\bmclient\Common\GameRenderObject.h	324	1	BackMirClient
Error	77	error C2065: 'm_stat' : undeclared identifier	y:\develop\github\backmir\bmclient\Common\GameRenderObject.h	328	1	BackMirClient
Error	78	error C2065: 'm_preStat' : undeclared identifier	y:\develop\github\backmir\bmclient\Common\GameRenderObject.h	332	1	BackMirClient
Error	79	error C2065: 'm_sex' : undeclared identifier	y:\develop\github\backmir\bmclient\Common\GameRenderObject.h	356	1	BackMirClient
Error	80	error C2065: '_ps' : undeclared identifier	y:\develop\github\backmir\bmclient\Common\GameRenderObject.h	356	1	BackMirClient
Error	81	error C2065: 'm_sex' : undeclared identifier	y:\develop\github\backmir\bmclient\Common\GameRenderObject.h	360	1	BackMirClient
Error	82	error C2065: 'PST_DEAD' : undeclared identifier	y:\develop\github\backmir\bmclient\Common\GameRenderObject.h	429	1	BackMirClient
Error	83	error C1083: Cannot open include file: 'FastDelegateBind.h': No such file or directory	y:\develop\github\backmir\bmclient\gamedialog\GameCommonDlg.h	9	1	BackMirClient
Error	84	error C4430: missing type specifier - int assumed. Note: C++ does not support default-int	y:\develop\github\backmir\bmclient\Net\PacketHandler.h	71	1	BackMirClient
Error	85	error C2143: syntax error : missing ',' before '&'	y:\develop\github\backmir\bmclient\Net\PacketHandler.h	71	1	BackMirClient
Warning	86	warning C4819: The file contains a character that cannot be represented in the current code page (936). Save the file in Unicode format to prevent data loss	y:\develop\github\backmir\bmclient\Common\GlobalDefine.h	1	1	BackMirClient
Error	87	error C2447: '{' : missing function header (old-style formal list?)	y:\develop\github\backmir\bmclient\Common\GlobalDefine.h	91	1	BackMirClient
Error	88	error C2447: '{' : missing function header (old-style formal list?)	y:\develop\github\backmir\bmclient\Common\GlobalDefine.h	103	1	BackMirClient
Error	89	error C2447: '{' : missing function header (old-style formal list?)	y:\develop\github\backmir\bmclient\Common\GlobalDefine.h	128	1	BackMirClient
Error	90	error C2146: syntax error : missing ';' before identifier 'GetAngle'	y:\develop\github\backmir\bmclient\Common\GlobalFunction.h	26	1	BackMirClient
Error	91	error C4430: missing type specifier - int assumed. Note: C++ does not support default-int	y:\develop\github\backmir\bmclient\Common\GlobalFunction.h	26	1	BackMirClient
Warning	92	warning C4819: The file contains a character that cannot be represented in the current code page (936). Save the file in Unicode format to prevent data loss	y:\develop\github\backmir\CommonModule\MagicEffectID.h	1	1	BackMirClient
Error	93	error C2061: syntax error : identifier 'PLAYER_DIRECTION'	y:\develop\github\backmir\bmclient\Common\GameRenderObject.h	308	1	BackMirClient
Error	94	error C2146: syntax error : missing ';' before identifier 'GetDirection'	y:\develop\github\backmir\bmclient\Common\GameRenderObject.h	312	1	BackMirClient
Error	95	error C2433: 'GameObject::PLAYER_DIRECTION' : 'inline' not permitted on data declarations	y:\develop\github\backmir\bmclient\Common\GameRenderObject.h	312	1	BackMirClient
Error	96	error C4430: missing type specifier - int assumed. Note: C++ does not support default-int	y:\develop\github\backmir\bmclient\Common\GameRenderObject.h	312	1	BackMirClient
Error	97	error C4430: missing type specifier - int assumed. Note: C++ does not support default-int	y:\develop\github\backmir\bmclient\Common\GameRenderObject.h	313	1	BackMirClient
Warning	98	warning C4183: 'GetDirection': missing return type; assumed to be a member function returning 'int'	y:\develop\github\backmir\bmclient\Common\GameRenderObject.h	315	1	BackMirClient
Error	99	error C2061: syntax error : identifier 'PLAYER_STATUS'	y:\develop\github\backmir\bmclient\Common\GameRenderObject.h	316	1	BackMirClient
Error	100	error C2146: syntax error : missing ';' before identifier 'GetStatus'	y:\develop\github\backmir\bmclient\Common\GameRenderObject.h	326	1	BackMirClient
Error	101	error C2433: 'GameObject::PLAYER_STATUS' : 'inline' not permitted on data declarations	y:\develop\github\backmir\bmclient\Common\GameRenderObject.h	326	1	BackMirClient
Error	102	error C4430: missing type specifier - int assumed. Note: C++ does not support default-int	y:\develop\github\backmir\bmclient\Common\GameRenderObject.h	326	1	BackMirClient
Error	103	error C4430: missing type specifier - int assumed. Note: C++ does not support default-int	y:\develop\github\backmir\bmclient\Common\GameRenderObject.h	327	1	BackMirClient
Warning	104	warning C4183: 'GetStatus': missing return type; assumed to be a member function returning 'int'	y:\develop\github\backmir\bmclient\Common\GameRenderObject.h	329	1	BackMirClient
Error	105	error C2146: syntax error : missing ';' before identifier 'GetPreStatus'	y:\develop\github\backmir\bmclient\Common\GameRenderObject.h	330	1	BackMirClient
Error	106	error C2433: 'GameObject::PLAYER_STATUS' : 'inline' not permitted on data declarations	y:\develop\github\backmir\bmclient\Common\GameRenderObject.h	330	1	BackMirClient
Error	107	error C4430: missing type specifier - int assumed. Note: C++ does not support default-int	y:\develop\github\backmir\bmclient\Common\GameRenderObject.h	330	1	BackMirClient
Error	108	error C4430: missing type specifier - int assumed. Note: C++ does not support default-int	y:\develop\github\backmir\bmclient\Common\GameRenderObject.h	331	1	BackMirClient
Warning	109	warning C4183: 'GetPreStatus': missing return type; assumed to be a member function returning 'int'	y:\develop\github\backmir\bmclient\Common\GameRenderObject.h	333	1	BackMirClient
Error	110	error C2061: syntax error : identifier 'PLAYER_SEX'	y:\develop\github\backmir\bmclient\Common\GameRenderObject.h	354	1	BackMirClient
Error	111	error C2146: syntax error : missing ';' before identifier 'GetPlayerSex'	y:\develop\github\backmir\bmclient\Common\GameRenderObject.h	358	1	BackMirClient
Error	112	error C2433: 'GameObject::PLAYER_SEX' : 'inline' not permitted on data declarations	y:\develop\github\backmir\bmclient\Common\GameRenderObject.h	358	1	BackMirClient
Error	113	error C4430: missing type specifier - int assumed. Note: C++ does not support default-int	y:\develop\github\backmir\bmclient\Common\GameRenderObject.h	358	1	BackMirClient
Error	114	error C4430: missing type specifier - int assumed. Note: C++ does not support default-int	y:\develop\github\backmir\bmclient\Common\GameRenderObject.h	359	1	BackMirClient
Warning	115	warning C4183: 'GetPlayerSex': missing return type; assumed to be a member function returning 'int'	y:\develop\github\backmir\bmclient\Common\GameRenderObject.h	361	1	BackMirClient
Error	116	error C4430: missing type specifier - int assumed. Note: C++ does not support default-int	y:\develop\github\backmir\bmclient\Common\GameRenderObject.h	503	1	BackMirClient
Error	117	error C2143: syntax error : missing ',' before '&'	y:\develop\github\backmir\bmclient\Common\GameRenderObject.h	503	1	BackMirClient
Error	118	error C4430: missing type specifier - int assumed. Note: C++ does not support default-int	y:\develop\github\backmir\bmclient\Common\GameRenderObject.h	504	1	BackMirClient
Error	119	error C2143: syntax error : missing ',' before '&'	y:\develop\github\backmir\bmclient\Common\GameRenderObject.h	504	1	BackMirClient
Error	120	error C2535: 'void GameObject::DoPacket(const int)' : member function already defined or declared	y:\develop\github\backmir\bmclient\Common\GameRenderObject.h	504	1	BackMirClient
Error	121	error C4430: missing type specifier - int assumed. Note: C++ does not support default-int	y:\develop\github\backmir\bmclient\Common\GameRenderObject.h	505	1	BackMirClient
Error	122	error C2143: syntax error : missing ',' before '&'	y:\develop\github\backmir\bmclient\Common\GameRenderObject.h	505	1	BackMirClient
Error	123	error C2535: 'void GameObject::DoPacket(const int)' : member function already defined or declared	y:\develop\github\backmir\bmclient\Common\GameRenderObject.h	505	1	BackMirClient
Error	124	error C2061: syntax error : identifier 'PLAYER_STATUS'	y:\develop\github\backmir\bmclient\Common\GameRenderObject.h	513	1	BackMirClient
Error	125	error C2146: syntax error : missing ';' before identifier 'm_drt'	y:\develop\github\backmir\bmclient\Common\GameRenderObject.h	554	1	BackMirClient
Error	126	error C4430: missing type specifier - int assumed. Note: C++ does not support default-int	y:\develop\github\backmir\bmclient\Common\GameRenderObject.h	554	1	BackMirClient
Error	127	error C2146: syntax error : missing ';' before identifier 'm_sex'	y:\develop\github\backmir\bmclient\Common\GameRenderObject.h	555	1	BackMirClient
Error	128	error C4430: missing type specifier - int assumed. Note: C++ does not support default-int	y:\develop\github\backmir\bmclient\Common\GameRenderObject.h	555	1	BackMirClient
Error	129	error C2146: syntax error : missing ';' before identifier 'm_stat'	y:\develop\github\backmir\bmclient\Common\GameRenderObject.h	556	1	BackMirClient
Error	130	error C4430: missing type specifier - int assumed. Note: C++ does not support default-int	y:\develop\github\backmir\bmclient\Common\GameRenderObject.h	556	1	BackMirClient
Error	131	error C2146: syntax error : missing ';' before identifier 'm_preStat'	y:\develop\github\backmir\bmclient\Common\GameRenderObject.h	557	1	BackMirClient
Error	132	error C4430: missing type specifier - int assumed. Note: C++ does not support default-int	y:\develop\github\backmir\bmclient\Common\GameRenderObject.h	557	1	BackMirClient
Error	133	error C2065: 'm_drt' : undeclared identifier	y:\develop\github\backmir\bmclient\Common\GameRenderObject.h	253	1	BackMirClient
Error	134	error C2065: 'PDT_DOWN' : undeclared identifier	y:\develop\github\backmir\bmclient\Common\GameRenderObject.h	253	1	BackMirClient
Error	135	error C2065: 'm_sex' : undeclared identifier	y:\develop\github\backmir\bmclient\Common\GameRenderObject.h	254	1	BackMirClient
Error	136	error C2065: 'PSX_MAN' : undeclared identifier	y:\develop\github\backmir\bmclient\Common\GameRenderObject.h	254	1	BackMirClient
Error	137	error C2065: 'm_preStat' : undeclared identifier	y:\develop\github\backmir\bmclient\Common\GameRenderObject.h	255	1	BackMirClient
Error	138	error C2065: 'm_stat' : undeclared identifier	y:\develop\github\backmir\bmclient\Common\GameRenderObject.h	255	1	BackMirClient
Error	139	error C2065: 'PST_STAND' : undeclared identifier	y:\develop\github\backmir\bmclient\Common\GameRenderObject.h	255	1	BackMirClient
Error	140	error C2065: 'm_drt' : undeclared identifier	y:\develop\github\backmir\bmclient\Common\GameRenderObject.h	310	1	BackMirClient
Error	141	error C2065: '_pd' : undeclared identifier	y:\develop\github\backmir\bmclient\Common\GameRenderObject.h	310	1	BackMirClient
Error	142	error C2065: 'm_drt' : undeclared identifier	y:\develop\github\backmir\bmclient\Common\GameRenderObject.h	314	1	BackMirClient
Error	143	error C2065: 'm_stat' : undeclared identifier	y:\develop\github\backmir\bmclient\Common\GameRenderObject.h	318	1	BackMirClient
Error	144	error C2065: '_ps' : undeclared identifier	y:\develop\github\backmir\bmclient\Common\GameRenderObject.h	318	1	BackMirClient
Error	145	error C2065: '_ps' : undeclared identifier	y:\develop\github\backmir\bmclient\Common\GameRenderObject.h	320	1	BackMirClient
Error	146	error C2065: 'PST_STAND' : undeclared identifier	y:\develop\github\backmir\bmclient\Common\GameRenderObject.h	320	1	BackMirClient
Error	147	error C2065: '_ps' : undeclared identifier	y:\develop\github\backmir\bmclient\Common\GameRenderObject.h	324	1	BackMirClient
Error	148	error C2065: 'm_stat' : undeclared identifier	y:\develop\github\backmir\bmclient\Common\GameRenderObject.h	328	1	BackMirClient
Error	149	error C2065: 'm_preStat' : undeclared identifier	y:\develop\github\backmir\bmclient\Common\GameRenderObject.h	332	1	BackMirClient
Error	150	error C2065: 'm_sex' : undeclared identifier	y:\develop\github\backmir\bmclient\Common\GameRenderObject.h	356	1	BackMirClient
Error	151	error C2065: '_ps' : undeclared identifier	y:\develop\github\backmir\bmclient\Common\GameRenderObject.h	356	1	BackMirClient
Error	152	error C2065: 'm_sex' : undeclared identifier	y:\develop\github\backmir\bmclient\Common\GameRenderObject.h	360	1	BackMirClient
Error	153	error C2065: 'PST_DEAD' : undeclared identifier	y:\develop\github\backmir\bmclient\Common\GameRenderObject.h	429	1	BackMirClient
Warning	154	warning C4819: The file contains a character that cannot be represented in the current code page (936). Save the file in Unicode format to prevent data loss	y:\develop\github\backmir\CommonModule\ShareDefine.h	1	1	BackMirClient
Error	155	error C2365: 'RES_ITEMS' : redefinition; previous definition was 'enumerator'	y:\develop\github\backmir\CommonModule\ShareDefine.h	79	1	BackMirClient
Error	156	error C2365: 'RES_STATUS' : redefinition; previous definition was 'enumerator'	y:\develop\github\backmir\CommonModule\ShareDefine.h	80	1	BackMirClient
Error	157	error C2365: 'RES_CUSTOM' : redefinition; previous definition was 'enumerator'	y:\develop\github\backmir\CommonModule\ShareDefine.h	81	1	BackMirClient
Error	158	error C2365: 'RES_TOTAL' : redefinition; previous definition was 'enumerator'	y:\develop\github\backmir\CommonModule\ShareDefine.h	82	1	BackMirClient
Error	159	error C2065: 'MEFF_USERTOTAL' : undeclared identifier	y:\develop\github\backmir\bmclient\GameScene\MagicEffect.h	8	1	BackMirClient
Error	160	error C2061: syntax error : identifier 'PLAYER_STATUS'	y:\develop\github\backmir\bmclient\gamescene\GameOtherPlayer.h	29	1	BackMirClient
Error	161	error C2061: syntax error : identifier 'MAGICEFFECT_TYPE'	y:\develop\github\backmir\bmclient\gamescene\GameOtherPlayer.h	52	1	BackMirClient
Error	162	error C2061: syntax error : identifier 'MAGICEFFECT_TYPE'	y:\develop\github\backmir\bmclient\gamescene\GameOtherPlayer.h	53	1	BackMirClient
Error	163	error C4430: missing type specifier - int assumed. Note: C++ does not support default-int	y:\develop\github\backmir\bmclient\gamescene\GameOtherPlayer.h	157	1	BackMirClient
Error	164	error C2143: syntax error : missing ',' before '&'	y:\develop\github\backmir\bmclient\gamescene\GameOtherPlayer.h	157	1	BackMirClient
Error	165	error C4430: missing type specifier - int assumed. Note: C++ does not support default-int	y:\develop\github\backmir\bmclient\gamescene\GameOtherPlayer.h	201	1	BackMirClient
Error	166	error C2143: syntax error : missing ',' before '&'	y:\develop\github\backmir\bmclient\gamescene\GameOtherPlayer.h	201	1	BackMirClient
Error	167	error C2535: 'void GameOtherPlayer::DoPacket(const int)' : member function already defined or declared	y:\develop\github\backmir\bmclient\gamescene\GameOtherPlayer.h	201	1	BackMirClient
Error	168	error C2146: syntax error : missing ';' before identifier 'm_eEffect'	y:\develop\github\backmir\bmclient\gamescene\GameOtherPlayer.h	228	1	BackMirClient
Error	169	error C4430: missing type specifier - int assumed. Note: C++ does not support default-int	y:\develop\github\backmir\bmclient\gamescene\GameOtherPlayer.h	228	1	BackMirClient
Error	170	error C2065: 'MAGICEFFECT_TOTAL' : undeclared identifier	y:\develop\github\backmir\bmclient\gamescene\GameOtherPlayer.h	228	1	BackMirClient
Warning	171	warning C4819: The file contains a character that cannot be represented in the current code page (936). Save the file in Unicode format to prevent data loss	y:\develop\github\backmir\CommonModule\RandGenerator.h	1	1	BackMirClient
Warning	172	warning C4819: The file contains a character that cannot be represented in the current code page (936). Save the file in Unicode format to prevent data loss	y:\develop\github\backmir\CommonModule\CollDownController.h	1	1	BackMirClient
Error	173	error C2061: syntax error : identifier 'PLAYER_DIRECTION'	y:\develop\github\backmir\bmclient\gamescene\GamePlayer.h	57	1	BackMirClient
Error	174	error C2061: syntax error : identifier 'PLAYER_DIRECTION'	y:\develop\github\backmir\bmclient\gamescene\GamePlayer.h	58	1	BackMirClient
Error	175	error C2143: syntax error : missing ';' before '*'	y:\develop\github\backmir\bmclient\gamescene\GamePlayer.h	73	1	BackMirClient
Error	176	error C4430: missing type specifier - int assumed. Note: C++ does not support default-int	y:\develop\github\backmir\bmclient\gamescene\GamePlayer.h	73	1	BackMirClient
Error	177	error C4430: missing type specifier - int assumed. Note: C++ does not support default-int	y:\develop\github\backmir\bmclient\gamescene\GamePlayer.h	74	1	BackMirClient
Warning	178	warning C4183: 'GetEquip': missing return type; assumed to be a member function returning 'int'	y:\develop\github\backmir\bmclient\gamescene\GamePlayer.h	76	1	BackMirClient
Error	179	error C2146: syntax error : missing ';' before identifier 'm_equipAttrib'	y:\develop\github\backmir\bmclient\gamescene\GamePlayer.h	350	1	BackMirClient
Error	180	error C4430: missing type specifier - int assumed. Note: C++ does not support default-int	y:\develop\github\backmir\bmclient\gamescene\GamePlayer.h	350	1	BackMirClient
Error	181	error C2146: syntax error : missing ';' before identifier 'm_indexs'	y:\develop\github\backmir\bmclient\gamescene\GamePlayer.h	361	1	BackMirClient
Error	182	error C4430: missing type specifier - int assumed. Note: C++ does not support default-int	y:\develop\github\backmir\bmclient\gamescene\GamePlayer.h	361	1	BackMirClient
Error	183	error C2065: 'ADD_NORMAL' : undeclared identifier	y:\develop\github\backmir\bmclient\gamescene\GamePlayer.h	182	1	BackMirClient
Error	184	error C2065: 'ADD_NORMAL' : undeclared identifier	y:\develop\github\backmir\bmclient\gamescene\GamePlayer.h	183	1	BackMirClient
Error	185	error C2065: 'm_equipAttrib' : undeclared identifier	y:\develop\github\backmir\bmclient\gamescene\GamePlayer.h	75	1	BackMirClient
Error	186	error C2065: 'PST_NONE' : undeclared identifier	y:\develop\github\backmir\bmclient\gamescene\GamePlayer.h	84	1	BackMirClient
Error	187	error C2065: 'g_nWanLiTable' : undeclared identifier	y:\develop\github\backmir\bmclient\gamescene\GamePlayer.h	135	1	BackMirClient
Error	188	error C2146: syntax error : missing ';' before identifier 'm_xShowItems'	y:\develop\github\backmir\bmclient\GameScene\GameMapManager.h	137	1	BackMirClient
Error	189	error C4430: missing type specifier - int assumed. Note: C++ does not support default-int	y:\develop\github\backmir\bmclient\GameScene\GameMapManager.h	137	1	BackMirClient
Error	190	error C2146: syntax error : missing ';' before identifier 'm_xMouseItems'	y:\develop\github\backmir\bmclient\GameScene\GameMapManager.h	138	1	BackMirClient
Error	191	error C4430: missing type specifier - int assumed. Note: C++ does not support default-int	y:\develop\github\backmir\bmclient\GameScene\GameMapManager.h	138	1	BackMirClient
Error	192	error C2065: 'm_xMouseItems' : undeclared identifier	y:\develop\github\backmir\bmclient\GameScene\GameMapManager.h	80	1	BackMirClient
Error	193	error C2228: left of '.push_back' must have class/struct/union	y:\develop\github\backmir\bmclient\GameScene\GameMapManager.h	80	1	BackMirClient
Error	194	error C1083: Cannot open include file: 'FastDelegateBind.h': No such file or directory	y:\develop\github\backmir\bmclient\GameDialog\GameCommonDlg.h	9	1	BackMirClient
Error	195	error C4430: missing type specifier - int assumed. Note: C++ does not support default-int	y:\develop\github\backmir\bmclient\net\PacketHandler.h	71	1	BackMirClient
Error	196	error C2143: syntax error : missing ',' before '&'	y:\develop\github\backmir\bmclient\net\PacketHandler.h	71	1	BackMirClient
Warning	197	warning C4819: The file contains a character that cannot be represented in the current code page (936). Save the file in Unicode format to prevent data loss	y:\develop\github\backmir\bmclient\Common\GlobalDefine.h	1	1	BackMirClient
Error	198	error C2447: '{' : missing function header (old-style formal list?)	y:\develop\github\backmir\bmclient\Common\GlobalDefine.h	91	1	BackMirClient
Error	199	error C2447: '{' : missing function header (old-style formal list?)	y:\develop\github\backmir\bmclient\Common\GlobalDefine.h	103	1	BackMirClient
Error	200	error C2447: '{' : missing function header (old-style formal list?)	y:\develop\github\backmir\bmclient\Common\GlobalDefine.h	128	1	BackMirClient
Error	201	error C2146: syntax error : missing ';' before identifier 'GetAngle'	y:\develop\github\backmir\bmclient\Common\GlobalFunction.h	26	1	BackMirClient
Error	202	error C4430: missing type specifier - int assumed. Note: C++ does not support default-int	y:\develop\github\backmir\bmclient\Common\GlobalFunction.h	26	1	BackMirClient
Warning	203	warning C4819: The file contains a character that cannot be represented in the current code page (936). Save the file in Unicode format to prevent data loss	y:\develop\github\backmir\CommonModule\MagicEffectID.h	1	1	BackMirClient
Error	204	error C2061: syntax error : identifier 'PLAYER_DIRECTION'	y:\develop\github\backmir\bmclient\Common\GameRenderObject.h	308	1	BackMirClient
Error	205	error C2146: syntax error : missing ';' before identifier 'GetDirection'	y:\develop\github\backmir\bmclient\Common\GameRenderObject.h	312	1	BackMirClient
Error	206	error C2433: 'GameObject::PLAYER_DIRECTION' : 'inline' not permitted on data declarations	y:\develop\github\backmir\bmclient\Common\GameRenderObject.h	312	1	BackMirClient
Error	207	error C4430: missing type specifier - int assumed. Note: C++ does not support default-int	y:\develop\github\backmir\bmclient\Common\GameRenderObject.h	312	1	BackMirClient
Error	208	error C4430: missing type specifier - int assumed. Note: C++ does not support default-int	y:\develop\github\backmir\bmclient\Common\GameRenderObject.h	313	1	BackMirClient
Warning	209	warning C4183: 'GetDirection': missing return type; assumed to be a member function returning 'int'	y:\develop\github\backmir\bmclient\Common\GameRenderObject.h	315	1	BackMirClient
Error	210	error C2061: syntax error : identifier 'PLAYER_STATUS'	y:\develop\github\backmir\bmclient\Common\GameRenderObject.h	316	1	BackMirClient
Error	211	error C2146: syntax error : missing ';' before identifier 'GetStatus'	y:\develop\github\backmir\bmclient\Common\GameRenderObject.h	326	1	BackMirClient
Error	212	error C2433: 'GameObject::PLAYER_STATUS' : 'inline' not permitted on data declarations	y:\develop\github\backmir\bmclient\Common\GameRenderObject.h	326	1	BackMirClient
Error	213	error C4430: missing type specifier - int assumed. Note: C++ does not support default-int	y:\develop\github\backmir\bmclient\Common\GameRenderObject.h	326	1	BackMirClient
Error	214	error C4430: missing type specifier - int assumed. Note: C++ does not support default-int	y:\develop\github\backmir\bmclient\Common\GameRenderObject.h	327	1	BackMirClient
Warning	215	warning C4183: 'GetStatus': missing return type; assumed to be a member function returning 'int'	y:\develop\github\backmir\bmclient\Common\GameRenderObject.h	329	1	BackMirClient
Error	216	error C2146: syntax error : missing ';' before identifier 'GetPreStatus'	y:\develop\github\backmir\bmclient\Common\GameRenderObject.h	330	1	BackMirClient
Error	217	error C2433: 'GameObject::PLAYER_STATUS' : 'inline' not permitted on data declarations	y:\develop\github\backmir\bmclient\Common\GameRenderObject.h	330	1	BackMirClient
Error	218	error C4430: missing type specifier - int assumed. Note: C++ does not support default-int	y:\develop\github\backmir\bmclient\Common\GameRenderObject.h	330	1	BackMirClient
Error	219	error C4430: missing type specifier - int assumed. Note: C++ does not support default-int	y:\develop\github\backmir\bmclient\Common\GameRenderObject.h	331	1	BackMirClient
Warning	220	warning C4183: 'GetPreStatus': missing return type; assumed to be a member function returning 'int'	y:\develop\github\backmir\bmclient\Common\GameRenderObject.h	333	1	BackMirClient
Error	221	error C2061: syntax error : identifier 'PLAYER_SEX'	y:\develop\github\backmir\bmclient\Common\GameRenderObject.h	354	1	BackMirClient
Error	222	error C2146: syntax error : missing ';' before identifier 'GetPlayerSex'	y:\develop\github\backmir\bmclient\Common\GameRenderObject.h	358	1	BackMirClient
Error	223	error C2433: 'GameObject::PLAYER_SEX' : 'inline' not permitted on data declarations	y:\develop\github\backmir\bmclient\Common\GameRenderObject.h	358	1	BackMirClient
Error	224	error C4430: missing type specifier - int assumed. Note: C++ does not support default-int	y:\develop\github\backmir\bmclient\Common\GameRenderObject.h	358	1	BackMirClient
Error	225	error C4430: missing type specifier - int assumed. Note: C++ does not support default-int	y:\develop\github\backmir\bmclient\Common\GameRenderObject.h	359	1	BackMirClient
Warning	226	warning C4183: 'GetPlayerSex': missing return type; assumed to be a member function returning 'int'	y:\develop\github\backmir\bmclient\Common\GameRenderObject.h	361	1	BackMirClient
Error	227	error C4430: missing type specifier - int assumed. Note: C++ does not support default-int	y:\develop\github\backmir\bmclient\Common\GameRenderObject.h	503	1	BackMirClient
Error	228	error C2143: syntax error : missing ',' before '&'	y:\develop\github\backmir\bmclient\Common\GameRenderObject.h	503	1	BackMirClient
Error	229	error C4430: missing type specifier - int assumed. Note: C++ does not support default-int	y:\develop\github\backmir\bmclient\Common\GameRenderObject.h	504	1	BackMirClient
Error	230	error C2143: syntax error : missing ',' before '&'	y:\develop\github\backmir\bmclient\Common\GameRenderObject.h	504	1	BackMirClient
Error	231	error C2535: 'void GameObject::DoPacket(const int)' : member function already defined or declared	y:\develop\github\backmir\bmclient\Common\GameRenderObject.h	504	1	BackMirClient
Error	232	error C4430: missing type specifier - int assumed. Note: C++ does not support default-int	y:\develop\github\backmir\bmclient\Common\GameRenderObject.h	505	1	BackMirClient
Error	233	error C2143: syntax error : missing ',' before '&'	y:\develop\github\backmir\bmclient\Common\GameRenderObject.h	505	1	BackMirClient
Error	234	error C2535: 'void GameObject::DoPacket(const int)' : member function already defined or declared	y:\develop\github\backmir\bmclient\Common\GameRenderObject.h	505	1	BackMirClient
Error	235	error C2061: syntax error : identifier 'PLAYER_STATUS'	y:\develop\github\backmir\bmclient\Common\GameRenderObject.h	513	1	BackMirClient
Error	236	error C2146: syntax error : missing ';' before identifier 'm_drt'	y:\develop\github\backmir\bmclient\Common\GameRenderObject.h	554	1	BackMirClient
Error	237	error C4430: missing type specifier - int assumed. Note: C++ does not support default-int	y:\develop\github\backmir\bmclient\Common\GameRenderObject.h	554	1	BackMirClient
Error	238	error C2146: syntax error : missing ';' before identifier 'm_sex'	y:\develop\github\backmir\bmclient\Common\GameRenderObject.h	555	1	BackMirClient
Error	239	error C4430: missing type specifier - int assumed. Note: C++ does not support default-int	y:\develop\github\backmir\bmclient\Common\GameRenderObject.h	555	1	BackMirClient
Error	240	error C2146: syntax error : missing ';' before identifier 'm_stat'	y:\develop\github\backmir\bmclient\Common\GameRenderObject.h	556	1	BackMirClient
Error	241	error C4430: missing type specifier - int assumed. Note: C++ does not support default-int	y:\develop\github\backmir\bmclient\Common\GameRenderObject.h	556	1	BackMirClient
Error	242	error C2146: syntax error : missing ';' before identifier 'm_preStat'	y:\develop\github\backmir\bmclient\Common\GameRenderObject.h	557	1	BackMirClient
Error	243	error C4430: missing type specifier - int assumed. Note: C++ does not support default-int	y:\develop\github\backmir\bmclient\Common\GameRenderObject.h	557	1	BackMirClient
Error	244	error C2065: 'm_drt' : undeclared identifier	y:\develop\github\backmir\bmclient\Common\GameRenderObject.h	253	1	BackMirClient
Error	245	error C2065: 'PDT_DOWN' : undeclared identifier	y:\develop\github\backmir\bmclient\Common\GameRenderObject.h	253	1	BackMirClient
Error	246	error C2065: 'm_sex' : undeclared identifier	y:\develop\github\backmir\bmclient\Common\GameRenderObject.h	254	1	BackMirClient
Error	247	error C2065: 'PSX_MAN' : undeclared identifier	y:\develop\github\backmir\bmclient\Common\GameRenderObject.h	254	1	BackMirClient
Error	248	error C2065: 'm_preStat' : undeclared identifier	y:\develop\github\backmir\bmclient\Common\GameRenderObject.h	255	1	BackMirClient
Error	249	error C2065: 'm_stat' : undeclared identifier	y:\develop\github\backmir\bmclient\Common\GameRenderObject.h	255	1	BackMirClient
Error	250	error C2065: 'PST_STAND' : undeclared identifier	y:\develop\github\backmir\bmclient\Common\GameRenderObject.h	255	1	BackMirClient
Error	251	error C2065: 'm_drt' : undeclared identifier	y:\develop\github\backmir\bmclient\Common\GameRenderObject.h	310	1	BackMirClient
Error	252	error C2065: '_pd' : undeclared identifier	y:\develop\github\backmir\bmclient\Common\GameRenderObject.h	310	1	BackMirClient
Error	253	error C2065: 'm_drt' : undeclared identifier	y:\develop\github\backmir\bmclient\Common\GameRenderObject.h	314	1	BackMirClient
Error	254	error C2065: 'm_stat' : undeclared identifier	y:\develop\github\backmir\bmclient\Common\GameRenderObject.h	318	1	BackMirClient
Error	255	error C2065: '_ps' : undeclared identifier	y:\develop\github\backmir\bmclient\Common\GameRenderObject.h	318	1	BackMirClient
Error	256	error C2065: '_ps' : undeclared identifier	y:\develop\github\backmir\bmclient\Common\GameRenderObject.h	320	1	BackMirClient
Error	257	error C2065: 'PST_STAND' : undeclared identifier	y:\develop\github\backmir\bmclient\Common\GameRenderObject.h	320	1	BackMirClient
Error	258	error C2065: '_ps' : undeclared identifier	y:\develop\github\backmir\bmclient\Common\GameRenderObject.h	324	1	BackMirClient
Error	259	error C2065: 'm_stat' : undeclared identifier	y:\develop\github\backmir\bmclient\Common\GameRenderObject.h	328	1	BackMirClient
Error	260	error C2065: 'm_preStat' : undeclared identifier	y:\develop\github\backmir\bmclient\Common\GameRenderObject.h	332	1	BackMirClient
Error	261	error C2065: 'm_sex' : undeclared identifier	y:\develop\github\backmir\bmclient\Common\GameRenderObject.h	356	1	BackMirClient
Error	262	error C2065: '_ps' : undeclared identifier	y:\develop\github\backmir\bmclient\Common\GameRenderObject.h	356	1	BackMirClient
Error	263	error C2065: 'm_sex' : undeclared identifier	y:\develop\github\backmir\bmclient\Common\GameRenderObject.h	360	1	BackMirClient
Error	264	error C2065: 'PST_DEAD' : undeclared identifier	y:\develop\github\backmir\bmclient\Common\GameRenderObject.h	429	1	BackMirClient
Warning	265	warning C4819: The file contains a character that cannot be represented in the current code page (936). Save the file in Unicode format to prevent data loss	y:\develop\github\backmir\CommonModule\ShareDefine.h	1	1	BackMirClient
Error	266	error C2365: 'RES_ITEMS' : redefinition; previous definition was 'enumerator'	y:\develop\github\backmir\CommonModule\ShareDefine.h	79	1	BackMirClient
Error	267	error C2365: 'RES_STATUS' : redefinition; previous definition was 'enumerator'	y:\develop\github\backmir\CommonModule\ShareDefine.h	80	1	BackMirClient
Error	268	error C2365: 'RES_CUSTOM' : redefinition; previous definition was 'enumerator'	y:\develop\github\backmir\CommonModule\ShareDefine.h	81	1	BackMirClient
Error	269	error C2365: 'RES_TOTAL' : redefinition; previous definition was 'enumerator'	y:\develop\github\backmir\CommonModule\ShareDefine.h	82	1	BackMirClient
Error	270	error C2065: 'MEFF_USERTOTAL' : undeclared identifier	y:\develop\github\backmir\bmclient\GameScene\MagicEffect.h	8	1	BackMirClient
Error	271	error C2061: syntax error : identifier 'PLAYER_STATUS'	y:\develop\github\backmir\bmclient\gamescene\GameOtherPlayer.h	29	1	BackMirClient
Error	272	error C2061: syntax error : identifier 'MAGICEFFECT_TYPE'	y:\develop\github\backmir\bmclient\gamescene\GameOtherPlayer.h	52	1	BackMirClient
Error	273	error C2061: syntax error : identifier 'MAGICEFFECT_TYPE'	y:\develop\github\backmir\bmclient\gamescene\GameOtherPlayer.h	53	1	BackMirClient
Error	274	error C4430: missing type specifier - int assumed. Note: C++ does not support default-int	y:\develop\github\backmir\bmclient\gamescene\GameOtherPlayer.h	157	1	BackMirClient
Error	275	error C2143: syntax error : missing ',' before '&'	y:\develop\github\backmir\bmclient\gamescene\GameOtherPlayer.h	157	1	BackMirClient
Error	276	error C4430: missing type specifier - int assumed. Note: C++ does not support default-int	y:\develop\github\backmir\bmclient\gamescene\GameOtherPlayer.h	201	1	BackMirClient
Error	277	error C2143: syntax error : missing ',' before '&'	y:\develop\github\backmir\bmclient\gamescene\GameOtherPlayer.h	201	1	BackMirClient
Error	278	error C2535: 'void GameOtherPlayer::DoPacket(const int)' : member function already defined or declared	y:\develop\github\backmir\bmclient\gamescene\GameOtherPlayer.h	201	1	BackMirClient
Error	279	error C2146: syntax error : missing ';' before identifier 'm_eEffect'	y:\develop\github\backmir\bmclient\gamescene\GameOtherPlayer.h	228	1	BackMirClient
Error	280	error C4430: missing type specifier - int assumed. Note: C++ does not support default-int	y:\develop\github\backmir\bmclient\gamescene\GameOtherPlayer.h	228	1	BackMirClient
Error	281	error C2065: 'MAGICEFFECT_TOTAL' : undeclared identifier	y:\develop\github\backmir\bmclient\gamescene\GameOtherPlayer.h	228	1	BackMirClient
Warning	282	warning C4819: The file contains a character that cannot be represented in the current code page (936). Save the file in Unicode format to prevent data loss	y:\develop\github\backmir\CommonModule\RandGenerator.h	1	1	BackMirClient
Warning	283	warning C4819: The file contains a character that cannot be represented in the current code page (936). Save the file in Unicode format to prevent data loss	y:\develop\github\backmir\CommonModule\CollDownController.h	1	1	BackMirClient
Error	284	error C2061: syntax error : identifier 'PLAYER_DIRECTION'	y:\develop\github\backmir\bmclient\gamescene\GamePlayer.h	57	1	BackMirClient
Error	285	error C2061: syntax error : identifier 'PLAYER_DIRECTION'	y:\develop\github\backmir\bmclient\gamescene\GamePlayer.h	58	1	BackMirClient
Error	286	error C2143: syntax error : missing ';' before '*'	y:\develop\github\backmir\bmclient\gamescene\GamePlayer.h	73	1	BackMirClient
Error	287	error C4430: missing type specifier - int assumed. Note: C++ does not support default-int	y:\develop\github\backmir\bmclient\gamescene\GamePlayer.h	73	1	BackMirClient
Error	288	error C4430: missing type specifier - int assumed. Note: C++ does not support default-int	y:\develop\github\backmir\bmclient\gamescene\GamePlayer.h	74	1	BackMirClient
Warning	289	warning C4183: 'GetEquip': missing return type; assumed to be a member function returning 'int'	y:\develop\github\backmir\bmclient\gamescene\GamePlayer.h	76	1	BackMirClient
Error	290	error C2146: syntax error : missing ';' before identifier 'm_equipAttrib'	y:\develop\github\backmir\bmclient\gamescene\GamePlayer.h	350	1	BackMirClient
Error	291	error C4430: missing type specifier - int assumed. Note: C++ does not support default-int	y:\develop\github\backmir\bmclient\gamescene\GamePlayer.h	350	1	BackMirClient
Error	292	error C2146: syntax error : missing ';' before identifier 'm_indexs'	y:\develop\github\backmir\bmclient\gamescene\GamePlayer.h	361	1	BackMirClient
Error	293	error C4430: missing type specifier - int assumed. Note: C++ does not support default-int	y:\develop\github\backmir\bmclient\gamescene\GamePlayer.h	361	1	BackMirClient
Error	294	error C2065: 'ADD_NORMAL' : undeclared identifier	y:\develop\github\backmir\bmclient\gamescene\GamePlayer.h	182	1	BackMirClient
Error	295	error C2065: 'ADD_NORMAL' : undeclared identifier	y:\develop\github\backmir\bmclient\gamescene\GamePlayer.h	183	1	BackMirClient
Error	296	error C2065: 'm_equipAttrib' : undeclared identifier	y:\develop\github\backmir\bmclient\gamescene\GamePlayer.h	75	1	BackMirClient
Error	297	error C2065: 'PST_NONE' : undeclared identifier	y:\develop\github\backmir\bmclient\gamescene\GamePlayer.h	84	1	BackMirClient
Error	298	error C2065: 'g_nWanLiTable' : undeclared identifier	y:\develop\github\backmir\bmclient\gamescene\GamePlayer.h	135	1	BackMirClient
Error	299	error C2146: syntax error : missing ';' before identifier 'm_xShowItems'	y:\develop\github\backmir\bmclient\GameScene\GameMapManager.h	137	1	BackMirClient
Error	300	error C4430: missing type specifier - int assumed. Note: C++ does not support default-int	y:\develop\github\backmir\bmclient\GameScene\GameMapManager.h	137	1	BackMirClient
Error	301	error C2146: syntax error : missing ';' before identifier 'm_xMouseItems'	y:\develop\github\backmir\bmclient\GameScene\GameMapManager.h	138	1	BackMirClient
Error	302	error C4430: missing type specifier - int assumed. Note: C++ does not support default-int	y:\develop\github\backmir\bmclient\GameScene\GameMapManager.h	138	1	BackMirClient
Error	303	error C2065: 'm_xMouseItems' : undeclared identifier	y:\develop\github\backmir\bmclient\GameScene\GameMapManager.h	80	1	BackMirClient
Error	304	error C2228: left of '.push_back' must have class/struct/union	y:\develop\github\backmir\bmclient\GameScene\GameMapManager.h	80	1	BackMirClient
Error	305	error C1083: Cannot open include file: 'FastDelegateBind.h': No such file or directory	y:\develop\github\backmir\bmclient\GameDialog\GameCommonDlg.h	9	1	BackMirClient
Warning	306	warning C4819: The file contains a character that cannot be represented in the current code page (936). Save the file in Unicode format to prevent data loss	y:\develop\github\backmir\bmclient\Common\GlobalDefine.h	1	1	BackMirClient
Error	307	error C2447: '{' : missing function header (old-style formal list?)	y:\develop\github\backmir\bmclient\Common\GlobalDefine.h	91	1	BackMirClient
Error	308	error C2447: '{' : missing function header (old-style formal list?)	y:\develop\github\backmir\bmclient\Common\GlobalDefine.h	103	1	BackMirClient
Error	309	error C2447: '{' : missing function header (old-style formal list?)	y:\develop\github\backmir\bmclient\Common\GlobalDefine.h	128	1	BackMirClient
Error	310	error C2146: syntax error : missing ';' before identifier 'GetAngle'	y:\develop\github\backmir\bmclient\Common\GlobalFunction.h	26	1	BackMirClient
Error	311	error C4430: missing type specifier - int assumed. Note: C++ does not support default-int	y:\develop\github\backmir\bmclient\Common\GlobalFunction.h	26	1	BackMirClient
Warning	312	warning C4819: The file contains a character that cannot be represented in the current code page (936). Save the file in Unicode format to prevent data loss	y:\develop\github\backmir\bmclient\Common\GlobalDefine.h	1	1	BackMirClient
Error	313	error C2447: '{' : missing function header (old-style formal list?)	y:\develop\github\backmir\bmclient\Common\GlobalDefine.h	91	1	BackMirClient
Error	314	error C2447: '{' : missing function header (old-style formal list?)	y:\develop\github\backmir\bmclient\Common\GlobalDefine.h	103	1	BackMirClient
Error	315	error C2447: '{' : missing function header (old-style formal list?)	y:\develop\github\backmir\bmclient\Common\GlobalDefine.h	128	1	BackMirClient
Error	316	error C2146: syntax error : missing ';' before identifier 'GetAngle'	y:\develop\github\backmir\bmclient\Common\GlobalFunction.h	26	1	BackMirClient
Error	317	error C4430: missing type specifier - int assumed. Note: C++ does not support default-int	y:\develop\github\backmir\bmclient\Common\GlobalFunction.h	26	1	BackMirClient
Error	318	error C4430: missing type specifier - int assumed. Note: C++ does not support default-int	y:\develop\github\backmir\bmclient\net\PacketHandler.h	71	1	BackMirClient
Error	319	error C2143: syntax error : missing ',' before '&'	y:\develop\github\backmir\bmclient\net\PacketHandler.h	71	1	BackMirClient
Warning	320	warning C4819: The file contains a character that cannot be represented in the current code page (936). Save the file in Unicode format to prevent data loss	y:\develop\github\backmir\CommonModule\MagicEffectID.h	1	1	BackMirClient
Error	321	error C2061: syntax error : identifier 'PLAYER_DIRECTION'	y:\develop\github\backmir\bmclient\Common\GameRenderObject.h	308	1	BackMirClient
Error	322	error C2146: syntax error : missing ';' before identifier 'GetDirection'	y:\develop\github\backmir\bmclient\Common\GameRenderObject.h	312	1	BackMirClient
Error	323	error C2433: 'GameObject::PLAYER_DIRECTION' : 'inline' not permitted on data declarations	y:\develop\github\backmir\bmclient\Common\GameRenderObject.h	312	1	BackMirClient
Error	324	error C4430: missing type specifier - int assumed. Note: C++ does not support default-int	y:\develop\github\backmir\bmclient\Common\GameRenderObject.h	312	1	BackMirClient
Error	325	error C4430: missing type specifier - int assumed. Note: C++ does not support default-int	y:\develop\github\backmir\bmclient\Common\GameRenderObject.h	313	1	BackMirClient
Warning	326	warning C4183: 'GetDirection': missing return type; assumed to be a member function returning 'int'	y:\develop\github\backmir\bmclient\Common\GameRenderObject.h	315	1	BackMirClient
Error	327	error C2061: syntax error : identifier 'PLAYER_STATUS'	y:\develop\github\backmir\bmclient\Common\GameRenderObject.h	316	1	BackMirClient
Error	328	error C2146: syntax error : missing ';' before identifier 'GetStatus'	y:\develop\github\backmir\bmclient\Common\GameRenderObject.h	326	1	BackMirClient
Error	329	error C2433: 'GameObject::PLAYER_STATUS' : 'inline' not permitted on data declarations	y:\develop\github\backmir\bmclient\Common\GameRenderObject.h	326	1	BackMirClient
Error	330	error C4430: missing type specifier - int assumed. Note: C++ does not support default-int	y:\develop\github\backmir\bmclient\Common\GameRenderObject.h	326	1	BackMirClient
Error	331	error C4430: missing type specifier - int assumed. Note: C++ does not support default-int	y:\develop\github\backmir\bmclient\Common\GameRenderObject.h	327	1	BackMirClient
Warning	332	warning C4183: 'GetStatus': missing return type; assumed to be a member function returning 'int'	y:\develop\github\backmir\bmclient\Common\GameRenderObject.h	329	1	BackMirClient
Error	333	error C2146: syntax error : missing ';' before identifier 'GetPreStatus'	y:\develop\github\backmir\bmclient\Common\GameRenderObject.h	330	1	BackMirClient
Error	334	error C2433: 'GameObject::PLAYER_STATUS' : 'inline' not permitted on data declarations	y:\develop\github\backmir\bmclient\Common\GameRenderObject.h	330	1	BackMirClient
Error	335	error C4430: missing type specifier - int assumed. Note: C++ does not support default-int	y:\develop\github\backmir\bmclient\Common\GameRenderObject.h	330	1	BackMirClient
Error	336	error C4430: missing type specifier - int assumed. Note: C++ does not support default-int	y:\develop\github\backmir\bmclient\Common\GameRenderObject.h	331	1	BackMirClient
Warning	337	warning C4183: 'GetPreStatus': missing return type; assumed to be a member function returning 'int'	y:\develop\github\backmir\bmclient\Common\GameRenderObject.h	333	1	BackMirClient
Error	338	error C2061: syntax error : identifier 'PLAYER_SEX'	y:\develop\github\backmir\bmclient\Common\GameRenderObject.h	354	1	BackMirClient
Error	339	error C2146: syntax error : missing ';' before identifier 'GetPlayerSex'	y:\develop\github\backmir\bmclient\Common\GameRenderObject.h	358	1	BackMirClient
Error	340	error C2433: 'GameObject::PLAYER_SEX' : 'inline' not permitted on data declarations	y:\develop\github\backmir\bmclient\Common\GameRenderObject.h	358	1	BackMirClient
Error	341	error C4430: missing type specifier - int assumed. Note: C++ does not support default-int	y:\develop\github\backmir\bmclient\Common\GameRenderObject.h	358	1	BackMirClient
Error	342	error C4430: missing type specifier - int assumed. Note: C++ does not support default-int	y:\develop\github\backmir\bmclient\Common\GameRenderObject.h	359	1	BackMirClient
Warning	343	warning C4183: 'GetPlayerSex': missing return type; assumed to be a member function returning 'int'	y:\develop\github\backmir\bmclient\Common\GameRenderObject.h	361	1	BackMirClient
Error	344	error C4430: missing type specifier - int assumed. Note: C++ does not support default-int	y:\develop\github\backmir\bmclient\Common\GameRenderObject.h	503	1	BackMirClient
Error	345	error C2143: syntax error : missing ',' before '&'	y:\develop\github\backmir\bmclient\Common\GameRenderObject.h	503	1	BackMirClient
Error	346	error C4430: missing type specifier - int assumed. Note: C++ does not support default-int	y:\develop\github\backmir\bmclient\Common\GameRenderObject.h	504	1	BackMirClient
Error	347	error C2143: syntax error : missing ',' before '&'	y:\develop\github\backmir\bmclient\Common\GameRenderObject.h	504	1	BackMirClient
Error	348	error C2535: 'void GameObject::DoPacket(const int)' : member function already defined or declared	y:\develop\github\backmir\bmclient\Common\GameRenderObject.h	504	1	BackMirClient
Error	349	error C4430: missing type specifier - int assumed. Note: C++ does not support default-int	y:\develop\github\backmir\bmclient\Common\GameRenderObject.h	505	1	BackMirClient
Error	350	error C2143: syntax error : missing ',' before '&'	y:\develop\github\backmir\bmclient\Common\GameRenderObject.h	505	1	BackMirClient
Error	351	error C2535: 'void GameObject::DoPacket(const int)' : member function already defined or declared	y:\develop\github\backmir\bmclient\Common\GameRenderObject.h	505	1	BackMirClient
Error	352	error C2061: syntax error : identifier 'PLAYER_STATUS'	y:\develop\github\backmir\bmclient\Common\GameRenderObject.h	513	1	BackMirClient
Error	353	error C2146: syntax error : missing ';' before identifier 'm_drt'	y:\develop\github\backmir\bmclient\Common\GameRenderObject.h	554	1	BackMirClient
Error	354	error C4430: missing type specifier - int assumed. Note: C++ does not support default-int	y:\develop\github\backmir\bmclient\Common\GameRenderObject.h	554	1	BackMirClient
Error	355	error C2146: syntax error : missing ';' before identifier 'm_sex'	y:\develop\github\backmir\bmclient\Common\GameRenderObject.h	555	1	BackMirClient
Error	356	error C4430: missing type specifier - int assumed. Note: C++ does not support default-int	y:\develop\github\backmir\bmclient\Common\GameRenderObject.h	555	1	BackMirClient
Error	357	error C2146: syntax error : missing ';' before identifier 'm_stat'	y:\develop\github\backmir\bmclient\Common\GameRenderObject.h	556	1	BackMirClient
Error	358	error C4430: missing type specifier - int assumed. Note: C++ does not support default-int	y:\develop\github\backmir\bmclient\Common\GameRenderObject.h	556	1	BackMirClient
Error	359	error C2146: syntax error : missing ';' before identifier 'm_preStat'	y:\develop\github\backmir\bmclient\Common\GameRenderObject.h	557	1	BackMirClient
Error	360	error C4430: missing type specifier - int assumed. Note: C++ does not support default-int	y:\develop\github\backmir\bmclient\Common\GameRenderObject.h	557	1	BackMirClient
Error	361	error C2065: 'm_drt' : undeclared identifier	y:\develop\github\backmir\bmclient\Common\GameRenderObject.h	253	1	BackMirClient
Error	362	error C2065: 'PDT_DOWN' : undeclared identifier	y:\develop\github\backmir\bmclient\Common\GameRenderObject.h	253	1	BackMirClient
Error	363	error C2065: 'm_sex' : undeclared identifier	y:\develop\github\backmir\bmclient\Common\GameRenderObject.h	254	1	BackMirClient
Error	364	error C2065: 'PSX_MAN' : undeclared identifier	y:\develop\github\backmir\bmclient\Common\GameRenderObject.h	254	1	BackMirClient
Error	365	error C2065: 'm_preStat' : undeclared identifier	y:\develop\github\backmir\bmclient\Common\GameRenderObject.h	255	1	BackMirClient
Error	366	error C2065: 'm_stat' : undeclared identifier	y:\develop\github\backmir\bmclient\Common\GameRenderObject.h	255	1	BackMirClient
Error	367	error C2065: 'PST_STAND' : undeclared identifier	y:\develop\github\backmir\bmclient\Common\GameRenderObject.h	255	1	BackMirClient
Error	368	error C2065: 'm_drt' : undeclared identifier	y:\develop\github\backmir\bmclient\Common\GameRenderObject.h	310	1	BackMirClient
Error	369	error C2065: '_pd' : undeclared identifier	y:\develop\github\backmir\bmclient\Common\GameRenderObject.h	310	1	BackMirClient
Error	370	error C2065: 'm_drt' : undeclared identifier	y:\develop\github\backmir\bmclient\Common\GameRenderObject.h	314	1	BackMirClient
Error	371	error C2065: 'm_stat' : undeclared identifier	y:\develop\github\backmir\bmclient\Common\GameRenderObject.h	318	1	BackMirClient
Error	372	error C2065: '_ps' : undeclared identifier	y:\develop\github\backmir\bmclient\Common\GameRenderObject.h	318	1	BackMirClient
Error	373	error C2065: '_ps' : undeclared identifier	y:\develop\github\backmir\bmclient\Common\GameRenderObject.h	320	1	BackMirClient
Error	374	error C2065: 'PST_STAND' : undeclared identifier	y:\develop\github\backmir\bmclient\Common\GameRenderObject.h	320	1	BackMirClient
Error	375	error C2065: '_ps' : undeclared identifier	y:\develop\github\backmir\bmclient\Common\GameRenderObject.h	324	1	BackMirClient
Error	376	error C2065: 'm_stat' : undeclared identifier	y:\develop\github\backmir\bmclient\Common\GameRenderObject.h	328	1	BackMirClient
Error	377	error C2065: 'm_preStat' : undeclared identifier	y:\develop\github\backmir\bmclient\Common\GameRenderObject.h	332	1	BackMirClient
Error	378	error C2065: 'm_sex' : undeclared identifier	y:\develop\github\backmir\bmclient\Common\GameRenderObject.h	356	1	BackMirClient
Error	379	error C2065: '_ps' : undeclared identifier	y:\develop\github\backmir\bmclient\Common\GameRenderObject.h	356	1	BackMirClient
Error	380	error C2065: 'm_sex' : undeclared identifier	y:\develop\github\backmir\bmclient\Common\GameRenderObject.h	360	1	BackMirClient
Error	381	error C2065: 'PST_DEAD' : undeclared identifier	y:\develop\github\backmir\bmclient\Common\GameRenderObject.h	429	1	BackMirClient
Error	382	error C1083: Cannot open include file: 'FastDelegateBind.h': No such file or directory	y:\develop\github\backmir\bmclient\GameDialog\GameCommonDlg.h	9	1	BackMirClient
Warning	383	warning C4819: The file contains a character that cannot be represented in the current code page (936). Save the file in Unicode format to prevent data loss	y:\develop\github\backmir\bmclient\Common\GlobalDefine.h	1	1	BackMirClient
Error	384	error C2447: '{' : missing function header (old-style formal list?)	y:\develop\github\backmir\bmclient\Common\GlobalDefine.h	91	1	BackMirClient
Error	385	error C2447: '{' : missing function header (old-style formal list?)	y:\develop\github\backmir\bmclient\Common\GlobalDefine.h	103	1	BackMirClient
Error	386	error C2447: '{' : missing function header (old-style formal list?)	y:\develop\github\backmir\bmclient\Common\GlobalDefine.h	128	1	BackMirClient
Error	387	error C2146: syntax error : missing ';' before identifier 'GetAngle'	y:\develop\github\backmir\bmclient\Common\GlobalFunction.h	26	1	BackMirClient
Error	388	error C4430: missing type specifier - int assumed. Note: C++ does not support default-int	y:\develop\github\backmir\bmclient\Common\GlobalFunction.h	26	1	BackMirClient
Error	389	error C4430: missing type specifier - int assumed. Note: C++ does not support default-int	y:\develop\github\backmir\bmclient\net\PacketHandler.h	71	1	BackMirClient
Error	390	error C2143: syntax error : missing ',' before '&'	y:\develop\github\backmir\bmclient\net\PacketHandler.h	71	1	BackMirClient
Warning	391	warning C4819: The file contains a character that cannot be represented in the current code page (936). Save the file in Unicode format to prevent data loss	y:\develop\github\backmir\CommonModule\MagicEffectID.h	1	1	BackMirClient
Error	392	error C2061: syntax error : identifier 'PLAYER_DIRECTION'	y:\develop\github\backmir\bmclient\Common\GameRenderObject.h	308	1	BackMirClient
Error	393	error C2146: syntax error : missing ';' before identifier 'GetDirection'	y:\develop\github\backmir\bmclient\Common\GameRenderObject.h	312	1	BackMirClient
Error	394	error C2433: 'GameObject::PLAYER_DIRECTION' : 'inline' not permitted on data declarations	y:\develop\github\backmir\bmclient\Common\GameRenderObject.h	312	1	BackMirClient
Error	395	error C4430: missing type specifier - int assumed. Note: C++ does not support default-int	y:\develop\github\backmir\bmclient\Common\GameRenderObject.h	312	1	BackMirClient
Error	396	error C4430: missing type specifier - int assumed. Note: C++ does not support default-int	y:\develop\github\backmir\bmclient\Common\GameRenderObject.h	313	1	BackMirClient
Warning	397	warning C4183: 'GetDirection': missing return type; assumed to be a member function returning 'int'	y:\develop\github\backmir\bmclient\Common\GameRenderObject.h	315	1	BackMirClient
Error	398	error C2061: syntax error : identifier 'PLAYER_STATUS'	y:\develop\github\backmir\bmclient\Common\GameRenderObject.h	316	1	BackMirClient
Error	399	error C2146: syntax error : missing ';' before identifier 'GetStatus'	y:\develop\github\backmir\bmclient\Common\GameRenderObject.h	326	1	BackMirClient
Error	400	error C2433: 'GameObject::PLAYER_STATUS' : 'inline' not permitted on data declarations	y:\develop\github\backmir\bmclient\Common\GameRenderObject.h	326	1	BackMirClient
Error	401	error C4430: missing type specifier - int assumed. Note: C++ does not support default-int	y:\develop\github\backmir\bmclient\Common\GameRenderObject.h	326	1	BackMirClient
Error	402	error C4430: missing type specifier - int assumed. Note: C++ does not support default-int	y:\develop\github\backmir\bmclient\Common\GameRenderObject.h	327	1	BackMirClient
Warning	403	warning C4183: 'GetStatus': missing return type; assumed to be a member function returning 'int'	y:\develop\github\backmir\bmclient\Common\GameRenderObject.h	329	1	BackMirClient
Error	404	error C2146: syntax error : missing ';' before identifier 'GetPreStatus'	y:\develop\github\backmir\bmclient\Common\GameRenderObject.h	330	1	BackMirClient
Error	405	error C2433: 'GameObject::PLAYER_STATUS' : 'inline' not permitted on data declarations	y:\develop\github\backmir\bmclient\Common\GameRenderObject.h	330	1	BackMirClient
Error	406	error C4430: missing type specifier - int assumed. Note: C++ does not support default-int	y:\develop\github\backmir\bmclient\Common\GameRenderObject.h	330	1	BackMirClient
Error	407	error C4430: missing type specifier - int assumed. Note: C++ does not support default-int	y:\develop\github\backmir\bmclient\Common\GameRenderObject.h	331	1	BackMirClient
Warning	408	warning C4183: 'GetPreStatus': missing return type; assumed to be a member function returning 'int'	y:\develop\github\backmir\bmclient\Common\GameRenderObject.h	333	1	BackMirClient
Error	409	error C2061: syntax error : identifier 'PLAYER_SEX'	y:\develop\github\backmir\bmclient\Common\GameRenderObject.h	354	1	BackMirClient
Error	410	error C2146: syntax error : missing ';' before identifier 'GetPlayerSex'	y:\develop\github\backmir\bmclient\Common\GameRenderObject.h	358	1	BackMirClient
Error	411	error C2433: 'GameObject::PLAYER_SEX' : 'inline' not permitted on data declarations	y:\develop\github\backmir\bmclient\Common\GameRenderObject.h	358	1	BackMirClient
Error	412	error C4430: missing type specifier - int assumed. Note: C++ does not support default-int	y:\develop\github\backmir\bmclient\Common\GameRenderObject.h	358	1	BackMirClient
Error	413	error C4430: missing type specifier - int assumed. Note: C++ does not support default-int	y:\develop\github\backmir\bmclient\Common\GameRenderObject.h	359	1	BackMirClient
Warning	414	warning C4183: 'GetPlayerSex': missing return type; assumed to be a member function returning 'int'	y:\develop\github\backmir\bmclient\Common\GameRenderObject.h	361	1	BackMirClient
Error	415	error C4430: missing type specifier - int assumed. Note: C++ does not support default-int	y:\develop\github\backmir\bmclient\Common\GameRenderObject.h	503	1	BackMirClient
Error	416	error C2143: syntax error : missing ',' before '&'	y:\develop\github\backmir\bmclient\Common\GameRenderObject.h	503	1	BackMirClient
Error	417	error C4430: missing type specifier - int assumed. Note: C++ does not support default-int	y:\develop\github\backmir\bmclient\Common\GameRenderObject.h	504	1	BackMirClient
Error	418	error C2143: syntax error : missing ',' before '&'	y:\develop\github\backmir\bmclient\Common\GameRenderObject.h	504	1	BackMirClient
Error	419	error C2535: 'void GameObject::DoPacket(const int)' : member function already defined or declared	y:\develop\github\backmir\bmclient\Common\GameRenderObject.h	504	1	BackMirClient
Error	420	error C4430: missing type specifier - int assumed. Note: C++ does not support default-int	y:\develop\github\backmir\bmclient\Common\GameRenderObject.h	505	1	BackMirClient
Error	421	error C2143: syntax error : missing ',' before '&'	y:\develop\github\backmir\bmclient\Common\GameRenderObject.h	505	1	BackMirClient
Error	422	error C2535: 'void GameObject::DoPacket(const int)' : member function already defined or declared	y:\develop\github\backmir\bmclient\Common\GameRenderObject.h	505	1	BackMirClient
Error	423	error C2061: syntax error : identifier 'PLAYER_STATUS'	y:\develop\github\backmir\bmclient\Common\GameRenderObject.h	513	1	BackMirClient
Error	424	error C2146: syntax error : missing ';' before identifier 'm_drt'	y:\develop\github\backmir\bmclient\Common\GameRenderObject.h	554	1	BackMirClient
Error	425	error C4430: missing type specifier - int assumed. Note: C++ does not support default-int	y:\develop\github\backmir\bmclient\Common\GameRenderObject.h	554	1	BackMirClient
Error	426	error C2146: syntax error : missing ';' before identifier 'm_sex'	y:\develop\github\backmir\bmclient\Common\GameRenderObject.h	555	1	BackMirClient
Error	427	error C4430: missing type specifier - int assumed. Note: C++ does not support default-int	y:\develop\github\backmir\bmclient\Common\GameRenderObject.h	555	1	BackMirClient
Error	428	error C2146: syntax error : missing ';' before identifier 'm_stat'	y:\develop\github\backmir\bmclient\Common\GameRenderObject.h	556	1	BackMirClient
Error	429	error C4430: missing type specifier - int assumed. Note: C++ does not support default-int	y:\develop\github\backmir\bmclient\Common\GameRenderObject.h	556	1	BackMirClient
Error	430	error C2146: syntax error : missing ';' before identifier 'm_preStat'	y:\develop\github\backmir\bmclient\Common\GameRenderObject.h	557	1	BackMirClient
Error	431	error C4430: missing type specifier - int assumed. Note: C++ does not support default-int	y:\develop\github\backmir\bmclient\Common\GameRenderObject.h	557	1	BackMirClient
Error	432	error C2065: 'm_drt' : undeclared identifier	y:\develop\github\backmir\bmclient\Common\GameRenderObject.h	253	1	BackMirClient
Error	433	error C2065: 'PDT_DOWN' : undeclared identifier	y:\develop\github\backmir\bmclient\Common\GameRenderObject.h	253	1	BackMirClient
Error	434	error C2065: 'm_sex' : undeclared identifier	y:\develop\github\backmir\bmclient\Common\GameRenderObject.h	254	1	BackMirClient
Error	435	error C2065: 'PSX_MAN' : undeclared identifier	y:\develop\github\backmir\bmclient\Common\GameRenderObject.h	254	1	BackMirClient
Error	436	error C2065: 'm_preStat' : undeclared identifier	y:\develop\github\backmir\bmclient\Common\GameRenderObject.h	255	1	BackMirClient
Error	437	error C2065: 'm_stat' : undeclared identifier	y:\develop\github\backmir\bmclient\Common\GameRenderObject.h	255	1	BackMirClient
Error	438	error C2065: 'PST_STAND' : undeclared identifier	y:\develop\github\backmir\bmclient\Common\GameRenderObject.h	255	1	BackMirClient
Error	439	error C2065: 'm_drt' : undeclared identifier	y:\develop\github\backmir\bmclient\Common\GameRenderObject.h	310	1	BackMirClient
Error	440	error C2065: '_pd' : undeclared identifier	y:\develop\github\backmir\bmclient\Common\GameRenderObject.h	310	1	BackMirClient
Error	441	error C2065: 'm_drt' : undeclared identifier	y:\develop\github\backmir\bmclient\Common\GameRenderObject.h	314	1	BackMirClient
Error	442	error C2065: 'm_stat' : undeclared identifier	y:\develop\github\backmir\bmclient\Common\GameRenderObject.h	318	1	BackMirClient
Error	443	error C2065: '_ps' : undeclared identifier	y:\develop\github\backmir\bmclient\Common\GameRenderObject.h	318	1	BackMirClient
Error	444	error C2065: '_ps' : undeclared identifier	y:\develop\github\backmir\bmclient\Common\GameRenderObject.h	320	1	BackMirClient
Error	445	error C2065: 'PST_STAND' : undeclared identifier	y:\develop\github\backmir\bmclient\Common\GameRenderObject.h	320	1	BackMirClient
Error	446	error C2065: '_ps' : undeclared identifier	y:\develop\github\backmir\bmclient\Common\GameRenderObject.h	324	1	BackMirClient
Error	447	error C2065: 'm_stat' : undeclared identifier	y:\develop\github\backmir\bmclient\Common\GameRenderObject.h	328	1	BackMirClient
Error	448	error C2065: 'm_preStat' : undeclared identifier	y:\develop\github\backmir\bmclient\Common\GameRenderObject.h	332	1	BackMirClient
Error	449	error C2065: 'm_sex' : undeclared identifier	y:\develop\github\backmir\bmclient\Common\GameRenderObject.h	356	1	BackMirClient
Error	450	error C2065: '_ps' : undeclared identifier	y:\develop\github\backmir\bmclient\Common\GameRenderObject.h	356	1	BackMirClient
Error	451	error C2065: 'm_sex' : undeclared identifier	y:\develop\github\backmir\bmclient\Common\GameRenderObject.h	360	1	BackMirClient
Error	452	error C2065: 'PST_DEAD' : undeclared identifier	y:\develop\github\backmir\bmclient\Common\GameRenderObject.h	429	1	BackMirClient
Error	453	error C1083: Cannot open include file: 'FastDelegateBind.h': No such file or directory	y:\develop\github\backmir\bmclient\GameDialog\GameCommonDlg.h	9	1	BackMirClient
Warning	454	warning C4819: The file contains a character that cannot be represented in the current code page (936). Save the file in Unicode format to prevent data loss	y:\develop\github\backmir\bmclient\Common\GlobalDefine.h	1	1	BackMirClient
Error	455	error C2447: '{' : missing function header (old-style formal list?)	y:\develop\github\backmir\bmclient\Common\GlobalDefine.h	91	1	BackMirClient
Error	456	error C2447: '{' : missing function header (old-style formal list?)	y:\develop\github\backmir\bmclient\Common\GlobalDefine.h	103	1	BackMirClient
Error	457	error C2447: '{' : missing function header (old-style formal list?)	y:\develop\github\backmir\bmclient\Common\GlobalDefine.h	128	1	BackMirClient
Error	458	error C2146: syntax error : missing ';' before identifier 'GetAngle'	y:\develop\github\backmir\bmclient\Common\GlobalFunction.h	26	1	BackMirClient
Error	459	error C4430: missing type specifier - int assumed. Note: C++ does not support default-int	y:\develop\github\backmir\bmclient\Common\GlobalFunction.h	26	1	BackMirClient
Error	460	error C4430: missing type specifier - int assumed. Note: C++ does not support default-int	y:\develop\github\backmir\bmclient\net\PacketHandler.h	71	1	BackMirClient
Error	461	error C2143: syntax error : missing ',' before '&'	y:\develop\github\backmir\bmclient\net\PacketHandler.h	71	1	BackMirClient
Warning	462	warning C4819: The file contains a character that cannot be represented in the current code page (936). Save the file in Unicode format to prevent data loss	y:\develop\github\backmir\CommonModule\MagicEffectID.h	1	1	BackMirClient
Error	463	error C2061: syntax error : identifier 'PLAYER_DIRECTION'	y:\develop\github\backmir\bmclient\Common\GameRenderObject.h	308	1	BackMirClient
Error	464	error C2146: syntax error : missing ';' before identifier 'GetDirection'	y:\develop\github\backmir\bmclient\Common\GameRenderObject.h	312	1	BackMirClient
Error	465	error C2433: 'GameObject::PLAYER_DIRECTION' : 'inline' not permitted on data declarations	y:\develop\github\backmir\bmclient\Common\GameRenderObject.h	312	1	BackMirClient
Error	466	error C4430: missing type specifier - int assumed. Note: C++ does not support default-int	y:\develop\github\backmir\bmclient\Common\GameRenderObject.h	312	1	BackMirClient
Error	467	error C4430: missing type specifier - int assumed. Note: C++ does not support default-int	y:\develop\github\backmir\bmclient\Common\GameRenderObject.h	313	1	BackMirClient
Warning	468	warning C4183: 'GetDirection': missing return type; assumed to be a member function returning 'int'	y:\develop\github\backmir\bmclient\Common\GameRenderObject.h	315	1	BackMirClient
Error	469	error C2061: syntax error : identifier 'PLAYER_STATUS'	y:\develop\github\backmir\bmclient\Common\GameRenderObject.h	316	1	BackMirClient
Error	470	error C2146: syntax error : missing ';' before identifier 'GetStatus'	y:\develop\github\backmir\bmclient\Common\GameRenderObject.h	326	1	BackMirClient
Error	471	error C2433: 'GameObject::PLAYER_STATUS' : 'inline' not permitted on data declarations	y:\develop\github\backmir\bmclient\Common\GameRenderObject.h	326	1	BackMirClient
Error	472	error C4430: missing type specifier - int assumed. Note: C++ does not support default-int	y:\develop\github\backmir\bmclient\Common\GameRenderObject.h	326	1	BackMirClient
Error	473	error C4430: missing type specifier - int assumed. Note: C++ does not support default-int	y:\develop\github\backmir\bmclient\Common\GameRenderObject.h	327	1	BackMirClient
Warning	474	warning C4183: 'GetStatus': missing return type; assumed to be a member function returning 'int'	y:\develop\github\backmir\bmclient\Common\GameRenderObject.h	329	1	BackMirClient
Error	475	error C2146: syntax error : missing ';' before identifier 'GetPreStatus'	y:\develop\github\backmir\bmclient\Common\GameRenderObject.h	330	1	BackMirClient
Error	476	error C2433: 'GameObject::PLAYER_STATUS' : 'inline' not permitted on data declarations	y:\develop\github\backmir\bmclient\Common\GameRenderObject.h	330	1	BackMirClient
Error	477	error C4430: missing type specifier - int assumed. Note: C++ does not support default-int	y:\develop\github\backmir\bmclient\Common\GameRenderObject.h	330	1	BackMirClient
Error	478	error C4430: missing type specifier - int assumed. Note: C++ does not support default-int	y:\develop\github\backmir\bmclient\Common\GameRenderObject.h	331	1	BackMirClient
Warning	479	warning C4183: 'GetPreStatus': missing return type; assumed to be a member function returning 'int'	y:\develop\github\backmir\bmclient\Common\GameRenderObject.h	333	1	BackMirClient
Error	480	error C2061: syntax error : identifier 'PLAYER_SEX'	y:\develop\github\backmir\bmclient\Common\GameRenderObject.h	354	1	BackMirClient
Error	481	error C2146: syntax error : missing ';' before identifier 'GetPlayerSex'	y:\develop\github\backmir\bmclient\Common\GameRenderObject.h	358	1	BackMirClient
Error	482	error C2433: 'GameObject::PLAYER_SEX' : 'inline' not permitted on data declarations	y:\develop\github\backmir\bmclient\Common\GameRenderObject.h	358	1	BackMirClient
Error	483	error C4430: missing type specifier - int assumed. Note: C++ does not support default-int	y:\develop\github\backmir\bmclient\Common\GameRenderObject.h	358	1	BackMirClient
Error	484	error C4430: missing type specifier - int assumed. Note: C++ does not support default-int	y:\develop\github\backmir\bmclient\Common\GameRenderObject.h	359	1	BackMirClient
Warning	485	warning C4183: 'GetPlayerSex': missing return type; assumed to be a member function returning 'int'	y:\develop\github\backmir\bmclient\Common\GameRenderObject.h	361	1	BackMirClient
Error	486	error C4430: missing type specifier - int assumed. Note: C++ does not support default-int	y:\develop\github\backmir\bmclient\Common\GameRenderObject.h	503	1	BackMirClient
Error	487	error C2143: syntax error : missing ',' before '&'	y:\develop\github\backmir\bmclient\Common\GameRenderObject.h	503	1	BackMirClient
Error	488	error C4430: missing type specifier - int assumed. Note: C++ does not support default-int	y:\develop\github\backmir\bmclient\Common\GameRenderObject.h	504	1	BackMirClient
Error	489	error C2143: syntax error : missing ',' before '&'	y:\develop\github\backmir\bmclient\Common\GameRenderObject.h	504	1	BackMirClient
Error	490	error C2535: 'void GameObject::DoPacket(const int)' : member function already defined or declared	y:\develop\github\backmir\bmclient\Common\GameRenderObject.h	504	1	BackMirClient
Error	491	error C4430: missing type specifier - int assumed. Note: C++ does not support default-int	y:\develop\github\backmir\bmclient\Common\GameRenderObject.h	505	1	BackMirClient
Error	492	error C2143: syntax error : missing ',' before '&'	y:\develop\github\backmir\bmclient\Common\GameRenderObject.h	505	1	BackMirClient
Error	493	error C2535: 'void GameObject::DoPacket(const int)' : member function already defined or declared	y:\develop\github\backmir\bmclient\Common\GameRenderObject.h	505	1	BackMirClient
Error	494	error C2061: syntax error : identifier 'PLAYER_STATUS'	y:\develop\github\backmir\bmclient\Common\GameRenderObject.h	513	1	BackMirClient
Error	495	error C2146: syntax error : missing ';' before identifier 'm_drt'	y:\develop\github\backmir\bmclient\Common\GameRenderObject.h	554	1	BackMirClient
Error	496	error C4430: missing type specifier - int assumed. Note: C++ does not support default-int	y:\develop\github\backmir\bmclient\Common\GameRenderObject.h	554	1	BackMirClient
Error	497	error C2146: syntax error : missing ';' before identifier 'm_sex'	y:\develop\github\backmir\bmclient\Common\GameRenderObject.h	555	1	BackMirClient
Error	498	error C4430: missing type specifier - int assumed. Note: C++ does not support default-int	y:\develop\github\backmir\bmclient\Common\GameRenderObject.h	555	1	BackMirClient
Error	499	error C2146: syntax error : missing ';' before identifier 'm_stat'	y:\develop\github\backmir\bmclient\Common\GameRenderObject.h	556	1	BackMirClient
Error	500	error C4430: missing type specifier - int assumed. Note: C++ does not support default-int	y:\develop\github\backmir\bmclient\Common\GameRenderObject.h	556	1	BackMirClient
Error	501	error C2146: syntax error : missing ';' before identifier 'm_preStat'	y:\develop\github\backmir\bmclient\Common\GameRenderObject.h	557	1	BackMirClient
Error	502	error C4430: missing type specifier - int assumed. Note: C++ does not support default-int	y:\develop\github\backmir\bmclient\Common\GameRenderObject.h	557	1	BackMirClient
Error	503	error C2065: 'm_drt' : undeclared identifier	y:\develop\github\backmir\bmclient\Common\GameRenderObject.h	253	1	BackMirClient
Error	504	error C2065: 'PDT_DOWN' : undeclared identifier	y:\develop\github\backmir\bmclient\Common\GameRenderObject.h	253	1	BackMirClient
Error	505	error C2065: 'm_sex' : undeclared identifier	y:\develop\github\backmir\bmclient\Common\GameRenderObject.h	254	1	BackMirClient
Error	506	error C2065: 'PSX_MAN' : undeclared identifier	y:\develop\github\backmir\bmclient\Common\GameRenderObject.h	254	1	BackMirClient
Error	507	error C2065: 'm_preStat' : undeclared identifier	y:\develop\github\backmir\bmclient\Common\GameRenderObject.h	255	1	BackMirClient
Error	508	error C2065: 'm_stat' : undeclared identifier	y:\develop\github\backmir\bmclient\Common\GameRenderObject.h	255	1	BackMirClient
Error	509	error C2065: 'PST_STAND' : undeclared identifier	y:\develop\github\backmir\bmclient\Common\GameRenderObject.h	255	1	BackMirClient
Error	510	error C2065: 'm_drt' : undeclared identifier	y:\develop\github\backmir\bmclient\Common\GameRenderObject.h	310	1	BackMirClient
Error	511	error C2065: '_pd' : undeclared identifier	y:\develop\github\backmir\bmclient\Common\GameRenderObject.h	310	1	BackMirClient
Error	512	error C2065: 'm_drt' : undeclared identifier	y:\develop\github\backmir\bmclient\Common\GameRenderObject.h	314	1	BackMirClient
Error	513	error C2065: 'm_stat' : undeclared identifier	y:\develop\github\backmir\bmclient\Common\GameRenderObject.h	318	1	BackMirClient
Error	514	error C2065: '_ps' : undeclared identifier	y:\develop\github\backmir\bmclient\Common\GameRenderObject.h	318	1	BackMirClient
Error	515	error C2065: '_ps' : undeclared identifier	y:\develop\github\backmir\bmclient\Common\GameRenderObject.h	320	1	BackMirClient
Error	516	error C2065: 'PST_STAND' : undeclared identifier	y:\develop\github\backmir\bmclient\Common\GameRenderObject.h	320	1	BackMirClient
Error	517	error C2065: '_ps' : undeclared identifier	y:\develop\github\backmir\bmclient\Common\GameRenderObject.h	324	1	BackMirClient
Error	518	error C2065: 'm_stat' : undeclared identifier	y:\develop\github\backmir\bmclient\Common\GameRenderObject.h	328	1	BackMirClient
Error	519	error C2065: 'm_preStat' : undeclared identifier	y:\develop\github\backmir\bmclient\Common\GameRenderObject.h	332	1	BackMirClient
Error	520	error C2065: 'm_sex' : undeclared identifier	y:\develop\github\backmir\bmclient\Common\GameRenderObject.h	356	1	BackMirClient
Error	521	error C2065: '_ps' : undeclared identifier	y:\develop\github\backmir\bmclient\Common\GameRenderObject.h	356	1	BackMirClient
Error	522	error C2065: 'm_sex' : undeclared identifier	y:\develop\github\backmir\bmclient\Common\GameRenderObject.h	360	1	BackMirClient
Error	523	error C2065: 'PST_DEAD' : undeclared identifier	y:\develop\github\backmir\bmclient\Common\GameRenderObject.h	429	1	BackMirClient
Error	524	error C1083: Cannot open include file: 'FastDelegateBind.h': No such file or directory	y:\develop\github\backmir\bmclient\GameDialog\GameCommonDlg.h	9	1	BackMirClient
Warning	525	warning C4819: The file contains a character that cannot be represented in the current code page (936). Save the file in Unicode format to prevent data loss	y:\develop\github\backmir\bmclient\Common\GlobalDefine.h	1	1	BackMirClient
Error	526	error C2447: '{' : missing function header (old-style formal list?)	y:\develop\github\backmir\bmclient\Common\GlobalDefine.h	91	1	BackMirClient
Error	527	error C2447: '{' : missing function header (old-style formal list?)	y:\develop\github\backmir\bmclient\Common\GlobalDefine.h	103	1	BackMirClient
Error	528	error C2447: '{' : missing function header (old-style formal list?)	y:\develop\github\backmir\bmclient\Common\GlobalDefine.h	128	1	BackMirClient
Error	529	error C2146: syntax error : missing ';' before identifier 'GetAngle'	y:\develop\github\backmir\bmclient\Common\GlobalFunction.h	26	1	BackMirClient
Error	530	error C4430: missing type specifier - int assumed. Note: C++ does not support default-int	y:\develop\github\backmir\bmclient\Common\GlobalFunction.h	26	1	BackMirClient
Error	531	error C4430: missing type specifier - int assumed. Note: C++ does not support default-int	y:\develop\github\backmir\bmclient\net\PacketHandler.h	71	1	BackMirClient
Error	532	error C2143: syntax error : missing ',' before '&'	y:\develop\github\backmir\bmclient\net\PacketHandler.h	71	1	BackMirClient
Warning	533	warning C4819: The file contains a character that cannot be represented in the current code page (936). Save the file in Unicode format to prevent data loss	y:\develop\github\backmir\CommonModule\MagicEffectID.h	1	1	BackMirClient
Error	534	error C2061: syntax error : identifier 'PLAYER_DIRECTION'	y:\develop\github\backmir\bmclient\Common\GameRenderObject.h	308	1	BackMirClient
Error	535	error C2146: syntax error : missing ';' before identifier 'GetDirection'	y:\develop\github\backmir\bmclient\Common\GameRenderObject.h	312	1	BackMirClient
Error	536	error C2433: 'GameObject::PLAYER_DIRECTION' : 'inline' not permitted on data declarations	y:\develop\github\backmir\bmclient\Common\GameRenderObject.h	312	1	BackMirClient
Error	537	error C4430: missing type specifier - int assumed. Note: C++ does not support default-int	y:\develop\github\backmir\bmclient\Common\GameRenderObject.h	312	1	BackMirClient
Error	538	error C4430: missing type specifier - int assumed. Note: C++ does not support default-int	y:\develop\github\backmir\bmclient\Common\GameRenderObject.h	313	1	BackMirClient
Warning	539	warning C4183: 'GetDirection': missing return type; assumed to be a member function returning 'int'	y:\develop\github\backmir\bmclient\Common\GameRenderObject.h	315	1	BackMirClient
Error	540	error C2061: syntax error : identifier 'PLAYER_STATUS'	y:\develop\github\backmir\bmclient\Common\GameRenderObject.h	316	1	BackMirClient
Error	541	error C2146: syntax error : missing ';' before identifier 'GetStatus'	y:\develop\github\backmir\bmclient\Common\GameRenderObject.h	326	1	BackMirClient
Error	542	error C2433: 'GameObject::PLAYER_STATUS' : 'inline' not permitted on data declarations	y:\develop\github\backmir\bmclient\Common\GameRenderObject.h	326	1	BackMirClient
Error	543	error C4430: missing type specifier - int assumed. Note: C++ does not support default-int	y:\develop\github\backmir\bmclient\Common\GameRenderObject.h	326	1	BackMirClient
Error	544	error C4430: missing type specifier - int assumed. Note: C++ does not support default-int	y:\develop\github\backmir\bmclient\Common\GameRenderObject.h	327	1	BackMirClient
Warning	545	warning C4183: 'GetStatus': missing return type; assumed to be a member function returning 'int'	y:\develop\github\backmir\bmclient\Common\GameRenderObject.h	329	1	BackMirClient
Error	546	error C2146: syntax error : missing ';' before identifier 'GetPreStatus'	y:\develop\github\backmir\bmclient\Common\GameRenderObject.h	330	1	BackMirClient
Error	547	error C2433: 'GameObject::PLAYER_STATUS' : 'inline' not permitted on data declarations	y:\develop\github\backmir\bmclient\Common\GameRenderObject.h	330	1	BackMirClient
Error	548	error C4430: missing type specifier - int assumed. Note: C++ does not support default-int	y:\develop\github\backmir\bmclient\Common\GameRenderObject.h	330	1	BackMirClient
Error	549	error C4430: missing type specifier - int assumed. Note: C++ does not support default-int	y:\develop\github\backmir\bmclient\Common\GameRenderObject.h	331	1	BackMirClient
Warning	550	warning C4183: 'GetPreStatus': missing return type; assumed to be a member function returning 'int'	y:\develop\github\backmir\bmclient\Common\GameRenderObject.h	333	1	BackMirClient
Error	551	error C2061: syntax error : identifier 'PLAYER_SEX'	y:\develop\github\backmir\bmclient\Common\GameRenderObject.h	354	1	BackMirClient
Error	552	error C2146: syntax error : missing ';' before identifier 'GetPlayerSex'	y:\develop\github\backmir\bmclient\Common\GameRenderObject.h	358	1	BackMirClient
Error	553	error C2433: 'GameObject::PLAYER_SEX' : 'inline' not permitted on data declarations	y:\develop\github\backmir\bmclient\Common\GameRenderObject.h	358	1	BackMirClient
Error	554	error C4430: missing type specifier - int assumed. Note: C++ does not support default-int	y:\develop\github\backmir\bmclient\Common\GameRenderObject.h	358	1	BackMirClient
Error	555	error C4430: missing type specifier - int assumed. Note: C++ does not support default-int	y:\develop\github\backmir\bmclient\Common\GameRenderObject.h	359	1	BackMirClient
Warning	556	warning C4183: 'GetPlayerSex': missing return type; assumed to be a member function returning 'int'	y:\develop\github\backmir\bmclient\Common\GameRenderObject.h	361	1	BackMirClient
Error	557	error C4430: missing type specifier - int assumed. Note: C++ does not support default-int	y:\develop\github\backmir\bmclient\Common\GameRenderObject.h	503	1	BackMirClient
Error	558	error C2143: syntax error : missing ',' before '&'	y:\develop\github\backmir\bmclient\Common\GameRenderObject.h	503	1	BackMirClient
Error	559	error C4430: missing type specifier - int assumed. Note: C++ does not support default-int	y:\develop\github\backmir\bmclient\Common\GameRenderObject.h	504	1	BackMirClient
Error	560	error C2143: syntax error : missing ',' before '&'	y:\develop\github\backmir\bmclient\Common\GameRenderObject.h	504	1	BackMirClient
Error	561	error C2535: 'void GameObject::DoPacket(const int)' : member function already defined or declared	y:\develop\github\backmir\bmclient\Common\GameRenderObject.h	504	1	BackMirClient
Error	562	error C4430: missing type specifier - int assumed. Note: C++ does not support default-int	y:\develop\github\backmir\bmclient\Common\GameRenderObject.h	505	1	BackMirClient
Error	563	error C2143: syntax error : missing ',' before '&'	y:\develop\github\backmir\bmclient\Common\GameRenderObject.h	505	1	BackMirClient
Error	564	error C2535: 'void GameObject::DoPacket(const int)' : member function already defined or declared	y:\develop\github\backmir\bmclient\Common\GameRenderObject.h	505	1	BackMirClient
Error	565	error C2061: syntax error : identifier 'PLAYER_STATUS'	y:\develop\github\backmir\bmclient\Common\GameRenderObject.h	513	1	BackMirClient
Error	566	error C2146: syntax error : missing ';' before identifier 'm_drt'	y:\develop\github\backmir\bmclient\Common\GameRenderObject.h	554	1	BackMirClient
Error	567	error C4430: missing type specifier - int assumed. Note: C++ does not support default-int	y:\develop\github\backmir\bmclient\Common\GameRenderObject.h	554	1	BackMirClient
Error	568	error C2146: syntax error : missing ';' before identifier 'm_sex'	y:\develop\github\backmir\bmclient\Common\GameRenderObject.h	555	1	BackMirClient
Error	569	error C4430: missing type specifier - int assumed. Note: C++ does not support default-int	y:\develop\github\backmir\bmclient\Common\GameRenderObject.h	555	1	BackMirClient
Error	570	error C2146: syntax error : missing ';' before identifier 'm_stat'	y:\develop\github\backmir\bmclient\Common\GameRenderObject.h	556	1	BackMirClient
Error	571	error C4430: missing type specifier - int assumed. Note: C++ does not support default-int	y:\develop\github\backmir\bmclient\Common\GameRenderObject.h	556	1	BackMirClient
Error	572	error C2146: syntax error : missing ';' before identifier 'm_preStat'	y:\develop\github\backmir\bmclient\Common\GameRenderObject.h	557	1	BackMirClient
Error	573	error C4430: missing type specifier - int assumed. Note: C++ does not support default-int	y:\develop\github\backmir\bmclient\Common\GameRenderObject.h	557	1	BackMirClient
Error	574	error C2065: 'm_drt' : undeclared identifier	y:\develop\github\backmir\bmclient\Common\GameRenderObject.h	253	1	BackMirClient
Error	575	error C2065: 'PDT_DOWN' : undeclared identifier	y:\develop\github\backmir\bmclient\Common\GameRenderObject.h	253	1	BackMirClient
Error	576	error C2065: 'm_sex' : undeclared identifier	y:\develop\github\backmir\bmclient\Common\GameRenderObject.h	254	1	BackMirClient
Error	577	error C2065: 'PSX_MAN' : undeclared identifier	y:\develop\github\backmir\bmclient\Common\GameRenderObject.h	254	1	BackMirClient
Error	578	error C2065: 'm_preStat' : undeclared identifier	y:\develop\github\backmir\bmclient\Common\GameRenderObject.h	255	1	BackMirClient
Error	579	error C2065: 'm_stat' : undeclared identifier	y:\develop\github\backmir\bmclient\Common\GameRenderObject.h	255	1	BackMirClient
Error	580	error C2065: 'PST_STAND' : undeclared identifier	y:\develop\github\backmir\bmclient\Common\GameRenderObject.h	255	1	BackMirClient
Error	581	error C2065: 'm_drt' : undeclared identifier	y:\develop\github\backmir\bmclient\Common\GameRenderObject.h	310	1	BackMirClient
Error	582	error C2065: '_pd' : undeclared identifier	y:\develop\github\backmir\bmclient\Common\GameRenderObject.h	310	1	BackMirClient
Error	583	error C2065: 'm_drt' : undeclared identifier	y:\develop\github\backmir\bmclient\Common\GameRenderObject.h	314	1	BackMirClient
Error	584	error C2065: 'm_stat' : undeclared identifier	y:\develop\github\backmir\bmclient\Common\GameRenderObject.h	318	1	BackMirClient
Error	585	error C2065: '_ps' : undeclared identifier	y:\develop\github\backmir\bmclient\Common\GameRenderObject.h	318	1	BackMirClient
Error	586	error C2065: '_ps' : undeclared identifier	y:\develop\github\backmir\bmclient\Common\GameRenderObject.h	320	1	BackMirClient
Error	587	error C2065: 'PST_STAND' : undeclared identifier	y:\develop\github\backmir\bmclient\Common\GameRenderObject.h	320	1	BackMirClient
Error	588	error C2065: '_ps' : undeclared identifier	y:\develop\github\backmir\bmclient\Common\GameRenderObject.h	324	1	BackMirClient
Error	589	error C2065: 'm_stat' : undeclared identifier	y:\develop\github\backmir\bmclient\Common\GameRenderObject.h	328	1	BackMirClient
Error	590	error C2065: 'm_preStat' : undeclared identifier	y:\develop\github\backmir\bmclient\Common\GameRenderObject.h	332	1	BackMirClient
Error	591	error C2065: 'm_sex' : undeclared identifier	y:\develop\github\backmir\bmclient\Common\GameRenderObject.h	356	1	BackMirClient
Error	592	error C2065: '_ps' : undeclared identifier	y:\develop\github\backmir\bmclient\Common\GameRenderObject.h	356	1	BackMirClient
Error	593	error C2065: 'm_sex' : undeclared identifier	y:\develop\github\backmir\bmclient\Common\GameRenderObject.h	360	1	BackMirClient
Error	594	error C2065: 'PST_DEAD' : undeclared identifier	y:\develop\github\backmir\bmclient\Common\GameRenderObject.h	429	1	BackMirClient
Error	595	error C1083: Cannot open include file: 'FastDelegateBind.h': No such file or directory	y:\develop\github\backmir\bmclient\GameDialog\GameCommonDlg.h	9	1	BackMirClient
Warning	596	warning C4819: The file contains a character that cannot be represented in the current code page (936). Save the file in Unicode format to prevent data loss	y:\develop\github\backmir\bmclient\Common\GlobalDefine.h	1	1	BackMirClient
Error	597	error C2447: '{' : missing function header (old-style formal list?)	y:\develop\github\backmir\bmclient\Common\GlobalDefine.h	91	1	BackMirClient
Error	598	error C2447: '{' : missing function header (old-style formal list?)	y:\develop\github\backmir\bmclient\Common\GlobalDefine.h	103	1	BackMirClient
Error	599	error C2447: '{' : missing function header (old-style formal list?)	y:\develop\github\backmir\bmclient\Common\GlobalDefine.h	128	1	BackMirClient
Error	600	error C2146: syntax error : missing ';' before identifier 'GetAngle'	y:\develop\github\backmir\bmclient\Common\GlobalFunction.h	26	1	BackMirClient
Error	601	error C4430: missing type specifier - int assumed. Note: C++ does not support default-int	y:\develop\github\backmir\bmclient\Common\GlobalFunction.h	26	1	BackMirClient
Error	602	error C4430: missing type specifier - int assumed. Note: C++ does not support default-int	y:\develop\github\backmir\bmclient\net\PacketHandler.h	71	1	BackMirClient
Error	603	error C2143: syntax error : missing ',' before '&'	y:\develop\github\backmir\bmclient\net\PacketHandler.h	71	1	BackMirClient
Warning	604	warning C4819: The file contains a character that cannot be represented in the current code page (936). Save the file in Unicode format to prevent data loss	y:\develop\github\backmir\CommonModule\MagicEffectID.h	1	1	BackMirClient
Error	605	error C2061: syntax error : identifier 'PLAYER_DIRECTION'	y:\develop\github\backmir\bmclient\Common\GameRenderObject.h	308	1	BackMirClient
Error	606	error C2146: syntax error : missing ';' before identifier 'GetDirection'	y:\develop\github\backmir\bmclient\Common\GameRenderObject.h	312	1	BackMirClient
Error	607	error C2433: 'GameObject::PLAYER_DIRECTION' : 'inline' not permitted on data declarations	y:\develop\github\backmir\bmclient\Common\GameRenderObject.h	312	1	BackMirClient
Error	608	error C4430: missing type specifier - int assumed. Note: C++ does not support default-int	y:\develop\github\backmir\bmclient\Common\GameRenderObject.h	312	1	BackMirClient
Error	609	error C4430: missing type specifier - int assumed. Note: C++ does not support default-int	y:\develop\github\backmir\bmclient\Common\GameRenderObject.h	313	1	BackMirClient
Warning	610	warning C4183: 'GetDirection': missing return type; assumed to be a member function returning 'int'	y:\develop\github\backmir\bmclient\Common\GameRenderObject.h	315	1	BackMirClient
Error	611	error C2061: syntax error : identifier 'PLAYER_STATUS'	y:\develop\github\backmir\bmclient\Common\GameRenderObject.h	316	1	BackMirClient
Error	612	error C2146: syntax error : missing ';' before identifier 'GetStatus'	y:\develop\github\backmir\bmclient\Common\GameRenderObject.h	326	1	BackMirClient
Error	613	error C2433: 'GameObject::PLAYER_STATUS' : 'inline' not permitted on data declarations	y:\develop\github\backmir\bmclient\Common\GameRenderObject.h	326	1	BackMirClient
Error	614	error C4430: missing type specifier - int assumed. Note: C++ does not support default-int	y:\develop\github\backmir\bmclient\Common\GameRenderObject.h	326	1	BackMirClient
Error	615	error C4430: missing type specifier - int assumed. Note: C++ does not support default-int	y:\develop\github\backmir\bmclient\Common\GameRenderObject.h	327	1	BackMirClient
Warning	616	warning C4183: 'GetStatus': missing return type; assumed to be a member function returning 'int'	y:\develop\github\backmir\bmclient\Common\GameRenderObject.h	329	1	BackMirClient
Error	617	error C2146: syntax error : missing ';' before identifier 'GetPreStatus'	y:\develop\github\backmir\bmclient\Common\GameRenderObject.h	330	1	BackMirClient
Error	618	error C2433: 'GameObject::PLAYER_STATUS' : 'inline' not permitted on data declarations	y:\develop\github\backmir\bmclient\Common\GameRenderObject.h	330	1	BackMirClient
Error	619	error C4430: missing type specifier - int assumed. Note: C++ does not support default-int	y:\develop\github\backmir\bmclient\Common\GameRenderObject.h	330	1	BackMirClient
Error	620	error C4430: missing type specifier - int assumed. Note: C++ does not support default-int	y:\develop\github\backmir\bmclient\Common\GameRenderObject.h	331	1	BackMirClient
Warning	621	warning C4183: 'GetPreStatus': missing return type; assumed to be a member function returning 'int'	y:\develop\github\backmir\bmclient\Common\GameRenderObject.h	333	1	BackMirClient
Error	622	error C2061: syntax error : identifier 'PLAYER_SEX'	y:\develop\github\backmir\bmclient\Common\GameRenderObject.h	354	1	BackMirClient
Error	623	error C2146: syntax error : missing ';' before identifier 'GetPlayerSex'	y:\develop\github\backmir\bmclient\Common\GameRenderObject.h	358	1	BackMirClient
Error	624	error C2433: 'GameObject::PLAYER_SEX' : 'inline' not permitted on data declarations	y:\develop\github\backmir\bmclient\Common\GameRenderObject.h	358	1	BackMirClient
Error	625	error C4430: missing type specifier - int assumed. Note: C++ does not support default-int	y:\develop\github\backmir\bmclient\Common\GameRenderObject.h	358	1	BackMirClient
Error	626	error C4430: missing type specifier - int assumed. Note: C++ does not support default-int	y:\develop\github\backmir\bmclient\Common\GameRenderObject.h	359	1	BackMirClient
Warning	627	warning C4183: 'GetPlayerSex': missing return type; assumed to be a member function returning 'int'	y:\develop\github\backmir\bmclient\Common\GameRenderObject.h	361	1	BackMirClient
Error	628	error C4430: missing type specifier - int assumed. Note: C++ does not support default-int	y:\develop\github\backmir\bmclient\Common\GameRenderObject.h	503	1	BackMirClient
Error	629	error C2143: syntax error : missing ',' before '&'	y:\develop\github\backmir\bmclient\Common\GameRenderObject.h	503	1	BackMirClient
Error	630	error C4430: missing type specifier - int assumed. Note: C++ does not support default-int	y:\develop\github\backmir\bmclient\Common\GameRenderObject.h	504	1	BackMirClient
Error	631	error C2143: syntax error : missing ',' before '&'	y:\develop\github\backmir\bmclient\Common\GameRenderObject.h	504	1	BackMirClient
Error	632	error C2535: 'void GameObject::DoPacket(const int)' : member function already defined or declared	y:\develop\github\backmir\bmclient\Common\GameRenderObject.h	504	1	BackMirClient
Error	633	error C4430: missing type specifier - int assumed. Note: C++ does not support default-int	y:\develop\github\backmir\bmclient\Common\GameRenderObject.h	505	1	BackMirClient
Error	634	error C2143: syntax error : missing ',' before '&'	y:\develop\github\backmir\bmclient\Common\GameRenderObject.h	505	1	BackMirClient
Error	635	error C2535: 'void GameObject::DoPacket(const int)' : member function already defined or declared	y:\develop\github\backmir\bmclient\Common\GameRenderObject.h	505	1	BackMirClient
Error	636	error C2061: syntax error : identifier 'PLAYER_STATUS'	y:\develop\github\backmir\bmclient\Common\GameRenderObject.h	513	1	BackMirClient
Error	637	error C2146: syntax error : missing ';' before identifier 'm_drt'	y:\develop\github\backmir\bmclient\Common\GameRenderObject.h	554	1	BackMirClient
Error	638	error C4430: missing type specifier - int assumed. Note: C++ does not support default-int	y:\develop\github\backmir\bmclient\Common\GameRenderObject.h	554	1	BackMirClient
Error	639	error C2146: syntax error : missing ';' before identifier 'm_sex'	y:\develop\github\backmir\bmclient\Common\GameRenderObject.h	555	1	BackMirClient
Error	640	error C4430: missing type specifier - int assumed. Note: C++ does not support default-int	y:\develop\github\backmir\bmclient\Common\GameRenderObject.h	555	1	BackMirClient
Error	641	error C2146: syntax error : missing ';' before identifier 'm_stat'	y:\develop\github\backmir\bmclient\Common\GameRenderObject.h	556	1	BackMirClient
Error	642	error C4430: missing type specifier - int assumed. Note: C++ does not support default-int	y:\develop\github\backmir\bmclient\Common\GameRenderObject.h	556	1	BackMirClient
Error	643	error C2146: syntax error : missing ';' before identifier 'm_preStat'	y:\develop\github\backmir\bmclient\Common\GameRenderObject.h	557	1	BackMirClient
Error	644	error C4430: missing type specifier - int assumed. Note: C++ does not support default-int	y:\develop\github\backmir\bmclient\Common\GameRenderObject.h	557	1	BackMirClient
Error	645	error C2065: 'm_drt' : undeclared identifier	y:\develop\github\backmir\bmclient\Common\GameRenderObject.h	253	1	BackMirClient
Error	646	error C2065: 'PDT_DOWN' : undeclared identifier	y:\develop\github\backmir\bmclient\Common\GameRenderObject.h	253	1	BackMirClient
Error	647	error C2065: 'm_sex' : undeclared identifier	y:\develop\github\backmir\bmclient\Common\GameRenderObject.h	254	1	BackMirClient
Error	648	error C2065: 'PSX_MAN' : undeclared identifier	y:\develop\github\backmir\bmclient\Common\GameRenderObject.h	254	1	BackMirClient
Error	649	error C2065: 'm_preStat' : undeclared identifier	y:\develop\github\backmir\bmclient\Common\GameRenderObject.h	255	1	BackMirClient
Error	650	error C2065: 'm_stat' : undeclared identifier	y:\develop\github\backmir\bmclient\Common\GameRenderObject.h	255	1	BackMirClient
Error	651	error C2065: 'PST_STAND' : undeclared identifier	y:\develop\github\backmir\bmclient\Common\GameRenderObject.h	255	1	BackMirClient
Error	652	error C2065: 'm_drt' : undeclared identifier	y:\develop\github\backmir\bmclient\Common\GameRenderObject.h	310	1	BackMirClient
Error	653	error C2065: '_pd' : undeclared identifier	y:\develop\github\backmir\bmclient\Common\GameRenderObject.h	310	1	BackMirClient
Error	654	error C2065: 'm_drt' : undeclared identifier	y:\develop\github\backmir\bmclient\Common\GameRenderObject.h	314	1	BackMirClient
Error	655	error C2065: 'm_stat' : undeclared identifier	y:\develop\github\backmir\bmclient\Common\GameRenderObject.h	318	1	BackMirClient
Error	656	error C2065: '_ps' : undeclared identifier	y:\develop\github\backmir\bmclient\Common\GameRenderObject.h	318	1	BackMirClient
Error	657	error C2065: '_ps' : undeclared identifier	y:\develop\github\backmir\bmclient\Common\GameRenderObject.h	320	1	BackMirClient
Error	658	error C2065: 'PST_STAND' : undeclared identifier	y:\develop\github\backmir\bmclient\Common\GameRenderObject.h	320	1	BackMirClient
Error	659	error C2065: '_ps' : undeclared identifier	y:\develop\github\backmir\bmclient\Common\GameRenderObject.h	324	1	BackMirClient
Error	660	error C2065: 'm_stat' : undeclared identifier	y:\develop\github\backmir\bmclient\Common\GameRenderObject.h	328	1	BackMirClient
Error	661	error C2065: 'm_preStat' : undeclared identifier	y:\develop\github\backmir\bmclient\Common\GameRenderObject.h	332	1	BackMirClient
Error	662	error C2065: 'm_sex' : undeclared identifier	y:\develop\github\backmir\bmclient\Common\GameRenderObject.h	356	1	BackMirClient
Error	663	error C2065: '_ps' : undeclared identifier	y:\develop\github\backmir\bmclient\Common\GameRenderObject.h	356	1	BackMirClient
Error	664	error C2065: 'm_sex' : undeclared identifier	y:\develop\github\backmir\bmclient\Common\GameRenderObject.h	360	1	BackMirClient
Error	665	error C2065: 'PST_DEAD' : undeclared identifier	y:\develop\github\backmir\bmclient\Common\GameRenderObject.h	429	1	BackMirClient
Warning	666	warning C4819: The file contains a character that cannot be represented in the current code page (936). Save the file in Unicode format to prevent data loss	y:\develop\github\backmir\CommonModule\ShareDefine.h	1	1	BackMirClient
Error	667	error C2365: 'RES_ITEMS' : redefinition; previous definition was 'enumerator'	y:\develop\github\backmir\CommonModule\ShareDefine.h	79	1	BackMirClient
Error	668	error C2365: 'RES_STATUS' : redefinition; previous definition was 'enumerator'	y:\develop\github\backmir\CommonModule\ShareDefine.h	80	1	BackMirClient
Error	669	error C2365: 'RES_CUSTOM' : redefinition; previous definition was 'enumerator'	y:\develop\github\backmir\CommonModule\ShareDefine.h	81	1	BackMirClient
Error	670	error C2365: 'RES_TOTAL' : redefinition; previous definition was 'enumerator'	y:\develop\github\backmir\CommonModule\ShareDefine.h	82	1	BackMirClient
Error	671	error C2065: 'MEFF_USERTOTAL' : undeclared identifier	y:\develop\github\backmir\bmclient\GameScene\MagicEffect.h	8	1	BackMirClient
Error	672	error C2061: syntax error : identifier 'PLAYER_STATUS'	y:\develop\github\backmir\bmclient\gamescene\GameOtherPlayer.h	29	1	BackMirClient
Error	673	error C2061: syntax error : identifier 'MAGICEFFECT_TYPE'	y:\develop\github\backmir\bmclient\gamescene\GameOtherPlayer.h	52	1	BackMirClient
Error	674	error C2061: syntax error : identifier 'MAGICEFFECT_TYPE'	y:\develop\github\backmir\bmclient\gamescene\GameOtherPlayer.h	53	1	BackMirClient
Error	675	error C4430: missing type specifier - int assumed. Note: C++ does not support default-int	y:\develop\github\backmir\bmclient\gamescene\GameOtherPlayer.h	157	1	BackMirClient
Error	676	error C2143: syntax error : missing ',' before '&'	y:\develop\github\backmir\bmclient\gamescene\GameOtherPlayer.h	157	1	BackMirClient
Error	677	error C4430: missing type specifier - int assumed. Note: C++ does not support default-int	y:\develop\github\backmir\bmclient\gamescene\GameOtherPlayer.h	201	1	BackMirClient
Error	678	error C2143: syntax error : missing ',' before '&'	y:\develop\github\backmir\bmclient\gamescene\GameOtherPlayer.h	201	1	BackMirClient
Error	679	error C2535: 'void GameOtherPlayer::DoPacket(const int)' : member function already defined or declared	y:\develop\github\backmir\bmclient\gamescene\GameOtherPlayer.h	201	1	BackMirClient
Error	680	error C2146: syntax error : missing ';' before identifier 'm_eEffect'	y:\develop\github\backmir\bmclient\gamescene\GameOtherPlayer.h	228	1	BackMirClient
Error	681	error C4430: missing type specifier - int assumed. Note: C++ does not support default-int	y:\develop\github\backmir\bmclient\gamescene\GameOtherPlayer.h	228	1	BackMirClient
Error	682	error C2065: 'MAGICEFFECT_TOTAL' : undeclared identifier	y:\develop\github\backmir\bmclient\gamescene\GameOtherPlayer.h	228	1	BackMirClient
Warning	683	warning C4819: The file contains a character that cannot be represented in the current code page (936). Save the file in Unicode format to prevent data loss	y:\develop\github\backmir\CommonModule\RandGenerator.h	1	1	BackMirClient
Warning	684	warning C4819: The file contains a character that cannot be represented in the current code page (936). Save the file in Unicode format to prevent data loss	y:\develop\github\backmir\CommonModule\CollDownController.h	1	1	BackMirClient
Error	685	error C2061: syntax error : identifier 'PLAYER_DIRECTION'	y:\develop\github\backmir\bmclient\gamescene\GamePlayer.h	57	1	BackMirClient
Error	686	error C2061: syntax error : identifier 'PLAYER_DIRECTION'	y:\develop\github\backmir\bmclient\gamescene\GamePlayer.h	58	1	BackMirClient
Error	687	error C2143: syntax error : missing ';' before '*'	y:\develop\github\backmir\bmclient\gamescene\GamePlayer.h	73	1	BackMirClient
Error	688	error C4430: missing type specifier - int assumed. Note: C++ does not support default-int	y:\develop\github\backmir\bmclient\gamescene\GamePlayer.h	73	1	BackMirClient
Error	689	error C4430: missing type specifier - int assumed. Note: C++ does not support default-int	y:\develop\github\backmir\bmclient\gamescene\GamePlayer.h	74	1	BackMirClient
Warning	690	warning C4183: 'GetEquip': missing return type; assumed to be a member function returning 'int'	y:\develop\github\backmir\bmclient\gamescene\GamePlayer.h	76	1	BackMirClient
Error	691	error C2146: syntax error : missing ';' before identifier 'm_equipAttrib'	y:\develop\github\backmir\bmclient\gamescene\GamePlayer.h	350	1	BackMirClient
Error	692	error C4430: missing type specifier - int assumed. Note: C++ does not support default-int	y:\develop\github\backmir\bmclient\gamescene\GamePlayer.h	350	1	BackMirClient
Error	693	error C2146: syntax error : missing ';' before identifier 'm_indexs'	y:\develop\github\backmir\bmclient\gamescene\GamePlayer.h	361	1	BackMirClient
Error	694	error C4430: missing type specifier - int assumed. Note: C++ does not support default-int	y:\develop\github\backmir\bmclient\gamescene\GamePlayer.h	361	1	BackMirClient
Error	695	error C2065: 'ADD_NORMAL' : undeclared identifier	y:\develop\github\backmir\bmclient\gamescene\GamePlayer.h	182	1	BackMirClient
Error	696	error C2065: 'ADD_NORMAL' : undeclared identifier	y:\develop\github\backmir\bmclient\gamescene\GamePlayer.h	183	1	BackMirClient
Error	697	error C2065: 'm_equipAttrib' : undeclared identifier	y:\develop\github\backmir\bmclient\gamescene\GamePlayer.h	75	1	BackMirClient
Error	698	error C2065: 'PST_NONE' : undeclared identifier	y:\develop\github\backmir\bmclient\gamescene\GamePlayer.h	84	1	BackMirClient
Error	699	error C2065: 'g_nWanLiTable' : undeclared identifier	y:\develop\github\backmir\bmclient\gamescene\GamePlayer.h	135	1	BackMirClient
Error	700	error C2146: syntax error : missing ';' before identifier 'm_indexs'	y:\develop\github\backmir\bmclient\gamescene\GameMonster.h	114	1	BackMirClient
Error	701	error C4430: missing type specifier - int assumed. Note: C++ does not support default-int	y:\develop\github\backmir\bmclient\gamescene\GameMonster.h	114	1	BackMirClient
Error	702	error C2146: syntax error : missing ';' before identifier 'm_eEndStatus'	y:\develop\github\backmir\bmclient\gamescene\GameMonster.h	812	1	BackMirClient
Error	703	error C4430: missing type specifier - int assumed. Note: C++ does not support default-int	y:\develop\github\backmir\bmclient\gamescene\GameMonster.h	812	1	BackMirClient
Error	704	error C2065: 'PST_STAND' : undeclared identifier	Y:\develop\github\backmir\BMClient\GameScene\StatusMonster.cpp	42	1	BackMirClient
Error	705	error C2051: case expression not constant	Y:\develop\github\backmir\BMClient\GameScene\StatusMonster.cpp	42	1	BackMirClient
Error	706	error C2065: 'PST_WALK' : undeclared identifier	Y:\develop\github\backmir\BMClient\GameScene\StatusMonster.cpp	48	1	BackMirClient
Error	707	error C2051: case expression not constant	Y:\develop\github\backmir\BMClient\GameScene\StatusMonster.cpp	48	1	BackMirClient
Error	708	error C2065: 'PST_ATTACKNOWEAPON' : undeclared identifier	Y:\develop\github\backmir\BMClient\GameScene\StatusMonster.cpp	54	1	BackMirClient
Error	709	error C2051: case expression not constant	Y:\develop\github\backmir\BMClient\GameScene\StatusMonster.cpp	54	1	BackMirClient
Error	710	error C2065: 'PST_ATTACKED' : undeclared identifier	Y:\develop\github\backmir\BMClient\GameScene\StatusMonster.cpp	60	1	BackMirClient
Error	711	error C2051: case expression not constant	Y:\develop\github\backmir\BMClient\GameScene\StatusMonster.cpp	60	1	BackMirClient
Error	712	error C2065: 'PST_DEAD' : undeclared identifier	Y:\develop\github\backmir\BMClient\GameScene\StatusMonster.cpp	66	1	BackMirClient
Error	713	error C2051: case expression not constant	Y:\develop\github\backmir\BMClient\GameScene\StatusMonster.cpp	66	1	BackMirClient
Warning	714	warning C4060: switch statement contains no 'case' or 'default' labels	Y:\develop\github\backmir\BMClient\GameScene\StatusMonster.cpp	72	1	BackMirClient
Warning	715	warning C4819: The file contains a character that cannot be represented in the current code page (936). Save the file in Unicode format to prevent data loss	Y:\develop\github\backmir\BMClient\GameScene\MagicSystem.cpp	1	1	BackMirClient
Error	716	error C2146: syntax error : missing ';' before identifier 'wil'	y:\develop\github\backmir\CommonModule\ObjectData.h	143	1	BackMirClient
Error	717	error C4430: missing type specifier - int assumed. Note: C++ does not support default-int	y:\develop\github\backmir\CommonModule\ObjectData.h	143	1	BackMirClient
Error	718	error C2146: syntax error : missing ';' before identifier 'id'	y:\develop\github\backmir\CommonModule\ObjectData.h	144	1	BackMirClient
Error	719	error C4430: missing type specifier - int assumed. Note: C++ does not support default-int	y:\develop\github\backmir\CommonModule\ObjectData.h	144	1	BackMirClient
Error	720	error C2146: syntax error : missing ';' before identifier 'drts'	y:\develop\github\backmir\CommonModule\ObjectData.h	145	1	BackMirClient
Error	721	error C4430: missing type specifier - int assumed. Note: C++ does not support default-int	y:\develop\github\backmir\CommonModule\ObjectData.h	145	1	BackMirClient
Error	722	error C2146: syntax error : missing ';' before identifier 'index'	y:\develop\github\backmir\CommonModule\ObjectData.h	146	1	BackMirClient
Error	723	error C4430: missing type specifier - int assumed. Note: C++ does not support default-int	y:\develop\github\backmir\CommonModule\ObjectData.h	146	1	BackMirClient
Error	724	error C2146: syntax error : missing ';' before identifier 'standbegin'	y:\develop\github\backmir\CommonModule\ObjectData.h	147	1	BackMirClient
Error	725	error C4430: missing type specifier - int assumed. Note: C++ does not support default-int	y:\develop\github\backmir\CommonModule\ObjectData.h	147	1	BackMirClient
Error	726	error C2146: syntax error : missing ';' before identifier 'standframe'	y:\develop\github\backmir\CommonModule\ObjectData.h	148	1	BackMirClient
Error	727	error C4430: missing type specifier - int assumed. Note: C++ does not support default-int	y:\develop\github\backmir\CommonModule\ObjectData.h	148	1	BackMirClient
Error	728	error C2146: syntax error : missing ';' before identifier 'standtotal'	y:\develop\github\backmir\CommonModule\ObjectData.h	149	1	BackMirClient
Error	729	error C4430: missing type specifier - int assumed. Note: C++ does not support default-int	y:\develop\github\backmir\CommonModule\ObjectData.h	149	1	BackMirClient
Error	730	error C2146: syntax error : missing ';' before identifier 'walkbegin'	y:\develop\github\backmir\CommonModule\ObjectData.h	150	1	BackMirClient
Error	731	error C4430: missing type specifier - int assumed. Note: C++ does not support default-int	y:\develop\github\backmir\CommonModule\ObjectData.h	150	1	BackMirClient
Error	732	error C2146: syntax error : missing ';' before identifier 'walkframe'	y:\develop\github\backmir\CommonModule\ObjectData.h	151	1	BackMirClient
Error	733	error C4430: missing type specifier - int assumed. Note: C++ does not support default-int	y:\develop\github\backmir\CommonModule\ObjectData.h	151	1	BackMirClient
Error	734	error C2146: syntax error : missing ';' before identifier 'walktotal'	y:\develop\github\backmir\CommonModule\ObjectData.h	152	1	BackMirClient
Error	735	error C4430: missing type specifier - int assumed. Note: C++ does not support default-int	y:\develop\github\backmir\CommonModule\ObjectData.h	152	1	BackMirClient
Error	736	error C2146: syntax error : missing ';' before identifier 'atkbegin'	y:\develop\github\backmir\CommonModule\ObjectData.h	153	1	BackMirClient
Error	737	error C4430: missing type specifier - int assumed. Note: C++ does not support default-int	y:\develop\github\backmir\CommonModule\ObjectData.h	153	1	BackMirClient
Error	738	error C2146: syntax error : missing ';' before identifier 'atkframe'	y:\develop\github\backmir\CommonModule\ObjectData.h	154	1	BackMirClient
Error	739	error C4430: missing type specifier - int assumed. Note: C++ does not support default-int	y:\develop\github\backmir\CommonModule\ObjectData.h	154	1	BackMirClient
Error	740	error C2146: syntax error : missing ';' before identifier 'atktotal'	y:\develop\github\backmir\CommonModule\ObjectData.h	155	1	BackMirClient
Error	741	error C4430: missing type specifier - int assumed. Note: C++ does not support default-int	y:\develop\github\backmir\CommonModule\ObjectData.h	155	1	BackMirClient
Error	742	error C2146: syntax error : missing ';' before identifier 'hurtbegin'	y:\develop\github\backmir\CommonModule\ObjectData.h	156	1	BackMirClient
Error	743	error C4430: missing type specifier - int assumed. Note: C++ does not support default-int	y:\develop\github\backmir\CommonModule\ObjectData.h	156	1	BackMirClient
Error	744	error C2146: syntax error : missing ';' before identifier 'hurtframe'	y:\develop\github\backmir\CommonModule\ObjectData.h	157	1	BackMirClient
Error	745	error C4430: missing type specifier - int assumed. Note: C++ does not support default-int	y:\develop\github\backmir\CommonModule\ObjectData.h	157	1	BackMirClient
Error	746	error C2146: syntax error : missing ';' before identifier 'hurttotal'	y:\develop\github\backmir\CommonModule\ObjectData.h	158	1	BackMirClient
Error	747	error C4430: missing type specifier - int assumed. Note: C++ does not support default-int	y:\develop\github\backmir\CommonModule\ObjectData.h	158	1	BackMirClient
Error	748	error C2146: syntax error : missing ';' before identifier 'deadbegin'	y:\develop\github\backmir\CommonModule\ObjectData.h	159	1	BackMirClient
Error	749	error C4430: missing type specifier - int assumed. Note: C++ does not support default-int	y:\develop\github\backmir\CommonModule\ObjectData.h	159	1	BackMirClient
Error	750	error C2146: syntax error : missing ';' before identifier 'deadframe'	y:\develop\github\backmir\CommonModule\ObjectData.h	160	1	BackMirClient
Error	751	error C4430: missing type specifier - int assumed. Note: C++ does not support default-int	y:\develop\github\backmir\CommonModule\ObjectData.h	160	1	BackMirClient
Error	752	error C2146: syntax error : missing ';' before identifier 'deadtotal'	y:\develop\github\backmir\CommonModule\ObjectData.h	161	1	BackMirClient
Error	753	error C4430: missing type specifier - int assumed. Note: C++ does not support default-int	y:\develop\github\backmir\CommonModule\ObjectData.h	161	1	BackMirClient
Error	754	error C2146: syntax error : missing ';' before identifier 'magicbegin'	y:\develop\github\backmir\CommonModule\ObjectData.h	162	1	BackMirClient
Error	755	error C4430: missing type specifier - int assumed. Note: C++ does not support default-int	y:\develop\github\backmir\CommonModule\ObjectData.h	162	1	BackMirClient
Error	756	error C2146: syntax error : missing ';' before identifier 'magicframe'	y:\develop\github\backmir\CommonModule\ObjectData.h	163	1	BackMirClient
Error	757	error C4430: missing type specifier - int assumed. Note: C++ does not support default-int	y:\develop\github\backmir\CommonModule\ObjectData.h	163	1	BackMirClient
Error	758	error C2146: syntax error : missing ';' before identifier 'magictotal'	y:\develop\github\backmir\CommonModule\ObjectData.h	164	1	BackMirClient
Error	759	error C4430: missing type specifier - int assumed. Note: C++ does not support default-int	y:\develop\github\backmir\CommonModule\ObjectData.h	164	1	BackMirClient
Error	760	error C2146: syntax error : missing ';' before identifier 'atkeftbegin'	y:\develop\github\backmir\CommonModule\ObjectData.h	165	1	BackMirClient
Error	761	error C4430: missing type specifier - int assumed. Note: C++ does not support default-int	y:\develop\github\backmir\CommonModule\ObjectData.h	165	1	BackMirClient
Error	762	error C2146: syntax error : missing ';' before identifier 'atkeftframe'	y:\develop\github\backmir\CommonModule\ObjectData.h	166	1	BackMirClient
Error	763	error C4430: missing type specifier - int assumed. Note: C++ does not support default-int	y:\develop\github\backmir\CommonModule\ObjectData.h	166	1	BackMirClient
Error	764	error C2146: syntax error : missing ';' before identifier 'atkefttotal'	y:\develop\github\backmir\CommonModule\ObjectData.h	167	1	BackMirClient
Error	765	error C4430: missing type specifier - int assumed. Note: C++ does not support default-int	y:\develop\github\backmir\CommonModule\ObjectData.h	167	1	BackMirClient
Error	766	error C2146: syntax error : missing ';' before identifier 'showbegin'	y:\develop\github\backmir\CommonModule\ObjectData.h	168	1	BackMirClient
Error	767	error C4430: missing type specifier - int assumed. Note: C++ does not support default-int	y:\develop\github\backmir\CommonModule\ObjectData.h	168	1	BackMirClient
Error	768	error C2146: syntax error : missing ';' before identifier 'showframe'	y:\develop\github\backmir\CommonModule\ObjectData.h	169	1	BackMirClient
Error	769	error C4430: missing type specifier - int assumed. Note: C++ does not support default-int	y:\develop\github\backmir\CommonModule\ObjectData.h	169	1	BackMirClient
Error	770	error C2146: syntax error : missing ';' before identifier 'sndindex'	y:\develop\github\backmir\CommonModule\ObjectData.h	170	1	BackMirClient
Error	771	error C4430: missing type specifier - int assumed. Note: C++ does not support default-int	y:\develop\github\backmir\CommonModule\ObjectData.h	170	1	BackMirClient
Error	772	error C2146: syntax error : missing ';' before identifier 'bJob'	y:\develop\github\backmir\CommonModule\ObjectData.h	258	1	BackMirClient
Error	773	error C4430: missing type specifier - int assumed. Note: C++ does not support default-int	y:\develop\github\backmir\CommonModule\ObjectData.h	258	1	BackMirClient
Error	774	error C2065: 'bJob' : undeclared identifier	y:\develop\github\backmir\CommonModule\ObjectData.h	267	1	BackMirClient
Error	775	error C2146: syntax error : missing ';' before identifier 'bJob'	y:\develop\github\backmir\CommonModule\ObjectData.h	278	1	BackMirClient
Error	776	error C4430: missing type specifier - int assumed. Note: C++ does not support default-int	y:\develop\github\backmir\CommonModule\ObjectData.h	278	1	BackMirClient
Error	777	error C2146: syntax error : missing ';' before identifier 'bSex'	y:\develop\github\backmir\CommonModule\ObjectData.h	279	1	BackMirClient
Error	778	error C4430: missing type specifier - int assumed. Note: C++ does not support default-int	y:\develop\github\backmir\CommonModule\ObjectData.h	279	1	BackMirClient
Warning	779	warning C4819: The file contains a character that cannot be represented in the current code page (936). Save the file in Unicode format to prevent data loss	y:\develop\github\backmir\bmclient\Common\GlobalDefine.h	1	1	BackMirClient
Error	780	error C2447: '{' : missing function header (old-style formal list?)	y:\develop\github\backmir\bmclient\Common\GlobalDefine.h	91	1	BackMirClient
Error	781	error C2447: '{' : missing function header (old-style formal list?)	y:\develop\github\backmir\bmclient\Common\GlobalDefine.h	103	1	BackMirClient
Error	782	error C2447: '{' : missing function header (old-style formal list?)	y:\develop\github\backmir\bmclient\Common\GlobalDefine.h	128	1	BackMirClient
Error	783	error C2146: syntax error : missing ';' before identifier 'GetAngle'	y:\develop\github\backmir\bmclient\Common\GlobalFunction.h	26	1	BackMirClient
Error	784	error C4430: missing type specifier - int assumed. Note: C++ does not support default-int	y:\develop\github\backmir\bmclient\Common\GlobalFunction.h	26	1	BackMirClient
Error	785	error C2653: 'MagicSystem' : is not a class or namespace name	Y:\develop\github\backmir\BMClient\GameScene\MagicSystem.cpp	1111	1	BackMirClient
Error	786	error C2065: 'MagicObject' : undeclared identifier	Y:\develop\github\backmir\BMClient\GameScene\MagicSystem.cpp	1114	1	BackMirClient
Error	787	error C2065: 'pObj' : undeclared identifier	Y:\develop\github\backmir\BMClient\GameScene\MagicSystem.cpp	1114	1	BackMirClient
Error	788	error C2653: 'MagicObjectList' : is not a class or namespace name	Y:\develop\github\backmir\BMClient\GameScene\MagicSystem.cpp	1115	1	BackMirClient
Error	789	error C2065: 'iterator' : undeclared identifier	Y:\develop\github\backmir\BMClient\GameScene\MagicSystem.cpp	1115	1	BackMirClient
Error	790	error C2146: syntax error : missing ';' before identifier 'iter'	Y:\develop\github\backmir\BMClient\GameScene\MagicSystem.cpp	1115	1	BackMirClient
Error	791	error C2065: 'iter' : undeclared identifier	Y:\develop\github\backmir\BMClient\GameScene\MagicSystem.cpp	1115	1	BackMirClient
Error	792	error C2065: 'iter' : undeclared identifier	Y:\develop\github\backmir\BMClient\GameScene\MagicSystem.cpp	1116	1	BackMirClient
Error	793	error C2065: 'm_xObjects' : undeclared identifier	Y:\develop\github\backmir\BMClient\GameScene\MagicSystem.cpp	1116	1	BackMirClient
Error	794	error C2228: left of '.begin' must have class/struct/union	Y:\develop\github\backmir\BMClient\GameScene\MagicSystem.cpp	1116	1	BackMirClient
Error	795	error C2065: 'iter' : undeclared identifier	Y:\develop\github\backmir\BMClient\GameScene\MagicSystem.cpp	1117	1	BackMirClient
Error	796	error C2065: 'm_xObjects' : undeclared identifier	Y:\develop\github\backmir\BMClient\GameScene\MagicSystem.cpp	1117	1	BackMirClient
Error	797	error C2228: left of '.end' must have class/struct/union	Y:\develop\github\backmir\BMClient\GameScene\MagicSystem.cpp	1117	1	BackMirClient
Error	798	error C2065: 'pObj' : undeclared identifier	Y:\develop\github\backmir\BMClient\GameScene\MagicSystem.cpp	1120	1	BackMirClient
Error	799	error C2065: 'iter' : undeclared identifier	Y:\develop\github\backmir\BMClient\GameScene\MagicSystem.cpp	1120	1	BackMirClient
Error	800	error C2065: 'pObj' : undeclared identifier	Y:\develop\github\backmir\BMClient\GameScene\MagicSystem.cpp	1121	1	BackMirClient
Error	801	error C2227: left of '->m_stInfo' must point to class/struct/union/generic type	Y:\develop\github\backmir\BMClient\GameScene\MagicSystem.cpp	1121	1	BackMirClient
Error	802	error C2228: left of '.end' must have class/struct/union	Y:\develop\github\backmir\BMClient\GameScene\MagicSystem.cpp	1121	1	BackMirClient
Error	803	error C2065: 'pObj' : undeclared identifier	Y:\develop\github\backmir\BMClient\GameScene\MagicSystem.cpp	1123	1	BackMirClient
Error	804	error C2541: 'delete' : cannot delete objects that are not pointers	Y:\develop\github\backmir\BMClient\GameScene\MagicSystem.cpp	1123	1	BackMirClient
Error	805	error C2065: 'iter' : undeclared identifier	Y:\develop\github\backmir\BMClient\GameScene\MagicSystem.cpp	1124	1	BackMirClient
Error	806	error C2065: 'm_xObjects' : undeclared identifier	Y:\develop\github\backmir\BMClient\GameScene\MagicSystem.cpp	1124	1	BackMirClient
Error	807	error C2228: left of '.erase' must have class/struct/union	Y:\develop\github\backmir\BMClient\GameScene\MagicSystem.cpp	1124	1	BackMirClient
Error	808	error C2065: 'pObj' : undeclared identifier	Y:\develop\github\backmir\BMClient\GameScene\MagicSystem.cpp	1128	1	BackMirClient
Error	809	error C2227: left of '->Update' must point to class/struct/union/generic type	Y:\develop\github\backmir\BMClient\GameScene\MagicSystem.cpp	1128	1	BackMirClient
Error	810	error C2065: 'iter' : undeclared identifier	Y:\develop\github\backmir\BMClient\GameScene\MagicSystem.cpp	1129	1	BackMirClient
Error	811	error C2653: 'MagicSystem' : is not a class or namespace name	Y:\develop\github\backmir\BMClient\GameScene\MagicSystem.cpp	1137	1	BackMirClient
Error	812	error C2065: 'MagicObject' : undeclared identifier	Y:\develop\github\backmir\BMClient\GameScene\MagicSystem.cpp	1139	1	BackMirClient
Error	813	error C2065: 'pObj' : undeclared identifier	Y:\develop\github\backmir\BMClient\GameScene\MagicSystem.cpp	1139	1	BackMirClient
Error	814	error C2653: 'MagicObjectList' : is not a class or namespace name	Y:\develop\github\backmir\BMClient\GameScene\MagicSystem.cpp	1140	1	BackMirClient
Error	815	error C2065: 'const_iterator' : undeclared identifier	Y:\develop\github\backmir\BMClient\GameScene\MagicSystem.cpp	1140	1	BackMirClient
Error	816	error C2146: syntax error : missing ';' before identifier 'iter'	Y:\develop\github\backmir\BMClient\GameScene\MagicSystem.cpp	1140	1	BackMirClient
Error	817	error C2065: 'iter' : undeclared identifier	Y:\develop\github\backmir\BMClient\GameScene\MagicSystem.cpp	1140	1	BackMirClient
Error	818	error C2065: 'iter' : undeclared identifier	Y:\develop\github\backmir\BMClient\GameScene\MagicSystem.cpp	1141	1	BackMirClient
Error	819	error C2065: 'm_xObjects' : undeclared identifier	Y:\develop\github\backmir\BMClient\GameScene\MagicSystem.cpp	1141	1	BackMirClient
Error	820	error C2228: left of '.begin' must have class/struct/union	Y:\develop\github\backmir\BMClient\GameScene\MagicSystem.cpp	1141	1	BackMirClient
Error	821	error C2065: 'iter' : undeclared identifier	Y:\develop\github\backmir\BMClient\GameScene\MagicSystem.cpp	1142	1	BackMirClient
Error	822	error C2065: 'm_xObjects' : undeclared identifier	Y:\develop\github\backmir\BMClient\GameScene\MagicSystem.cpp	1142	1	BackMirClient
Error	823	error C2228: left of '.end' must have class/struct/union	Y:\develop\github\backmir\BMClient\GameScene\MagicSystem.cpp	1142	1	BackMirClient
Error	824	error C2065: 'iter' : undeclared identifier	Y:\develop\github\backmir\BMClient\GameScene\MagicSystem.cpp	1143	1	BackMirClient
Error	825	error C2065: 'pObj' : undeclared identifier	Y:\develop\github\backmir\BMClient\GameScene\MagicSystem.cpp	1145	1	BackMirClient
Error	826	error C2065: 'iter' : undeclared identifier	Y:\develop\github\backmir\BMClient\GameScene\MagicSystem.cpp	1145	1	BackMirClient
Error	827	error C2065: 'pObj' : undeclared identifier	Y:\develop\github\backmir\BMClient\GameScene\MagicSystem.cpp	1146	1	BackMirClient
Error	828	error C2227: left of '->Render' must point to class/struct/union/generic type	Y:\develop\github\backmir\BMClient\GameScene\MagicSystem.cpp	1146	1	BackMirClient
Error	829	error C2146: syntax error : missing ';' before identifier 'wil'	y:\develop\github\backmir\CommonModule\ObjectData.h	143	1	BackMirClient
Error	830	error C4430: missing type specifier - int assumed. Note: C++ does not support default-int	y:\develop\github\backmir\CommonModule\ObjectData.h	143	1	BackMirClient
Error	831	error C2146: syntax error : missing ';' before identifier 'id'	y:\develop\github\backmir\CommonModule\ObjectData.h	144	1	BackMirClient
Error	832	error C4430: missing type specifier - int assumed. Note: C++ does not support default-int	y:\develop\github\backmir\CommonModule\ObjectData.h	144	1	BackMirClient
Error	833	error C2146: syntax error : missing ';' before identifier 'drts'	y:\develop\github\backmir\CommonModule\ObjectData.h	145	1	BackMirClient
Error	834	error C4430: missing type specifier - int assumed. Note: C++ does not support default-int	y:\develop\github\backmir\CommonModule\ObjectData.h	145	1	BackMirClient
Error	835	error C2146: syntax error : missing ';' before identifier 'index'	y:\develop\github\backmir\CommonModule\ObjectData.h	146	1	BackMirClient
Error	836	error C4430: missing type specifier - int assumed. Note: C++ does not support default-int	y:\develop\github\backmir\CommonModule\ObjectData.h	146	1	BackMirClient
Error	837	error C2146: syntax error : missing ';' before identifier 'standbegin'	y:\develop\github\backmir\CommonModule\ObjectData.h	147	1	BackMirClient
Error	838	error C4430: missing type specifier - int assumed. Note: C++ does not support default-int	y:\develop\github\backmir\CommonModule\ObjectData.h	147	1	BackMirClient
Error	839	error C2146: syntax error : missing ';' before identifier 'standframe'	y:\develop\github\backmir\CommonModule\ObjectData.h	148	1	BackMirClient
Error	840	error C4430: missing type specifier - int assumed. Note: C++ does not support default-int	y:\develop\github\backmir\CommonModule\ObjectData.h	148	1	BackMirClient
Error	841	error C2146: syntax error : missing ';' before identifier 'standtotal'	y:\develop\github\backmir\CommonModule\ObjectData.h	149	1	BackMirClient
Error	842	error C4430: missing type specifier - int assumed. Note: C++ does not support default-int	y:\develop\github\backmir\CommonModule\ObjectData.h	149	1	BackMirClient
Error	843	error C2146: syntax error : missing ';' before identifier 'walkbegin'	y:\develop\github\backmir\CommonModule\ObjectData.h	150	1	BackMirClient
Error	844	error C4430: missing type specifier - int assumed. Note: C++ does not support default-int	y:\develop\github\backmir\CommonModule\ObjectData.h	150	1	BackMirClient
Error	845	error C2146: syntax error : missing ';' before identifier 'walkframe'	y:\develop\github\backmir\CommonModule\ObjectData.h	151	1	BackMirClient
Error	846	error C4430: missing type specifier - int assumed. Note: C++ does not support default-int	y:\develop\github\backmir\CommonModule\ObjectData.h	151	1	BackMirClient
Error	847	error C2146: syntax error : missing ';' before identifier 'walktotal'	y:\develop\github\backmir\CommonModule\ObjectData.h	152	1	BackMirClient
Error	848	error C4430: missing type specifier - int assumed. Note: C++ does not support default-int	y:\develop\github\backmir\CommonModule\ObjectData.h	152	1	BackMirClient
Error	849	error C2146: syntax error : missing ';' before identifier 'atkbegin'	y:\develop\github\backmir\CommonModule\ObjectData.h	153	1	BackMirClient
Error	850	error C4430: missing type specifier - int assumed. Note: C++ does not support default-int	y:\develop\github\backmir\CommonModule\ObjectData.h	153	1	BackMirClient
Error	851	error C2146: syntax error : missing ';' before identifier 'atkframe'	y:\develop\github\backmir\CommonModule\ObjectData.h	154	1	BackMirClient
Error	852	error C4430: missing type specifier - int assumed. Note: C++ does not support default-int	y:\develop\github\backmir\CommonModule\ObjectData.h	154	1	BackMirClient
Error	853	error C2146: syntax error : missing ';' before identifier 'atktotal'	y:\develop\github\backmir\CommonModule\ObjectData.h	155	1	BackMirClient
Error	854	error C4430: missing type specifier - int assumed. Note: C++ does not support default-int	y:\develop\github\backmir\CommonModule\ObjectData.h	155	1	BackMirClient
Error	855	error C2146: syntax error : missing ';' before identifier 'hurtbegin'	y:\develop\github\backmir\CommonModule\ObjectData.h	156	1	BackMirClient
Error	856	error C4430: missing type specifier - int assumed. Note: C++ does not support default-int	y:\develop\github\backmir\CommonModule\ObjectData.h	156	1	BackMirClient
Error	857	error C2146: syntax error : missing ';' before identifier 'hurtframe'	y:\develop\github\backmir\CommonModule\ObjectData.h	157	1	BackMirClient
Error	858	error C4430: missing type specifier - int assumed. Note: C++ does not support default-int	y:\develop\github\backmir\CommonModule\ObjectData.h	157	1	BackMirClient
Error	859	error C2146: syntax error : missing ';' before identifier 'hurttotal'	y:\develop\github\backmir\CommonModule\ObjectData.h	158	1	BackMirClient
Error	860	error C4430: missing type specifier - int assumed. Note: C++ does not support default-int	y:\develop\github\backmir\CommonModule\ObjectData.h	158	1	BackMirClient
Error	861	error C2146: syntax error : missing ';' before identifier 'deadbegin'	y:\develop\github\backmir\CommonModule\ObjectData.h	159	1	BackMirClient
Error	862	error C4430: missing type specifier - int assumed. Note: C++ does not support default-int	y:\develop\github\backmir\CommonModule\ObjectData.h	159	1	BackMirClient
Error	863	error C2146: syntax error : missing ';' before identifier 'deadframe'	y:\develop\github\backmir\CommonModule\ObjectData.h	160	1	BackMirClient
Error	864	error C4430: missing type specifier - int assumed. Note: C++ does not support default-int	y:\develop\github\backmir\CommonModule\ObjectData.h	160	1	BackMirClient
Error	865	error C2146: syntax error : missing ';' before identifier 'deadtotal'	y:\develop\github\backmir\CommonModule\ObjectData.h	161	1	BackMirClient
Error	866	error C4430: missing type specifier - int assumed. Note: C++ does not support default-int	y:\develop\github\backmir\CommonModule\ObjectData.h	161	1	BackMirClient
Error	867	error C2146: syntax error : missing ';' before identifier 'magicbegin'	y:\develop\github\backmir\CommonModule\ObjectData.h	162	1	BackMirClient
Error	868	error C4430: missing type specifier - int assumed. Note: C++ does not support default-int	y:\develop\github\backmir\CommonModule\ObjectData.h	162	1	BackMirClient
Error	869	error C2146: syntax error : missing ';' before identifier 'magicframe'	y:\develop\github\backmir\CommonModule\ObjectData.h	163	1	BackMirClient
Error	870	error C4430: missing type specifier - int assumed. Note: C++ does not support default-int	y:\develop\github\backmir\CommonModule\ObjectData.h	163	1	BackMirClient
Error	871	error C2146: syntax error : missing ';' before identifier 'magictotal'	y:\develop\github\backmir\CommonModule\ObjectData.h	164	1	BackMirClient
Error	872	error C4430: missing type specifier - int assumed. Note: C++ does not support default-int	y:\develop\github\backmir\CommonModule\ObjectData.h	164	1	BackMirClient
Error	873	error C2146: syntax error : missing ';' before identifier 'atkeftbegin'	y:\develop\github\backmir\CommonModule\ObjectData.h	165	1	BackMirClient
Error	874	error C4430: missing type specifier - int assumed. Note: C++ does not support default-int	y:\develop\github\backmir\CommonModule\ObjectData.h	165	1	BackMirClient
Error	875	error C2146: syntax error : missing ';' before identifier 'atkeftframe'	y:\develop\github\backmir\CommonModule\ObjectData.h	166	1	BackMirClient
Error	876	error C4430: missing type specifier - int assumed. Note: C++ does not support default-int	y:\develop\github\backmir\CommonModule\ObjectData.h	166	1	BackMirClient
Error	877	error C2146: syntax error : missing ';' before identifier 'atkefttotal'	y:\develop\github\backmir\CommonModule\ObjectData.h	167	1	BackMirClient
Error	878	error C4430: missing type specifier - int assumed. Note: C++ does not support default-int	y:\develop\github\backmir\CommonModule\ObjectData.h	167	1	BackMirClient
Error	879	error C2146: syntax error : missing ';' before identifier 'showbegin'	y:\develop\github\backmir\CommonModule\ObjectData.h	168	1	BackMirClient
Error	880	error C4430: missing type specifier - int assumed. Note: C++ does not support default-int	y:\develop\github\backmir\CommonModule\ObjectData.h	168	1	BackMirClient
Error	881	error C2146: syntax error : missing ';' before identifier 'showframe'	y:\develop\github\backmir\CommonModule\ObjectData.h	169	1	BackMirClient
Error	882	error C4430: missing type specifier - int assumed. Note: C++ does not support default-int	y:\develop\github\backmir\CommonModule\ObjectData.h	169	1	BackMirClient
Error	883	error C2146: syntax error : missing ';' before identifier 'sndindex'	y:\develop\github\backmir\CommonModule\ObjectData.h	170	1	BackMirClient
Error	884	error C4430: missing type specifier - int assumed. Note: C++ does not support default-int	y:\develop\github\backmir\CommonModule\ObjectData.h	170	1	BackMirClient
Error	885	error C2146: syntax error : missing ';' before identifier 'bJob'	y:\develop\github\backmir\CommonModule\ObjectData.h	258	1	BackMirClient
Error	886	error C4430: missing type specifier - int assumed. Note: C++ does not support default-int	y:\develop\github\backmir\CommonModule\ObjectData.h	258	1	BackMirClient
Error	887	error C2065: 'bJob' : undeclared identifier	y:\develop\github\backmir\CommonModule\ObjectData.h	267	1	BackMirClient
Error	888	error C2146: syntax error : missing ';' before identifier 'bJob'	y:\develop\github\backmir\CommonModule\ObjectData.h	278	1	BackMirClient
Error	889	error C4430: missing type specifier - int assumed. Note: C++ does not support default-int	y:\develop\github\backmir\CommonModule\ObjectData.h	278	1	BackMirClient
Error	890	error C2146: syntax error : missing ';' before identifier 'bSex'	y:\develop\github\backmir\CommonModule\ObjectData.h	279	1	BackMirClient
Error	891	error C4430: missing type specifier - int assumed. Note: C++ does not support default-int	y:\develop\github\backmir\CommonModule\ObjectData.h	279	1	BackMirClient
Warning	892	warning C4819: The file contains a character that cannot be represented in the current code page (936). Save the file in Unicode format to prevent data loss	y:\develop\github\backmir\CommonModule\MagicEffectID.h	1	1	BackMirClient
Error	893	error C2065: 'MEFF_USERTOTAL' : undeclared identifier	y:\develop\github\backmir\bmclient\gamescene\MagicEffect.h	8	1	BackMirClient
Error	894	error C2061: syntax error : identifier 'GameObject'	y:\develop\github\backmir\bmclient\gamescene\MagicEffect.h	75	1	BackMirClient
Error	895	error C2143: syntax error : missing ';' before '*'	y:\develop\github\backmir\bmclient\gamescene\MagicEffect.h	102	1	BackMirClient
Error	896	error C2433: 'MagicElement::GameObject' : 'inline' not permitted on data declarations	y:\develop\github\backmir\bmclient\gamescene\MagicEffect.h	102	1	BackMirClient
Error	897	error C4430: missing type specifier - int assumed. Note: C++ does not support default-int	y:\develop\github\backmir\bmclient\gamescene\MagicEffect.h	102	1	BackMirClient
Warning	898	warning C4183: 'GetFire': missing return type; assumed to be a member function returning 'int'	y:\develop\github\backmir\bmclient\gamescene\MagicEffect.h	102	1	BackMirClient
Error	899	error C2143: syntax error : missing ';' before '*'	y:\develop\github\backmir\bmclient\gamescene\MagicEffect.h	103	1	BackMirClient
Error	900	error C2433: 'MagicElement::GameObject' : 'inline' not permitted on data declarations	y:\develop\github\backmir\bmclient\gamescene\MagicEffect.h	103	1	BackMirClient
Error	901	error C4430: missing type specifier - int assumed. Note: C++ does not support default-int	y:\develop\github\backmir\bmclient\gamescene\MagicEffect.h	103	1	BackMirClient
Warning	902	warning C4183: 'GetTarget': missing return type; assumed to be a member function returning 'int'	y:\develop\github\backmir\bmclient\gamescene\MagicEffect.h	103	1	BackMirClient
Error	903	error C2143: syntax error : missing ';' before '*'	y:\develop\github\backmir\bmclient\gamescene\MagicEffect.h	128	1	BackMirClient
Error	904	error C4430: missing type specifier - int assumed. Note: C++ does not support default-int	y:\develop\github\backmir\bmclient\gamescene\MagicEffect.h	128	1	BackMirClient
Error	905	error C2143: syntax error : missing ';' before '*'	y:\develop\github\backmir\bmclient\gamescene\MagicEffect.h	129	1	BackMirClient
Error	906	error C4430: missing type specifier - int assumed. Note: C++ does not support default-int	y:\develop\github\backmir\bmclient\gamescene\MagicEffect.h	129	1	BackMirClient
Error	907	error C2065: 'm_pFire' : undeclared identifier	y:\develop\github\backmir\bmclient\gamescene\MagicEffect.h	102	1	BackMirClient
Error	908	error C2065: 'm_pTarget' : undeclared identifier	y:\develop\github\backmir\bmclient\gamescene\MagicEffect.h	103	1	BackMirClient
Error	909	error C2039: 'list' : is not a member of 'std'	y:\develop\github\backmir\bmclient\gamescene\MagicEffect.h	171	1	BackMirClient
Error	910	error C2143: syntax error : missing ';' before '<'	y:\develop\github\backmir\bmclient\gamescene\MagicEffect.h	171	1	BackMirClient
Error	911	error C4430: missing type specifier - int assumed. Note: C++ does not support default-int	y:\develop\github\backmir\bmclient\gamescene\MagicEffect.h	171	1	BackMirClient
Error	912	error C2061: syntax error : identifier 'GameObject'	y:\develop\github\backmir\bmclient\gamescene\MagicEffect.h	180	1	BackMirClient
Error	913	error C2061: syntax error : identifier 'GameObject'	y:\develop\github\backmir\bmclient\gamescene\MagicEffect.h	193	1	BackMirClient
Error	914	error C2061: syntax error : identifier 'GameObject'	y:\develop\github\backmir\bmclient\gamescene\MagicEffect.h	205	1	BackMirClient
Error	915	error C2061: syntax error : identifier 'GameObject'	y:\develop\github\backmir\bmclient\gamescene\MagicEffect.h	223	1	BackMirClient
Error	916	error C2061: syntax error : identifier 'GameObject'	y:\develop\github\backmir\bmclient\gamescene\MagicEffect.h	235	1	BackMirClient
Error	917	error C2061: syntax error : identifier 'GameObject'	y:\develop\github\backmir\bmclient\gamescene\MagicEffect.h	247	1	BackMirClient
Error	918	error C2061: syntax error : identifier 'GameObject'	y:\develop\github\backmir\bmclient\gamescene\MagicEffect.h	259	1	BackMirClient
Error	919	error C2061: syntax error : identifier 'GameObject'	y:\develop\github\backmir\bmclient\gamescene\MagicEffect.h	270	1	BackMirClient
Error	920	error C2061: syntax error : identifier 'GameObject'	y:\develop\github\backmir\bmclient\gamescene\MagicEffect.h	285	1	BackMirClient
Error	921	error C2061: syntax error : identifier 'GameObject'	y:\develop\github\backmir\bmclient\gamescene\MagicEffect.h	302	1	BackMirClient
Error	922	error C2061: syntax error : identifier 'GameObject'	y:\develop\github\backmir\bmclient\gamescene\MagicEffect.h	318	1	BackMirClient
Error	923	error C2061: syntax error : identifier 'GameObject'	y:\develop\github\backmir\bmclient\gamescene\MagicEffect.h	333	1	BackMirClient
Error	924	error C2061: syntax error : identifier 'GameObject'	y:\develop\github\backmir\bmclient\gamescene\MagicEffect.h	354	1	BackMirClient
Error	925	error C2061: syntax error : identifier 'GameObject'	y:\develop\github\backmir\bmclient\gamescene\MagicEffect.h	370	1	BackMirClient
Error	926	error C2061: syntax error : identifier 'GameObject'	y:\develop\github\backmir\bmclient\gamescene\MagicEffect.h	387	1	BackMirClient
Error	927	error C2061: syntax error : identifier 'GameObject'	y:\develop\github\backmir\bmclient\gamescene\MagicEffect.h	397	1	BackMirClient
Error	928	error C2061: syntax error : identifier 'GameObject'	y:\develop\github\backmir\bmclient\gamescene\MagicEffect.h	415	1	BackMirClient
Error	929	error C2061: syntax error : identifier 'GameObject'	y:\develop\github\backmir\bmclient\gamescene\MagicEffect.h	431	1	BackMirClient
Error	930	error C2061: syntax error : identifier 'GameObject'	y:\develop\github\backmir\bmclient\gamescene\MagicEffect.h	448	1	BackMirClient
Error	931	error C2061: syntax error : identifier 'GameObject'	y:\develop\github\backmir\bmclient\gamescene\MagicEffect.h	463	1	BackMirClient
Error	932	error C2061: syntax error : identifier 'GameObject'	y:\develop\github\backmir\bmclient\gamescene\MagicEffect.h	478	1	BackMirClient
Error	933	error C2039: 'list' : is not a member of 'std'	y:\develop\github\backmir\bmclient\gamescene\MagicEffect.h	522	1	BackMirClient
Error	934	error C2059: syntax error : '<'	y:\develop\github\backmir\bmclient\gamescene\MagicEffect.h	522	1	BackMirClient
Error	935	error C2238: unexpected token(s) preceding ';'	y:\develop\github\backmir\bmclient\gamescene\MagicEffect.h	522	1	BackMirClient
Error	936	error C2061: syntax error : identifier 'GameObject'	y:\develop\github\backmir\bmclient\gamescene\MagicEffect.h	547	1	BackMirClient
Warning	937	warning C4819: The file contains a character that cannot be represented in the current code page (936). Save the file in Unicode format to prevent data loss	y:\develop\github\backmir\bmclient\Common\GlobalDefine.h	1	1	BackMirClient
Error	938	error C2447: '{' : missing function header (old-style formal list?)	y:\develop\github\backmir\bmclient\Common\GlobalDefine.h	91	1	BackMirClient
Error	939	error C2447: '{' : missing function header (old-style formal list?)	y:\develop\github\backmir\bmclient\Common\GlobalDefine.h	103	1	BackMirClient
Error	940	error C2447: '{' : missing function header (old-style formal list?)	y:\develop\github\backmir\bmclient\Common\GlobalDefine.h	128	1	BackMirClient
Error	941	error C2146: syntax error : missing ';' before identifier 'GetAngle'	y:\develop\github\backmir\bmclient\Common\GlobalFunction.h	26	1	BackMirClient
Error	942	error C4430: missing type specifier - int assumed. Note: C++ does not support default-int	y:\develop\github\backmir\bmclient\Common\GlobalFunction.h	26	1	BackMirClient
Error	943	error C4430: missing type specifier - int assumed. Note: C++ does not support default-int	y:\develop\github\backmir\bmclient\net\PacketHandler.h	71	1	BackMirClient
Error	944	error C2143: syntax error : missing ',' before '&'	y:\develop\github\backmir\bmclient\net\PacketHandler.h	71	1	BackMirClient
Error	945	error C2061: syntax error : identifier 'PLAYER_DIRECTION'	y:\develop\github\backmir\bmclient\Common\GameRenderObject.h	308	1	BackMirClient
Error	946	error C2146: syntax error : missing ';' before identifier 'GetDirection'	y:\develop\github\backmir\bmclient\Common\GameRenderObject.h	312	1	BackMirClient
Error	947	error C2433: 'GameObject::PLAYER_DIRECTION' : 'inline' not permitted on data declarations	y:\develop\github\backmir\bmclient\Common\GameRenderObject.h	312	1	BackMirClient
Error	948	error C4430: missing type specifier - int assumed. Note: C++ does not support default-int	y:\develop\github\backmir\bmclient\Common\GameRenderObject.h	312	1	BackMirClient
Error	949	error C4430: missing type specifier - int assumed. Note: C++ does not support default-int	y:\develop\github\backmir\bmclient\Common\GameRenderObject.h	313	1	BackMirClient
Warning	950	warning C4183: 'GetDirection': missing return type; assumed to be a member function returning 'int'	y:\develop\github\backmir\bmclient\Common\GameRenderObject.h	315	1	BackMirClient
Error	951	error C2061: syntax error : identifier 'PLAYER_STATUS'	y:\develop\github\backmir\bmclient\Common\GameRenderObject.h	316	1	BackMirClient
Error	952	error C2146: syntax error : missing ';' before identifier 'GetStatus'	y:\develop\github\backmir\bmclient\Common\GameRenderObject.h	326	1	BackMirClient
Error	953	error C2433: 'GameObject::PLAYER_STATUS' : 'inline' not permitted on data declarations	y:\develop\github\backmir\bmclient\Common\GameRenderObject.h	326	1	BackMirClient
Error	954	error C4430: missing type specifier - int assumed. Note: C++ does not support default-int	y:\develop\github\backmir\bmclient\Common\GameRenderObject.h	326	1	BackMirClient
Error	955	error C4430: missing type specifier - int assumed. Note: C++ does not support default-int	y:\develop\github\backmir\bmclient\Common\GameRenderObject.h	327	1	BackMirClient
Warning	956	warning C4183: 'GetStatus': missing return type; assumed to be a member function returning 'int'	y:\develop\github\backmir\bmclient\Common\GameRenderObject.h	329	1	BackMirClient
Error	957	error C2146: syntax error : missing ';' before identifier 'GetPreStatus'	y:\develop\github\backmir\bmclient\Common\GameRenderObject.h	330	1	BackMirClient
Error	958	error C2433: 'GameObject::PLAYER_STATUS' : 'inline' not permitted on data declarations	y:\develop\github\backmir\bmclient\Common\GameRenderObject.h	330	1	BackMirClient
Error	959	error C4430: missing type specifier - int assumed. Note: C++ does not support default-int	y:\develop\github\backmir\bmclient\Common\GameRenderObject.h	330	1	BackMirClient
Error	960	error C4430: missing type specifier - int assumed. Note: C++ does not support default-int	y:\develop\github\backmir\bmclient\Common\GameRenderObject.h	331	1	BackMirClient
Warning	961	warning C4183: 'GetPreStatus': missing return type; assumed to be a member function returning 'int'	y:\develop\github\backmir\bmclient\Common\GameRenderObject.h	333	1	BackMirClient
Error	962	error C2061: syntax error : identifier 'PLAYER_SEX'	y:\develop\github\backmir\bmclient\Common\GameRenderObject.h	354	1	BackMirClient
Error	963	error C2146: syntax error : missing ';' before identifier 'GetPlayerSex'	y:\develop\github\backmir\bmclient\Common\GameRenderObject.h	358	1	BackMirClient
Error	964	error C2433: 'GameObject::PLAYER_SEX' : 'inline' not permitted on data declarations	y:\develop\github\backmir\bmclient\Common\GameRenderObject.h	358	1	BackMirClient
Error	965	error C4430: missing type specifier - int assumed. Note: C++ does not support default-int	y:\develop\github\backmir\bmclient\Common\GameRenderObject.h	358	1	BackMirClient
Error	966	error C4430: missing type specifier - int assumed. Note: C++ does not support default-int	y:\develop\github\backmir\bmclient\Common\GameRenderObject.h	359	1	BackMirClient
Warning	967	warning C4183: 'GetPlayerSex': missing return type; assumed to be a member function returning 'int'	y:\develop\github\backmir\bmclient\Common\GameRenderObject.h	361	1	BackMirClient
Error	968	error C4430: missing type specifier - int assumed. Note: C++ does not support default-int	y:\develop\github\backmir\bmclient\Common\GameRenderObject.h	503	1	BackMirClient
Error	969	error C2143: syntax error : missing ',' before '&'	y:\develop\github\backmir\bmclient\Common\GameRenderObject.h	503	1	BackMirClient
Error	970	error C4430: missing type specifier - int assumed. Note: C++ does not support default-int	y:\develop\github\backmir\bmclient\Common\GameRenderObject.h	504	1	BackMirClient
Error	971	error C2143: syntax error : missing ',' before '&'	y:\develop\github\backmir\bmclient\Common\GameRenderObject.h	504	1	BackMirClient
Error	972	error C2535: 'void GameObject::DoPacket(const int)' : member function already defined or declared	y:\develop\github\backmir\bmclient\Common\GameRenderObject.h	504	1	BackMirClient
Error	973	error C4430: missing type specifier - int assumed. Note: C++ does not support default-int	y:\develop\github\backmir\bmclient\Common\GameRenderObject.h	505	1	BackMirClient
Error	974	error C2143: syntax error : missing ',' before '&'	y:\develop\github\backmir\bmclient\Common\GameRenderObject.h	505	1	BackMirClient
Error	975	error C2535: 'void GameObject::DoPacket(const int)' : member function already defined or declared	y:\develop\github\backmir\bmclient\Common\GameRenderObject.h	505	1	BackMirClient
Error	976	error C2061: syntax error : identifier 'PLAYER_STATUS'	y:\develop\github\backmir\bmclient\Common\GameRenderObject.h	513	1	BackMirClient
Error	977	error C2146: syntax error : missing ';' before identifier 'm_drt'	y:\develop\github\backmir\bmclient\Common\GameRenderObject.h	554	1	BackMirClient
Error	978	error C4430: missing type specifier - int assumed. Note: C++ does not support default-int	y:\develop\github\backmir\bmclient\Common\GameRenderObject.h	554	1	BackMirClient
Error	979	error C2146: syntax error : missing ';' before identifier 'm_sex'	y:\develop\github\backmir\bmclient\Common\GameRenderObject.h	555	1	BackMirClient
Error	980	error C4430: missing type specifier - int assumed. Note: C++ does not support default-int	y:\develop\github\backmir\bmclient\Common\GameRenderObject.h	555	1	BackMirClient
Error	981	error C2146: syntax error : missing ';' before identifier 'm_stat'	y:\develop\github\backmir\bmclient\Common\GameRenderObject.h	556	1	BackMirClient
Error	982	error C4430: missing type specifier - int assumed. Note: C++ does not support default-int	y:\develop\github\backmir\bmclient\Common\GameRenderObject.h	556	1	BackMirClient
Error	983	error C2146: syntax error : missing ';' before identifier 'm_preStat'	y:\develop\github\backmir\bmclient\Common\GameRenderObject.h	557	1	BackMirClient
Error	984	error C4430: missing type specifier - int assumed. Note: C++ does not support default-int	y:\develop\github\backmir\bmclient\Common\GameRenderObject.h	557	1	BackMirClient
Error	985	error C2065: 'm_drt' : undeclared identifier	y:\develop\github\backmir\bmclient\Common\GameRenderObject.h	253	1	BackMirClient
Error	986	error C2065: 'PDT_DOWN' : undeclared identifier	y:\develop\github\backmir\bmclient\Common\GameRenderObject.h	253	1	BackMirClient
Error	987	error C2065: 'm_sex' : undeclared identifier	y:\develop\github\backmir\bmclient\Common\GameRenderObject.h	254	1	BackMirClient
Error	988	error C2065: 'PSX_MAN' : undeclared identifier	y:\develop\github\backmir\bmclient\Common\GameRenderObject.h	254	1	BackMirClient
Error	989	error C2065: 'm_preStat' : undeclared identifier	y:\develop\github\backmir\bmclient\Common\GameRenderObject.h	255	1	BackMirClient
Error	990	error C2065: 'm_stat' : undeclared identifier	y:\develop\github\backmir\bmclient\Common\GameRenderObject.h	255	1	BackMirClient
Error	991	error C1003: error count exceeds 100; stopping compilation	y:\develop\github\backmir\bmclient\Common\GameRenderObject.h	255	1	BackMirClient
Warning	992	warning C4819: The file contains a character that cannot be represented in the current code page (936). Save the file in Unicode format to prevent data loss	y:\develop\github\backmir\bmclient\common\GlobalDefine.h	1	1	BackMirClient
Error	993	error C2447: '{' : missing function header (old-style formal list?)	y:\develop\github\backmir\bmclient\common\GlobalDefine.h	91	1	BackMirClient
Error	994	error C2447: '{' : missing function header (old-style formal list?)	y:\develop\github\backmir\bmclient\common\GlobalDefine.h	103	1	BackMirClient
Error	995	error C2447: '{' : missing function header (old-style formal list?)	y:\develop\github\backmir\bmclient\common\GlobalDefine.h	128	1	BackMirClient
Error	996	error C2146: syntax error : missing ';' before identifier 'GetAngle'	y:\develop\github\backmir\bmclient\Common\GlobalFunction.h	26	1	BackMirClient
Error	997	error C4430: missing type specifier - int assumed. Note: C++ does not support default-int	y:\develop\github\backmir\bmclient\Common\GlobalFunction.h	26	1	BackMirClient
Warning	998	warning C4715: 'sgui::LineEdit::OnChar' : not all control paths return a value	y:\develop\github\backmir\bmclient\widget\widget.cpp	1246	1	BackMirClient
Warning	999	warning C4819: The file contains a character that cannot be represented in the current code page (936). Save the file in Unicode format to prevent data loss	y:\develop\github\backmir\bmclient\common\GlobalDefine.h	1	1	BackMirClient
Error	1000	error C2447: '{' : missing function header (old-style formal list?)	y:\develop\github\backmir\bmclient\common\GlobalDefine.h	91	1	BackMirClient
Error	1001	error C2447: '{' : missing function header (old-style formal list?)	y:\develop\github\backmir\bmclient\common\GlobalDefine.h	103	1	BackMirClient
Error	1002	error C2447: '{' : missing function header (old-style formal list?)	y:\develop\github\backmir\bmclient\common\GlobalDefine.h	128	1	BackMirClient
Error	1003	error C2146: syntax error : missing ';' before identifier 'GetAngle'	y:\develop\github\backmir\bmclient\Common\GlobalFunction.h	26	1	BackMirClient
Error	1004	error C4430: missing type specifier - int assumed. Note: C++ does not support default-int	y:\develop\github\backmir\bmclient\Common\GlobalFunction.h	26	1	BackMirClient
Warning	1005	warning C4819: The file contains a character that cannot be represented in the current code page (936). Save the file in Unicode format to prevent data loss	y:\develop\github\backmir\bmclient\common\GlobalDefine.h	1	1	BackMirClient
Error	1006	error C2447: '{' : missing function header (old-style formal list?)	y:\develop\github\backmir\bmclient\common\GlobalDefine.h	91	1	BackMirClient
Error	1007	error C2447: '{' : missing function header (old-style formal list?)	y:\develop\github\backmir\bmclient\common\GlobalDefine.h	103	1	BackMirClient
Error	1008	error C2447: '{' : missing function header (old-style formal list?)	y:\develop\github\backmir\bmclient\common\GlobalDefine.h	128	1	BackMirClient
Error	1009	error C2146: syntax error : missing ';' before identifier 'GetAngle'	y:\develop\github\backmir\bmclient\Common\GlobalFunction.h	26	1	BackMirClient
Error	1010	error C4430: missing type specifier - int assumed. Note: C++ does not support default-int	y:\develop\github\backmir\bmclient\Common\GlobalFunction.h	26	1	BackMirClient
Warning	1011	warning C4819: The file contains a character that cannot be represented in the current code page (936). Save the file in Unicode format to prevent data loss	y:\develop\github\backmir\bmclient\common\GlobalDefine.h	1	1	BackMirClient
Error	1012	error C2447: '{' : missing function header (old-style formal list?)	y:\develop\github\backmir\bmclient\common\GlobalDefine.h	91	1	BackMirClient
Error	1013	error C2447: '{' : missing function header (old-style formal list?)	y:\develop\github\backmir\bmclient\common\GlobalDefine.h	103	1	BackMirClient
Error	1014	error C2447: '{' : missing function header (old-style formal list?)	y:\develop\github\backmir\bmclient\common\GlobalDefine.h	128	1	BackMirClient
Error	1015	error C2146: syntax error : missing ';' before identifier 'GetAngle'	y:\develop\github\backmir\bmclient\Common\GlobalFunction.h	26	1	BackMirClient
Error	1016	error C4430: missing type specifier - int assumed. Note: C++ does not support default-int	y:\develop\github\backmir\bmclient\Common\GlobalFunction.h	26	1	BackMirClient
Warning	1017	warning C4819: The file contains a character that cannot be represented in the current code page (936). Save the file in Unicode format to prevent data loss	y:\develop\github\backmir\bmclient\common\GlobalDefine.h	1	1	BackMirClient
Error	1018	error C2447: '{' : missing function header (old-style formal list?)	y:\develop\github\backmir\bmclient\common\GlobalDefine.h	91	1	BackMirClient
Error	1019	error C2447: '{' : missing function header (old-style formal list?)	y:\develop\github\backmir\bmclient\common\GlobalDefine.h	103	1	BackMirClient
Error	1020	error C2447: '{' : missing function header (old-style formal list?)	y:\develop\github\backmir\bmclient\common\GlobalDefine.h	128	1	BackMirClient
Error	1021	error C2146: syntax error : missing ';' before identifier 'GetAngle'	y:\develop\github\backmir\bmclient\Common\GlobalFunction.h	26	1	BackMirClient
Error	1022	error C4430: missing type specifier - int assumed. Note: C++ does not support default-int	y:\develop\github\backmir\bmclient\Common\GlobalFunction.h	26	1	BackMirClient
Error	1023	error C4430: missing type specifier - int assumed. Note: C++ does not support default-int	y:\develop\github\backmir\bmclient\net\PacketHandler.h	71	1	BackMirClient
Error	1024	error C2143: syntax error : missing ',' before '&'	y:\develop\github\backmir\bmclient\net\PacketHandler.h	71	1	BackMirClient
Warning	1025	warning C4819: The file contains a character that cannot be represented in the current code page (936). Save the file in Unicode format to prevent data loss	y:\develop\github\backmir\CommonModule\MagicEffectID.h	1	1	BackMirClient
Error	1026	error C2061: syntax error : identifier 'PLAYER_DIRECTION'	y:\develop\github\backmir\bmclient\Common\GameRenderObject.h	308	1	BackMirClient
Error	1027	error C2146: syntax error : missing ';' before identifier 'GetDirection'	y:\develop\github\backmir\bmclient\Common\GameRenderObject.h	312	1	BackMirClient
Error	1028	error C2433: 'GameObject::PLAYER_DIRECTION' : 'inline' not permitted on data declarations	y:\develop\github\backmir\bmclient\Common\GameRenderObject.h	312	1	BackMirClient
Error	1029	error C4430: missing type specifier - int assumed. Note: C++ does not support default-int	y:\develop\github\backmir\bmclient\Common\GameRenderObject.h	312	1	BackMirClient
Error	1030	error C4430: missing type specifier - int assumed. Note: C++ does not support default-int	y:\develop\github\backmir\bmclient\Common\GameRenderObject.h	313	1	BackMirClient
Warning	1031	warning C4183: 'GetDirection': missing return type; assumed to be a member function returning 'int'	y:\develop\github\backmir\bmclient\Common\GameRenderObject.h	315	1	BackMirClient
Error	1032	error C2061: syntax error : identifier 'PLAYER_STATUS'	y:\develop\github\backmir\bmclient\Common\GameRenderObject.h	316	1	BackMirClient
Error	1033	error C2146: syntax error : missing ';' before identifier 'GetStatus'	y:\develop\github\backmir\bmclient\Common\GameRenderObject.h	326	1	BackMirClient
Error	1034	error C2433: 'GameObject::PLAYER_STATUS' : 'inline' not permitted on data declarations	y:\develop\github\backmir\bmclient\Common\GameRenderObject.h	326	1	BackMirClient
Error	1035	error C4430: missing type specifier - int assumed. Note: C++ does not support default-int	y:\develop\github\backmir\bmclient\Common\GameRenderObject.h	326	1	BackMirClient
Error	1036	error C4430: missing type specifier - int assumed. Note: C++ does not support default-int	y:\develop\github\backmir\bmclient\Common\GameRenderObject.h	327	1	BackMirClient
Warning	1037	warning C4183: 'GetStatus': missing return type; assumed to be a member function returning 'int'	y:\develop\github\backmir\bmclient\Common\GameRenderObject.h	329	1	BackMirClient
Error	1038	error C2146: syntax error : missing ';' before identifier 'GetPreStatus'	y:\develop\github\backmir\bmclient\Common\GameRenderObject.h	330	1	BackMirClient
Error	1039	error C2433: 'GameObject::PLAYER_STATUS' : 'inline' not permitted on data declarations	y:\develop\github\backmir\bmclient\Common\GameRenderObject.h	330	1	BackMirClient
Error	1040	error C4430: missing type specifier - int assumed. Note: C++ does not support default-int	y:\develop\github\backmir\bmclient\Common\GameRenderObject.h	330	1	BackMirClient
Error	1041	error C4430: missing type specifier - int assumed. Note: C++ does not support default-int	y:\develop\github\backmir\bmclient\Common\GameRenderObject.h	331	1	BackMirClient
Warning	1042	warning C4183: 'GetPreStatus': missing return type; assumed to be a member function returning 'int'	y:\develop\github\backmir\bmclient\Common\GameRenderObject.h	333	1	BackMirClient
Error	1043	error C2061: syntax error : identifier 'PLAYER_SEX'	y:\develop\github\backmir\bmclient\Common\GameRenderObject.h	354	1	BackMirClient
Error	1044	error C2146: syntax error : missing ';' before identifier 'GetPlayerSex'	y:\develop\github\backmir\bmclient\Common\GameRenderObject.h	358	1	BackMirClient
Error	1045	error C2433: 'GameObject::PLAYER_SEX' : 'inline' not permitted on data declarations	y:\develop\github\backmir\bmclient\Common\GameRenderObject.h	358	1	BackMirClient
Error	1046	error C4430: missing type specifier - int assumed. Note: C++ does not support default-int	y:\develop\github\backmir\bmclient\Common\GameRenderObject.h	358	1	BackMirClient
Error	1047	error C4430: missing type specifier - int assumed. Note: C++ does not support default-int	y:\develop\github\backmir\bmclient\Common\GameRenderObject.h	359	1	BackMirClient
Warning	1048	warning C4183: 'GetPlayerSex': missing return type; assumed to be a member function returning 'int'	y:\develop\github\backmir\bmclient\Common\GameRenderObject.h	361	1	BackMirClient
Error	1049	error C4430: missing type specifier - int assumed. Note: C++ does not support default-int	y:\develop\github\backmir\bmclient\Common\GameRenderObject.h	503	1	BackMirClient
Error	1050	error C2143: syntax error : missing ',' before '&'	y:\develop\github\backmir\bmclient\Common\GameRenderObject.h	503	1	BackMirClient
Error	1051	error C4430: missing type specifier - int assumed. Note: C++ does not support default-int	y:\develop\github\backmir\bmclient\Common\GameRenderObject.h	504	1	BackMirClient
Error	1052	error C2143: syntax error : missing ',' before '&'	y:\develop\github\backmir\bmclient\Common\GameRenderObject.h	504	1	BackMirClient
Error	1053	error C2535: 'void GameObject::DoPacket(const int)' : member function already defined or declared	y:\develop\github\backmir\bmclient\Common\GameRenderObject.h	504	1	BackMirClient
Error	1054	error C4430: missing type specifier - int assumed. Note: C++ does not support default-int	y:\develop\github\backmir\bmclient\Common\GameRenderObject.h	505	1	BackMirClient
Error	1055	error C2143: syntax error : missing ',' before '&'	y:\develop\github\backmir\bmclient\Common\GameRenderObject.h	505	1	BackMirClient
Error	1056	error C2535: 'void GameObject::DoPacket(const int)' : member function already defined or declared	y:\develop\github\backmir\bmclient\Common\GameRenderObject.h	505	1	BackMirClient
Error	1057	error C2061: syntax error : identifier 'PLAYER_STATUS'	y:\develop\github\backmir\bmclient\Common\GameRenderObject.h	513	1	BackMirClient
Error	1058	error C2146: syntax error : missing ';' before identifier 'm_drt'	y:\develop\github\backmir\bmclient\Common\GameRenderObject.h	554	1	BackMirClient
Error	1059	error C4430: missing type specifier - int assumed. Note: C++ does not support default-int	y:\develop\github\backmir\bmclient\Common\GameRenderObject.h	554	1	BackMirClient
Error	1060	error C2146: syntax error : missing ';' before identifier 'm_sex'	y:\develop\github\backmir\bmclient\Common\GameRenderObject.h	555	1	BackMirClient
Error	1061	error C4430: missing type specifier - int assumed. Note: C++ does not support default-int	y:\develop\github\backmir\bmclient\Common\GameRenderObject.h	555	1	BackMirClient
Error	1062	error C2146: syntax error : missing ';' before identifier 'm_stat'	y:\develop\github\backmir\bmclient\Common\GameRenderObject.h	556	1	BackMirClient
Error	1063	error C4430: missing type specifier - int assumed. Note: C++ does not support default-int	y:\develop\github\backmir\bmclient\Common\GameRenderObject.h	556	1	BackMirClient
Error	1064	error C2146: syntax error : missing ';' before identifier 'm_preStat'	y:\develop\github\backmir\bmclient\Common\GameRenderObject.h	557	1	BackMirClient
Error	1065	error C4430: missing type specifier - int assumed. Note: C++ does not support default-int	y:\develop\github\backmir\bmclient\Common\GameRenderObject.h	557	1	BackMirClient
Error	1066	error C2065: 'm_drt' : undeclared identifier	y:\develop\github\backmir\bmclient\Common\GameRenderObject.h	253	1	BackMirClient
Error	1067	error C2065: 'PDT_DOWN' : undeclared identifier	y:\develop\github\backmir\bmclient\Common\GameRenderObject.h	253	1	BackMirClient
Error	1068	error C2065: 'm_sex' : undeclared identifier	y:\develop\github\backmir\bmclient\Common\GameRenderObject.h	254	1	BackMirClient
Error	1069	error C2065: 'PSX_MAN' : undeclared identifier	y:\develop\github\backmir\bmclient\Common\GameRenderObject.h	254	1	BackMirClient
Error	1070	error C2065: 'm_preStat' : undeclared identifier	y:\develop\github\backmir\bmclient\Common\GameRenderObject.h	255	1	BackMirClient
Error	1071	error C2065: 'm_stat' : undeclared identifier	y:\develop\github\backmir\bmclient\Common\GameRenderObject.h	255	1	BackMirClient
Error	1072	error C2065: 'PST_STAND' : undeclared identifier	y:\develop\github\backmir\bmclient\Common\GameRenderObject.h	255	1	BackMirClient
Error	1073	error C2065: 'm_drt' : undeclared identifier	y:\develop\github\backmir\bmclient\Common\GameRenderObject.h	310	1	BackMirClient
Error	1074	error C2065: '_pd' : undeclared identifier	y:\develop\github\backmir\bmclient\Common\GameRenderObject.h	310	1	BackMirClient
Error	1075	error C2065: 'm_drt' : undeclared identifier	y:\develop\github\backmir\bmclient\Common\GameRenderObject.h	314	1	BackMirClient
Error	1076	error C2065: 'm_stat' : undeclared identifier	y:\develop\github\backmir\bmclient\Common\GameRenderObject.h	318	1	BackMirClient
Error	1077	error C2065: '_ps' : undeclared identifier	y:\develop\github\backmir\bmclient\Common\GameRenderObject.h	318	1	BackMirClient
Error	1078	error C2065: '_ps' : undeclared identifier	y:\develop\github\backmir\bmclient\Common\GameRenderObject.h	320	1	BackMirClient
Error	1079	error C2065: 'PST_STAND' : undeclared identifier	y:\develop\github\backmir\bmclient\Common\GameRenderObject.h	320	1	BackMirClient
Error	1080	error C2065: '_ps' : undeclared identifier	y:\develop\github\backmir\bmclient\Common\GameRenderObject.h	324	1	BackMirClient
Error	1081	error C2065: 'm_stat' : undeclared identifier	y:\develop\github\backmir\bmclient\Common\GameRenderObject.h	328	1	BackMirClient
Error	1082	error C2065: 'm_preStat' : undeclared identifier	y:\develop\github\backmir\bmclient\Common\GameRenderObject.h	332	1	BackMirClient
Error	1083	error C2065: 'm_sex' : undeclared identifier	y:\develop\github\backmir\bmclient\Common\GameRenderObject.h	356	1	BackMirClient
Error	1084	error C2065: '_ps' : undeclared identifier	y:\develop\github\backmir\bmclient\Common\GameRenderObject.h	356	1	BackMirClient
Error	1085	error C2065: 'm_sex' : undeclared identifier	y:\develop\github\backmir\bmclient\Common\GameRenderObject.h	360	1	BackMirClient
Error	1086	error C2065: 'PST_DEAD' : undeclared identifier	y:\develop\github\backmir\bmclient\Common\GameRenderObject.h	429	1	BackMirClient
Warning	1087	warning C4819: The file contains a character that cannot be represented in the current code page (936). Save the file in Unicode format to prevent data loss	y:\develop\github\backmir\CommonModule\ShareDefine.h	1	1	BackMirClient
Error	1088	error C2365: 'RES_ITEMS' : redefinition; previous definition was 'enumerator'	y:\develop\github\backmir\CommonModule\ShareDefine.h	79	1	BackMirClient
Error	1089	error C2365: 'RES_STATUS' : redefinition; previous definition was 'enumerator'	y:\develop\github\backmir\CommonModule\ShareDefine.h	80	1	BackMirClient
Error	1090	error C2365: 'RES_CUSTOM' : redefinition; previous definition was 'enumerator'	y:\develop\github\backmir\CommonModule\ShareDefine.h	81	1	BackMirClient
Error	1091	error C2365: 'RES_TOTAL' : redefinition; previous definition was 'enumerator'	y:\develop\github\backmir\CommonModule\ShareDefine.h	82	1	BackMirClient
Error	1092	error C2065: 'MEFF_USERTOTAL' : undeclared identifier	y:\develop\github\backmir\bmclient\GameScene\MagicEffect.h	8	1	BackMirClient
Error	1093	error C2061: syntax error : identifier 'PLAYER_STATUS'	y:\develop\github\backmir\bmclient\gamescene\GameOtherPlayer.h	29	1	BackMirClient
Error	1094	error C2061: syntax error : identifier 'MAGICEFFECT_TYPE'	y:\develop\github\backmir\bmclient\gamescene\GameOtherPlayer.h	52	1	BackMirClient
Error	1095	error C2061: syntax error : identifier 'MAGICEFFECT_TYPE'	y:\develop\github\backmir\bmclient\gamescene\GameOtherPlayer.h	53	1	BackMirClient
Error	1096	error C4430: missing type specifier - int assumed. Note: C++ does not support default-int	y:\develop\github\backmir\bmclient\gamescene\GameOtherPlayer.h	157	1	BackMirClient
Error	1097	error C2143: syntax error : missing ',' before '&'	y:\develop\github\backmir\bmclient\gamescene\GameOtherPlayer.h	157	1	BackMirClient
Error	1098	error C4430: missing type specifier - int assumed. Note: C++ does not support default-int	y:\develop\github\backmir\bmclient\gamescene\GameOtherPlayer.h	201	1	BackMirClient
Error	1099	error C2143: syntax error : missing ',' before '&'	y:\develop\github\backmir\bmclient\gamescene\GameOtherPlayer.h	201	1	BackMirClient
Error	1100	error C2535: 'void GameOtherPlayer::DoPacket(const int)' : member function already defined or declared	y:\develop\github\backmir\bmclient\gamescene\GameOtherPlayer.h	201	1	BackMirClient
Error	1101	error C2146: syntax error : missing ';' before identifier 'm_eEffect'	y:\develop\github\backmir\bmclient\gamescene\GameOtherPlayer.h	228	1	BackMirClient
Error	1102	error C4430: missing type specifier - int assumed. Note: C++ does not support default-int	y:\develop\github\backmir\bmclient\gamescene\GameOtherPlayer.h	228	1	BackMirClient
Error	1103	error C2065: 'MAGICEFFECT_TOTAL' : undeclared identifier	y:\develop\github\backmir\bmclient\gamescene\GameOtherPlayer.h	228	1	BackMirClient
Warning	1104	warning C4819: The file contains a character that cannot be represented in the current code page (936). Save the file in Unicode format to prevent data loss	y:\develop\github\backmir\CommonModule\RandGenerator.h	1	1	BackMirClient
Warning	1105	warning C4819: The file contains a character that cannot be represented in the current code page (936). Save the file in Unicode format to prevent data loss	y:\develop\github\backmir\CommonModule\CollDownController.h	1	1	BackMirClient
Error	1106	error C2061: syntax error : identifier 'PLAYER_DIRECTION'	y:\develop\github\backmir\bmclient\gamescene\GamePlayer.h	57	1	BackMirClient
Error	1107	error C2061: syntax error : identifier 'PLAYER_DIRECTION'	y:\develop\github\backmir\bmclient\gamescene\GamePlayer.h	58	1	BackMirClient
Error	1108	error C2143: syntax error : missing ';' before '*'	y:\develop\github\backmir\bmclient\gamescene\GamePlayer.h	73	1	BackMirClient
Error	1109	error C4430: missing type specifier - int assumed. Note: C++ does not support default-int	y:\develop\github\backmir\bmclient\gamescene\GamePlayer.h	73	1	BackMirClient
Error	1110	error C4430: missing type specifier - int assumed. Note: C++ does not support default-int	y:\develop\github\backmir\bmclient\gamescene\GamePlayer.h	74	1	BackMirClient
Warning	1111	warning C4183: 'GetEquip': missing return type; assumed to be a member function returning 'int'	y:\develop\github\backmir\bmclient\gamescene\GamePlayer.h	76	1	BackMirClient
Error	1112	error C2146: syntax error : missing ';' before identifier 'm_equipAttrib'	y:\develop\github\backmir\bmclient\gamescene\GamePlayer.h	350	1	BackMirClient
Error	1113	error C4430: missing type specifier - int assumed. Note: C++ does not support default-int	y:\develop\github\backmir\bmclient\gamescene\GamePlayer.h	350	1	BackMirClient
Error	1114	error C2146: syntax error : missing ';' before identifier 'm_indexs'	y:\develop\github\backmir\bmclient\gamescene\GamePlayer.h	361	1	BackMirClient
Error	1115	error C4430: missing type specifier - int assumed. Note: C++ does not support default-int	y:\develop\github\backmir\bmclient\gamescene\GamePlayer.h	361	1	BackMirClient
Error	1116	error C2065: 'ADD_NORMAL' : undeclared identifier	y:\develop\github\backmir\bmclient\gamescene\GamePlayer.h	182	1	BackMirClient
Error	1117	error C2065: 'ADD_NORMAL' : undeclared identifier	y:\develop\github\backmir\bmclient\gamescene\GamePlayer.h	183	1	BackMirClient
Error	1118	error C2065: 'm_equipAttrib' : undeclared identifier	y:\develop\github\backmir\bmclient\gamescene\GamePlayer.h	75	1	BackMirClient
Error	1119	error C2065: 'PST_NONE' : undeclared identifier	y:\develop\github\backmir\bmclient\gamescene\GamePlayer.h	84	1	BackMirClient
Error	1120	error C2065: 'g_nWanLiTable' : undeclared identifier	y:\develop\github\backmir\bmclient\gamescene\GamePlayer.h	135	1	BackMirClient
Error	1121	error C2146: syntax error : missing ';' before identifier 'm_xShowItems'	y:\develop\github\backmir\bmclient\GameScene\GameMapManager.h	137	1	BackMirClient
Error	1122	error C4430: missing type specifier - int assumed. Note: C++ does not support default-int	y:\develop\github\backmir\bmclient\GameScene\GameMapManager.h	137	1	BackMirClient
Error	1123	error C2146: syntax error : missing ';' before identifier 'm_xMouseItems'	y:\develop\github\backmir\bmclient\GameScene\GameMapManager.h	138	1	BackMirClient
Error	1124	error C4430: missing type specifier - int assumed. Note: C++ does not support default-int	y:\develop\github\backmir\bmclient\GameScene\GameMapManager.h	138	1	BackMirClient
Error	1125	error C2065: 'm_xMouseItems' : undeclared identifier	y:\develop\github\backmir\bmclient\GameScene\GameMapManager.h	80	1	BackMirClient
Error	1126	error C2228: left of '.push_back' must have class/struct/union	y:\develop\github\backmir\bmclient\GameScene\GameMapManager.h	80	1	BackMirClient
Error	1127	error C1083: Cannot open include file: 'FastDelegateBind.h': No such file or directory	y:\develop\github\backmir\bmclient\GameDialog\GameCommonDlg.h	9	1	BackMirClient
Warning	1128	warning C4819: The file contains a character that cannot be represented in the current code page (936). Save the file in Unicode format to prevent data loss	y:\develop\github\backmir\bmclient\Common\GlobalDefine.h	1	1	BackMirClient
Error	1129	error C2447: '{' : missing function header (old-style formal list?)	y:\develop\github\backmir\bmclient\Common\GlobalDefine.h	91	1	BackMirClient
Error	1130	error C2447: '{' : missing function header (old-style formal list?)	y:\develop\github\backmir\bmclient\Common\GlobalDefine.h	103	1	BackMirClient
Error	1131	error C2447: '{' : missing function header (old-style formal list?)	y:\develop\github\backmir\bmclient\Common\GlobalDefine.h	128	1	BackMirClient
Error	1132	error C2146: syntax error : missing ';' before identifier 'GetAngle'	y:\develop\github\backmir\bmclient\Common\GlobalFunction.h	26	1	BackMirClient
Error	1133	error C4430: missing type specifier - int assumed. Note: C++ does not support default-int	y:\develop\github\backmir\bmclient\Common\GlobalFunction.h	26	1	BackMirClient
Error	1134	error C4430: missing type specifier - int assumed. Note: C++ does not support default-int	y:\develop\github\backmir\bmclient\net\PacketHandler.h	71	1	BackMirClient
Error	1135	error C2143: syntax error : missing ',' before '&'	y:\develop\github\backmir\bmclient\net\PacketHandler.h	71	1	BackMirClient
Warning	1136	warning C4819: The file contains a character that cannot be represented in the current code page (936). Save the file in Unicode format to prevent data loss	y:\develop\github\backmir\CommonModule\MagicEffectID.h	1	1	BackMirClient
Error	1137	error C2061: syntax error : identifier 'PLAYER_DIRECTION'	y:\develop\github\backmir\bmclient\Common\GameRenderObject.h	308	1	BackMirClient
Error	1138	error C2146: syntax error : missing ';' before identifier 'GetDirection'	y:\develop\github\backmir\bmclient\Common\GameRenderObject.h	312	1	BackMirClient
Error	1139	error C2433: 'GameObject::PLAYER_DIRECTION' : 'inline' not permitted on data declarations	y:\develop\github\backmir\bmclient\Common\GameRenderObject.h	312	1	BackMirClient
Error	1140	error C4430: missing type specifier - int assumed. Note: C++ does not support default-int	y:\develop\github\backmir\bmclient\Common\GameRenderObject.h	312	1	BackMirClient
Error	1141	error C4430: missing type specifier - int assumed. Note: C++ does not support default-int	y:\develop\github\backmir\bmclient\Common\GameRenderObject.h	313	1	BackMirClient
Warning	1142	warning C4183: 'GetDirection': missing return type; assumed to be a member function returning 'int'	y:\develop\github\backmir\bmclient\Common\GameRenderObject.h	315	1	BackMirClient
Error	1143	error C2061: syntax error : identifier 'PLAYER_STATUS'	y:\develop\github\backmir\bmclient\Common\GameRenderObject.h	316	1	BackMirClient
Error	1144	error C2146: syntax error : missing ';' before identifier 'GetStatus'	y:\develop\github\backmir\bmclient\Common\GameRenderObject.h	326	1	BackMirClient
Error	1145	error C2433: 'GameObject::PLAYER_STATUS' : 'inline' not permitted on data declarations	y:\develop\github\backmir\bmclient\Common\GameRenderObject.h	326	1	BackMirClient
Error	1146	error C4430: missing type specifier - int assumed. Note: C++ does not support default-int	y:\develop\github\backmir\bmclient\Common\GameRenderObject.h	326	1	BackMirClient
Error	1147	error C4430: missing type specifier - int assumed. Note: C++ does not support default-int	y:\develop\github\backmir\bmclient\Common\GameRenderObject.h	327	1	BackMirClient
Warning	1148	warning C4183: 'GetStatus': missing return type; assumed to be a member function returning 'int'	y:\develop\github\backmir\bmclient\Common\GameRenderObject.h	329	1	BackMirClient
Error	1149	error C2146: syntax error : missing ';' before identifier 'GetPreStatus'	y:\develop\github\backmir\bmclient\Common\GameRenderObject.h	330	1	BackMirClient
Error	1150	error C2433: 'GameObject::PLAYER_STATUS' : 'inline' not permitted on data declarations	y:\develop\github\backmir\bmclient\Common\GameRenderObject.h	330	1	BackMirClient
Error	1151	error C4430: missing type specifier - int assumed. Note: C++ does not support default-int	y:\develop\github\backmir\bmclient\Common\GameRenderObject.h	330	1	BackMirClient
Error	1152	error C4430: missing type specifier - int assumed. Note: C++ does not support default-int	y:\develop\github\backmir\bmclient\Common\GameRenderObject.h	331	1	BackMirClient
Warning	1153	warning C4183: 'GetPreStatus': missing return type; assumed to be a member function returning 'int'	y:\develop\github\backmir\bmclient\Common\GameRenderObject.h	333	1	BackMirClient
Error	1154	error C2061: syntax error : identifier 'PLAYER_SEX'	y:\develop\github\backmir\bmclient\Common\GameRenderObject.h	354	1	BackMirClient
Error	1155	error C2146: syntax error : missing ';' before identifier 'GetPlayerSex'	y:\develop\github\backmir\bmclient\Common\GameRenderObject.h	358	1	BackMirClient
Error	1156	error C2433: 'GameObject::PLAYER_SEX' : 'inline' not permitted on data declarations	y:\develop\github\backmir\bmclient\Common\GameRenderObject.h	358	1	BackMirClient
Error	1157	error C4430: missing type specifier - int assumed. Note: C++ does not support default-int	y:\develop\github\backmir\bmclient\Common\GameRenderObject.h	358	1	BackMirClient
Error	1158	error C4430: missing type specifier - int assumed. Note: C++ does not support default-int	y:\develop\github\backmir\bmclient\Common\GameRenderObject.h	359	1	BackMirClient
Warning	1159	warning C4183: 'GetPlayerSex': missing return type; assumed to be a member function returning 'int'	y:\develop\github\backmir\bmclient\Common\GameRenderObject.h	361	1	BackMirClient
Error	1160	error C4430: missing type specifier - int assumed. Note: C++ does not support default-int	y:\develop\github\backmir\bmclient\Common\GameRenderObject.h	503	1	BackMirClient
Error	1161	error C2143: syntax error : missing ',' before '&'	y:\develop\github\backmir\bmclient\Common\GameRenderObject.h	503	1	BackMirClient
Error	1162	error C4430: missing type specifier - int assumed. Note: C++ does not support default-int	y:\develop\github\backmir\bmclient\Common\GameRenderObject.h	504	1	BackMirClient
Error	1163	error C2143: syntax error : missing ',' before '&'	y:\develop\github\backmir\bmclient\Common\GameRenderObject.h	504	1	BackMirClient
Error	1164	error C2535: 'void GameObject::DoPacket(const int)' : member function already defined or declared	y:\develop\github\backmir\bmclient\Common\GameRenderObject.h	504	1	BackMirClient
Error	1165	error C4430: missing type specifier - int assumed. Note: C++ does not support default-int	y:\develop\github\backmir\bmclient\Common\GameRenderObject.h	505	1	BackMirClient
Error	1166	error C2143: syntax error : missing ',' before '&'	y:\develop\github\backmir\bmclient\Common\GameRenderObject.h	505	1	BackMirClient
Error	1167	error C2535: 'void GameObject::DoPacket(const int)' : member function already defined or declared	y:\develop\github\backmir\bmclient\Common\GameRenderObject.h	505	1	BackMirClient
Error	1168	error C2061: syntax error : identifier 'PLAYER_STATUS'	y:\develop\github\backmir\bmclient\Common\GameRenderObject.h	513	1	BackMirClient
Error	1169	error C2146: syntax error : missing ';' before identifier 'm_drt'	y:\develop\github\backmir\bmclient\Common\GameRenderObject.h	554	1	BackMirClient
Error	1170	error C4430: missing type specifier - int assumed. Note: C++ does not support default-int	y:\develop\github\backmir\bmclient\Common\GameRenderObject.h	554	1	BackMirClient
Error	1171	error C2146: syntax error : missing ';' before identifier 'm_sex'	y:\develop\github\backmir\bmclient\Common\GameRenderObject.h	555	1	BackMirClient
Error	1172	error C4430: missing type specifier - int assumed. Note: C++ does not support default-int	y:\develop\github\backmir\bmclient\Common\GameRenderObject.h	555	1	BackMirClient
Error	1173	error C2146: syntax error : missing ';' before identifier 'm_stat'	y:\develop\github\backmir\bmclient\Common\GameRenderObject.h	556	1	BackMirClient
Error	1174	error C4430: missing type specifier - int assumed. Note: C++ does not support default-int	y:\develop\github\backmir\bmclient\Common\GameRenderObject.h	556	1	BackMirClient
Error	1175	error C2146: syntax error : missing ';' before identifier 'm_preStat'	y:\develop\github\backmir\bmclient\Common\GameRenderObject.h	557	1	BackMirClient
Error	1176	error C4430: missing type specifier - int assumed. Note: C++ does not support default-int	y:\develop\github\backmir\bmclient\Common\GameRenderObject.h	557	1	BackMirClient
Error	1177	error C2065: 'm_drt' : undeclared identifier	y:\develop\github\backmir\bmclient\Common\GameRenderObject.h	253	1	BackMirClient
Error	1178	error C2065: 'PDT_DOWN' : undeclared identifier	y:\develop\github\backmir\bmclient\Common\GameRenderObject.h	253	1	BackMirClient
Error	1179	error C2065: 'm_sex' : undeclared identifier	y:\develop\github\backmir\bmclient\Common\GameRenderObject.h	254	1	BackMirClient
Error	1180	error C2065: 'PSX_MAN' : undeclared identifier	y:\develop\github\backmir\bmclient\Common\GameRenderObject.h	254	1	BackMirClient
Error	1181	error C2065: 'm_preStat' : undeclared identifier	y:\develop\github\backmir\bmclient\Common\GameRenderObject.h	255	1	BackMirClient
Error	1182	error C2065: 'm_stat' : undeclared identifier	y:\develop\github\backmir\bmclient\Common\GameRenderObject.h	255	1	BackMirClient
Error	1183	error C2065: 'PST_STAND' : undeclared identifier	y:\develop\github\backmir\bmclient\Common\GameRenderObject.h	255	1	BackMirClient
Error	1184	error C2065: 'm_drt' : undeclared identifier	y:\develop\github\backmir\bmclient\Common\GameRenderObject.h	310	1	BackMirClient
Error	1185	error C2065: '_pd' : undeclared identifier	y:\develop\github\backmir\bmclient\Common\GameRenderObject.h	310	1	BackMirClient
Error	1186	error C2065: 'm_drt' : undeclared identifier	y:\develop\github\backmir\bmclient\Common\GameRenderObject.h	314	1	BackMirClient
Error	1187	error C2065: 'm_stat' : undeclared identifier	y:\develop\github\backmir\bmclient\Common\GameRenderObject.h	318	1	BackMirClient
Error	1188	error C2065: '_ps' : undeclared identifier	y:\develop\github\backmir\bmclient\Common\GameRenderObject.h	318	1	BackMirClient
Error	1189	error C2065: '_ps' : undeclared identifier	y:\develop\github\backmir\bmclient\Common\GameRenderObject.h	320	1	BackMirClient
Error	1190	error C2065: 'PST_STAND' : undeclared identifier	y:\develop\github\backmir\bmclient\Common\GameRenderObject.h	320	1	BackMirClient
Error	1191	error C2065: '_ps' : undeclared identifier	y:\develop\github\backmir\bmclient\Common\GameRenderObject.h	324	1	BackMirClient
Error	1192	error C2065: 'm_stat' : undeclared identifier	y:\develop\github\backmir\bmclient\Common\GameRenderObject.h	328	1	BackMirClient
Error	1193	error C2065: 'm_preStat' : undeclared identifier	y:\develop\github\backmir\bmclient\Common\GameRenderObject.h	332	1	BackMirClient
Error	1194	error C2065: 'm_sex' : undeclared identifier	y:\develop\github\backmir\bmclient\Common\GameRenderObject.h	356	1	BackMirClient
Error	1195	error C2065: '_ps' : undeclared identifier	y:\develop\github\backmir\bmclient\Common\GameRenderObject.h	356	1	BackMirClient
Error	1196	error C2065: 'm_sex' : undeclared identifier	y:\develop\github\backmir\bmclient\Common\GameRenderObject.h	360	1	BackMirClient
Error	1197	error C2065: 'PST_DEAD' : undeclared identifier	y:\develop\github\backmir\bmclient\Common\GameRenderObject.h	429	1	BackMirClient
Warning	1198	warning C4819: The file contains a character that cannot be represented in the current code page (936). Save the file in Unicode format to prevent data loss	y:\develop\github\backmir\CommonModule\ShareDefine.h	1	1	BackMirClient
Error	1199	error C2365: 'RES_ITEMS' : redefinition; previous definition was 'enumerator'	y:\develop\github\backmir\CommonModule\ShareDefine.h	79	1	BackMirClient
Error	1200	error C2365: 'RES_STATUS' : redefinition; previous definition was 'enumerator'	y:\develop\github\backmir\CommonModule\ShareDefine.h	80	1	BackMirClient
Error	1201	error C2365: 'RES_CUSTOM' : redefinition; previous definition was 'enumerator'	y:\develop\github\backmir\CommonModule\ShareDefine.h	81	1	BackMirClient
Error	1202	error C2365: 'RES_TOTAL' : redefinition; previous definition was 'enumerator'	y:\develop\github\backmir\CommonModule\ShareDefine.h	82	1	BackMirClient
Error	1203	error C2065: 'MEFF_USERTOTAL' : undeclared identifier	y:\develop\github\backmir\bmclient\GameScene\MagicEffect.h	8	1	BackMirClient
Error	1204	error C2061: syntax error : identifier 'PLAYER_STATUS'	y:\develop\github\backmir\bmclient\gamescene\GameOtherPlayer.h	29	1	BackMirClient
Error	1205	error C2061: syntax error : identifier 'MAGICEFFECT_TYPE'	y:\develop\github\backmir\bmclient\gamescene\GameOtherPlayer.h	52	1	BackMirClient
Error	1206	error C2061: syntax error : identifier 'MAGICEFFECT_TYPE'	y:\develop\github\backmir\bmclient\gamescene\GameOtherPlayer.h	53	1	BackMirClient
Error	1207	error C4430: missing type specifier - int assumed. Note: C++ does not support default-int	y:\develop\github\backmir\bmclient\gamescene\GameOtherPlayer.h	157	1	BackMirClient
Error	1208	error C2143: syntax error : missing ',' before '&'	y:\develop\github\backmir\bmclient\gamescene\GameOtherPlayer.h	157	1	BackMirClient
Error	1209	error C4430: missing type specifier - int assumed. Note: C++ does not support default-int	y:\develop\github\backmir\bmclient\gamescene\GameOtherPlayer.h	201	1	BackMirClient
Error	1210	error C2143: syntax error : missing ',' before '&'	y:\develop\github\backmir\bmclient\gamescene\GameOtherPlayer.h	201	1	BackMirClient
Error	1211	error C2535: 'void GameOtherPlayer::DoPacket(const int)' : member function already defined or declared	y:\develop\github\backmir\bmclient\gamescene\GameOtherPlayer.h	201	1	BackMirClient
Error	1212	error C2146: syntax error : missing ';' before identifier 'm_eEffect'	y:\develop\github\backmir\bmclient\gamescene\GameOtherPlayer.h	228	1	BackMirClient
Error	1213	error C4430: missing type specifier - int assumed. Note: C++ does not support default-int	y:\develop\github\backmir\bmclient\gamescene\GameOtherPlayer.h	228	1	BackMirClient
Error	1214	error C2065: 'MAGICEFFECT_TOTAL' : undeclared identifier	y:\develop\github\backmir\bmclient\gamescene\GameOtherPlayer.h	228	1	BackMirClient
Warning	1215	warning C4819: The file contains a character that cannot be represented in the current code page (936). Save the file in Unicode format to prevent data loss	y:\develop\github\backmir\CommonModule\RandGenerator.h	1	1	BackMirClient
Warning	1216	warning C4819: The file contains a character that cannot be represented in the current code page (936). Save the file in Unicode format to prevent data loss	y:\develop\github\backmir\CommonModule\CollDownController.h	1	1	BackMirClient
Error	1217	error C2061: syntax error : identifier 'PLAYER_DIRECTION'	y:\develop\github\backmir\bmclient\gamescene\GamePlayer.h	57	1	BackMirClient
Error	1218	error C2061: syntax error : identifier 'PLAYER_DIRECTION'	y:\develop\github\backmir\bmclient\gamescene\GamePlayer.h	58	1	BackMirClient
Error	1219	error C2143: syntax error : missing ';' before '*'	y:\develop\github\backmir\bmclient\gamescene\GamePlayer.h	73	1	BackMirClient
Error	1220	error C4430: missing type specifier - int assumed. Note: C++ does not support default-int	y:\develop\github\backmir\bmclient\gamescene\GamePlayer.h	73	1	BackMirClient
Error	1221	error C4430: missing type specifier - int assumed. Note: C++ does not support default-int	y:\develop\github\backmir\bmclient\gamescene\GamePlayer.h	74	1	BackMirClient
Warning	1222	warning C4183: 'GetEquip': missing return type; assumed to be a member function returning 'int'	y:\develop\github\backmir\bmclient\gamescene\GamePlayer.h	76	1	BackMirClient
Error	1223	error C2146: syntax error : missing ';' before identifier 'm_equipAttrib'	y:\develop\github\backmir\bmclient\gamescene\GamePlayer.h	350	1	BackMirClient
Error	1224	error C4430: missing type specifier - int assumed. Note: C++ does not support default-int	y:\develop\github\backmir\bmclient\gamescene\GamePlayer.h	350	1	BackMirClient
Error	1225	error C2146: syntax error : missing ';' before identifier 'm_indexs'	y:\develop\github\backmir\bmclient\gamescene\GamePlayer.h	361	1	BackMirClient
Error	1226	error C4430: missing type specifier - int assumed. Note: C++ does not support default-int	y:\develop\github\backmir\bmclient\gamescene\GamePlayer.h	361	1	BackMirClient
Error	1227	error C2065: 'ADD_NORMAL' : undeclared identifier	y:\develop\github\backmir\bmclient\gamescene\GamePlayer.h	182	1	BackMirClient
Error	1228	error C2065: 'ADD_NORMAL' : undeclared identifier	y:\develop\github\backmir\bmclient\gamescene\GamePlayer.h	183	1	BackMirClient
Error	1229	error C2065: 'm_equipAttrib' : undeclared identifier	y:\develop\github\backmir\bmclient\gamescene\GamePlayer.h	75	1	BackMirClient
Error	1230	error C2065: 'PST_NONE' : undeclared identifier	y:\develop\github\backmir\bmclient\gamescene\GamePlayer.h	84	1	BackMirClient
Error	1231	error C2065: 'g_nWanLiTable' : undeclared identifier	y:\develop\github\backmir\bmclient\gamescene\GamePlayer.h	135	1	BackMirClient
Error	1232	error C2146: syntax error : missing ';' before identifier 'm_xShowItems'	y:\develop\github\backmir\bmclient\GameScene\GameMapManager.h	137	1	BackMirClient
Error	1233	error C4430: missing type specifier - int assumed. Note: C++ does not support default-int	y:\develop\github\backmir\bmclient\GameScene\GameMapManager.h	137	1	BackMirClient
Error	1234	error C2146: syntax error : missing ';' before identifier 'm_xMouseItems'	y:\develop\github\backmir\bmclient\GameScene\GameMapManager.h	138	1	BackMirClient
Error	1235	error C4430: missing type specifier - int assumed. Note: C++ does not support default-int	y:\develop\github\backmir\bmclient\GameScene\GameMapManager.h	138	1	BackMirClient
Error	1236	error C2065: 'm_xMouseItems' : undeclared identifier	y:\develop\github\backmir\bmclient\GameScene\GameMapManager.h	80	1	BackMirClient
Error	1237	error C2228: left of '.push_back' must have class/struct/union	y:\develop\github\backmir\bmclient\GameScene\GameMapManager.h	80	1	BackMirClient
Error	1238	error C1083: Cannot open include file: 'FastDelegateBind.h': No such file or directory	y:\develop\github\backmir\bmclient\GameDialog\GameCommonDlg.h	9	1	BackMirClient
Warning	1239	warning C4819: The file contains a character that cannot be represented in the current code page (936). Save the file in Unicode format to prevent data loss	y:\develop\github\backmir\bmclient\common\GlobalDefine.h	1	1	BackMirClient
Error	1240	error C2447: '{' : missing function header (old-style formal list?)	y:\develop\github\backmir\bmclient\common\GlobalDefine.h	91	1	BackMirClient
Error	1241	error C2447: '{' : missing function header (old-style formal list?)	y:\develop\github\backmir\bmclient\common\GlobalDefine.h	103	1	BackMirClient
Error	1242	error C2447: '{' : missing function header (old-style formal list?)	y:\develop\github\backmir\bmclient\common\GlobalDefine.h	128	1	BackMirClient
Error	1243	error C2146: syntax error : missing ';' before identifier 'GetAngle'	y:\develop\github\backmir\bmclient\Common\GlobalFunction.h	26	1	BackMirClient
Error	1244	error C4430: missing type specifier - int assumed. Note: C++ does not support default-int	y:\develop\github\backmir\bmclient\Common\GlobalFunction.h	26	1	BackMirClient
Warning	1245	warning C4819: The file contains a character that cannot be represented in the current code page (936). Save the file in Unicode format to prevent data loss	y:\develop\github\backmir\bmclient\Common\GlobalDefine.h	1	1	BackMirClient
Error	1246	error C2447: '{' : missing function header (old-style formal list?)	y:\develop\github\backmir\bmclient\Common\GlobalDefine.h	91	1	BackMirClient
Error	1247	error C2447: '{' : missing function header (old-style formal list?)	y:\develop\github\backmir\bmclient\Common\GlobalDefine.h	103	1	BackMirClient
Error	1248	error C2447: '{' : missing function header (old-style formal list?)	y:\develop\github\backmir\bmclient\Common\GlobalDefine.h	128	1	BackMirClient
Error	1249	error C2146: syntax error : missing ';' before identifier 'GetAngle'	y:\develop\github\backmir\bmclient\Common\GlobalFunction.h	26	1	BackMirClient
Error	1250	error C4430: missing type specifier - int assumed. Note: C++ does not support default-int	y:\develop\github\backmir\bmclient\Common\GlobalFunction.h	26	1	BackMirClient
Warning	1251	warning C4819: The file contains a character that cannot be represented in the current code page (936). Save the file in Unicode format to prevent data loss	y:\develop\github\backmir\bmclient\Common\GlobalDefine.h	1	1	BackMirClient
Error	1252	error C2447: '{' : missing function header (old-style formal list?)	y:\develop\github\backmir\bmclient\Common\GlobalDefine.h	91	1	BackMirClient
Error	1253	error C2447: '{' : missing function header (old-style formal list?)	y:\develop\github\backmir\bmclient\Common\GlobalDefine.h	103	1	BackMirClient
Error	1254	error C2447: '{' : missing function header (old-style formal list?)	y:\develop\github\backmir\bmclient\Common\GlobalDefine.h	128	1	BackMirClient
Error	1255	error C2146: syntax error : missing ';' before identifier 'GetAngle'	y:\develop\github\backmir\bmclient\Common\GlobalFunction.h	26	1	BackMirClient
Error	1256	error C4430: missing type specifier - int assumed. Note: C++ does not support default-int	y:\develop\github\backmir\bmclient\Common\GlobalFunction.h	26	1	BackMirClient
Error	1257	error C4430: missing type specifier - int assumed. Note: C++ does not support default-int	y:\develop\github\backmir\bmclient\net\PacketHandler.h	71	1	BackMirClient
Error	1258	error C2143: syntax error : missing ',' before '&'	y:\develop\github\backmir\bmclient\net\PacketHandler.h	71	1	BackMirClient
Warning	1259	warning C4819: The file contains a character that cannot be represented in the current code page (936). Save the file in Unicode format to prevent data loss	y:\develop\github\backmir\CommonModule\MagicEffectID.h	1	1	BackMirClient
Error	1260	error C2061: syntax error : identifier 'PLAYER_DIRECTION'	y:\develop\github\backmir\bmclient\Common\GameRenderObject.h	308	1	BackMirClient
Error	1261	error C2146: syntax error : missing ';' before identifier 'GetDirection'	y:\develop\github\backmir\bmclient\Common\GameRenderObject.h	312	1	BackMirClient
Error	1262	error C2433: 'GameObject::PLAYER_DIRECTION' : 'inline' not permitted on data declarations	y:\develop\github\backmir\bmclient\Common\GameRenderObject.h	312	1	BackMirClient
Error	1263	error C4430: missing type specifier - int assumed. Note: C++ does not support default-int	y:\develop\github\backmir\bmclient\Common\GameRenderObject.h	312	1	BackMirClient
Error	1264	error C4430: missing type specifier - int assumed. Note: C++ does not support default-int	y:\develop\github\backmir\bmclient\Common\GameRenderObject.h	313	1	BackMirClient
Warning	1265	warning C4183: 'GetDirection': missing return type; assumed to be a member function returning 'int'	y:\develop\github\backmir\bmclient\Common\GameRenderObject.h	315	1	BackMirClient
Error	1266	error C2061: syntax error : identifier 'PLAYER_STATUS'	y:\develop\github\backmir\bmclient\Common\GameRenderObject.h	316	1	BackMirClient
Error	1267	error C2146: syntax error : missing ';' before identifier 'GetStatus'	y:\develop\github\backmir\bmclient\Common\GameRenderObject.h	326	1	BackMirClient
Error	1268	error C2433: 'GameObject::PLAYER_STATUS' : 'inline' not permitted on data declarations	y:\develop\github\backmir\bmclient\Common\GameRenderObject.h	326	1	BackMirClient
Error	1269	error C4430: missing type specifier - int assumed. Note: C++ does not support default-int	y:\develop\github\backmir\bmclient\Common\GameRenderObject.h	326	1	BackMirClient
Error	1270	error C4430: missing type specifier - int assumed. Note: C++ does not support default-int	y:\develop\github\backmir\bmclient\Common\GameRenderObject.h	327	1	BackMirClient
Warning	1271	warning C4183: 'GetStatus': missing return type; assumed to be a member function returning 'int'	y:\develop\github\backmir\bmclient\Common\GameRenderObject.h	329	1	BackMirClient
Error	1272	error C2146: syntax error : missing ';' before identifier 'GetPreStatus'	y:\develop\github\backmir\bmclient\Common\GameRenderObject.h	330	1	BackMirClient
Error	1273	error C2433: 'GameObject::PLAYER_STATUS' : 'inline' not permitted on data declarations	y:\develop\github\backmir\bmclient\Common\GameRenderObject.h	330	1	BackMirClient
Error	1274	error C4430: missing type specifier - int assumed. Note: C++ does not support default-int	y:\develop\github\backmir\bmclient\Common\GameRenderObject.h	330	1	BackMirClient
Error	1275	error C4430: missing type specifier - int assumed. Note: C++ does not support default-int	y:\develop\github\backmir\bmclient\Common\GameRenderObject.h	331	1	BackMirClient
Warning	1276	warning C4183: 'GetPreStatus': missing return type; assumed to be a member function returning 'int'	y:\develop\github\backmir\bmclient\Common\GameRenderObject.h	333	1	BackMirClient
Error	1277	error C2061: syntax error : identifier 'PLAYER_SEX'	y:\develop\github\backmir\bmclient\Common\GameRenderObject.h	354	1	BackMirClient
Error	1278	error C2146: syntax error : missing ';' before identifier 'GetPlayerSex'	y:\develop\github\backmir\bmclient\Common\GameRenderObject.h	358	1	BackMirClient
Error	1279	error C2433: 'GameObject::PLAYER_SEX' : 'inline' not permitted on data declarations	y:\develop\github\backmir\bmclient\Common\GameRenderObject.h	358	1	BackMirClient
Error	1280	error C4430: missing type specifier - int assumed. Note: C++ does not support default-int	y:\develop\github\backmir\bmclient\Common\GameRenderObject.h	358	1	BackMirClient
Error	1281	error C4430: missing type specifier - int assumed. Note: C++ does not support default-int	y:\develop\github\backmir\bmclient\Common\GameRenderObject.h	359	1	BackMirClient
Warning	1282	warning C4183: 'GetPlayerSex': missing return type; assumed to be a member function returning 'int'	y:\develop\github\backmir\bmclient\Common\GameRenderObject.h	361	1	BackMirClient
Error	1283	error C4430: missing type specifier - int assumed. Note: C++ does not support default-int	y:\develop\github\backmir\bmclient\Common\GameRenderObject.h	503	1	BackMirClient
Error	1284	error C2143: syntax error : missing ',' before '&'	y:\develop\github\backmir\bmclient\Common\GameRenderObject.h	503	1	BackMirClient
Error	1285	error C4430: missing type specifier - int assumed. Note: C++ does not support default-int	y:\develop\github\backmir\bmclient\Common\GameRenderObject.h	504	1	BackMirClient
Error	1286	error C2143: syntax error : missing ',' before '&'	y:\develop\github\backmir\bmclient\Common\GameRenderObject.h	504	1	BackMirClient
Error	1287	error C2535: 'void GameObject::DoPacket(const int)' : member function already defined or declared	y:\develop\github\backmir\bmclient\Common\GameRenderObject.h	504	1	BackMirClient
Error	1288	error C4430: missing type specifier - int assumed. Note: C++ does not support default-int	y:\develop\github\backmir\bmclient\Common\GameRenderObject.h	505	1	BackMirClient
Error	1289	error C2143: syntax error : missing ',' before '&'	y:\develop\github\backmir\bmclient\Common\GameRenderObject.h	505	1	BackMirClient
Error	1290	error C2535: 'void GameObject::DoPacket(const int)' : member function already defined or declared	y:\develop\github\backmir\bmclient\Common\GameRenderObject.h	505	1	BackMirClient
Error	1291	error C2061: syntax error : identifier 'PLAYER_STATUS'	y:\develop\github\backmir\bmclient\Common\GameRenderObject.h	513	1	BackMirClient
Error	1292	error C2146: syntax error : missing ';' before identifier 'm_drt'	y:\develop\github\backmir\bmclient\Common\GameRenderObject.h	554	1	BackMirClient
Error	1293	error C4430: missing type specifier - int assumed. Note: C++ does not support default-int	y:\develop\github\backmir\bmclient\Common\GameRenderObject.h	554	1	BackMirClient
Error	1294	error C2146: syntax error : missing ';' before identifier 'm_sex'	y:\develop\github\backmir\bmclient\Common\GameRenderObject.h	555	1	BackMirClient
Error	1295	error C4430: missing type specifier - int assumed. Note: C++ does not support default-int	y:\develop\github\backmir\bmclient\Common\GameRenderObject.h	555	1	BackMirClient
Error	1296	error C2146: syntax error : missing ';' before identifier 'm_stat'	y:\develop\github\backmir\bmclient\Common\GameRenderObject.h	556	1	BackMirClient
Error	1297	error C4430: missing type specifier - int assumed. Note: C++ does not support default-int	y:\develop\github\backmir\bmclient\Common\GameRenderObject.h	556	1	BackMirClient
Error	1298	error C2146: syntax error : missing ';' before identifier 'm_preStat'	y:\develop\github\backmir\bmclient\Common\GameRenderObject.h	557	1	BackMirClient
Error	1299	error C4430: missing type specifier - int assumed. Note: C++ does not support default-int	y:\develop\github\backmir\bmclient\Common\GameRenderObject.h	557	1	BackMirClient
Error	1300	error C2065: 'm_drt' : undeclared identifier	y:\develop\github\backmir\bmclient\Common\GameRenderObject.h	253	1	BackMirClient
Error	1301	error C2065: 'PDT_DOWN' : undeclared identifier	y:\develop\github\backmir\bmclient\Common\GameRenderObject.h	253	1	BackMirClient
Error	1302	error C2065: 'm_sex' : undeclared identifier	y:\develop\github\backmir\bmclient\Common\GameRenderObject.h	254	1	BackMirClient
Error	1303	error C2065: 'PSX_MAN' : undeclared identifier	y:\develop\github\backmir\bmclient\Common\GameRenderObject.h	254	1	BackMirClient
Error	1304	error C2065: 'm_preStat' : undeclared identifier	y:\develop\github\backmir\bmclient\Common\GameRenderObject.h	255	1	BackMirClient
Error	1305	error C2065: 'm_stat' : undeclared identifier	y:\develop\github\backmir\bmclient\Common\GameRenderObject.h	255	1	BackMirClient
Error	1306	error C2065: 'PST_STAND' : undeclared identifier	y:\develop\github\backmir\bmclient\Common\GameRenderObject.h	255	1	BackMirClient
Error	1307	error C2065: 'm_drt' : undeclared identifier	y:\develop\github\backmir\bmclient\Common\GameRenderObject.h	310	1	BackMirClient
Error	1308	error C2065: '_pd' : undeclared identifier	y:\develop\github\backmir\bmclient\Common\GameRenderObject.h	310	1	BackMirClient
Error	1309	error C2065: 'm_drt' : undeclared identifier	y:\develop\github\backmir\bmclient\Common\GameRenderObject.h	314	1	BackMirClient
Error	1310	error C2065: 'm_stat' : undeclared identifier	y:\develop\github\backmir\bmclient\Common\GameRenderObject.h	318	1	BackMirClient
Error	1311	error C2065: '_ps' : undeclared identifier	y:\develop\github\backmir\bmclient\Common\GameRenderObject.h	318	1	BackMirClient
Error	1312	error C2065: '_ps' : undeclared identifier	y:\develop\github\backmir\bmclient\Common\GameRenderObject.h	320	1	BackMirClient
Error	1313	error C2065: 'PST_STAND' : undeclared identifier	y:\develop\github\backmir\bmclient\Common\GameRenderObject.h	320	1	BackMirClient
Error	1314	error C2065: '_ps' : undeclared identifier	y:\develop\github\backmir\bmclient\Common\GameRenderObject.h	324	1	BackMirClient
Error	1315	error C2065: 'm_stat' : undeclared identifier	y:\develop\github\backmir\bmclient\Common\GameRenderObject.h	328	1	BackMirClient
Error	1316	error C2065: 'm_preStat' : undeclared identifier	y:\develop\github\backmir\bmclient\Common\GameRenderObject.h	332	1	BackMirClient
Error	1317	error C2065: 'm_sex' : undeclared identifier	y:\develop\github\backmir\bmclient\Common\GameRenderObject.h	356	1	BackMirClient
Error	1318	error C2065: '_ps' : undeclared identifier	y:\develop\github\backmir\bmclient\Common\GameRenderObject.h	356	1	BackMirClient
Error	1319	error C2065: 'm_sex' : undeclared identifier	y:\develop\github\backmir\bmclient\Common\GameRenderObject.h	360	1	BackMirClient
Error	1320	error C2065: 'PST_DEAD' : undeclared identifier	y:\develop\github\backmir\bmclient\Common\GameRenderObject.h	429	1	BackMirClient
Warning	1321	warning C4819: The file contains a character that cannot be represented in the current code page (936). Save the file in Unicode format to prevent data loss	y:\develop\github\backmir\CommonModule\ShareDefine.h	1	1	BackMirClient
Error	1322	error C2365: 'RES_ITEMS' : redefinition; previous definition was 'enumerator'	y:\develop\github\backmir\CommonModule\ShareDefine.h	79	1	BackMirClient
Error	1323	error C2365: 'RES_STATUS' : redefinition; previous definition was 'enumerator'	y:\develop\github\backmir\CommonModule\ShareDefine.h	80	1	BackMirClient
Error	1324	error C2365: 'RES_CUSTOM' : redefinition; previous definition was 'enumerator'	y:\develop\github\backmir\CommonModule\ShareDefine.h	81	1	BackMirClient
Error	1325	error C2365: 'RES_TOTAL' : redefinition; previous definition was 'enumerator'	y:\develop\github\backmir\CommonModule\ShareDefine.h	82	1	BackMirClient
Error	1326	error C2065: 'MEFF_USERTOTAL' : undeclared identifier	y:\develop\github\backmir\bmclient\GameScene\MagicEffect.h	8	1	BackMirClient
Error	1327	error C2061: syntax error : identifier 'PLAYER_STATUS'	y:\develop\github\backmir\bmclient\gamescene\GameOtherPlayer.h	29	1	BackMirClient
Error	1328	error C2061: syntax error : identifier 'MAGICEFFECT_TYPE'	y:\develop\github\backmir\bmclient\gamescene\GameOtherPlayer.h	52	1	BackMirClient
Error	1329	error C2061: syntax error : identifier 'MAGICEFFECT_TYPE'	y:\develop\github\backmir\bmclient\gamescene\GameOtherPlayer.h	53	1	BackMirClient
Error	1330	error C4430: missing type specifier - int assumed. Note: C++ does not support default-int	y:\develop\github\backmir\bmclient\gamescene\GameOtherPlayer.h	157	1	BackMirClient
Error	1331	error C2143: syntax error : missing ',' before '&'	y:\develop\github\backmir\bmclient\gamescene\GameOtherPlayer.h	157	1	BackMirClient
Error	1332	error C4430: missing type specifier - int assumed. Note: C++ does not support default-int	y:\develop\github\backmir\bmclient\gamescene\GameOtherPlayer.h	201	1	BackMirClient
Error	1333	error C2143: syntax error : missing ',' before '&'	y:\develop\github\backmir\bmclient\gamescene\GameOtherPlayer.h	201	1	BackMirClient
Error	1334	error C2535: 'void GameOtherPlayer::DoPacket(const int)' : member function already defined or declared	y:\develop\github\backmir\bmclient\gamescene\GameOtherPlayer.h	201	1	BackMirClient
Error	1335	error C2146: syntax error : missing ';' before identifier 'm_eEffect'	y:\develop\github\backmir\bmclient\gamescene\GameOtherPlayer.h	228	1	BackMirClient
Error	1336	error C4430: missing type specifier - int assumed. Note: C++ does not support default-int	y:\develop\github\backmir\bmclient\gamescene\GameOtherPlayer.h	228	1	BackMirClient
Error	1337	error C2065: 'MAGICEFFECT_TOTAL' : undeclared identifier	y:\develop\github\backmir\bmclient\gamescene\GameOtherPlayer.h	228	1	BackMirClient
Warning	1338	warning C4819: The file contains a character that cannot be represented in the current code page (936). Save the file in Unicode format to prevent data loss	y:\develop\github\backmir\CommonModule\RandGenerator.h	1	1	BackMirClient
Warning	1339	warning C4819: The file contains a character that cannot be represented in the current code page (936). Save the file in Unicode format to prevent data loss	y:\develop\github\backmir\CommonModule\CollDownController.h	1	1	BackMirClient
Error	1340	error C2061: syntax error : identifier 'PLAYER_DIRECTION'	y:\develop\github\backmir\bmclient\gamescene\GamePlayer.h	57	1	BackMirClient
Error	1341	error C2061: syntax error : identifier 'PLAYER_DIRECTION'	y:\develop\github\backmir\bmclient\gamescene\GamePlayer.h	58	1	BackMirClient
Error	1342	error C2143: syntax error : missing ';' before '*'	y:\develop\github\backmir\bmclient\gamescene\GamePlayer.h	73	1	BackMirClient
Error	1343	error C4430: missing type specifier - int assumed. Note: C++ does not support default-int	y:\develop\github\backmir\bmclient\gamescene\GamePlayer.h	73	1	BackMirClient
Error	1344	error C4430: missing type specifier - int assumed. Note: C++ does not support default-int	y:\develop\github\backmir\bmclient\gamescene\GamePlayer.h	74	1	BackMirClient
Warning	1345	warning C4183: 'GetEquip': missing return type; assumed to be a member function returning 'int'	y:\develop\github\backmir\bmclient\gamescene\GamePlayer.h	76	1	BackMirClient
Error	1346	error C2146: syntax error : missing ';' before identifier 'm_equipAttrib'	y:\develop\github\backmir\bmclient\gamescene\GamePlayer.h	350	1	BackMirClient
Error	1347	error C4430: missing type specifier - int assumed. Note: C++ does not support default-int	y:\develop\github\backmir\bmclient\gamescene\GamePlayer.h	350	1	BackMirClient
Error	1348	error C2146: syntax error : missing ';' before identifier 'm_indexs'	y:\develop\github\backmir\bmclient\gamescene\GamePlayer.h	361	1	BackMirClient
Error	1349	error C4430: missing type specifier - int assumed. Note: C++ does not support default-int	y:\develop\github\backmir\bmclient\gamescene\GamePlayer.h	361	1	BackMirClient
Error	1350	error C2065: 'ADD_NORMAL' : undeclared identifier	y:\develop\github\backmir\bmclient\gamescene\GamePlayer.h	182	1	BackMirClient
Error	1351	error C2065: 'ADD_NORMAL' : undeclared identifier	y:\develop\github\backmir\bmclient\gamescene\GamePlayer.h	183	1	BackMirClient
Error	1352	error C2065: 'm_equipAttrib' : undeclared identifier	y:\develop\github\backmir\bmclient\gamescene\GamePlayer.h	75	1	BackMirClient
Error	1353	error C2065: 'PST_NONE' : undeclared identifier	y:\develop\github\backmir\bmclient\gamescene\GamePlayer.h	84	1	BackMirClient
Error	1354	error C2065: 'g_nWanLiTable' : undeclared identifier	y:\develop\github\backmir\bmclient\gamescene\GamePlayer.h	135	1	BackMirClient
Error	1355	error C2146: syntax error : missing ';' before identifier 'm_indexs'	y:\develop\github\backmir\bmclient\GameScene\GameMonster.h	114	1	BackMirClient
Error	1356	error C4430: missing type specifier - int assumed. Note: C++ does not support default-int	y:\develop\github\backmir\bmclient\GameScene\GameMonster.h	114	1	BackMirClient
Error	1357	error C2146: syntax error : missing ';' before identifier 'm_eEndStatus'	y:\develop\github\backmir\bmclient\GameScene\GameMonster.h	812	1	BackMirClient
Error	1358	error C4430: missing type specifier - int assumed. Note: C++ does not support default-int	y:\develop\github\backmir\bmclient\GameScene\GameMonster.h	812	1	BackMirClient
Error	1359	error C2146: syntax error : missing ';' before identifier 'm_xShowItems'	y:\develop\github\backmir\bmclient\GameScene\GameMapManager.h	137	1	BackMirClient
Error	1360	error C4430: missing type specifier - int assumed. Note: C++ does not support default-int	y:\develop\github\backmir\bmclient\GameScene\GameMapManager.h	137	1	BackMirClient
Error	1361	error C2146: syntax error : missing ';' before identifier 'm_xMouseItems'	y:\develop\github\backmir\bmclient\GameScene\GameMapManager.h	138	1	BackMirClient
Error	1362	error C4430: missing type specifier - int assumed. Note: C++ does not support default-int	y:\develop\github\backmir\bmclient\GameScene\GameMapManager.h	138	1	BackMirClient
Error	1363	error C2065: 'm_xMouseItems' : undeclared identifier	y:\develop\github\backmir\bmclient\GameScene\GameMapManager.h	80	1	BackMirClient
Error	1364	error C2228: left of '.push_back' must have class/struct/union	y:\develop\github\backmir\bmclient\GameScene\GameMapManager.h	80	1	BackMirClient
Error	1365	error C1083: Cannot open include file: 'FastDelegateBind.h': No such file or directory	y:\develop\github\backmir\bmclient\GameDialog\GameCommonDlg.h	9	1	BackMirClient
Warning	1366	warning C4819: The file contains a character that cannot be represented in the current code page (936). Save the file in Unicode format to prevent data loss	y:\develop\github\backmir\bmclient\Common\GlobalDefine.h	1	1	BackMirClient
Error	1367	error C2447: '{' : missing function header (old-style formal list?)	y:\develop\github\backmir\bmclient\Common\GlobalDefine.h	91	1	BackMirClient
Error	1368	error C2447: '{' : missing function header (old-style formal list?)	y:\develop\github\backmir\bmclient\Common\GlobalDefine.h	103	1	BackMirClient
Error	1369	error C2447: '{' : missing function header (old-style formal list?)	y:\develop\github\backmir\bmclient\Common\GlobalDefine.h	128	1	BackMirClient
Error	1370	error C2146: syntax error : missing ';' before identifier 'GetAngle'	y:\develop\github\backmir\bmclient\Common\GlobalFunction.h	26	1	BackMirClient
Error	1371	error C4430: missing type specifier - int assumed. Note: C++ does not support default-int	y:\develop\github\backmir\bmclient\Common\GlobalFunction.h	26	1	BackMirClient
Error	1372	error C4430: missing type specifier - int assumed. Note: C++ does not support default-int	y:\develop\github\backmir\bmclient\net\PacketHandler.h	71	1	BackMirClient
Error	1373	error C2143: syntax error : missing ',' before '&'	y:\develop\github\backmir\bmclient\net\PacketHandler.h	71	1	BackMirClient
Warning	1374	warning C4819: The file contains a character that cannot be represented in the current code page (936). Save the file in Unicode format to prevent data loss	y:\develop\github\backmir\CommonModule\MagicEffectID.h	1	1	BackMirClient
Error	1375	error C2061: syntax error : identifier 'PLAYER_DIRECTION'	y:\develop\github\backmir\bmclient\Common\GameRenderObject.h	308	1	BackMirClient
Error	1376	error C2146: syntax error : missing ';' before identifier 'GetDirection'	y:\develop\github\backmir\bmclient\Common\GameRenderObject.h	312	1	BackMirClient
Error	1377	error C2433: 'GameObject::PLAYER_DIRECTION' : 'inline' not permitted on data declarations	y:\develop\github\backmir\bmclient\Common\GameRenderObject.h	312	1	BackMirClient
Error	1378	error C4430: missing type specifier - int assumed. Note: C++ does not support default-int	y:\develop\github\backmir\bmclient\Common\GameRenderObject.h	312	1	BackMirClient
Error	1379	error C4430: missing type specifier - int assumed. Note: C++ does not support default-int	y:\develop\github\backmir\bmclient\Common\GameRenderObject.h	313	1	BackMirClient
Warning	1380	warning C4183: 'GetDirection': missing return type; assumed to be a member function returning 'int'	y:\develop\github\backmir\bmclient\Common\GameRenderObject.h	315	1	BackMirClient
Error	1381	error C2061: syntax error : identifier 'PLAYER_STATUS'	y:\develop\github\backmir\bmclient\Common\GameRenderObject.h	316	1	BackMirClient
Error	1382	error C2146: syntax error : missing ';' before identifier 'GetStatus'	y:\develop\github\backmir\bmclient\Common\GameRenderObject.h	326	1	BackMirClient
Error	1383	error C2433: 'GameObject::PLAYER_STATUS' : 'inline' not permitted on data declarations	y:\develop\github\backmir\bmclient\Common\GameRenderObject.h	326	1	BackMirClient
Error	1384	error C4430: missing type specifier - int assumed. Note: C++ does not support default-int	y:\develop\github\backmir\bmclient\Common\GameRenderObject.h	326	1	BackMirClient
Error	1385	error C4430: missing type specifier - int assumed. Note: C++ does not support default-int	y:\develop\github\backmir\bmclient\Common\GameRenderObject.h	327	1	BackMirClient
Warning	1386	warning C4183: 'GetStatus': missing return type; assumed to be a member function returning 'int'	y:\develop\github\backmir\bmclient\Common\GameRenderObject.h	329	1	BackMirClient
Error	1387	error C2146: syntax error : missing ';' before identifier 'GetPreStatus'	y:\develop\github\backmir\bmclient\Common\GameRenderObject.h	330	1	BackMirClient
Error	1388	error C2433: 'GameObject::PLAYER_STATUS' : 'inline' not permitted on data declarations	y:\develop\github\backmir\bmclient\Common\GameRenderObject.h	330	1	BackMirClient
Error	1389	error C4430: missing type specifier - int assumed. Note: C++ does not support default-int	y:\develop\github\backmir\bmclient\Common\GameRenderObject.h	330	1	BackMirClient
Error	1390	error C4430: missing type specifier - int assumed. Note: C++ does not support default-int	y:\develop\github\backmir\bmclient\Common\GameRenderObject.h	331	1	BackMirClient
Warning	1391	warning C4183: 'GetPreStatus': missing return type; assumed to be a member function returning 'int'	y:\develop\github\backmir\bmclient\Common\GameRenderObject.h	333	1	BackMirClient
Error	1392	error C2061: syntax error : identifier 'PLAYER_SEX'	y:\develop\github\backmir\bmclient\Common\GameRenderObject.h	354	1	BackMirClient
Error	1393	error C2146: syntax error : missing ';' before identifier 'GetPlayerSex'	y:\develop\github\backmir\bmclient\Common\GameRenderObject.h	358	1	BackMirClient
Error	1394	error C2433: 'GameObject::PLAYER_SEX' : 'inline' not permitted on data declarations	y:\develop\github\backmir\bmclient\Common\GameRenderObject.h	358	1	BackMirClient
Error	1395	error C4430: missing type specifier - int assumed. Note: C++ does not support default-int	y:\develop\github\backmir\bmclient\Common\GameRenderObject.h	358	1	BackMirClient
Error	1396	error C4430: missing type specifier - int assumed. Note: C++ does not support default-int	y:\develop\github\backmir\bmclient\Common\GameRenderObject.h	359	1	BackMirClient
Warning	1397	warning C4183: 'GetPlayerSex': missing return type; assumed to be a member function returning 'int'	y:\develop\github\backmir\bmclient\Common\GameRenderObject.h	361	1	BackMirClient
Error	1398	error C4430: missing type specifier - int assumed. Note: C++ does not support default-int	y:\develop\github\backmir\bmclient\Common\GameRenderObject.h	503	1	BackMirClient
Error	1399	error C2143: syntax error : missing ',' before '&'	y:\develop\github\backmir\bmclient\Common\GameRenderObject.h	503	1	BackMirClient
Error	1400	error C4430: missing type specifier - int assumed. Note: C++ does not support default-int	y:\develop\github\backmir\bmclient\Common\GameRenderObject.h	504	1	BackMirClient
Error	1401	error C2143: syntax error : missing ',' before '&'	y:\develop\github\backmir\bmclient\Common\GameRenderObject.h	504	1	BackMirClient
Error	1402	error C2535: 'void GameObject::DoPacket(const int)' : member function already defined or declared	y:\develop\github\backmir\bmclient\Common\GameRenderObject.h	504	1	BackMirClient
Error	1403	error C4430: missing type specifier - int assumed. Note: C++ does not support default-int	y:\develop\github\backmir\bmclient\Common\GameRenderObject.h	505	1	BackMirClient
Error	1404	error C2143: syntax error : missing ',' before '&'	y:\develop\github\backmir\bmclient\Common\GameRenderObject.h	505	1	BackMirClient
Error	1405	error C2535: 'void GameObject::DoPacket(const int)' : member function already defined or declared	y:\develop\github\backmir\bmclient\Common\GameRenderObject.h	505	1	BackMirClient
Error	1406	error C2061: syntax error : identifier 'PLAYER_STATUS'	y:\develop\github\backmir\bmclient\Common\GameRenderObject.h	513	1	BackMirClient
Error	1407	error C2146: syntax error : missing ';' before identifier 'm_drt'	y:\develop\github\backmir\bmclient\Common\GameRenderObject.h	554	1	BackMirClient
Error	1408	error C4430: missing type specifier - int assumed. Note: C++ does not support default-int	y:\develop\github\backmir\bmclient\Common\GameRenderObject.h	554	1	BackMirClient
Error	1409	error C2146: syntax error : missing ';' before identifier 'm_sex'	y:\develop\github\backmir\bmclient\Common\GameRenderObject.h	555	1	BackMirClient
Error	1410	error C4430: missing type specifier - int assumed. Note: C++ does not support default-int	y:\develop\github\backmir\bmclient\Common\GameRenderObject.h	555	1	BackMirClient
Error	1411	error C2146: syntax error : missing ';' before identifier 'm_stat'	y:\develop\github\backmir\bmclient\Common\GameRenderObject.h	556	1	BackMirClient
Error	1412	error C4430: missing type specifier - int assumed. Note: C++ does not support default-int	y:\develop\github\backmir\bmclient\Common\GameRenderObject.h	556	1	BackMirClient
Error	1413	error C2146: syntax error : missing ';' before identifier 'm_preStat'	y:\develop\github\backmir\bmclient\Common\GameRenderObject.h	557	1	BackMirClient
Error	1414	error C4430: missing type specifier - int assumed. Note: C++ does not support default-int	y:\develop\github\backmir\bmclient\Common\GameRenderObject.h	557	1	BackMirClient
Error	1415	error C2065: 'm_drt' : undeclared identifier	y:\develop\github\backmir\bmclient\Common\GameRenderObject.h	253	1	BackMirClient
Error	1416	error C2065: 'PDT_DOWN' : undeclared identifier	y:\develop\github\backmir\bmclient\Common\GameRenderObject.h	253	1	BackMirClient
Error	1417	error C2065: 'm_sex' : undeclared identifier	y:\develop\github\backmir\bmclient\Common\GameRenderObject.h	254	1	BackMirClient
Error	1418	error C2065: 'PSX_MAN' : undeclared identifier	y:\develop\github\backmir\bmclient\Common\GameRenderObject.h	254	1	BackMirClient
Error	1419	error C2065: 'm_preStat' : undeclared identifier	y:\develop\github\backmir\bmclient\Common\GameRenderObject.h	255	1	BackMirClient
Error	1420	error C2065: 'm_stat' : undeclared identifier	y:\develop\github\backmir\bmclient\Common\GameRenderObject.h	255	1	BackMirClient
Error	1421	error C2065: 'PST_STAND' : undeclared identifier	y:\develop\github\backmir\bmclient\Common\GameRenderObject.h	255	1	BackMirClient
Error	1422	error C2065: 'm_drt' : undeclared identifier	y:\develop\github\backmir\bmclient\Common\GameRenderObject.h	310	1	BackMirClient
Error	1423	error C2065: '_pd' : undeclared identifier	y:\develop\github\backmir\bmclient\Common\GameRenderObject.h	310	1	BackMirClient
Error	1424	error C2065: 'm_drt' : undeclared identifier	y:\develop\github\backmir\bmclient\Common\GameRenderObject.h	314	1	BackMirClient
Error	1425	error C2065: 'm_stat' : undeclared identifier	y:\develop\github\backmir\bmclient\Common\GameRenderObject.h	318	1	BackMirClient
Error	1426	error C2065: '_ps' : undeclared identifier	y:\develop\github\backmir\bmclient\Common\GameRenderObject.h	318	1	BackMirClient
Error	1427	error C2065: '_ps' : undeclared identifier	y:\develop\github\backmir\bmclient\Common\GameRenderObject.h	320	1	BackMirClient
Error	1428	error C2065: 'PST_STAND' : undeclared identifier	y:\develop\github\backmir\bmclient\Common\GameRenderObject.h	320	1	BackMirClient
Error	1429	error C2065: '_ps' : undeclared identifier	y:\develop\github\backmir\bmclient\Common\GameRenderObject.h	324	1	BackMirClient
Error	1430	error C2065: 'm_stat' : undeclared identifier	y:\develop\github\backmir\bmclient\Common\GameRenderObject.h	328	1	BackMirClient
Error	1431	error C2065: 'm_preStat' : undeclared identifier	y:\develop\github\backmir\bmclient\Common\GameRenderObject.h	332	1	BackMirClient
Error	1432	error C2065: 'm_sex' : undeclared identifier	y:\develop\github\backmir\bmclient\Common\GameRenderObject.h	356	1	BackMirClient
Error	1433	error C2065: '_ps' : undeclared identifier	y:\develop\github\backmir\bmclient\Common\GameRenderObject.h	356	1	BackMirClient
Error	1434	error C2065: 'm_sex' : undeclared identifier	y:\develop\github\backmir\bmclient\Common\GameRenderObject.h	360	1	BackMirClient
Error	1435	error C2065: 'PST_DEAD' : undeclared identifier	y:\develop\github\backmir\bmclient\Common\GameRenderObject.h	429	1	BackMirClient
Error	1436	error C2065: 'MEFF_USERTOTAL' : undeclared identifier	y:\develop\github\backmir\bmclient\GameScene\MagicEffect.h	8	1	BackMirClient
Error	1437	error C2061: syntax error : identifier 'PLAYER_STATUS'	y:\develop\github\backmir\bmclient\gamescene\GameOtherPlayer.h	29	1	BackMirClient
Error	1438	error C2061: syntax error : identifier 'PLAYER_ITEM_TYPE'	y:\develop\github\backmir\bmclient\gamescene\GameOtherPlayer.h	46	1	BackMirClient
Error	1439	error C2535: 'ItemAttrib *GameOtherPlayer::GetPlayerItem(void)' : member function already defined or declared	y:\develop\github\backmir\bmclient\gamescene\GameOtherPlayer.h	47	1	BackMirClient
Error	1440	error C2061: syntax error : identifier 'MAGICEFFECT_TYPE'	y:\develop\github\backmir\bmclient\gamescene\GameOtherPlayer.h	52	1	BackMirClient
Error	1441	error C2061: syntax error : identifier 'MAGICEFFECT_TYPE'	y:\develop\github\backmir\bmclient\gamescene\GameOtherPlayer.h	53	1	BackMirClient
Error	1442	error C4430: missing type specifier - int assumed. Note: C++ does not support default-int	y:\develop\github\backmir\bmclient\gamescene\GameOtherPlayer.h	157	1	BackMirClient
Error	1443	error C2143: syntax error : missing ',' before '&'	y:\develop\github\backmir\bmclient\gamescene\GameOtherPlayer.h	157	1	BackMirClient
Error	1444	error C4430: missing type specifier - int assumed. Note: C++ does not support default-int	y:\develop\github\backmir\bmclient\gamescene\GameOtherPlayer.h	201	1	BackMirClient
Error	1445	error C2143: syntax error : missing ',' before '&'	y:\develop\github\backmir\bmclient\gamescene\GameOtherPlayer.h	201	1	BackMirClient
Error	1446	error C2535: 'void GameOtherPlayer::DoPacket(const int)' : member function already defined or declared	y:\develop\github\backmir\bmclient\gamescene\GameOtherPlayer.h	201	1	BackMirClient
Error	1447	error C2065: 'PLAYER_ITEM_TOTAL' : undeclared identifier	y:\develop\github\backmir\bmclient\gamescene\GameOtherPlayer.h	215	1	BackMirClient
Error	1448	error C2146: syntax error : missing ';' before identifier 'm_eEffect'	y:\develop\github\backmir\bmclient\gamescene\GameOtherPlayer.h	228	1	BackMirClient
Error	1449	error C4430: missing type specifier - int assumed. Note: C++ does not support default-int	y:\develop\github\backmir\bmclient\gamescene\GameOtherPlayer.h	228	1	BackMirClient
Error	1450	error C2065: 'MAGICEFFECT_TOTAL' : undeclared identifier	y:\develop\github\backmir\bmclient\gamescene\GameOtherPlayer.h	228	1	BackMirClient
Error	1451	error C2065: '_type' : undeclared identifier	y:\develop\github\backmir\bmclient\gamescene\GameOtherPlayer.h	48	1	BackMirClient
Warning	1452	warning C4819: The file contains a character that cannot be represented in the current code page (936). Save the file in Unicode format to prevent data loss	y:\develop\github\backmir\CommonModule\ShareDefine.h	1	1	BackMirClient
Error	1453	error C2365: 'RES_ITEMS' : redefinition; previous definition was 'enumerator'	y:\develop\github\backmir\CommonModule\ShareDefine.h	79	1	BackMirClient
Error	1454	error C2365: 'RES_STATUS' : redefinition; previous definition was 'enumerator'	y:\develop\github\backmir\CommonModule\ShareDefine.h	80	1	BackMirClient
Error	1455	error C2365: 'RES_CUSTOM' : redefinition; previous definition was 'enumerator'	y:\develop\github\backmir\CommonModule\ShareDefine.h	81	1	BackMirClient
Error	1456	error C2365: 'RES_TOTAL' : redefinition; previous definition was 'enumerator'	y:\develop\github\backmir\CommonModule\ShareDefine.h	82	1	BackMirClient
Warning	1457	warning C4819: The file contains a character that cannot be represented in the current code page (936). Save the file in Unicode format to prevent data loss	y:\develop\github\backmir\CommonModule\RandGenerator.h	1	1	BackMirClient
Warning	1458	warning C4819: The file contains a character that cannot be represented in the current code page (936). Save the file in Unicode format to prevent data loss	y:\develop\github\backmir\CommonModule\CollDownController.h	1	1	BackMirClient
Error	1459	error C2061: syntax error : identifier 'PLAYER_DIRECTION'	y:\develop\github\backmir\bmclient\gamescene\GamePlayer.h	57	1	BackMirClient
Error	1460	error C2061: syntax error : identifier 'PLAYER_DIRECTION'	y:\develop\github\backmir\bmclient\gamescene\GamePlayer.h	58	1	BackMirClient
Error	1461	error C2143: syntax error : missing ';' before '*'	y:\develop\github\backmir\bmclient\gamescene\GamePlayer.h	73	1	BackMirClient
Error	1462	error C4430: missing type specifier - int assumed. Note: C++ does not support default-int	y:\develop\github\backmir\bmclient\gamescene\GamePlayer.h	73	1	BackMirClient
Error	1463	error C4430: missing type specifier - int assumed. Note: C++ does not support default-int	y:\develop\github\backmir\bmclient\gamescene\GamePlayer.h	74	1	BackMirClient
Warning	1464	warning C4183: 'GetEquip': missing return type; assumed to be a member function returning 'int'	y:\develop\github\backmir\bmclient\gamescene\GamePlayer.h	76	1	BackMirClient
Error	1465	error C2146: syntax error : missing ';' before identifier 'm_equipAttrib'	y:\develop\github\backmir\bmclient\gamescene\GamePlayer.h	350	1	BackMirClient
Error	1466	error C4430: missing type specifier - int assumed. Note: C++ does not support default-int	y:\develop\github\backmir\bmclient\gamescene\GamePlayer.h	350	1	BackMirClient
Error	1467	error C2146: syntax error : missing ';' before identifier 'm_indexs'	y:\develop\github\backmir\bmclient\gamescene\GamePlayer.h	361	1	BackMirClient
Error	1468	error C4430: missing type specifier - int assumed. Note: C++ does not support default-int	y:\develop\github\backmir\bmclient\gamescene\GamePlayer.h	361	1	BackMirClient
Error	1469	error C2065: 'ADD_NORMAL' : undeclared identifier	y:\develop\github\backmir\bmclient\gamescene\GamePlayer.h	182	1	BackMirClient
Error	1470	error C2065: 'ADD_NORMAL' : undeclared identifier	y:\develop\github\backmir\bmclient\gamescene\GamePlayer.h	183	1	BackMirClient
Error	1471	error C2065: 'm_equipAttrib' : undeclared identifier	y:\develop\github\backmir\bmclient\gamescene\GamePlayer.h	75	1	BackMirClient
Error	1472	error C2065: 'PST_NONE' : undeclared identifier	y:\develop\github\backmir\bmclient\gamescene\GamePlayer.h	84	1	BackMirClient
Error	1473	error C2065: 'g_nWanLiTable' : undeclared identifier	y:\develop\github\backmir\bmclient\gamescene\GamePlayer.h	135	1	BackMirClient
Error	1474	error C2146: syntax error : missing ';' before identifier 'm_xShowItems'	y:\develop\github\backmir\bmclient\GameScene\GameMapManager.h	137	1	BackMirClient
Error	1475	error C4430: missing type specifier - int assumed. Note: C++ does not support default-int	y:\develop\github\backmir\bmclient\GameScene\GameMapManager.h	137	1	BackMirClient
Error	1476	error C2146: syntax error : missing ';' before identifier 'm_xMouseItems'	y:\develop\github\backmir\bmclient\GameScene\GameMapManager.h	138	1	BackMirClient
Error	1477	error C4430: missing type specifier - int assumed. Note: C++ does not support default-int	y:\develop\github\backmir\bmclient\GameScene\GameMapManager.h	138	1	BackMirClient
Error	1478	error C2065: 'm_xMouseItems' : undeclared identifier	y:\develop\github\backmir\bmclient\GameScene\GameMapManager.h	80	1	BackMirClient
Error	1479	error C2228: left of '.push_back' must have class/struct/union	y:\develop\github\backmir\bmclient\GameScene\GameMapManager.h	80	1	BackMirClient
Error	1480	error C1083: Cannot open include file: 'FastDelegateBind.h': No such file or directory	y:\develop\github\backmir\bmclient\GameDialog\GameCommonDlg.h	9	1	BackMirClient
Warning	1481	warning C4819: The file contains a character that cannot be represented in the current code page (936). Save the file in Unicode format to prevent data loss	y:\develop\github\backmir\bmclient\Common\GlobalDefine.h	1	1	BackMirClient
Error	1482	error C2447: '{' : missing function header (old-style formal list?)	y:\develop\github\backmir\bmclient\Common\GlobalDefine.h	91	1	BackMirClient
Error	1483	error C2447: '{' : missing function header (old-style formal list?)	y:\develop\github\backmir\bmclient\Common\GlobalDefine.h	103	1	BackMirClient
Error	1484	error C2447: '{' : missing function header (old-style formal list?)	y:\develop\github\backmir\bmclient\Common\GlobalDefine.h	128	1	BackMirClient
Error	1485	error C2146: syntax error : missing ';' before identifier 'GetAngle'	y:\develop\github\backmir\bmclient\Common\GlobalFunction.h	26	1	BackMirClient
Error	1486	error C4430: missing type specifier - int assumed. Note: C++ does not support default-int	y:\develop\github\backmir\bmclient\Common\GlobalFunction.h	26	1	BackMirClient
Error	1487	error C4430: missing type specifier - int assumed. Note: C++ does not support default-int	y:\develop\github\backmir\bmclient\net\PacketHandler.h	71	1	BackMirClient
Error	1488	error C2143: syntax error : missing ',' before '&'	y:\develop\github\backmir\bmclient\net\PacketHandler.h	71	1	BackMirClient
Warning	1489	warning C4819: The file contains a character that cannot be represented in the current code page (936). Save the file in Unicode format to prevent data loss	y:\develop\github\backmir\CommonModule\MagicEffectID.h	1	1	BackMirClient
Error	1490	error C2061: syntax error : identifier 'PLAYER_DIRECTION'	y:\develop\github\backmir\bmclient\Common\GameRenderObject.h	308	1	BackMirClient
Error	1491	error C2146: syntax error : missing ';' before identifier 'GetDirection'	y:\develop\github\backmir\bmclient\Common\GameRenderObject.h	312	1	BackMirClient
Error	1492	error C2433: 'GameObject::PLAYER_DIRECTION' : 'inline' not permitted on data declarations	y:\develop\github\backmir\bmclient\Common\GameRenderObject.h	312	1	BackMirClient
Error	1493	error C4430: missing type specifier - int assumed. Note: C++ does not support default-int	y:\develop\github\backmir\bmclient\Common\GameRenderObject.h	312	1	BackMirClient
Error	1494	error C4430: missing type specifier - int assumed. Note: C++ does not support default-int	y:\develop\github\backmir\bmclient\Common\GameRenderObject.h	313	1	BackMirClient
Warning	1495	warning C4183: 'GetDirection': missing return type; assumed to be a member function returning 'int'	y:\develop\github\backmir\bmclient\Common\GameRenderObject.h	315	1	BackMirClient
Error	1496	error C2061: syntax error : identifier 'PLAYER_STATUS'	y:\develop\github\backmir\bmclient\Common\GameRenderObject.h	316	1	BackMirClient
Error	1497	error C2146: syntax error : missing ';' before identifier 'GetStatus'	y:\develop\github\backmir\bmclient\Common\GameRenderObject.h	326	1	BackMirClient
Error	1498	error C2433: 'GameObject::PLAYER_STATUS' : 'inline' not permitted on data declarations	y:\develop\github\backmir\bmclient\Common\GameRenderObject.h	326	1	BackMirClient
Error	1499	error C4430: missing type specifier - int assumed. Note: C++ does not support default-int	y:\develop\github\backmir\bmclient\Common\GameRenderObject.h	326	1	BackMirClient
Error	1500	error C4430: missing type specifier - int assumed. Note: C++ does not support default-int	y:\develop\github\backmir\bmclient\Common\GameRenderObject.h	327	1	BackMirClient
Warning	1501	warning C4183: 'GetStatus': missing return type; assumed to be a member function returning 'int'	y:\develop\github\backmir\bmclient\Common\GameRenderObject.h	329	1	BackMirClient
Error	1502	error C2146: syntax error : missing ';' before identifier 'GetPreStatus'	y:\develop\github\backmir\bmclient\Common\GameRenderObject.h	330	1	BackMirClient
Error	1503	error C2433: 'GameObject::PLAYER_STATUS' : 'inline' not permitted on data declarations	y:\develop\github\backmir\bmclient\Common\GameRenderObject.h	330	1	BackMirClient
Error	1504	error C4430: missing type specifier - int assumed. Note: C++ does not support default-int	y:\develop\github\backmir\bmclient\Common\GameRenderObject.h	330	1	BackMirClient
Error	1505	error C4430: missing type specifier - int assumed. Note: C++ does not support default-int	y:\develop\github\backmir\bmclient\Common\GameRenderObject.h	331	1	BackMirClient
Warning	1506	warning C4183: 'GetPreStatus': missing return type; assumed to be a member function returning 'int'	y:\develop\github\backmir\bmclient\Common\GameRenderObject.h	333	1	BackMirClient
Error	1507	error C2061: syntax error : identifier 'PLAYER_SEX'	y:\develop\github\backmir\bmclient\Common\GameRenderObject.h	354	1	BackMirClient
Error	1508	error C2146: syntax error : missing ';' before identifier 'GetPlayerSex'	y:\develop\github\backmir\bmclient\Common\GameRenderObject.h	358	1	BackMirClient
Error	1509	error C2433: 'GameObject::PLAYER_SEX' : 'inline' not permitted on data declarations	y:\develop\github\backmir\bmclient\Common\GameRenderObject.h	358	1	BackMirClient
Error	1510	error C4430: missing type specifier - int assumed. Note: C++ does not support default-int	y:\develop\github\backmir\bmclient\Common\GameRenderObject.h	358	1	BackMirClient
Error	1511	error C4430: missing type specifier - int assumed. Note: C++ does not support default-int	y:\develop\github\backmir\bmclient\Common\GameRenderObject.h	359	1	BackMirClient
Warning	1512	warning C4183: 'GetPlayerSex': missing return type; assumed to be a member function returning 'int'	y:\develop\github\backmir\bmclient\Common\GameRenderObject.h	361	1	BackMirClient
Error	1513	error C4430: missing type specifier - int assumed. Note: C++ does not support default-int	y:\develop\github\backmir\bmclient\Common\GameRenderObject.h	503	1	BackMirClient
Error	1514	error C2143: syntax error : missing ',' before '&'	y:\develop\github\backmir\bmclient\Common\GameRenderObject.h	503	1	BackMirClient
Error	1515	error C4430: missing type specifier - int assumed. Note: C++ does not support default-int	y:\develop\github\backmir\bmclient\Common\GameRenderObject.h	504	1	BackMirClient
Error	1516	error C2143: syntax error : missing ',' before '&'	y:\develop\github\backmir\bmclient\Common\GameRenderObject.h	504	1	BackMirClient
Error	1517	error C2535: 'void GameObject::DoPacket(const int)' : member function already defined or declared	y:\develop\github\backmir\bmclient\Common\GameRenderObject.h	504	1	BackMirClient
Error	1518	error C4430: missing type specifier - int assumed. Note: C++ does not support default-int	y:\develop\github\backmir\bmclient\Common\GameRenderObject.h	505	1	BackMirClient
Error	1519	error C2143: syntax error : missing ',' before '&'	y:\develop\github\backmir\bmclient\Common\GameRenderObject.h	505	1	BackMirClient
Error	1520	error C2535: 'void GameObject::DoPacket(const int)' : member function already defined or declared	y:\develop\github\backmir\bmclient\Common\GameRenderObject.h	505	1	BackMirClient
Error	1521	error C2061: syntax error : identifier 'PLAYER_STATUS'	y:\develop\github\backmir\bmclient\Common\GameRenderObject.h	513	1	BackMirClient
Error	1522	error C2146: syntax error : missing ';' before identifier 'm_drt'	y:\develop\github\backmir\bmclient\Common\GameRenderObject.h	554	1	BackMirClient
Error	1523	error C4430: missing type specifier - int assumed. Note: C++ does not support default-int	y:\develop\github\backmir\bmclient\Common\GameRenderObject.h	554	1	BackMirClient
Error	1524	error C2146: syntax error : missing ';' before identifier 'm_sex'	y:\develop\github\backmir\bmclient\Common\GameRenderObject.h	555	1	BackMirClient
Error	1525	error C4430: missing type specifier - int assumed. Note: C++ does not support default-int	y:\develop\github\backmir\bmclient\Common\GameRenderObject.h	555	1	BackMirClient
Error	1526	error C2146: syntax error : missing ';' before identifier 'm_stat'	y:\develop\github\backmir\bmclient\Common\GameRenderObject.h	556	1	BackMirClient
Error	1527	error C4430: missing type specifier - int assumed. Note: C++ does not support default-int	y:\develop\github\backmir\bmclient\Common\GameRenderObject.h	556	1	BackMirClient
Error	1528	error C2146: syntax error : missing ';' before identifier 'm_preStat'	y:\develop\github\backmir\bmclient\Common\GameRenderObject.h	557	1	BackMirClient
Error	1529	error C4430: missing type specifier - int assumed. Note: C++ does not support default-int	y:\develop\github\backmir\bmclient\Common\GameRenderObject.h	557	1	BackMirClient
Error	1530	error C2065: 'm_drt' : undeclared identifier	y:\develop\github\backmir\bmclient\Common\GameRenderObject.h	253	1	BackMirClient
Error	1531	error C2065: 'PDT_DOWN' : undeclared identifier	y:\develop\github\backmir\bmclient\Common\GameRenderObject.h	253	1	BackMirClient
Error	1532	error C2065: 'm_sex' : undeclared identifier	y:\develop\github\backmir\bmclient\Common\GameRenderObject.h	254	1	BackMirClient
Error	1533	error C2065: 'PSX_MAN' : undeclared identifier	y:\develop\github\backmir\bmclient\Common\GameRenderObject.h	254	1	BackMirClient
Error	1534	error C2065: 'm_preStat' : undeclared identifier	y:\develop\github\backmir\bmclient\Common\GameRenderObject.h	255	1	BackMirClient
Error	1535	error C2065: 'm_stat' : undeclared identifier	y:\develop\github\backmir\bmclient\Common\GameRenderObject.h	255	1	BackMirClient
Error	1536	error C2065: 'PST_STAND' : undeclared identifier	y:\develop\github\backmir\bmclient\Common\GameRenderObject.h	255	1	BackMirClient
Error	1537	error C2065: 'm_drt' : undeclared identifier	y:\develop\github\backmir\bmclient\Common\GameRenderObject.h	310	1	BackMirClient
Error	1538	error C2065: '_pd' : undeclared identifier	y:\develop\github\backmir\bmclient\Common\GameRenderObject.h	310	1	BackMirClient
Error	1539	error C2065: 'm_drt' : undeclared identifier	y:\develop\github\backmir\bmclient\Common\GameRenderObject.h	314	1	BackMirClient
Error	1540	error C2065: 'm_stat' : undeclared identifier	y:\develop\github\backmir\bmclient\Common\GameRenderObject.h	318	1	BackMirClient
Error	1541	error C2065: '_ps' : undeclared identifier	y:\develop\github\backmir\bmclient\Common\GameRenderObject.h	318	1	BackMirClient
Error	1542	error C2065: '_ps' : undeclared identifier	y:\develop\github\backmir\bmclient\Common\GameRenderObject.h	320	1	BackMirClient
Error	1543	error C2065: 'PST_STAND' : undeclared identifier	y:\develop\github\backmir\bmclient\Common\GameRenderObject.h	320	1	BackMirClient
Error	1544	error C2065: '_ps' : undeclared identifier	y:\develop\github\backmir\bmclient\Common\GameRenderObject.h	324	1	BackMirClient
Error	1545	error C2065: 'm_stat' : undeclared identifier	y:\develop\github\backmir\bmclient\Common\GameRenderObject.h	328	1	BackMirClient
Error	1546	error C2065: 'm_preStat' : undeclared identifier	y:\develop\github\backmir\bmclient\Common\GameRenderObject.h	332	1	BackMirClient
Error	1547	error C2065: 'm_sex' : undeclared identifier	y:\develop\github\backmir\bmclient\Common\GameRenderObject.h	356	1	BackMirClient
Error	1548	error C2065: '_ps' : undeclared identifier	y:\develop\github\backmir\bmclient\Common\GameRenderObject.h	356	1	BackMirClient
Error	1549	error C2065: 'm_sex' : undeclared identifier	y:\develop\github\backmir\bmclient\Common\GameRenderObject.h	360	1	BackMirClient
Error	1550	error C2065: 'PST_DEAD' : undeclared identifier	y:\develop\github\backmir\bmclient\Common\GameRenderObject.h	429	1	BackMirClient
Warning	1551	warning C4819: The file contains a character that cannot be represented in the current code page (936). Save the file in Unicode format to prevent data loss	y:\develop\github\backmir\CommonModule\ShareDefine.h	1	1	BackMirClient
Error	1552	error C2365: 'RES_ITEMS' : redefinition; previous definition was 'enumerator'	y:\develop\github\backmir\CommonModule\ShareDefine.h	79	1	BackMirClient
Error	1553	error C2365: 'RES_STATUS' : redefinition; previous definition was 'enumerator'	y:\develop\github\backmir\CommonModule\ShareDefine.h	80	1	BackMirClient
Error	1554	error C2365: 'RES_CUSTOM' : redefinition; previous definition was 'enumerator'	y:\develop\github\backmir\CommonModule\ShareDefine.h	81	1	BackMirClient
Error	1555	error C2365: 'RES_TOTAL' : redefinition; previous definition was 'enumerator'	y:\develop\github\backmir\CommonModule\ShareDefine.h	82	1	BackMirClient
Error	1556	error C2065: 'MEFF_USERTOTAL' : undeclared identifier	y:\develop\github\backmir\bmclient\GameScene\MagicEffect.h	8	1	BackMirClient
Error	1557	error C2061: syntax error : identifier 'PLAYER_STATUS'	y:\develop\github\backmir\bmclient\gamescene\GameOtherPlayer.h	29	1	BackMirClient
Error	1558	error C2061: syntax error : identifier 'MAGICEFFECT_TYPE'	y:\develop\github\backmir\bmclient\gamescene\GameOtherPlayer.h	52	1	BackMirClient
Error	1559	error C2061: syntax error : identifier 'MAGICEFFECT_TYPE'	y:\develop\github\backmir\bmclient\gamescene\GameOtherPlayer.h	53	1	BackMirClient
Error	1560	error C4430: missing type specifier - int assumed. Note: C++ does not support default-int	y:\develop\github\backmir\bmclient\gamescene\GameOtherPlayer.h	157	1	BackMirClient
Error	1561	error C2143: syntax error : missing ',' before '&'	y:\develop\github\backmir\bmclient\gamescene\GameOtherPlayer.h	157	1	BackMirClient
Error	1562	error C4430: missing type specifier - int assumed. Note: C++ does not support default-int	y:\develop\github\backmir\bmclient\gamescene\GameOtherPlayer.h	201	1	BackMirClient
Error	1563	error C2143: syntax error : missing ',' before '&'	y:\develop\github\backmir\bmclient\gamescene\GameOtherPlayer.h	201	1	BackMirClient
Error	1564	error C2535: 'void GameOtherPlayer::DoPacket(const int)' : member function already defined or declared	y:\develop\github\backmir\bmclient\gamescene\GameOtherPlayer.h	201	1	BackMirClient
Error	1565	error C2146: syntax error : missing ';' before identifier 'm_eEffect'	y:\develop\github\backmir\bmclient\gamescene\GameOtherPlayer.h	228	1	BackMirClient
Error	1566	error C4430: missing type specifier - int assumed. Note: C++ does not support default-int	y:\develop\github\backmir\bmclient\gamescene\GameOtherPlayer.h	228	1	BackMirClient
Error	1567	error C2065: 'MAGICEFFECT_TOTAL' : undeclared identifier	y:\develop\github\backmir\bmclient\gamescene\GameOtherPlayer.h	228	1	BackMirClient
Warning	1568	warning C4819: The file contains a character that cannot be represented in the current code page (936). Save the file in Unicode format to prevent data loss	y:\develop\github\backmir\CommonModule\RandGenerator.h	1	1	BackMirClient
Warning	1569	warning C4819: The file contains a character that cannot be represented in the current code page (936). Save the file in Unicode format to prevent data loss	y:\develop\github\backmir\CommonModule\CollDownController.h	1	1	BackMirClient
Error	1570	error C2061: syntax error : identifier 'PLAYER_DIRECTION'	y:\develop\github\backmir\bmclient\gamescene\GamePlayer.h	57	1	BackMirClient
Error	1571	error C2061: syntax error : identifier 'PLAYER_DIRECTION'	y:\develop\github\backmir\bmclient\gamescene\GamePlayer.h	58	1	BackMirClient
Error	1572	error C2143: syntax error : missing ';' before '*'	y:\develop\github\backmir\bmclient\gamescene\GamePlayer.h	73	1	BackMirClient
Error	1573	error C4430: missing type specifier - int assumed. Note: C++ does not support default-int	y:\develop\github\backmir\bmclient\gamescene\GamePlayer.h	73	1	BackMirClient
Error	1574	error C4430: missing type specifier - int assumed. Note: C++ does not support default-int	y:\develop\github\backmir\bmclient\gamescene\GamePlayer.h	74	1	BackMirClient
Warning	1575	warning C4183: 'GetEquip': missing return type; assumed to be a member function returning 'int'	y:\develop\github\backmir\bmclient\gamescene\GamePlayer.h	76	1	BackMirClient
Error	1576	error C2146: syntax error : missing ';' before identifier 'm_equipAttrib'	y:\develop\github\backmir\bmclient\gamescene\GamePlayer.h	350	1	BackMirClient
Error	1577	error C4430: missing type specifier - int assumed. Note: C++ does not support default-int	y:\develop\github\backmir\bmclient\gamescene\GamePlayer.h	350	1	BackMirClient
Error	1578	error C2146: syntax error : missing ';' before identifier 'm_indexs'	y:\develop\github\backmir\bmclient\gamescene\GamePlayer.h	361	1	BackMirClient
Error	1579	error C4430: missing type specifier - int assumed. Note: C++ does not support default-int	y:\develop\github\backmir\bmclient\gamescene\GamePlayer.h	361	1	BackMirClient
Error	1580	error C2065: 'ADD_NORMAL' : undeclared identifier	y:\develop\github\backmir\bmclient\gamescene\GamePlayer.h	182	1	BackMirClient
Error	1581	error C2065: 'ADD_NORMAL' : undeclared identifier	y:\develop\github\backmir\bmclient\gamescene\GamePlayer.h	183	1	BackMirClient
Error	1582	error C2065: 'm_equipAttrib' : undeclared identifier	y:\develop\github\backmir\bmclient\gamescene\GamePlayer.h	75	1	BackMirClient
Error	1583	error C2065: 'PST_NONE' : undeclared identifier	y:\develop\github\backmir\bmclient\gamescene\GamePlayer.h	84	1	BackMirClient
Error	1584	error C2065: 'g_nWanLiTable' : undeclared identifier	y:\develop\github\backmir\bmclient\gamescene\GamePlayer.h	135	1	BackMirClient
Error	1585	error C2146: syntax error : missing ';' before identifier 'm_xShowItems'	y:\develop\github\backmir\bmclient\GameScene\GameMapManager.h	137	1	BackMirClient
Error	1586	error C4430: missing type specifier - int assumed. Note: C++ does not support default-int	y:\develop\github\backmir\bmclient\GameScene\GameMapManager.h	137	1	BackMirClient
Error	1587	error C2146: syntax error : missing ';' before identifier 'm_xMouseItems'	y:\develop\github\backmir\bmclient\GameScene\GameMapManager.h	138	1	BackMirClient
Error	1588	error C4430: missing type specifier - int assumed. Note: C++ does not support default-int	y:\develop\github\backmir\bmclient\GameScene\GameMapManager.h	138	1	BackMirClient
Error	1589	error C2065: 'm_xMouseItems' : undeclared identifier	y:\develop\github\backmir\bmclient\GameScene\GameMapManager.h	80	1	BackMirClient
Error	1590	error C2228: left of '.push_back' must have class/struct/union	y:\develop\github\backmir\bmclient\GameScene\GameMapManager.h	80	1	BackMirClient
Error	1591	error C1083: Cannot open include file: 'FastDelegateBind.h': No such file or directory	y:\develop\github\backmir\bmclient\GameDialog\GameCommonDlg.h	9	1	BackMirClient
Warning	1592	warning C4819: The file contains a character that cannot be represented in the current code page (936). Save the file in Unicode format to prevent data loss	y:\develop\github\backmir\bmclient\Common\GlobalDefine.h	1	1	BackMirClient
Error	1593	error C2447: '{' : missing function header (old-style formal list?)	y:\develop\github\backmir\bmclient\Common\GlobalDefine.h	91	1	BackMirClient
Error	1594	error C2447: '{' : missing function header (old-style formal list?)	y:\develop\github\backmir\bmclient\Common\GlobalDefine.h	103	1	BackMirClient
Error	1595	error C2447: '{' : missing function header (old-style formal list?)	y:\develop\github\backmir\bmclient\Common\GlobalDefine.h	128	1	BackMirClient
Error	1596	error C2146: syntax error : missing ';' before identifier 'GetAngle'	y:\develop\github\backmir\bmclient\Common\GlobalFunction.h	26	1	BackMirClient
Error	1597	error C4430: missing type specifier - int assumed. Note: C++ does not support default-int	y:\develop\github\backmir\bmclient\Common\GlobalFunction.h	26	1	BackMirClient
Error	1598	error C4430: missing type specifier - int assumed. Note: C++ does not support default-int	y:\develop\github\backmir\bmclient\net\PacketHandler.h	71	1	BackMirClient
Error	1599	error C2143: syntax error : missing ',' before '&'	y:\develop\github\backmir\bmclient\net\PacketHandler.h	71	1	BackMirClient
Warning	1600	warning C4819: The file contains a character that cannot be represented in the current code page (936). Save the file in Unicode format to prevent data loss	y:\develop\github\backmir\CommonModule\MagicEffectID.h	1	1	BackMirClient
Error	1601	error C2061: syntax error : identifier 'PLAYER_DIRECTION'	y:\develop\github\backmir\bmclient\Common\GameRenderObject.h	308	1	BackMirClient
Error	1602	error C2146: syntax error : missing ';' before identifier 'GetDirection'	y:\develop\github\backmir\bmclient\Common\GameRenderObject.h	312	1	BackMirClient
Error	1603	error C2433: 'GameObject::PLAYER_DIRECTION' : 'inline' not permitted on data declarations	y:\develop\github\backmir\bmclient\Common\GameRenderObject.h	312	1	BackMirClient
Error	1604	error C4430: missing type specifier - int assumed. Note: C++ does not support default-int	y:\develop\github\backmir\bmclient\Common\GameRenderObject.h	312	1	BackMirClient
Error	1605	error C4430: missing type specifier - int assumed. Note: C++ does not support default-int	y:\develop\github\backmir\bmclient\Common\GameRenderObject.h	313	1	BackMirClient
Warning	1606	warning C4183: 'GetDirection': missing return type; assumed to be a member function returning 'int'	y:\develop\github\backmir\bmclient\Common\GameRenderObject.h	315	1	BackMirClient
Error	1607	error C2061: syntax error : identifier 'PLAYER_STATUS'	y:\develop\github\backmir\bmclient\Common\GameRenderObject.h	316	1	BackMirClient
Error	1608	error C2146: syntax error : missing ';' before identifier 'GetStatus'	y:\develop\github\backmir\bmclient\Common\GameRenderObject.h	326	1	BackMirClient
Error	1609	error C2433: 'GameObject::PLAYER_STATUS' : 'inline' not permitted on data declarations	y:\develop\github\backmir\bmclient\Common\GameRenderObject.h	326	1	BackMirClient
Error	1610	error C4430: missing type specifier - int assumed. Note: C++ does not support default-int	y:\develop\github\backmir\bmclient\Common\GameRenderObject.h	326	1	BackMirClient
Error	1611	error C4430: missing type specifier - int assumed. Note: C++ does not support default-int	y:\develop\github\backmir\bmclient\Common\GameRenderObject.h	327	1	BackMirClient
Warning	1612	warning C4183: 'GetStatus': missing return type; assumed to be a member function returning 'int'	y:\develop\github\backmir\bmclient\Common\GameRenderObject.h	329	1	BackMirClient
Error	1613	error C2146: syntax error : missing ';' before identifier 'GetPreStatus'	y:\develop\github\backmir\bmclient\Common\GameRenderObject.h	330	1	BackMirClient
Error	1614	error C2433: 'GameObject::PLAYER_STATUS' : 'inline' not permitted on data declarations	y:\develop\github\backmir\bmclient\Common\GameRenderObject.h	330	1	BackMirClient
Error	1615	error C4430: missing type specifier - int assumed. Note: C++ does not support default-int	y:\develop\github\backmir\bmclient\Common\GameRenderObject.h	330	1	BackMirClient
Error	1616	error C4430: missing type specifier - int assumed. Note: C++ does not support default-int	y:\develop\github\backmir\bmclient\Common\GameRenderObject.h	331	1	BackMirClient
Warning	1617	warning C4183: 'GetPreStatus': missing return type; assumed to be a member function returning 'int'	y:\develop\github\backmir\bmclient\Common\GameRenderObject.h	333	1	BackMirClient
Error	1618	error C2061: syntax error : identifier 'PLAYER_SEX'	y:\develop\github\backmir\bmclient\Common\GameRenderObject.h	354	1	BackMirClient
Error	1619	error C2146: syntax error : missing ';' before identifier 'GetPlayerSex'	y:\develop\github\backmir\bmclient\Common\GameRenderObject.h	358	1	BackMirClient
Error	1620	error C2433: 'GameObject::PLAYER_SEX' : 'inline' not permitted on data declarations	y:\develop\github\backmir\bmclient\Common\GameRenderObject.h	358	1	BackMirClient
Error	1621	error C4430: missing type specifier - int assumed. Note: C++ does not support default-int	y:\develop\github\backmir\bmclient\Common\GameRenderObject.h	358	1	BackMirClient
Error	1622	error C4430: missing type specifier - int assumed. Note: C++ does not support default-int	y:\develop\github\backmir\bmclient\Common\GameRenderObject.h	359	1	BackMirClient
Warning	1623	warning C4183: 'GetPlayerSex': missing return type; assumed to be a member function returning 'int'	y:\develop\github\backmir\bmclient\Common\GameRenderObject.h	361	1	BackMirClient
Error	1624	error C4430: missing type specifier - int assumed. Note: C++ does not support default-int	y:\develop\github\backmir\bmclient\Common\GameRenderObject.h	503	1	BackMirClient
Error	1625	error C2143: syntax error : missing ',' before '&'	y:\develop\github\backmir\bmclient\Common\GameRenderObject.h	503	1	BackMirClient
Error	1626	error C4430: missing type specifier - int assumed. Note: C++ does not support default-int	y:\develop\github\backmir\bmclient\Common\GameRenderObject.h	504	1	BackMirClient
Error	1627	error C2143: syntax error : missing ',' before '&'	y:\develop\github\backmir\bmclient\Common\GameRenderObject.h	504	1	BackMirClient
Error	1628	error C2535: 'void GameObject::DoPacket(const int)' : member function already defined or declared	y:\develop\github\backmir\bmclient\Common\GameRenderObject.h	504	1	BackMirClient
Error	1629	error C4430: missing type specifier - int assumed. Note: C++ does not support default-int	y:\develop\github\backmir\bmclient\Common\GameRenderObject.h	505	1	BackMirClient
Error	1630	error C2143: syntax error : missing ',' before '&'	y:\develop\github\backmir\bmclient\Common\GameRenderObject.h	505	1	BackMirClient
Error	1631	error C2535: 'void GameObject::DoPacket(const int)' : member function already defined or declared	y:\develop\github\backmir\bmclient\Common\GameRenderObject.h	505	1	BackMirClient
Error	1632	error C2061: syntax error : identifier 'PLAYER_STATUS'	y:\develop\github\backmir\bmclient\Common\GameRenderObject.h	513	1	BackMirClient
Error	1633	error C2146: syntax error : missing ';' before identifier 'm_drt'	y:\develop\github\backmir\bmclient\Common\GameRenderObject.h	554	1	BackMirClient
Error	1634	error C4430: missing type specifier - int assumed. Note: C++ does not support default-int	y:\develop\github\backmir\bmclient\Common\GameRenderObject.h	554	1	BackMirClient
Error	1635	error C2146: syntax error : missing ';' before identifier 'm_sex'	y:\develop\github\backmir\bmclient\Common\GameRenderObject.h	555	1	BackMirClient
Error	1636	error C4430: missing type specifier - int assumed. Note: C++ does not support default-int	y:\develop\github\backmir\bmclient\Common\GameRenderObject.h	555	1	BackMirClient
Error	1637	error C2146: syntax error : missing ';' before identifier 'm_stat'	y:\develop\github\backmir\bmclient\Common\GameRenderObject.h	556	1	BackMirClient
Error	1638	error C4430: missing type specifier - int assumed. Note: C++ does not support default-int	y:\develop\github\backmir\bmclient\Common\GameRenderObject.h	556	1	BackMirClient
Error	1639	error C2146: syntax error : missing ';' before identifier 'm_preStat'	y:\develop\github\backmir\bmclient\Common\GameRenderObject.h	557	1	BackMirClient
Error	1640	error C4430: missing type specifier - int assumed. Note: C++ does not support default-int	y:\develop\github\backmir\bmclient\Common\GameRenderObject.h	557	1	BackMirClient
Error	1641	error C2065: 'm_drt' : undeclared identifier	y:\develop\github\backmir\bmclient\Common\GameRenderObject.h	253	1	BackMirClient
Error	1642	error C2065: 'PDT_DOWN' : undeclared identifier	y:\develop\github\backmir\bmclient\Common\GameRenderObject.h	253	1	BackMirClient
Error	1643	error C2065: 'm_sex' : undeclared identifier	y:\develop\github\backmir\bmclient\Common\GameRenderObject.h	254	1	BackMirClient
Error	1644	error C2065: 'PSX_MAN' : undeclared identifier	y:\develop\github\backmir\bmclient\Common\GameRenderObject.h	254	1	BackMirClient
Error	1645	error C2065: 'm_preStat' : undeclared identifier	y:\develop\github\backmir\bmclient\Common\GameRenderObject.h	255	1	BackMirClient
Error	1646	error C2065: 'm_stat' : undeclared identifier	y:\develop\github\backmir\bmclient\Common\GameRenderObject.h	255	1	BackMirClient
Error	1647	error C2065: 'PST_STAND' : undeclared identifier	y:\develop\github\backmir\bmclient\Common\GameRenderObject.h	255	1	BackMirClient
Error	1648	error C2065: 'm_drt' : undeclared identifier	y:\develop\github\backmir\bmclient\Common\GameRenderObject.h	310	1	BackMirClient
Error	1649	error C2065: '_pd' : undeclared identifier	y:\develop\github\backmir\bmclient\Common\GameRenderObject.h	310	1	BackMirClient
Error	1650	error C2065: 'm_drt' : undeclared identifier	y:\develop\github\backmir\bmclient\Common\GameRenderObject.h	314	1	BackMirClient
Error	1651	error C2065: 'm_stat' : undeclared identifier	y:\develop\github\backmir\bmclient\Common\GameRenderObject.h	318	1	BackMirClient
Error	1652	error C2065: '_ps' : undeclared identifier	y:\develop\github\backmir\bmclient\Common\GameRenderObject.h	318	1	BackMirClient
Error	1653	error C2065: '_ps' : undeclared identifier	y:\develop\github\backmir\bmclient\Common\GameRenderObject.h	320	1	BackMirClient
Error	1654	error C2065: 'PST_STAND' : undeclared identifier	y:\develop\github\backmir\bmclient\Common\GameRenderObject.h	320	1	BackMirClient
Error	1655	error C2065: '_ps' : undeclared identifier	y:\develop\github\backmir\bmclient\Common\GameRenderObject.h	324	1	BackMirClient
Error	1656	error C2065: 'm_stat' : undeclared identifier	y:\develop\github\backmir\bmclient\Common\GameRenderObject.h	328	1	BackMirClient
Error	1657	error C2065: 'm_preStat' : undeclared identifier	y:\develop\github\backmir\bmclient\Common\GameRenderObject.h	332	1	BackMirClient
Error	1658	error C2065: 'm_sex' : undeclared identifier	y:\develop\github\backmir\bmclient\Common\GameRenderObject.h	356	1	BackMirClient
Error	1659	error C2065: '_ps' : undeclared identifier	y:\develop\github\backmir\bmclient\Common\GameRenderObject.h	356	1	BackMirClient
Error	1660	error C2065: 'm_sex' : undeclared identifier	y:\develop\github\backmir\bmclient\Common\GameRenderObject.h	360	1	BackMirClient
Error	1661	error C2065: 'PST_DEAD' : undeclared identifier	y:\develop\github\backmir\bmclient\Common\GameRenderObject.h	429	1	BackMirClient
Warning	1662	warning C4819: The file contains a character that cannot be represented in the current code page (936). Save the file in Unicode format to prevent data loss	y:\develop\github\backmir\CommonModule\ShareDefine.h	1	1	BackMirClient
Error	1663	error C2365: 'RES_ITEMS' : redefinition; previous definition was 'enumerator'	y:\develop\github\backmir\CommonModule\ShareDefine.h	79	1	BackMirClient
Error	1664	error C2365: 'RES_STATUS' : redefinition; previous definition was 'enumerator'	y:\develop\github\backmir\CommonModule\ShareDefine.h	80	1	BackMirClient
Error	1665	error C2365: 'RES_CUSTOM' : redefinition; previous definition was 'enumerator'	y:\develop\github\backmir\CommonModule\ShareDefine.h	81	1	BackMirClient
Error	1666	error C2365: 'RES_TOTAL' : redefinition; previous definition was 'enumerator'	y:\develop\github\backmir\CommonModule\ShareDefine.h	82	1	BackMirClient
Error	1667	error C2065: 'MEFF_USERTOTAL' : undeclared identifier	y:\develop\github\backmir\bmclient\GameScene\MagicEffect.h	8	1	BackMirClient
Error	1668	error C2061: syntax error : identifier 'PLAYER_STATUS'	y:\develop\github\backmir\bmclient\gamescene\GameOtherPlayer.h	29	1	BackMirClient
Error	1669	error C2061: syntax error : identifier 'MAGICEFFECT_TYPE'	y:\develop\github\backmir\bmclient\gamescene\GameOtherPlayer.h	52	1	BackMirClient
Error	1670	error C2061: syntax error : identifier 'MAGICEFFECT_TYPE'	y:\develop\github\backmir\bmclient\gamescene\GameOtherPlayer.h	53	1	BackMirClient
Error	1671	error C4430: missing type specifier - int assumed. Note: C++ does not support default-int	y:\develop\github\backmir\bmclient\gamescene\GameOtherPlayer.h	157	1	BackMirClient
Error	1672	error C2143: syntax error : missing ',' before '&'	y:\develop\github\backmir\bmclient\gamescene\GameOtherPlayer.h	157	1	BackMirClient
Error	1673	error C4430: missing type specifier - int assumed. Note: C++ does not support default-int	y:\develop\github\backmir\bmclient\gamescene\GameOtherPlayer.h	201	1	BackMirClient
Error	1674	error C2143: syntax error : missing ',' before '&'	y:\develop\github\backmir\bmclient\gamescene\GameOtherPlayer.h	201	1	BackMirClient
Error	1675	error C2535: 'void GameOtherPlayer::DoPacket(const int)' : member function already defined or declared	y:\develop\github\backmir\bmclient\gamescene\GameOtherPlayer.h	201	1	BackMirClient
Error	1676	error C2146: syntax error : missing ';' before identifier 'm_eEffect'	y:\develop\github\backmir\bmclient\gamescene\GameOtherPlayer.h	228	1	BackMirClient
Error	1677	error C4430: missing type specifier - int assumed. Note: C++ does not support default-int	y:\develop\github\backmir\bmclient\gamescene\GameOtherPlayer.h	228	1	BackMirClient
Error	1678	error C2065: 'MAGICEFFECT_TOTAL' : undeclared identifier	y:\develop\github\backmir\bmclient\gamescene\GameOtherPlayer.h	228	1	BackMirClient
Warning	1679	warning C4819: The file contains a character that cannot be represented in the current code page (936). Save the file in Unicode format to prevent data loss	y:\develop\github\backmir\CommonModule\RandGenerator.h	1	1	BackMirClient
Warning	1680	warning C4819: The file contains a character that cannot be represented in the current code page (936). Save the file in Unicode format to prevent data loss	y:\develop\github\backmir\CommonModule\CollDownController.h	1	1	BackMirClient
Error	1681	error C2061: syntax error : identifier 'PLAYER_DIRECTION'	y:\develop\github\backmir\bmclient\gamescene\GamePlayer.h	57	1	BackMirClient
Error	1682	error C2061: syntax error : identifier 'PLAYER_DIRECTION'	y:\develop\github\backmir\bmclient\gamescene\GamePlayer.h	58	1	BackMirClient
Error	1683	error C2143: syntax error : missing ';' before '*'	y:\develop\github\backmir\bmclient\gamescene\GamePlayer.h	73	1	BackMirClient
Error	1684	error C4430: missing type specifier - int assumed. Note: C++ does not support default-int	y:\develop\github\backmir\bmclient\gamescene\GamePlayer.h	73	1	BackMirClient
Error	1685	error C4430: missing type specifier - int assumed. Note: C++ does not support default-int	y:\develop\github\backmir\bmclient\gamescene\GamePlayer.h	74	1	BackMirClient
Warning	1686	warning C4183: 'GetEquip': missing return type; assumed to be a member function returning 'int'	y:\develop\github\backmir\bmclient\gamescene\GamePlayer.h	76	1	BackMirClient
Error	1687	error C2146: syntax error : missing ';' before identifier 'm_equipAttrib'	y:\develop\github\backmir\bmclient\gamescene\GamePlayer.h	350	1	BackMirClient
Error	1688	error C4430: missing type specifier - int assumed. Note: C++ does not support default-int	y:\develop\github\backmir\bmclient\gamescene\GamePlayer.h	350	1	BackMirClient
Error	1689	error C2146: syntax error : missing ';' before identifier 'm_indexs'	y:\develop\github\backmir\bmclient\gamescene\GamePlayer.h	361	1	BackMirClient
Error	1690	error C4430: missing type specifier - int assumed. Note: C++ does not support default-int	y:\develop\github\backmir\bmclient\gamescene\GamePlayer.h	361	1	BackMirClient
Error	1691	error C2065: 'ADD_NORMAL' : undeclared identifier	y:\develop\github\backmir\bmclient\gamescene\GamePlayer.h	182	1	BackMirClient
Error	1692	error C2065: 'ADD_NORMAL' : undeclared identifier	y:\develop\github\backmir\bmclient\gamescene\GamePlayer.h	183	1	BackMirClient
Error	1693	error C2065: 'm_equipAttrib' : undeclared identifier	y:\develop\github\backmir\bmclient\gamescene\GamePlayer.h	75	1	BackMirClient
Error	1694	error C2065: 'PST_NONE' : undeclared identifier	y:\develop\github\backmir\bmclient\gamescene\GamePlayer.h	84	1	BackMirClient
Error	1695	error C2065: 'g_nWanLiTable' : undeclared identifier	y:\develop\github\backmir\bmclient\gamescene\GamePlayer.h	135	1	BackMirClient
Error	1696	error C2146: syntax error : missing ';' before identifier 'm_indexs'	y:\develop\github\backmir\bmclient\gamescene\GameMonster.h	114	1	BackMirClient
Error	1697	error C4430: missing type specifier - int assumed. Note: C++ does not support default-int	y:\develop\github\backmir\bmclient\gamescene\GameMonster.h	114	1	BackMirClient
Error	1698	error C2146: syntax error : missing ';' before identifier 'm_eEndStatus'	y:\develop\github\backmir\bmclient\gamescene\GameMonster.h	812	1	BackMirClient
Error	1699	error C4430: missing type specifier - int assumed. Note: C++ does not support default-int	y:\develop\github\backmir\bmclient\gamescene\GameMonster.h	812	1	BackMirClient
Error	1700	error C2146: syntax error : missing ';' before identifier 'm_xShowItems'	y:\develop\github\backmir\bmclient\GameScene\GameMapManager.h	137	1	BackMirClient
Error	1701	error C4430: missing type specifier - int assumed. Note: C++ does not support default-int	y:\develop\github\backmir\bmclient\GameScene\GameMapManager.h	137	1	BackMirClient
Error	1702	error C2146: syntax error : missing ';' before identifier 'm_xMouseItems'	y:\develop\github\backmir\bmclient\GameScene\GameMapManager.h	138	1	BackMirClient
Error	1703	error C4430: missing type specifier - int assumed. Note: C++ does not support default-int	y:\develop\github\backmir\bmclient\GameScene\GameMapManager.h	138	1	BackMirClient
Error	1704	error C2065: 'm_xMouseItems' : undeclared identifier	y:\develop\github\backmir\bmclient\GameScene\GameMapManager.h	80	1	BackMirClient
Error	1705	error C2228: left of '.push_back' must have class/struct/union	y:\develop\github\backmir\bmclient\GameScene\GameMapManager.h	80	1	BackMirClient
Error	1706	error C1083: Cannot open include file: 'FastDelegateBind.h': No such file or directory	y:\develop\github\backmir\bmclient\GameDialog\GameCommonDlg.h	9	1	BackMirClient
Warning	1707	warning C4819: The file contains a character that cannot be represented in the current code page (936). Save the file in Unicode format to prevent data loss	y:\develop\github\backmir\bmclient\Common\GlobalDefine.h	1	1	BackMirClient
Error	1708	error C2447: '{' : missing function header (old-style formal list?)	y:\develop\github\backmir\bmclient\Common\GlobalDefine.h	91	1	BackMirClient
Error	1709	error C2447: '{' : missing function header (old-style formal list?)	y:\develop\github\backmir\bmclient\Common\GlobalDefine.h	103	1	BackMirClient
Error	1710	error C2447: '{' : missing function header (old-style formal list?)	y:\develop\github\backmir\bmclient\Common\GlobalDefine.h	128	1	BackMirClient
Error	1711	error C2146: syntax error : missing ';' before identifier 'GetAngle'	y:\develop\github\backmir\bmclient\Common\GlobalFunction.h	26	1	BackMirClient
Error	1712	error C4430: missing type specifier - int assumed. Note: C++ does not support default-int	y:\develop\github\backmir\bmclient\Common\GlobalFunction.h	26	1	BackMirClient
Error	1713	error C4430: missing type specifier - int assumed. Note: C++ does not support default-int	y:\develop\github\backmir\bmclient\net\PacketHandler.h	71	1	BackMirClient
Error	1714	error C2143: syntax error : missing ',' before '&'	y:\develop\github\backmir\bmclient\net\PacketHandler.h	71	1	BackMirClient
Warning	1715	warning C4819: The file contains a character that cannot be represented in the current code page (936). Save the file in Unicode format to prevent data loss	y:\develop\github\backmir\CommonModule\MagicEffectID.h	1	1	BackMirClient
Error	1716	error C2061: syntax error : identifier 'PLAYER_DIRECTION'	y:\develop\github\backmir\bmclient\Common\GameRenderObject.h	308	1	BackMirClient
Error	1717	error C2146: syntax error : missing ';' before identifier 'GetDirection'	y:\develop\github\backmir\bmclient\Common\GameRenderObject.h	312	1	BackMirClient
Error	1718	error C2433: 'GameObject::PLAYER_DIRECTION' : 'inline' not permitted on data declarations	y:\develop\github\backmir\bmclient\Common\GameRenderObject.h	312	1	BackMirClient
Error	1719	error C4430: missing type specifier - int assumed. Note: C++ does not support default-int	y:\develop\github\backmir\bmclient\Common\GameRenderObject.h	312	1	BackMirClient
Error	1720	error C4430: missing type specifier - int assumed. Note: C++ does not support default-int	y:\develop\github\backmir\bmclient\Common\GameRenderObject.h	313	1	BackMirClient
Warning	1721	warning C4183: 'GetDirection': missing return type; assumed to be a member function returning 'int'	y:\develop\github\backmir\bmclient\Common\GameRenderObject.h	315	1	BackMirClient
Error	1722	error C2061: syntax error : identifier 'PLAYER_STATUS'	y:\develop\github\backmir\bmclient\Common\GameRenderObject.h	316	1	BackMirClient
Error	1723	error C2146: syntax error : missing ';' before identifier 'GetStatus'	y:\develop\github\backmir\bmclient\Common\GameRenderObject.h	326	1	BackMirClient
Error	1724	error C2433: 'GameObject::PLAYER_STATUS' : 'inline' not permitted on data declarations	y:\develop\github\backmir\bmclient\Common\GameRenderObject.h	326	1	BackMirClient
Error	1725	error C4430: missing type specifier - int assumed. Note: C++ does not support default-int	y:\develop\github\backmir\bmclient\Common\GameRenderObject.h	326	1	BackMirClient
Error	1726	error C4430: missing type specifier - int assumed. Note: C++ does not support default-int	y:\develop\github\backmir\bmclient\Common\GameRenderObject.h	327	1	BackMirClient
Warning	1727	warning C4183: 'GetStatus': missing return type; assumed to be a member function returning 'int'	y:\develop\github\backmir\bmclient\Common\GameRenderObject.h	329	1	BackMirClient
Error	1728	error C2146: syntax error : missing ';' before identifier 'GetPreStatus'	y:\develop\github\backmir\bmclient\Common\GameRenderObject.h	330	1	BackMirClient
Error	1729	error C2433: 'GameObject::PLAYER_STATUS' : 'inline' not permitted on data declarations	y:\develop\github\backmir\bmclient\Common\GameRenderObject.h	330	1	BackMirClient
Error	1730	error C4430: missing type specifier - int assumed. Note: C++ does not support default-int	y:\develop\github\backmir\bmclient\Common\GameRenderObject.h	330	1	BackMirClient
Error	1731	error C4430: missing type specifier - int assumed. Note: C++ does not support default-int	y:\develop\github\backmir\bmclient\Common\GameRenderObject.h	331	1	BackMirClient
Warning	1732	warning C4183: 'GetPreStatus': missing return type; assumed to be a member function returning 'int'	y:\develop\github\backmir\bmclient\Common\GameRenderObject.h	333	1	BackMirClient
Error	1733	error C2061: syntax error : identifier 'PLAYER_SEX'	y:\develop\github\backmir\bmclient\Common\GameRenderObject.h	354	1	BackMirClient
Error	1734	error C2146: syntax error : missing ';' before identifier 'GetPlayerSex'	y:\develop\github\backmir\bmclient\Common\GameRenderObject.h	358	1	BackMirClient
Error	1735	error C2433: 'GameObject::PLAYER_SEX' : 'inline' not permitted on data declarations	y:\develop\github\backmir\bmclient\Common\GameRenderObject.h	358	1	BackMirClient
Error	1736	error C4430: missing type specifier - int assumed. Note: C++ does not support default-int	y:\develop\github\backmir\bmclient\Common\GameRenderObject.h	358	1	BackMirClient
Error	1737	error C4430: missing type specifier - int assumed. Note: C++ does not support default-int	y:\develop\github\backmir\bmclient\Common\GameRenderObject.h	359	1	BackMirClient
Warning	1738	warning C4183: 'GetPlayerSex': missing return type; assumed to be a member function returning 'int'	y:\develop\github\backmir\bmclient\Common\GameRenderObject.h	361	1	BackMirClient
Error	1739	error C4430: missing type specifier - int assumed. Note: C++ does not support default-int	y:\develop\github\backmir\bmclient\Common\GameRenderObject.h	503	1	BackMirClient
Error	1740	error C2143: syntax error : missing ',' before '&'	y:\develop\github\backmir\bmclient\Common\GameRenderObject.h	503	1	BackMirClient
Error	1741	error C4430: missing type specifier - int assumed. Note: C++ does not support default-int	y:\develop\github\backmir\bmclient\Common\GameRenderObject.h	504	1	BackMirClient
Error	1742	error C2143: syntax error : missing ',' before '&'	y:\develop\github\backmir\bmclient\Common\GameRenderObject.h	504	1	BackMirClient
Error	1743	error C2535: 'void GameObject::DoPacket(const int)' : member function already defined or declared	y:\develop\github\backmir\bmclient\Common\GameRenderObject.h	504	1	BackMirClient
Error	1744	error C4430: missing type specifier - int assumed. Note: C++ does not support default-int	y:\develop\github\backmir\bmclient\Common\GameRenderObject.h	505	1	BackMirClient
Error	1745	error C2143: syntax error : missing ',' before '&'	y:\develop\github\backmir\bmclient\Common\GameRenderObject.h	505	1	BackMirClient
Error	1746	error C2535: 'void GameObject::DoPacket(const int)' : member function already defined or declared	y:\develop\github\backmir\bmclient\Common\GameRenderObject.h	505	1	BackMirClient
Error	1747	error C2061: syntax error : identifier 'PLAYER_STATUS'	y:\develop\github\backmir\bmclient\Common\GameRenderObject.h	513	1	BackMirClient
Error	1748	error C2146: syntax error : missing ';' before identifier 'm_drt'	y:\develop\github\backmir\bmclient\Common\GameRenderObject.h	554	1	BackMirClient
Error	1749	error C4430: missing type specifier - int assumed. Note: C++ does not support default-int	y:\develop\github\backmir\bmclient\Common\GameRenderObject.h	554	1	BackMirClient
Error	1750	error C2146: syntax error : missing ';' before identifier 'm_sex'	y:\develop\github\backmir\bmclient\Common\GameRenderObject.h	555	1	BackMirClient
Error	1751	error C4430: missing type specifier - int assumed. Note: C++ does not support default-int	y:\develop\github\backmir\bmclient\Common\GameRenderObject.h	555	1	BackMirClient
Error	1752	error C2146: syntax error : missing ';' before identifier 'm_stat'	y:\develop\github\backmir\bmclient\Common\GameRenderObject.h	556	1	BackMirClient
Error	1753	error C4430: missing type specifier - int assumed. Note: C++ does not support default-int	y:\develop\github\backmir\bmclient\Common\GameRenderObject.h	556	1	BackMirClient
Error	1754	error C2146: syntax error : missing ';' before identifier 'm_preStat'	y:\develop\github\backmir\bmclient\Common\GameRenderObject.h	557	1	BackMirClient
Error	1755	error C4430: missing type specifier - int assumed. Note: C++ does not support default-int	y:\develop\github\backmir\bmclient\Common\GameRenderObject.h	557	1	BackMirClient
Error	1756	error C2065: 'm_drt' : undeclared identifier	y:\develop\github\backmir\bmclient\Common\GameRenderObject.h	253	1	BackMirClient
Error	1757	error C2065: 'PDT_DOWN' : undeclared identifier	y:\develop\github\backmir\bmclient\Common\GameRenderObject.h	253	1	BackMirClient
Error	1758	error C2065: 'm_sex' : undeclared identifier	y:\develop\github\backmir\bmclient\Common\GameRenderObject.h	254	1	BackMirClient
Error	1759	error C2065: 'PSX_MAN' : undeclared identifier	y:\develop\github\backmir\bmclient\Common\GameRenderObject.h	254	1	BackMirClient
Error	1760	error C2065: 'm_preStat' : undeclared identifier	y:\develop\github\backmir\bmclient\Common\GameRenderObject.h	255	1	BackMirClient
Error	1761	error C2065: 'm_stat' : undeclared identifier	y:\develop\github\backmir\bmclient\Common\GameRenderObject.h	255	1	BackMirClient
Error	1762	error C2065: 'PST_STAND' : undeclared identifier	y:\develop\github\backmir\bmclient\Common\GameRenderObject.h	255	1	BackMirClient
Error	1763	error C2065: 'm_drt' : undeclared identifier	y:\develop\github\backmir\bmclient\Common\GameRenderObject.h	310	1	BackMirClient
Error	1764	error C2065: '_pd' : undeclared identifier	y:\develop\github\backmir\bmclient\Common\GameRenderObject.h	310	1	BackMirClient
Error	1765	error C2065: 'm_drt' : undeclared identifier	y:\develop\github\backmir\bmclient\Common\GameRenderObject.h	314	1	BackMirClient
Error	1766	error C2065: 'm_stat' : undeclared identifier	y:\develop\github\backmir\bmclient\Common\GameRenderObject.h	318	1	BackMirClient
Error	1767	error C2065: '_ps' : undeclared identifier	y:\develop\github\backmir\bmclient\Common\GameRenderObject.h	318	1	BackMirClient
Error	1768	error C2065: '_ps' : undeclared identifier	y:\develop\github\backmir\bmclient\Common\GameRenderObject.h	320	1	BackMirClient
Error	1769	error C2065: 'PST_STAND' : undeclared identifier	y:\develop\github\backmir\bmclient\Common\GameRenderObject.h	320	1	BackMirClient
Error	1770	error C2065: '_ps' : undeclared identifier	y:\develop\github\backmir\bmclient\Common\GameRenderObject.h	324	1	BackMirClient
Error	1771	error C2065: 'm_stat' : undeclared identifier	y:\develop\github\backmir\bmclient\Common\GameRenderObject.h	328	1	BackMirClient
Error	1772	error C2065: 'm_preStat' : undeclared identifier	y:\develop\github\backmir\bmclient\Common\GameRenderObject.h	332	1	BackMirClient
Error	1773	error C2065: 'm_sex' : undeclared identifier	y:\develop\github\backmir\bmclient\Common\GameRenderObject.h	356	1	BackMirClient
Error	1774	error C2065: '_ps' : undeclared identifier	y:\develop\github\backmir\bmclient\Common\GameRenderObject.h	356	1	BackMirClient
Error	1775	error C2065: 'm_sex' : undeclared identifier	y:\develop\github\backmir\bmclient\Common\GameRenderObject.h	360	1	BackMirClient
Error	1776	error C2065: 'PST_DEAD' : undeclared identifier	y:\develop\github\backmir\bmclient\Common\GameRenderObject.h	429	1	BackMirClient
Warning	1777	warning C4819: The file contains a character that cannot be represented in the current code page (936). Save the file in Unicode format to prevent data loss	y:\develop\github\backmir\CommonModule\ShareDefine.h	1	1	BackMirClient
Error	1778	error C2365: 'RES_ITEMS' : redefinition; previous definition was 'enumerator'	y:\develop\github\backmir\CommonModule\ShareDefine.h	79	1	BackMirClient
Error	1779	error C2365: 'RES_STATUS' : redefinition; previous definition was 'enumerator'	y:\develop\github\backmir\CommonModule\ShareDefine.h	80	1	BackMirClient
Error	1780	error C2365: 'RES_CUSTOM' : redefinition; previous definition was 'enumerator'	y:\develop\github\backmir\CommonModule\ShareDefine.h	81	1	BackMirClient
Error	1781	error C2365: 'RES_TOTAL' : redefinition; previous definition was 'enumerator'	y:\develop\github\backmir\CommonModule\ShareDefine.h	82	1	BackMirClient
Error	1782	error C2065: 'MEFF_USERTOTAL' : undeclared identifier	y:\develop\github\backmir\bmclient\GameScene\MagicEffect.h	8	1	BackMirClient
Error	1783	error C2061: syntax error : identifier 'PLAYER_STATUS'	y:\develop\github\backmir\bmclient\gamescene\GameOtherPlayer.h	29	1	BackMirClient
Error	1784	error C2061: syntax error : identifier 'MAGICEFFECT_TYPE'	y:\develop\github\backmir\bmclient\gamescene\GameOtherPlayer.h	52	1	BackMirClient
Error	1785	error C2061: syntax error : identifier 'MAGICEFFECT_TYPE'	y:\develop\github\backmir\bmclient\gamescene\GameOtherPlayer.h	53	1	BackMirClient
Error	1786	error C4430: missing type specifier - int assumed. Note: C++ does not support default-int	y:\develop\github\backmir\bmclient\gamescene\GameOtherPlayer.h	157	1	BackMirClient
Error	1787	error C2143: syntax error : missing ',' before '&'	y:\develop\github\backmir\bmclient\gamescene\GameOtherPlayer.h	157	1	BackMirClient
Error	1788	error C4430: missing type specifier - int assumed. Note: C++ does not support default-int	y:\develop\github\backmir\bmclient\gamescene\GameOtherPlayer.h	201	1	BackMirClient
Error	1789	error C2143: syntax error : missing ',' before '&'	y:\develop\github\backmir\bmclient\gamescene\GameOtherPlayer.h	201	1	BackMirClient
Error	1790	error C2535: 'void GameOtherPlayer::DoPacket(const int)' : member function already defined or declared	y:\develop\github\backmir\bmclient\gamescene\GameOtherPlayer.h	201	1	BackMirClient
Error	1791	error C2146: syntax error : missing ';' before identifier 'm_eEffect'	y:\develop\github\backmir\bmclient\gamescene\GameOtherPlayer.h	228	1	BackMirClient
Error	1792	error C4430: missing type specifier - int assumed. Note: C++ does not support default-int	y:\develop\github\backmir\bmclient\gamescene\GameOtherPlayer.h	228	1	BackMirClient
Error	1793	error C2065: 'MAGICEFFECT_TOTAL' : undeclared identifier	y:\develop\github\backmir\bmclient\gamescene\GameOtherPlayer.h	228	1	BackMirClient
Warning	1794	warning C4819: The file contains a character that cannot be represented in the current code page (936). Save the file in Unicode format to prevent data loss	y:\develop\github\backmir\CommonModule\RandGenerator.h	1	1	BackMirClient
Warning	1795	warning C4819: The file contains a character that cannot be represented in the current code page (936). Save the file in Unicode format to prevent data loss	y:\develop\github\backmir\CommonModule\CollDownController.h	1	1	BackMirClient
Error	1796	error C2061: syntax error : identifier 'PLAYER_DIRECTION'	y:\develop\github\backmir\bmclient\gamescene\GamePlayer.h	57	1	BackMirClient
Error	1797	error C2061: syntax error : identifier 'PLAYER_DIRECTION'	y:\develop\github\backmir\bmclient\gamescene\GamePlayer.h	58	1	BackMirClient
Error	1798	error C2143: syntax error : missing ';' before '*'	y:\develop\github\backmir\bmclient\gamescene\GamePlayer.h	73	1	BackMirClient
Error	1799	error C4430: missing type specifier - int assumed. Note: C++ does not support default-int	y:\develop\github\backmir\bmclient\gamescene\GamePlayer.h	73	1	BackMirClient
Error	1800	error C4430: missing type specifier - int assumed. Note: C++ does not support default-int	y:\develop\github\backmir\bmclient\gamescene\GamePlayer.h	74	1	BackMirClient
Warning	1801	warning C4183: 'GetEquip': missing return type; assumed to be a member function returning 'int'	y:\develop\github\backmir\bmclient\gamescene\GamePlayer.h	76	1	BackMirClient
Error	1802	error C2146: syntax error : missing ';' before identifier 'm_equipAttrib'	y:\develop\github\backmir\bmclient\gamescene\GamePlayer.h	350	1	BackMirClient
Error	1803	error C4430: missing type specifier - int assumed. Note: C++ does not support default-int	y:\develop\github\backmir\bmclient\gamescene\GamePlayer.h	350	1	BackMirClient
Error	1804	error C2146: syntax error : missing ';' before identifier 'm_indexs'	y:\develop\github\backmir\bmclient\gamescene\GamePlayer.h	361	1	BackMirClient
Error	1805	error C4430: missing type specifier - int assumed. Note: C++ does not support default-int	y:\develop\github\backmir\bmclient\gamescene\GamePlayer.h	361	1	BackMirClient
Error	1806	error C2065: 'ADD_NORMAL' : undeclared identifier	y:\develop\github\backmir\bmclient\gamescene\GamePlayer.h	182	1	BackMirClient
Error	1807	error C2065: 'ADD_NORMAL' : undeclared identifier	y:\develop\github\backmir\bmclient\gamescene\GamePlayer.h	183	1	BackMirClient
Error	1808	error C2065: 'm_equipAttrib' : undeclared identifier	y:\develop\github\backmir\bmclient\gamescene\GamePlayer.h	75	1	BackMirClient
Error	1809	error C2065: 'PST_NONE' : undeclared identifier	y:\develop\github\backmir\bmclient\gamescene\GamePlayer.h	84	1	BackMirClient
Error	1810	error C2065: 'g_nWanLiTable' : undeclared identifier	y:\develop\github\backmir\bmclient\gamescene\GamePlayer.h	135	1	BackMirClient
Error	1811	error C2146: syntax error : missing ';' before identifier 'm_indexs'	y:\develop\github\backmir\bmclient\gamescene\GameMonster.h	114	1	BackMirClient
Error	1812	error C4430: missing type specifier - int assumed. Note: C++ does not support default-int	y:\develop\github\backmir\bmclient\gamescene\GameMonster.h	114	1	BackMirClient
Error	1813	error C2146: syntax error : missing ';' before identifier 'm_eEndStatus'	y:\develop\github\backmir\bmclient\gamescene\GameMonster.h	812	1	BackMirClient
Error	1814	error C4430: missing type specifier - int assumed. Note: C++ does not support default-int	y:\develop\github\backmir\bmclient\gamescene\GameMonster.h	812	1	BackMirClient
Error	1815	error C2146: syntax error : missing ';' before identifier 'm_xShowItems'	y:\develop\github\backmir\bmclient\GameScene\GameMapManager.h	137	1	BackMirClient
Error	1816	error C4430: missing type specifier - int assumed. Note: C++ does not support default-int	y:\develop\github\backmir\bmclient\GameScene\GameMapManager.h	137	1	BackMirClient
Error	1817	error C2146: syntax error : missing ';' before identifier 'm_xMouseItems'	y:\develop\github\backmir\bmclient\GameScene\GameMapManager.h	138	1	BackMirClient
Error	1818	error C4430: missing type specifier - int assumed. Note: C++ does not support default-int	y:\develop\github\backmir\bmclient\GameScene\GameMapManager.h	138	1	BackMirClient
Error	1819	error C2065: 'm_xMouseItems' : undeclared identifier	y:\develop\github\backmir\bmclient\GameScene\GameMapManager.h	80	1	BackMirClient
Error	1820	error C2228: left of '.push_back' must have class/struct/union	y:\develop\github\backmir\bmclient\GameScene\GameMapManager.h	80	1	BackMirClient
Error	1821	error C1083: Cannot open include file: 'FastDelegateBind.h': No such file or directory	y:\develop\github\backmir\bmclient\GameDialog\GameCommonDlg.h	9	1	BackMirClient
Warning	1822	warning C4819: The file contains a character that cannot be represented in the current code page (936). Save the file in Unicode format to prevent data loss	y:\develop\github\backmir\bmclient\Common\GlobalDefine.h	1	1	BackMirClient
Error	1823	error C2447: '{' : missing function header (old-style formal list?)	y:\develop\github\backmir\bmclient\Common\GlobalDefine.h	91	1	BackMirClient
Error	1824	error C2447: '{' : missing function header (old-style formal list?)	y:\develop\github\backmir\bmclient\Common\GlobalDefine.h	103	1	BackMirClient
Error	1825	error C2447: '{' : missing function header (old-style formal list?)	y:\develop\github\backmir\bmclient\Common\GlobalDefine.h	128	1	BackMirClient
Error	1826	error C2146: syntax error : missing ';' before identifier 'GetAngle'	y:\develop\github\backmir\bmclient\Common\GlobalFunction.h	26	1	BackMirClient
Error	1827	error C4430: missing type specifier - int assumed. Note: C++ does not support default-int	y:\develop\github\backmir\bmclient\Common\GlobalFunction.h	26	1	BackMirClient
Error	1828	error C4430: missing type specifier - int assumed. Note: C++ does not support default-int	y:\develop\github\backmir\bmclient\net\PacketHandler.h	71	1	BackMirClient
Error	1829	error C2143: syntax error : missing ',' before '&'	y:\develop\github\backmir\bmclient\net\PacketHandler.h	71	1	BackMirClient
Warning	1830	warning C4819: The file contains a character that cannot be represented in the current code page (936). Save the file in Unicode format to prevent data loss	y:\develop\github\backmir\CommonModule\MagicEffectID.h	1	1	BackMirClient
Error	1831	error C2061: syntax error : identifier 'PLAYER_DIRECTION'	y:\develop\github\backmir\bmclient\Common\GameRenderObject.h	308	1	BackMirClient
Error	1832	error C2146: syntax error : missing ';' before identifier 'GetDirection'	y:\develop\github\backmir\bmclient\Common\GameRenderObject.h	312	1	BackMirClient
Error	1833	error C2433: 'GameObject::PLAYER_DIRECTION' : 'inline' not permitted on data declarations	y:\develop\github\backmir\bmclient\Common\GameRenderObject.h	312	1	BackMirClient
Error	1834	error C4430: missing type specifier - int assumed. Note: C++ does not support default-int	y:\develop\github\backmir\bmclient\Common\GameRenderObject.h	312	1	BackMirClient
Error	1835	error C4430: missing type specifier - int assumed. Note: C++ does not support default-int	y:\develop\github\backmir\bmclient\Common\GameRenderObject.h	313	1	BackMirClient
Warning	1836	warning C4183: 'GetDirection': missing return type; assumed to be a member function returning 'int'	y:\develop\github\backmir\bmclient\Common\GameRenderObject.h	315	1	BackMirClient
Error	1837	error C2061: syntax error : identifier 'PLAYER_STATUS'	y:\develop\github\backmir\bmclient\Common\GameRenderObject.h	316	1	BackMirClient
Error	1838	error C2146: syntax error : missing ';' before identifier 'GetStatus'	y:\develop\github\backmir\bmclient\Common\GameRenderObject.h	326	1	BackMirClient
Error	1839	error C2433: 'GameObject::PLAYER_STATUS' : 'inline' not permitted on data declarations	y:\develop\github\backmir\bmclient\Common\GameRenderObject.h	326	1	BackMirClient
Error	1840	error C4430: missing type specifier - int assumed. Note: C++ does not support default-int	y:\develop\github\backmir\bmclient\Common\GameRenderObject.h	326	1	BackMirClient
Error	1841	error C4430: missing type specifier - int assumed. Note: C++ does not support default-int	y:\develop\github\backmir\bmclient\Common\GameRenderObject.h	327	1	BackMirClient
Warning	1842	warning C4183: 'GetStatus': missing return type; assumed to be a member function returning 'int'	y:\develop\github\backmir\bmclient\Common\GameRenderObject.h	329	1	BackMirClient
Error	1843	error C2146: syntax error : missing ';' before identifier 'GetPreStatus'	y:\develop\github\backmir\bmclient\Common\GameRenderObject.h	330	1	BackMirClient
Error	1844	error C2433: 'GameObject::PLAYER_STATUS' : 'inline' not permitted on data declarations	y:\develop\github\backmir\bmclient\Common\GameRenderObject.h	330	1	BackMirClient
Error	1845	error C4430: missing type specifier - int assumed. Note: C++ does not support default-int	y:\develop\github\backmir\bmclient\Common\GameRenderObject.h	330	1	BackMirClient
Error	1846	error C4430: missing type specifier - int assumed. Note: C++ does not support default-int	y:\develop\github\backmir\bmclient\Common\GameRenderObject.h	331	1	BackMirClient
Warning	1847	warning C4183: 'GetPreStatus': missing return type; assumed to be a member function returning 'int'	y:\develop\github\backmir\bmclient\Common\GameRenderObject.h	333	1	BackMirClient
Error	1848	error C2061: syntax error : identifier 'PLAYER_SEX'	y:\develop\github\backmir\bmclient\Common\GameRenderObject.h	354	1	BackMirClient
Error	1849	error C2146: syntax error : missing ';' before identifier 'GetPlayerSex'	y:\develop\github\backmir\bmclient\Common\GameRenderObject.h	358	1	BackMirClient
Error	1850	error C2433: 'GameObject::PLAYER_SEX' : 'inline' not permitted on data declarations	y:\develop\github\backmir\bmclient\Common\GameRenderObject.h	358	1	BackMirClient
Error	1851	error C4430: missing type specifier - int assumed. Note: C++ does not support default-int	y:\develop\github\backmir\bmclient\Common\GameRenderObject.h	358	1	BackMirClient
Error	1852	error C4430: missing type specifier - int assumed. Note: C++ does not support default-int	y:\develop\github\backmir\bmclient\Common\GameRenderObject.h	359	1	BackMirClient
Warning	1853	warning C4183: 'GetPlayerSex': missing return type; assumed to be a member function returning 'int'	y:\develop\github\backmir\bmclient\Common\GameRenderObject.h	361	1	BackMirClient
Error	1854	error C4430: missing type specifier - int assumed. Note: C++ does not support default-int	y:\develop\github\backmir\bmclient\Common\GameRenderObject.h	503	1	BackMirClient
Error	1855	error C2143: syntax error : missing ',' before '&'	y:\develop\github\backmir\bmclient\Common\GameRenderObject.h	503	1	BackMirClient
Error	1856	error C4430: missing type specifier - int assumed. Note: C++ does not support default-int	y:\develop\github\backmir\bmclient\Common\GameRenderObject.h	504	1	BackMirClient
Error	1857	error C2143: syntax error : missing ',' before '&'	y:\develop\github\backmir\bmclient\Common\GameRenderObject.h	504	1	BackMirClient
Error	1858	error C2535: 'void GameObject::DoPacket(const int)' : member function already defined or declared	y:\develop\github\backmir\bmclient\Common\GameRenderObject.h	504	1	BackMirClient
Error	1859	error C4430: missing type specifier - int assumed. Note: C++ does not support default-int	y:\develop\github\backmir\bmclient\Common\GameRenderObject.h	505	1	BackMirClient
Error	1860	error C2143: syntax error : missing ',' before '&'	y:\develop\github\backmir\bmclient\Common\GameRenderObject.h	505	1	BackMirClient
Error	1861	error C2535: 'void GameObject::DoPacket(const int)' : member function already defined or declared	y:\develop\github\backmir\bmclient\Common\GameRenderObject.h	505	1	BackMirClient
Error	1862	error C2061: syntax error : identifier 'PLAYER_STATUS'	y:\develop\github\backmir\bmclient\Common\GameRenderObject.h	513	1	BackMirClient
Error	1863	error C2146: syntax error : missing ';' before identifier 'm_drt'	y:\develop\github\backmir\bmclient\Common\GameRenderObject.h	554	1	BackMirClient
Error	1864	error C4430: missing type specifier - int assumed. Note: C++ does not support default-int	y:\develop\github\backmir\bmclient\Common\GameRenderObject.h	554	1	BackMirClient
Error	1865	error C2146: syntax error : missing ';' before identifier 'm_sex'	y:\develop\github\backmir\bmclient\Common\GameRenderObject.h	555	1	BackMirClient
Error	1866	error C4430: missing type specifier - int assumed. Note: C++ does not support default-int	y:\develop\github\backmir\bmclient\Common\GameRenderObject.h	555	1	BackMirClient
Error	1867	error C2146: syntax error : missing ';' before identifier 'm_stat'	y:\develop\github\backmir\bmclient\Common\GameRenderObject.h	556	1	BackMirClient
Error	1868	error C4430: missing type specifier - int assumed. Note: C++ does not support default-int	y:\develop\github\backmir\bmclient\Common\GameRenderObject.h	556	1	BackMirClient
Error	1869	error C2146: syntax error : missing ';' before identifier 'm_preStat'	y:\develop\github\backmir\bmclient\Common\GameRenderObject.h	557	1	BackMirClient
Error	1870	error C4430: missing type specifier - int assumed. Note: C++ does not support default-int	y:\develop\github\backmir\bmclient\Common\GameRenderObject.h	557	1	BackMirClient
Error	1871	error C2065: 'm_drt' : undeclared identifier	y:\develop\github\backmir\bmclient\Common\GameRenderObject.h	253	1	BackMirClient
Error	1872	error C2065: 'PDT_DOWN' : undeclared identifier	y:\develop\github\backmir\bmclient\Common\GameRenderObject.h	253	1	BackMirClient
Error	1873	error C2065: 'm_sex' : undeclared identifier	y:\develop\github\backmir\bmclient\Common\GameRenderObject.h	254	1	BackMirClient
Error	1874	error C2065: 'PSX_MAN' : undeclared identifier	y:\develop\github\backmir\bmclient\Common\GameRenderObject.h	254	1	BackMirClient
Error	1875	error C2065: 'm_preStat' : undeclared identifier	y:\develop\github\backmir\bmclient\Common\GameRenderObject.h	255	1	BackMirClient
Error	1876	error C2065: 'm_stat' : undeclared identifier	y:\develop\github\backmir\bmclient\Common\GameRenderObject.h	255	1	BackMirClient
Error	1877	error C2065: 'PST_STAND' : undeclared identifier	y:\develop\github\backmir\bmclient\Common\GameRenderObject.h	255	1	BackMirClient
Error	1878	error C2065: 'm_drt' : undeclared identifier	y:\develop\github\backmir\bmclient\Common\GameRenderObject.h	310	1	BackMirClient
Error	1879	error C2065: '_pd' : undeclared identifier	y:\develop\github\backmir\bmclient\Common\GameRenderObject.h	310	1	BackMirClient
Error	1880	error C2065: 'm_drt' : undeclared identifier	y:\develop\github\backmir\bmclient\Common\GameRenderObject.h	314	1	BackMirClient
Error	1881	error C2065: 'm_stat' : undeclared identifier	y:\develop\github\backmir\bmclient\Common\GameRenderObject.h	318	1	BackMirClient
Error	1882	error C2065: '_ps' : undeclared identifier	y:\develop\github\backmir\bmclient\Common\GameRenderObject.h	318	1	BackMirClient
Error	1883	error C2065: '_ps' : undeclared identifier	y:\develop\github\backmir\bmclient\Common\GameRenderObject.h	320	1	BackMirClient
Error	1884	error C2065: 'PST_STAND' : undeclared identifier	y:\develop\github\backmir\bmclient\Common\GameRenderObject.h	320	1	BackMirClient
Error	1885	error C2065: '_ps' : undeclared identifier	y:\develop\github\backmir\bmclient\Common\GameRenderObject.h	324	1	BackMirClient
Error	1886	error C2065: 'm_stat' : undeclared identifier	y:\develop\github\backmir\bmclient\Common\GameRenderObject.h	328	1	BackMirClient
Error	1887	error C2065: 'm_preStat' : undeclared identifier	y:\develop\github\backmir\bmclient\Common\GameRenderObject.h	332	1	BackMirClient
Error	1888	error C2065: 'm_sex' : undeclared identifier	y:\develop\github\backmir\bmclient\Common\GameRenderObject.h	356	1	BackMirClient
Error	1889	error C2065: '_ps' : undeclared identifier	y:\develop\github\backmir\bmclient\Common\GameRenderObject.h	356	1	BackMirClient
Error	1890	error C2065: 'm_sex' : undeclared identifier	y:\develop\github\backmir\bmclient\Common\GameRenderObject.h	360	1	BackMirClient
Error	1891	error C2065: 'PST_DEAD' : undeclared identifier	y:\develop\github\backmir\bmclient\Common\GameRenderObject.h	429	1	BackMirClient
Warning	1892	warning C4819: The file contains a character that cannot be represented in the current code page (936). Save the file in Unicode format to prevent data loss	y:\develop\github\backmir\CommonModule\ShareDefine.h	1	1	BackMirClient
Error	1893	error C2365: 'RES_ITEMS' : redefinition; previous definition was 'enumerator'	y:\develop\github\backmir\CommonModule\ShareDefine.h	79	1	BackMirClient
Error	1894	error C2365: 'RES_STATUS' : redefinition; previous definition was 'enumerator'	y:\develop\github\backmir\CommonModule\ShareDefine.h	80	1	BackMirClient
Error	1895	error C2365: 'RES_CUSTOM' : redefinition; previous definition was 'enumerator'	y:\develop\github\backmir\CommonModule\ShareDefine.h	81	1	BackMirClient
Error	1896	error C2365: 'RES_TOTAL' : redefinition; previous definition was 'enumerator'	y:\develop\github\backmir\CommonModule\ShareDefine.h	82	1	BackMirClient
Error	1897	error C2065: 'MEFF_USERTOTAL' : undeclared identifier	y:\develop\github\backmir\bmclient\GameScene\MagicEffect.h	8	1	BackMirClient
Error	1898	error C2061: syntax error : identifier 'PLAYER_STATUS'	y:\develop\github\backmir\bmclient\gamescene\GameOtherPlayer.h	29	1	BackMirClient
Error	1899	error C2061: syntax error : identifier 'MAGICEFFECT_TYPE'	y:\develop\github\backmir\bmclient\gamescene\GameOtherPlayer.h	52	1	BackMirClient
Error	1900	error C2061: syntax error : identifier 'MAGICEFFECT_TYPE'	y:\develop\github\backmir\bmclient\gamescene\GameOtherPlayer.h	53	1	BackMirClient
Error	1901	error C4430: missing type specifier - int assumed. Note: C++ does not support default-int	y:\develop\github\backmir\bmclient\gamescene\GameOtherPlayer.h	157	1	BackMirClient
Error	1902	error C2143: syntax error : missing ',' before '&'	y:\develop\github\backmir\bmclient\gamescene\GameOtherPlayer.h	157	1	BackMirClient
Error	1903	error C4430: missing type specifier - int assumed. Note: C++ does not support default-int	y:\develop\github\backmir\bmclient\gamescene\GameOtherPlayer.h	201	1	BackMirClient
Error	1904	error C2143: syntax error : missing ',' before '&'	y:\develop\github\backmir\bmclient\gamescene\GameOtherPlayer.h	201	1	BackMirClient
Error	1905	error C2535: 'void GameOtherPlayer::DoPacket(const int)' : member function already defined or declared	y:\develop\github\backmir\bmclient\gamescene\GameOtherPlayer.h	201	1	BackMirClient
Error	1906	error C2146: syntax error : missing ';' before identifier 'm_eEffect'	y:\develop\github\backmir\bmclient\gamescene\GameOtherPlayer.h	228	1	BackMirClient
Error	1907	error C4430: missing type specifier - int assumed. Note: C++ does not support default-int	y:\develop\github\backmir\bmclient\gamescene\GameOtherPlayer.h	228	1	BackMirClient
Error	1908	error C2065: 'MAGICEFFECT_TOTAL' : undeclared identifier	y:\develop\github\backmir\bmclient\gamescene\GameOtherPlayer.h	228	1	BackMirClient
Warning	1909	warning C4819: The file contains a character that cannot be represented in the current code page (936). Save the file in Unicode format to prevent data loss	y:\develop\github\backmir\CommonModule\RandGenerator.h	1	1	BackMirClient
Warning	1910	warning C4819: The file contains a character that cannot be represented in the current code page (936). Save the file in Unicode format to prevent data loss	y:\develop\github\backmir\CommonModule\CollDownController.h	1	1	BackMirClient
Error	1911	error C2061: syntax error : identifier 'PLAYER_DIRECTION'	y:\develop\github\backmir\bmclient\gamescene\GamePlayer.h	57	1	BackMirClient
Error	1912	error C2061: syntax error : identifier 'PLAYER_DIRECTION'	y:\develop\github\backmir\bmclient\gamescene\GamePlayer.h	58	1	BackMirClient
Error	1913	error C2143: syntax error : missing ';' before '*'	y:\develop\github\backmir\bmclient\gamescene\GamePlayer.h	73	1	BackMirClient
Error	1914	error C4430: missing type specifier - int assumed. Note: C++ does not support default-int	y:\develop\github\backmir\bmclient\gamescene\GamePlayer.h	73	1	BackMirClient
Error	1915	error C4430: missing type specifier - int assumed. Note: C++ does not support default-int	y:\develop\github\backmir\bmclient\gamescene\GamePlayer.h	74	1	BackMirClient
Warning	1916	warning C4183: 'GetEquip': missing return type; assumed to be a member function returning 'int'	y:\develop\github\backmir\bmclient\gamescene\GamePlayer.h	76	1	BackMirClient
Error	1917	error C2146: syntax error : missing ';' before identifier 'm_equipAttrib'	y:\develop\github\backmir\bmclient\gamescene\GamePlayer.h	350	1	BackMirClient
Error	1918	error C4430: missing type specifier - int assumed. Note: C++ does not support default-int	y:\develop\github\backmir\bmclient\gamescene\GamePlayer.h	350	1	BackMirClient
Error	1919	error C2146: syntax error : missing ';' before identifier 'm_indexs'	y:\develop\github\backmir\bmclient\gamescene\GamePlayer.h	361	1	BackMirClient
Error	1920	error C4430: missing type specifier - int assumed. Note: C++ does not support default-int	y:\develop\github\backmir\bmclient\gamescene\GamePlayer.h	361	1	BackMirClient
Error	1921	error C2065: 'ADD_NORMAL' : undeclared identifier	y:\develop\github\backmir\bmclient\gamescene\GamePlayer.h	182	1	BackMirClient
Error	1922	error C2065: 'ADD_NORMAL' : undeclared identifier	y:\develop\github\backmir\bmclient\gamescene\GamePlayer.h	183	1	BackMirClient
Error	1923	error C2065: 'm_equipAttrib' : undeclared identifier	y:\develop\github\backmir\bmclient\gamescene\GamePlayer.h	75	1	BackMirClient
Error	1924	error C2065: 'PST_NONE' : undeclared identifier	y:\develop\github\backmir\bmclient\gamescene\GamePlayer.h	84	1	BackMirClient
Error	1925	error C2065: 'g_nWanLiTable' : undeclared identifier	y:\develop\github\backmir\bmclient\gamescene\GamePlayer.h	135	1	BackMirClient
Error	1926	error C2146: syntax error : missing ';' before identifier 'm_indexs'	y:\develop\github\backmir\bmclient\gamescene\GameMonster.h	114	1	BackMirClient
Error	1927	error C4430: missing type specifier - int assumed. Note: C++ does not support default-int	y:\develop\github\backmir\bmclient\gamescene\GameMonster.h	114	1	BackMirClient
Error	1928	error C2146: syntax error : missing ';' before identifier 'm_eEndStatus'	y:\develop\github\backmir\bmclient\gamescene\GameMonster.h	812	1	BackMirClient
Error	1929	error C4430: missing type specifier - int assumed. Note: C++ does not support default-int	y:\develop\github\backmir\bmclient\gamescene\GameMonster.h	812	1	BackMirClient
Error	1930	error C2146: syntax error : missing ';' before identifier 'm_xShowItems'	y:\develop\github\backmir\bmclient\GameScene\GameMapManager.h	137	1	BackMirClient
Error	1931	error C4430: missing type specifier - int assumed. Note: C++ does not support default-int	y:\develop\github\backmir\bmclient\GameScene\GameMapManager.h	137	1	BackMirClient
Error	1932	error C2146: syntax error : missing ';' before identifier 'm_xMouseItems'	y:\develop\github\backmir\bmclient\GameScene\GameMapManager.h	138	1	BackMirClient
Error	1933	error C4430: missing type specifier - int assumed. Note: C++ does not support default-int	y:\develop\github\backmir\bmclient\GameScene\GameMapManager.h	138	1	BackMirClient
Error	1934	error C2065: 'm_xMouseItems' : undeclared identifier	y:\develop\github\backmir\bmclient\GameScene\GameMapManager.h	80	1	BackMirClient
Error	1935	error C2228: left of '.push_back' must have class/struct/union	y:\develop\github\backmir\bmclient\GameScene\GameMapManager.h	80	1	BackMirClient
Error	1936	error C1083: Cannot open include file: 'FastDelegateBind.h': No such file or directory	y:\develop\github\backmir\bmclient\GameDialog\GameCommonDlg.h	9	1	BackMirClient
Warning	1937	warning C4819: The file contains a character that cannot be represented in the current code page (936). Save the file in Unicode format to prevent data loss	y:\develop\github\backmir\bmclient\Common\GlobalDefine.h	1	1	BackMirClient
Error	1938	error C2447: '{' : missing function header (old-style formal list?)	y:\develop\github\backmir\bmclient\Common\GlobalDefine.h	91	1	BackMirClient
Error	1939	error C2447: '{' : missing function header (old-style formal list?)	y:\develop\github\backmir\bmclient\Common\GlobalDefine.h	103	1	BackMirClient
Error	1940	error C2447: '{' : missing function header (old-style formal list?)	y:\develop\github\backmir\bmclient\Common\GlobalDefine.h	128	1	BackMirClient
Error	1941	error C2146: syntax error : missing ';' before identifier 'GetAngle'	y:\develop\github\backmir\bmclient\Common\GlobalFunction.h	26	1	BackMirClient
Error	1942	error C4430: missing type specifier - int assumed. Note: C++ does not support default-int	y:\develop\github\backmir\bmclient\Common\GlobalFunction.h	26	1	BackMirClient
Error	1943	error C4430: missing type specifier - int assumed. Note: C++ does not support default-int	y:\develop\github\backmir\bmclient\net\PacketHandler.h	71	1	BackMirClient
Error	1944	error C2143: syntax error : missing ',' before '&'	y:\develop\github\backmir\bmclient\net\PacketHandler.h	71	1	BackMirClient
Warning	1945	warning C4819: The file contains a character that cannot be represented in the current code page (936). Save the file in Unicode format to prevent data loss	y:\develop\github\backmir\CommonModule\MagicEffectID.h	1	1	BackMirClient
Error	1946	error C2061: syntax error : identifier 'PLAYER_DIRECTION'	y:\develop\github\backmir\bmclient\Common\GameRenderObject.h	308	1	BackMirClient
Error	1947	error C2146: syntax error : missing ';' before identifier 'GetDirection'	y:\develop\github\backmir\bmclient\Common\GameRenderObject.h	312	1	BackMirClient
Error	1948	error C2433: 'GameObject::PLAYER_DIRECTION' : 'inline' not permitted on data declarations	y:\develop\github\backmir\bmclient\Common\GameRenderObject.h	312	1	BackMirClient
Error	1949	error C4430: missing type specifier - int assumed. Note: C++ does not support default-int	y:\develop\github\backmir\bmclient\Common\GameRenderObject.h	312	1	BackMirClient
Error	1950	error C4430: missing type specifier - int assumed. Note: C++ does not support default-int	y:\develop\github\backmir\bmclient\Common\GameRenderObject.h	313	1	BackMirClient
Warning	1951	warning C4183: 'GetDirection': missing return type; assumed to be a member function returning 'int'	y:\develop\github\backmir\bmclient\Common\GameRenderObject.h	315	1	BackMirClient
Error	1952	error C2061: syntax error : identifier 'PLAYER_STATUS'	y:\develop\github\backmir\bmclient\Common\GameRenderObject.h	316	1	BackMirClient
Error	1953	error C2146: syntax error : missing ';' before identifier 'GetStatus'	y:\develop\github\backmir\bmclient\Common\GameRenderObject.h	326	1	BackMirClient
Error	1954	error C2433: 'GameObject::PLAYER_STATUS' : 'inline' not permitted on data declarations	y:\develop\github\backmir\bmclient\Common\GameRenderObject.h	326	1	BackMirClient
Error	1955	error C4430: missing type specifier - int assumed. Note: C++ does not support default-int	y:\develop\github\backmir\bmclient\Common\GameRenderObject.h	326	1	BackMirClient
Error	1956	error C4430: missing type specifier - int assumed. Note: C++ does not support default-int	y:\develop\github\backmir\bmclient\Common\GameRenderObject.h	327	1	BackMirClient
Warning	1957	warning C4183: 'GetStatus': missing return type; assumed to be a member function returning 'int'	y:\develop\github\backmir\bmclient\Common\GameRenderObject.h	329	1	BackMirClient
Error	1958	error C2146: syntax error : missing ';' before identifier 'GetPreStatus'	y:\develop\github\backmir\bmclient\Common\GameRenderObject.h	330	1	BackMirClient
Error	1959	error C2433: 'GameObject::PLAYER_STATUS' : 'inline' not permitted on data declarations	y:\develop\github\backmir\bmclient\Common\GameRenderObject.h	330	1	BackMirClient
Error	1960	error C4430: missing type specifier - int assumed. Note: C++ does not support default-int	y:\develop\github\backmir\bmclient\Common\GameRenderObject.h	330	1	BackMirClient
Error	1961	error C4430: missing type specifier - int assumed. Note: C++ does not support default-int	y:\develop\github\backmir\bmclient\Common\GameRenderObject.h	331	1	BackMirClient
Warning	1962	warning C4183: 'GetPreStatus': missing return type; assumed to be a member function returning 'int'	y:\develop\github\backmir\bmclient\Common\GameRenderObject.h	333	1	BackMirClient
Error	1963	error C2061: syntax error : identifier 'PLAYER_SEX'	y:\develop\github\backmir\bmclient\Common\GameRenderObject.h	354	1	BackMirClient
Error	1964	error C2146: syntax error : missing ';' before identifier 'GetPlayerSex'	y:\develop\github\backmir\bmclient\Common\GameRenderObject.h	358	1	BackMirClient
Error	1965	error C2433: 'GameObject::PLAYER_SEX' : 'inline' not permitted on data declarations	y:\develop\github\backmir\bmclient\Common\GameRenderObject.h	358	1	BackMirClient
Error	1966	error C4430: missing type specifier - int assumed. Note: C++ does not support default-int	y:\develop\github\backmir\bmclient\Common\GameRenderObject.h	358	1	BackMirClient
Error	1967	error C4430: missing type specifier - int assumed. Note: C++ does not support default-int	y:\develop\github\backmir\bmclient\Common\GameRenderObject.h	359	1	BackMirClient
Warning	1968	warning C4183: 'GetPlayerSex': missing return type; assumed to be a member function returning 'int'	y:\develop\github\backmir\bmclient\Common\GameRenderObject.h	361	1	BackMirClient
Error	1969	error C4430: missing type specifier - int assumed. Note: C++ does not support default-int	y:\develop\github\backmir\bmclient\Common\GameRenderObject.h	503	1	BackMirClient
Error	1970	error C2143: syntax error : missing ',' before '&'	y:\develop\github\backmir\bmclient\Common\GameRenderObject.h	503	1	BackMirClient
Error	1971	error C4430: missing type specifier - int assumed. Note: C++ does not support default-int	y:\develop\github\backmir\bmclient\Common\GameRenderObject.h	504	1	BackMirClient
Error	1972	error C2143: syntax error : missing ',' before '&'	y:\develop\github\backmir\bmclient\Common\GameRenderObject.h	504	1	BackMirClient
Error	1973	error C2535: 'void GameObject::DoPacket(const int)' : member function already defined or declared	y:\develop\github\backmir\bmclient\Common\GameRenderObject.h	504	1	BackMirClient
Error	1974	error C4430: missing type specifier - int assumed. Note: C++ does not support default-int	y:\develop\github\backmir\bmclient\Common\GameRenderObject.h	505	1	BackMirClient
Error	1975	error C2143: syntax error : missing ',' before '&'	y:\develop\github\backmir\bmclient\Common\GameRenderObject.h	505	1	BackMirClient
Error	1976	error C2535: 'void GameObject::DoPacket(const int)' : member function already defined or declared	y:\develop\github\backmir\bmclient\Common\GameRenderObject.h	505	1	BackMirClient
Error	1977	error C2061: syntax error : identifier 'PLAYER_STATUS'	y:\develop\github\backmir\bmclient\Common\GameRenderObject.h	513	1	BackMirClient
Error	1978	error C2146: syntax error : missing ';' before identifier 'm_drt'	y:\develop\github\backmir\bmclient\Common\GameRenderObject.h	554	1	BackMirClient
Error	1979	error C4430: missing type specifier - int assumed. Note: C++ does not support default-int	y:\develop\github\backmir\bmclient\Common\GameRenderObject.h	554	1	BackMirClient
Error	1980	error C2146: syntax error : missing ';' before identifier 'm_sex'	y:\develop\github\backmir\bmclient\Common\GameRenderObject.h	555	1	BackMirClient
Error	1981	error C4430: missing type specifier - int assumed. Note: C++ does not support default-int	y:\develop\github\backmir\bmclient\Common\GameRenderObject.h	555	1	BackMirClient
Error	1982	error C2146: syntax error : missing ';' before identifier 'm_stat'	y:\develop\github\backmir\bmclient\Common\GameRenderObject.h	556	1	BackMirClient
Error	1983	error C4430: missing type specifier - int assumed. Note: C++ does not support default-int	y:\develop\github\backmir\bmclient\Common\GameRenderObject.h	556	1	BackMirClient
Error	1984	error C2146: syntax error : missing ';' before identifier 'm_preStat'	y:\develop\github\backmir\bmclient\Common\GameRenderObject.h	557	1	BackMirClient
Error	1985	error C4430: missing type specifier - int assumed. Note: C++ does not support default-int	y:\develop\github\backmir\bmclient\Common\GameRenderObject.h	557	1	BackMirClient
Error	1986	error C2065: 'm_drt' : undeclared identifier	y:\develop\github\backmir\bmclient\Common\GameRenderObject.h	253	1	BackMirClient
Error	1987	error C2065: 'PDT_DOWN' : undeclared identifier	y:\develop\github\backmir\bmclient\Common\GameRenderObject.h	253	1	BackMirClient
Error	1988	error C2065: 'm_sex' : undeclared identifier	y:\develop\github\backmir\bmclient\Common\GameRenderObject.h	254	1	BackMirClient
Error	1989	error C2065: 'PSX_MAN' : undeclared identifier	y:\develop\github\backmir\bmclient\Common\GameRenderObject.h	254	1	BackMirClient
Error	1990	error C2065: 'm_preStat' : undeclared identifier	y:\develop\github\backmir\bmclient\Common\GameRenderObject.h	255	1	BackMirClient
Error	1991	error C2065: 'm_stat' : undeclared identifier	y:\develop\github\backmir\bmclient\Common\GameRenderObject.h	255	1	BackMirClient
Error	1992	error C2065: 'PST_STAND' : undeclared identifier	y:\develop\github\backmir\bmclient\Common\GameRenderObject.h	255	1	BackMirClient
Error	1993	error C2065: 'm_drt' : undeclared identifier	y:\develop\github\backmir\bmclient\Common\GameRenderObject.h	310	1	BackMirClient
Error	1994	error C2065: '_pd' : undeclared identifier	y:\develop\github\backmir\bmclient\Common\GameRenderObject.h	310	1	BackMirClient
Error	1995	error C2065: 'm_drt' : undeclared identifier	y:\develop\github\backmir\bmclient\Common\GameRenderObject.h	314	1	BackMirClient
Error	1996	error C2065: 'm_stat' : undeclared identifier	y:\develop\github\backmir\bmclient\Common\GameRenderObject.h	318	1	BackMirClient
Error	1997	error C2065: '_ps' : undeclared identifier	y:\develop\github\backmir\bmclient\Common\GameRenderObject.h	318	1	BackMirClient
Error	1998	error C2065: '_ps' : undeclared identifier	y:\develop\github\backmir\bmclient\Common\GameRenderObject.h	320	1	BackMirClient
Error	1999	error C2065: 'PST_STAND' : undeclared identifier	y:\develop\github\backmir\bmclient\Common\GameRenderObject.h	320	1	BackMirClient
Error	2000	error C2065: '_ps' : undeclared identifier	y:\develop\github\backmir\bmclient\Common\GameRenderObject.h	324	1	BackMirClient
Error	2001	error C2065: 'm_stat' : undeclared identifier	y:\develop\github\backmir\bmclient\Common\GameRenderObject.h	328	1	BackMirClient
Error	2002	error C2065: 'm_preStat' : undeclared identifier	y:\develop\github\backmir\bmclient\Common\GameRenderObject.h	332	1	BackMirClient
Error	2003	error C2065: 'm_sex' : undeclared identifier	y:\develop\github\backmir\bmclient\Common\GameRenderObject.h	356	1	BackMirClient
Error	2004	error C2065: '_ps' : undeclared identifier	y:\develop\github\backmir\bmclient\Common\GameRenderObject.h	356	1	BackMirClient
Error	2005	error C2065: 'm_sex' : undeclared identifier	y:\develop\github\backmir\bmclient\Common\GameRenderObject.h	360	1	BackMirClient
Error	2006	error C2065: 'PST_DEAD' : undeclared identifier	y:\develop\github\backmir\bmclient\Common\GameRenderObject.h	429	1	BackMirClient
Warning	2007	warning C4819: The file contains a character that cannot be represented in the current code page (936). Save the file in Unicode format to prevent data loss	y:\develop\github\backmir\CommonModule\ShareDefine.h	1	1	BackMirClient
Error	2008	error C2365: 'RES_ITEMS' : redefinition; previous definition was 'enumerator'	y:\develop\github\backmir\CommonModule\ShareDefine.h	79	1	BackMirClient
Error	2009	error C2365: 'RES_STATUS' : redefinition; previous definition was 'enumerator'	y:\develop\github\backmir\CommonModule\ShareDefine.h	80	1	BackMirClient
Error	2010	error C2365: 'RES_CUSTOM' : redefinition; previous definition was 'enumerator'	y:\develop\github\backmir\CommonModule\ShareDefine.h	81	1	BackMirClient
Error	2011	error C2365: 'RES_TOTAL' : redefinition; previous definition was 'enumerator'	y:\develop\github\backmir\CommonModule\ShareDefine.h	82	1	BackMirClient
Error	2012	error C2065: 'MEFF_USERTOTAL' : undeclared identifier	y:\develop\github\backmir\bmclient\GameScene\MagicEffect.h	8	1	BackMirClient
Error	2013	error C2061: syntax error : identifier 'PLAYER_STATUS'	y:\develop\github\backmir\bmclient\gamescene\GameOtherPlayer.h	29	1	BackMirClient
Error	2014	error C2061: syntax error : identifier 'MAGICEFFECT_TYPE'	y:\develop\github\backmir\bmclient\gamescene\GameOtherPlayer.h	52	1	BackMirClient
Error	2015	error C2061: syntax error : identifier 'MAGICEFFECT_TYPE'	y:\develop\github\backmir\bmclient\gamescene\GameOtherPlayer.h	53	1	BackMirClient
Error	2016	error C4430: missing type specifier - int assumed. Note: C++ does not support default-int	y:\develop\github\backmir\bmclient\gamescene\GameOtherPlayer.h	157	1	BackMirClient
Error	2017	error C2143: syntax error : missing ',' before '&'	y:\develop\github\backmir\bmclient\gamescene\GameOtherPlayer.h	157	1	BackMirClient
Error	2018	error C4430: missing type specifier - int assumed. Note: C++ does not support default-int	y:\develop\github\backmir\bmclient\gamescene\GameOtherPlayer.h	201	1	BackMirClient
Error	2019	error C2143: syntax error : missing ',' before '&'	y:\develop\github\backmir\bmclient\gamescene\GameOtherPlayer.h	201	1	BackMirClient
Error	2020	error C2535: 'void GameOtherPlayer::DoPacket(const int)' : member function already defined or declared	y:\develop\github\backmir\bmclient\gamescene\GameOtherPlayer.h	201	1	BackMirClient
Error	2021	error C2146: syntax error : missing ';' before identifier 'm_eEffect'	y:\develop\github\backmir\bmclient\gamescene\GameOtherPlayer.h	228	1	BackMirClient
Error	2022	error C4430: missing type specifier - int assumed. Note: C++ does not support default-int	y:\develop\github\backmir\bmclient\gamescene\GameOtherPlayer.h	228	1	BackMirClient
Error	2023	error C2065: 'MAGICEFFECT_TOTAL' : undeclared identifier	y:\develop\github\backmir\bmclient\gamescene\GameOtherPlayer.h	228	1	BackMirClient
Warning	2024	warning C4819: The file contains a character that cannot be represented in the current code page (936). Save the file in Unicode format to prevent data loss	y:\develop\github\backmir\CommonModule\RandGenerator.h	1	1	BackMirClient
Warning	2025	warning C4819: The file contains a character that cannot be represented in the current code page (936). Save the file in Unicode format to prevent data loss	y:\develop\github\backmir\CommonModule\CollDownController.h	1	1	BackMirClient
Error	2026	error C2061: syntax error : identifier 'PLAYER_DIRECTION'	y:\develop\github\backmir\bmclient\gamescene\GamePlayer.h	57	1	BackMirClient
Error	2027	error C2061: syntax error : identifier 'PLAYER_DIRECTION'	y:\develop\github\backmir\bmclient\gamescene\GamePlayer.h	58	1	BackMirClient
Error	2028	error C2143: syntax error : missing ';' before '*'	y:\develop\github\backmir\bmclient\gamescene\GamePlayer.h	73	1	BackMirClient
Error	2029	error C4430: missing type specifier - int assumed. Note: C++ does not support default-int	y:\develop\github\backmir\bmclient\gamescene\GamePlayer.h	73	1	BackMirClient
Error	2030	error C4430: missing type specifier - int assumed. Note: C++ does not support default-int	y:\develop\github\backmir\bmclient\gamescene\GamePlayer.h	74	1	BackMirClient
Warning	2031	warning C4183: 'GetEquip': missing return type; assumed to be a member function returning 'int'	y:\develop\github\backmir\bmclient\gamescene\GamePlayer.h	76	1	BackMirClient
Error	2032	error C2146: syntax error : missing ';' before identifier 'm_equipAttrib'	y:\develop\github\backmir\bmclient\gamescene\GamePlayer.h	350	1	BackMirClient
Error	2033	error C4430: missing type specifier - int assumed. Note: C++ does not support default-int	y:\develop\github\backmir\bmclient\gamescene\GamePlayer.h	350	1	BackMirClient
Error	2034	error C2146: syntax error : missing ';' before identifier 'm_indexs'	y:\develop\github\backmir\bmclient\gamescene\GamePlayer.h	361	1	BackMirClient
Error	2035	error C4430: missing type specifier - int assumed. Note: C++ does not support default-int	y:\develop\github\backmir\bmclient\gamescene\GamePlayer.h	361	1	BackMirClient
Error	2036	error C2065: 'ADD_NORMAL' : undeclared identifier	y:\develop\github\backmir\bmclient\gamescene\GamePlayer.h	182	1	BackMirClient
Error	2037	error C2065: 'ADD_NORMAL' : undeclared identifier	y:\develop\github\backmir\bmclient\gamescene\GamePlayer.h	183	1	BackMirClient
Error	2038	error C2065: 'm_equipAttrib' : undeclared identifier	y:\develop\github\backmir\bmclient\gamescene\GamePlayer.h	75	1	BackMirClient
Error	2039	error C2065: 'PST_NONE' : undeclared identifier	y:\develop\github\backmir\bmclient\gamescene\GamePlayer.h	84	1	BackMirClient
Error	2040	error C2065: 'g_nWanLiTable' : undeclared identifier	y:\develop\github\backmir\bmclient\gamescene\GamePlayer.h	135	1	BackMirClient
Error	2041	error C2146: syntax error : missing ';' before identifier 'm_indexs'	y:\develop\github\backmir\bmclient\gamescene\GameMonster.h	114	1	BackMirClient
Error	2042	error C4430: missing type specifier - int assumed. Note: C++ does not support default-int	y:\develop\github\backmir\bmclient\gamescene\GameMonster.h	114	1	BackMirClient
Error	2043	error C2146: syntax error : missing ';' before identifier 'm_eEndStatus'	y:\develop\github\backmir\bmclient\gamescene\GameMonster.h	812	1	BackMirClient
Error	2044	error C4430: missing type specifier - int assumed. Note: C++ does not support default-int	y:\develop\github\backmir\bmclient\gamescene\GameMonster.h	812	1	BackMirClient
Error	2045	error C2146: syntax error : missing ';' before identifier 'm_xShowItems'	y:\develop\github\backmir\bmclient\GameScene\GameMapManager.h	137	1	BackMirClient
Error	2046	error C4430: missing type specifier - int assumed. Note: C++ does not support default-int	y:\develop\github\backmir\bmclient\GameScene\GameMapManager.h	137	1	BackMirClient
Error	2047	error C2146: syntax error : missing ';' before identifier 'm_xMouseItems'	y:\develop\github\backmir\bmclient\GameScene\GameMapManager.h	138	1	BackMirClient
Error	2048	error C4430: missing type specifier - int assumed. Note: C++ does not support default-int	y:\develop\github\backmir\bmclient\GameScene\GameMapManager.h	138	1	BackMirClient
Error	2049	error C2065: 'm_xMouseItems' : undeclared identifier	y:\develop\github\backmir\bmclient\GameScene\GameMapManager.h	80	1	BackMirClient
Error	2050	error C2228: left of '.push_back' must have class/struct/union	y:\develop\github\backmir\bmclient\GameScene\GameMapManager.h	80	1	BackMirClient
Error	2051	error C1083: Cannot open include file: 'FastDelegateBind.h': No such file or directory	y:\develop\github\backmir\bmclient\GameDialog\GameCommonDlg.h	9	1	BackMirClient
Warning	2052	warning C4819: The file contains a character that cannot be represented in the current code page (936). Save the file in Unicode format to prevent data loss	y:\develop\github\backmir\bmclient\Common\GlobalDefine.h	1	1	BackMirClient
Error	2053	error C2447: '{' : missing function header (old-style formal list?)	y:\develop\github\backmir\bmclient\Common\GlobalDefine.h	91	1	BackMirClient
Error	2054	error C2447: '{' : missing function header (old-style formal list?)	y:\develop\github\backmir\bmclient\Common\GlobalDefine.h	103	1	BackMirClient
Error	2055	error C2447: '{' : missing function header (old-style formal list?)	y:\develop\github\backmir\bmclient\Common\GlobalDefine.h	128	1	BackMirClient
Error	2056	error C2146: syntax error : missing ';' before identifier 'GetAngle'	y:\develop\github\backmir\bmclient\Common\GlobalFunction.h	26	1	BackMirClient
Error	2057	error C4430: missing type specifier - int assumed. Note: C++ does not support default-int	y:\develop\github\backmir\bmclient\Common\GlobalFunction.h	26	1	BackMirClient
Error	2058	error C4430: missing type specifier - int assumed. Note: C++ does not support default-int	y:\develop\github\backmir\bmclient\net\PacketHandler.h	71	1	BackMirClient
Error	2059	error C2143: syntax error : missing ',' before '&'	y:\develop\github\backmir\bmclient\net\PacketHandler.h	71	1	BackMirClient
Warning	2060	warning C4819: The file contains a character that cannot be represented in the current code page (936). Save the file in Unicode format to prevent data loss	y:\develop\github\backmir\CommonModule\MagicEffectID.h	1	1	BackMirClient
Error	2061	error C2061: syntax error : identifier 'PLAYER_DIRECTION'	y:\develop\github\backmir\bmclient\Common\GameRenderObject.h	308	1	BackMirClient
Error	2062	error C2146: syntax error : missing ';' before identifier 'GetDirection'	y:\develop\github\backmir\bmclient\Common\GameRenderObject.h	312	1	BackMirClient
Error	2063	error C2433: 'GameObject::PLAYER_DIRECTION' : 'inline' not permitted on data declarations	y:\develop\github\backmir\bmclient\Common\GameRenderObject.h	312	1	BackMirClient
Error	2064	error C4430: missing type specifier - int assumed. Note: C++ does not support default-int	y:\develop\github\backmir\bmclient\Common\GameRenderObject.h	312	1	BackMirClient
Error	2065	error C4430: missing type specifier - int assumed. Note: C++ does not support default-int	y:\develop\github\backmir\bmclient\Common\GameRenderObject.h	313	1	BackMirClient
Warning	2066	warning C4183: 'GetDirection': missing return type; assumed to be a member function returning 'int'	y:\develop\github\backmir\bmclient\Common\GameRenderObject.h	315	1	BackMirClient
Error	2067	error C2061: syntax error : identifier 'PLAYER_STATUS'	y:\develop\github\backmir\bmclient\Common\GameRenderObject.h	316	1	BackMirClient
Error	2068	error C2146: syntax error : missing ';' before identifier 'GetStatus'	y:\develop\github\backmir\bmclient\Common\GameRenderObject.h	326	1	BackMirClient
Error	2069	error C2433: 'GameObject::PLAYER_STATUS' : 'inline' not permitted on data declarations	y:\develop\github\backmir\bmclient\Common\GameRenderObject.h	326	1	BackMirClient
Error	2070	error C4430: missing type specifier - int assumed. Note: C++ does not support default-int	y:\develop\github\backmir\bmclient\Common\GameRenderObject.h	326	1	BackMirClient
Error	2071	error C4430: missing type specifier - int assumed. Note: C++ does not support default-int	y:\develop\github\backmir\bmclient\Common\GameRenderObject.h	327	1	BackMirClient
Warning	2072	warning C4183: 'GetStatus': missing return type; assumed to be a member function returning 'int'	y:\develop\github\backmir\bmclient\Common\GameRenderObject.h	329	1	BackMirClient
Error	2073	error C2146: syntax error : missing ';' before identifier 'GetPreStatus'	y:\develop\github\backmir\bmclient\Common\GameRenderObject.h	330	1	BackMirClient
Error	2074	error C2433: 'GameObject::PLAYER_STATUS' : 'inline' not permitted on data declarations	y:\develop\github\backmir\bmclient\Common\GameRenderObject.h	330	1	BackMirClient
Error	2075	error C4430: missing type specifier - int assumed. Note: C++ does not support default-int	y:\develop\github\backmir\bmclient\Common\GameRenderObject.h	330	1	BackMirClient
Error	2076	error C4430: missing type specifier - int assumed. Note: C++ does not support default-int	y:\develop\github\backmir\bmclient\Common\GameRenderObject.h	331	1	BackMirClient
Warning	2077	warning C4183: 'GetPreStatus': missing return type; assumed to be a member function returning 'int'	y:\develop\github\backmir\bmclient\Common\GameRenderObject.h	333	1	BackMirClient
Error	2078	error C2061: syntax error : identifier 'PLAYER_SEX'	y:\develop\github\backmir\bmclient\Common\GameRenderObject.h	354	1	BackMirClient
Error	2079	error C2146: syntax error : missing ';' before identifier 'GetPlayerSex'	y:\develop\github\backmir\bmclient\Common\GameRenderObject.h	358	1	BackMirClient
Error	2080	error C2433: 'GameObject::PLAYER_SEX' : 'inline' not permitted on data declarations	y:\develop\github\backmir\bmclient\Common\GameRenderObject.h	358	1	BackMirClient
Error	2081	error C4430: missing type specifier - int assumed. Note: C++ does not support default-int	y:\develop\github\backmir\bmclient\Common\GameRenderObject.h	358	1	BackMirClient
Error	2082	error C4430: missing type specifier - int assumed. Note: C++ does not support default-int	y:\develop\github\backmir\bmclient\Common\GameRenderObject.h	359	1	BackMirClient
Warning	2083	warning C4183: 'GetPlayerSex': missing return type; assumed to be a member function returning 'int'	y:\develop\github\backmir\bmclient\Common\GameRenderObject.h	361	1	BackMirClient
Error	2084	error C4430: missing type specifier - int assumed. Note: C++ does not support default-int	y:\develop\github\backmir\bmclient\Common\GameRenderObject.h	503	1	BackMirClient
Error	2085	error C2143: syntax error : missing ',' before '&'	y:\develop\github\backmir\bmclient\Common\GameRenderObject.h	503	1	BackMirClient
Error	2086	error C4430: missing type specifier - int assumed. Note: C++ does not support default-int	y:\develop\github\backmir\bmclient\Common\GameRenderObject.h	504	1	BackMirClient
Error	2087	error C2143: syntax error : missing ',' before '&'	y:\develop\github\backmir\bmclient\Common\GameRenderObject.h	504	1	BackMirClient
Error	2088	error C2535: 'void GameObject::DoPacket(const int)' : member function already defined or declared	y:\develop\github\backmir\bmclient\Common\GameRenderObject.h	504	1	BackMirClient
Error	2089	error C4430: missing type specifier - int assumed. Note: C++ does not support default-int	y:\develop\github\backmir\bmclient\Common\GameRenderObject.h	505	1	BackMirClient
Error	2090	error C2143: syntax error : missing ',' before '&'	y:\develop\github\backmir\bmclient\Common\GameRenderObject.h	505	1	BackMirClient
Error	2091	error C2535: 'void GameObject::DoPacket(const int)' : member function already defined or declared	y:\develop\github\backmir\bmclient\Common\GameRenderObject.h	505	1	BackMirClient
Error	2092	error C2061: syntax error : identifier 'PLAYER_STATUS'	y:\develop\github\backmir\bmclient\Common\GameRenderObject.h	513	1	BackMirClient
Error	2093	error C2146: syntax error : missing ';' before identifier 'm_drt'	y:\develop\github\backmir\bmclient\Common\GameRenderObject.h	554	1	BackMirClient
Error	2094	error C4430: missing type specifier - int assumed. Note: C++ does not support default-int	y:\develop\github\backmir\bmclient\Common\GameRenderObject.h	554	1	BackMirClient
Error	2095	error C2146: syntax error : missing ';' before identifier 'm_sex'	y:\develop\github\backmir\bmclient\Common\GameRenderObject.h	555	1	BackMirClient
Error	2096	error C4430: missing type specifier - int assumed. Note: C++ does not support default-int	y:\develop\github\backmir\bmclient\Common\GameRenderObject.h	555	1	BackMirClient
Error	2097	error C2146: syntax error : missing ';' before identifier 'm_stat'	y:\develop\github\backmir\bmclient\Common\GameRenderObject.h	556	1	BackMirClient
Error	2098	error C4430: missing type specifier - int assumed. Note: C++ does not support default-int	y:\develop\github\backmir\bmclient\Common\GameRenderObject.h	556	1	BackMirClient
Error	2099	error C2146: syntax error : missing ';' before identifier 'm_preStat'	y:\develop\github\backmir\bmclient\Common\GameRenderObject.h	557	1	BackMirClient
Error	2100	error C4430: missing type specifier - int assumed. Note: C++ does not support default-int	y:\develop\github\backmir\bmclient\Common\GameRenderObject.h	557	1	BackMirClient
Error	2101	error C2065: 'm_drt' : undeclared identifier	y:\develop\github\backmir\bmclient\Common\GameRenderObject.h	253	1	BackMirClient
Error	2102	error C2065: 'PDT_DOWN' : undeclared identifier	y:\develop\github\backmir\bmclient\Common\GameRenderObject.h	253	1	BackMirClient
Error	2103	error C2065: 'm_sex' : undeclared identifier	y:\develop\github\backmir\bmclient\Common\GameRenderObject.h	254	1	BackMirClient
Error	2104	error C2065: 'PSX_MAN' : undeclared identifier	y:\develop\github\backmir\bmclient\Common\GameRenderObject.h	254	1	BackMirClient
Error	2105	error C2065: 'm_preStat' : undeclared identifier	y:\develop\github\backmir\bmclient\Common\GameRenderObject.h	255	1	BackMirClient
Error	2106	error C2065: 'm_stat' : undeclared identifier	y:\develop\github\backmir\bmclient\Common\GameRenderObject.h	255	1	BackMirClient
Error	2107	error C2065: 'PST_STAND' : undeclared identifier	y:\develop\github\backmir\bmclient\Common\GameRenderObject.h	255	1	BackMirClient
Error	2108	error C2065: 'm_drt' : undeclared identifier	y:\develop\github\backmir\bmclient\Common\GameRenderObject.h	310	1	BackMirClient
Error	2109	error C2065: '_pd' : undeclared identifier	y:\develop\github\backmir\bmclient\Common\GameRenderObject.h	310	1	BackMirClient
Error	2110	error C2065: 'm_drt' : undeclared identifier	y:\develop\github\backmir\bmclient\Common\GameRenderObject.h	314	1	BackMirClient
Error	2111	error C2065: 'm_stat' : undeclared identifier	y:\develop\github\backmir\bmclient\Common\GameRenderObject.h	318	1	BackMirClient
Error	2112	error C2065: '_ps' : undeclared identifier	y:\develop\github\backmir\bmclient\Common\GameRenderObject.h	318	1	BackMirClient
Error	2113	error C2065: '_ps' : undeclared identifier	y:\develop\github\backmir\bmclient\Common\GameRenderObject.h	320	1	BackMirClient
Error	2114	error C2065: 'PST_STAND' : undeclared identifier	y:\develop\github\backmir\bmclient\Common\GameRenderObject.h	320	1	BackMirClient
Error	2115	error C2065: '_ps' : undeclared identifier	y:\develop\github\backmir\bmclient\Common\GameRenderObject.h	324	1	BackMirClient
Error	2116	error C2065: 'm_stat' : undeclared identifier	y:\develop\github\backmir\bmclient\Common\GameRenderObject.h	328	1	BackMirClient
Error	2117	error C2065: 'm_preStat' : undeclared identifier	y:\develop\github\backmir\bmclient\Common\GameRenderObject.h	332	1	BackMirClient
Error	2118	error C2065: 'm_sex' : undeclared identifier	y:\develop\github\backmir\bmclient\Common\GameRenderObject.h	356	1	BackMirClient
Error	2119	error C2065: '_ps' : undeclared identifier	y:\develop\github\backmir\bmclient\Common\GameRenderObject.h	356	1	BackMirClient
Error	2120	error C2065: 'm_sex' : undeclared identifier	y:\develop\github\backmir\bmclient\Common\GameRenderObject.h	360	1	BackMirClient
Error	2121	error C2065: 'PST_DEAD' : undeclared identifier	y:\develop\github\backmir\bmclient\Common\GameRenderObject.h	429	1	BackMirClient
Warning	2122	warning C4819: The file contains a character that cannot be represented in the current code page (936). Save the file in Unicode format to prevent data loss	y:\develop\github\backmir\CommonModule\ShareDefine.h	1	1	BackMirClient
Error	2123	error C2365: 'RES_ITEMS' : redefinition; previous definition was 'enumerator'	y:\develop\github\backmir\CommonModule\ShareDefine.h	79	1	BackMirClient
Error	2124	error C2365: 'RES_STATUS' : redefinition; previous definition was 'enumerator'	y:\develop\github\backmir\CommonModule\ShareDefine.h	80	1	BackMirClient
Error	2125	error C2365: 'RES_CUSTOM' : redefinition; previous definition was 'enumerator'	y:\develop\github\backmir\CommonModule\ShareDefine.h	81	1	BackMirClient
Error	2126	error C2365: 'RES_TOTAL' : redefinition; previous definition was 'enumerator'	y:\develop\github\backmir\CommonModule\ShareDefine.h	82	1	BackMirClient
Error	2127	error C2065: 'MEFF_USERTOTAL' : undeclared identifier	y:\develop\github\backmir\bmclient\GameScene\MagicEffect.h	8	1	BackMirClient
Error	2128	error C2061: syntax error : identifier 'PLAYER_STATUS'	y:\develop\github\backmir\bmclient\gamescene\GameOtherPlayer.h	29	1	BackMirClient
Error	2129	error C2061: syntax error : identifier 'MAGICEFFECT_TYPE'	y:\develop\github\backmir\bmclient\gamescene\GameOtherPlayer.h	52	1	BackMirClient
Error	2130	error C2061: syntax error : identifier 'MAGICEFFECT_TYPE'	y:\develop\github\backmir\bmclient\gamescene\GameOtherPlayer.h	53	1	BackMirClient
Error	2131	error C4430: missing type specifier - int assumed. Note: C++ does not support default-int	y:\develop\github\backmir\bmclient\gamescene\GameOtherPlayer.h	157	1	BackMirClient
Error	2132	error C2143: syntax error : missing ',' before '&'	y:\develop\github\backmir\bmclient\gamescene\GameOtherPlayer.h	157	1	BackMirClient
Error	2133	error C4430: missing type specifier - int assumed. Note: C++ does not support default-int	y:\develop\github\backmir\bmclient\gamescene\GameOtherPlayer.h	201	1	BackMirClient
Error	2134	error C2143: syntax error : missing ',' before '&'	y:\develop\github\backmir\bmclient\gamescene\GameOtherPlayer.h	201	1	BackMirClient
Error	2135	error C2535: 'void GameOtherPlayer::DoPacket(const int)' : member function already defined or declared	y:\develop\github\backmir\bmclient\gamescene\GameOtherPlayer.h	201	1	BackMirClient
Error	2136	error C2146: syntax error : missing ';' before identifier 'm_eEffect'	y:\develop\github\backmir\bmclient\gamescene\GameOtherPlayer.h	228	1	BackMirClient
Error	2137	error C4430: missing type specifier - int assumed. Note: C++ does not support default-int	y:\develop\github\backmir\bmclient\gamescene\GameOtherPlayer.h	228	1	BackMirClient
Error	2138	error C2065: 'MAGICEFFECT_TOTAL' : undeclared identifier	y:\develop\github\backmir\bmclient\gamescene\GameOtherPlayer.h	228	1	BackMirClient
Warning	2139	warning C4819: The file contains a character that cannot be represented in the current code page (936). Save the file in Unicode format to prevent data loss	y:\develop\github\backmir\CommonModule\RandGenerator.h	1	1	BackMirClient
Warning	2140	warning C4819: The file contains a character that cannot be represented in the current code page (936). Save the file in Unicode format to prevent data loss	y:\develop\github\backmir\CommonModule\CollDownController.h	1	1	BackMirClient
Error	2141	error C2061: syntax error : identifier 'PLAYER_DIRECTION'	y:\develop\github\backmir\bmclient\gamescene\GamePlayer.h	57	1	BackMirClient
Error	2142	error C2061: syntax error : identifier 'PLAYER_DIRECTION'	y:\develop\github\backmir\bmclient\gamescene\GamePlayer.h	58	1	BackMirClient
Error	2143	error C2143: syntax error : missing ';' before '*'	y:\develop\github\backmir\bmclient\gamescene\GamePlayer.h	73	1	BackMirClient
Error	2144	error C4430: missing type specifier - int assumed. Note: C++ does not support default-int	y:\develop\github\backmir\bmclient\gamescene\GamePlayer.h	73	1	BackMirClient
Error	2145	error C4430: missing type specifier - int assumed. Note: C++ does not support default-int	y:\develop\github\backmir\bmclient\gamescene\GamePlayer.h	74	1	BackMirClient
Warning	2146	warning C4183: 'GetEquip': missing return type; assumed to be a member function returning 'int'	y:\develop\github\backmir\bmclient\gamescene\GamePlayer.h	76	1	BackMirClient
Error	2147	error C2146: syntax error : missing ';' before identifier 'm_equipAttrib'	y:\develop\github\backmir\bmclient\gamescene\GamePlayer.h	350	1	BackMirClient
Error	2148	error C4430: missing type specifier - int assumed. Note: C++ does not support default-int	y:\develop\github\backmir\bmclient\gamescene\GamePlayer.h	350	1	BackMirClient
Error	2149	error C2146: syntax error : missing ';' before identifier 'm_indexs'	y:\develop\github\backmir\bmclient\gamescene\GamePlayer.h	361	1	BackMirClient
Error	2150	error C4430: missing type specifier - int assumed. Note: C++ does not support default-int	y:\develop\github\backmir\bmclient\gamescene\GamePlayer.h	361	1	BackMirClient
Error	2151	error C2065: 'ADD_NORMAL' : undeclared identifier	y:\develop\github\backmir\bmclient\gamescene\GamePlayer.h	182	1	BackMirClient
Error	2152	error C2065: 'ADD_NORMAL' : undeclared identifier	y:\develop\github\backmir\bmclient\gamescene\GamePlayer.h	183	1	BackMirClient
Error	2153	error C2065: 'm_equipAttrib' : undeclared identifier	y:\develop\github\backmir\bmclient\gamescene\GamePlayer.h	75	1	BackMirClient
Error	2154	error C2065: 'PST_NONE' : undeclared identifier	y:\develop\github\backmir\bmclient\gamescene\GamePlayer.h	84	1	BackMirClient
Error	2155	error C2065: 'g_nWanLiTable' : undeclared identifier	y:\develop\github\backmir\bmclient\gamescene\GamePlayer.h	135	1	BackMirClient
Error	2156	error C2146: syntax error : missing ';' before identifier 'm_indexs'	y:\develop\github\backmir\bmclient\gamescene\GameMonster.h	114	1	BackMirClient
Error	2157	error C4430: missing type specifier - int assumed. Note: C++ does not support default-int	y:\develop\github\backmir\bmclient\gamescene\GameMonster.h	114	1	BackMirClient
Error	2158	error C2146: syntax error : missing ';' before identifier 'm_eEndStatus'	y:\develop\github\backmir\bmclient\gamescene\GameMonster.h	812	1	BackMirClient
Error	2159	error C4430: missing type specifier - int assumed. Note: C++ does not support default-int	y:\develop\github\backmir\bmclient\gamescene\GameMonster.h	812	1	BackMirClient
Error	2160	error C2146: syntax error : missing ';' before identifier 'm_xShowItems'	y:\develop\github\backmir\bmclient\GameScene\GameMapManager.h	137	1	BackMirClient
Error	2161	error C4430: missing type specifier - int assumed. Note: C++ does not support default-int	y:\develop\github\backmir\bmclient\GameScene\GameMapManager.h	137	1	BackMirClient
Error	2162	error C2146: syntax error : missing ';' before identifier 'm_xMouseItems'	y:\develop\github\backmir\bmclient\GameScene\GameMapManager.h	138	1	BackMirClient
Error	2163	error C4430: missing type specifier - int assumed. Note: C++ does not support default-int	y:\develop\github\backmir\bmclient\GameScene\GameMapManager.h	138	1	BackMirClient
Error	2164	error C2065: 'm_xMouseItems' : undeclared identifier	y:\develop\github\backmir\bmclient\GameScene\GameMapManager.h	80	1	BackMirClient
Error	2165	error C2228: left of '.push_back' must have class/struct/union	y:\develop\github\backmir\bmclient\GameScene\GameMapManager.h	80	1	BackMirClient
Error	2166	error C1083: Cannot open include file: 'FastDelegateBind.h': No such file or directory	y:\develop\github\backmir\bmclient\GameDialog\GameCommonDlg.h	9	1	BackMirClient
Warning	2167	warning C4819: The file contains a character that cannot be represented in the current code page (936). Save the file in Unicode format to prevent data loss	y:\develop\github\backmir\bmclient\Common\GlobalDefine.h	1	1	BackMirClient
Error	2168	error C2447: '{' : missing function header (old-style formal list?)	y:\develop\github\backmir\bmclient\Common\GlobalDefine.h	91	1	BackMirClient
Error	2169	error C2447: '{' : missing function header (old-style formal list?)	y:\develop\github\backmir\bmclient\Common\GlobalDefine.h	103	1	BackMirClient
Error	2170	error C2447: '{' : missing function header (old-style formal list?)	y:\develop\github\backmir\bmclient\Common\GlobalDefine.h	128	1	BackMirClient
Error	2171	error C2146: syntax error : missing ';' before identifier 'GetAngle'	y:\develop\github\backmir\bmclient\Common\GlobalFunction.h	26	1	BackMirClient
Error	2172	error C4430: missing type specifier - int assumed. Note: C++ does not support default-int	y:\develop\github\backmir\bmclient\Common\GlobalFunction.h	26	1	BackMirClient
Error	2173	error C4430: missing type specifier - int assumed. Note: C++ does not support default-int	y:\develop\github\backmir\bmclient\net\PacketHandler.h	71	1	BackMirClient
Error	2174	error C2143: syntax error : missing ',' before '&'	y:\develop\github\backmir\bmclient\net\PacketHandler.h	71	1	BackMirClient
Warning	2175	warning C4819: The file contains a character that cannot be represented in the current code page (936). Save the file in Unicode format to prevent data loss	y:\develop\github\backmir\CommonModule\MagicEffectID.h	1	1	BackMirClient
Error	2176	error C2061: syntax error : identifier 'PLAYER_DIRECTION'	y:\develop\github\backmir\bmclient\Common\GameRenderObject.h	308	1	BackMirClient
Error	2177	error C2146: syntax error : missing ';' before identifier 'GetDirection'	y:\develop\github\backmir\bmclient\Common\GameRenderObject.h	312	1	BackMirClient
Error	2178	error C2433: 'GameObject::PLAYER_DIRECTION' : 'inline' not permitted on data declarations	y:\develop\github\backmir\bmclient\Common\GameRenderObject.h	312	1	BackMirClient
Error	2179	error C4430: missing type specifier - int assumed. Note: C++ does not support default-int	y:\develop\github\backmir\bmclient\Common\GameRenderObject.h	312	1	BackMirClient
Error	2180	error C4430: missing type specifier - int assumed. Note: C++ does not support default-int	y:\develop\github\backmir\bmclient\Common\GameRenderObject.h	313	1	BackMirClient
Warning	2181	warning C4183: 'GetDirection': missing return type; assumed to be a member function returning 'int'	y:\develop\github\backmir\bmclient\Common\GameRenderObject.h	315	1	BackMirClient
Error	2182	error C2061: syntax error : identifier 'PLAYER_STATUS'	y:\develop\github\backmir\bmclient\Common\GameRenderObject.h	316	1	BackMirClient
Error	2183	error C2146: syntax error : missing ';' before identifier 'GetStatus'	y:\develop\github\backmir\bmclient\Common\GameRenderObject.h	326	1	BackMirClient
Error	2184	error C2433: 'GameObject::PLAYER_STATUS' : 'inline' not permitted on data declarations	y:\develop\github\backmir\bmclient\Common\GameRenderObject.h	326	1	BackMirClient
Error	2185	error C4430: missing type specifier - int assumed. Note: C++ does not support default-int	y:\develop\github\backmir\bmclient\Common\GameRenderObject.h	326	1	BackMirClient
Error	2186	error C4430: missing type specifier - int assumed. Note: C++ does not support default-int	y:\develop\github\backmir\bmclient\Common\GameRenderObject.h	327	1	BackMirClient
Warning	2187	warning C4183: 'GetStatus': missing return type; assumed to be a member function returning 'int'	y:\develop\github\backmir\bmclient\Common\GameRenderObject.h	329	1	BackMirClient
Error	2188	error C2146: syntax error : missing ';' before identifier 'GetPreStatus'	y:\develop\github\backmir\bmclient\Common\GameRenderObject.h	330	1	BackMirClient
Error	2189	error C2433: 'GameObject::PLAYER_STATUS' : 'inline' not permitted on data declarations	y:\develop\github\backmir\bmclient\Common\GameRenderObject.h	330	1	BackMirClient
Error	2190	error C4430: missing type specifier - int assumed. Note: C++ does not support default-int	y:\develop\github\backmir\bmclient\Common\GameRenderObject.h	330	1	BackMirClient
Error	2191	error C4430: missing type specifier - int assumed. Note: C++ does not support default-int	y:\develop\github\backmir\bmclient\Common\GameRenderObject.h	331	1	BackMirClient
Warning	2192	warning C4183: 'GetPreStatus': missing return type; assumed to be a member function returning 'int'	y:\develop\github\backmir\bmclient\Common\GameRenderObject.h	333	1	BackMirClient
Error	2193	error C2061: syntax error : identifier 'PLAYER_SEX'	y:\develop\github\backmir\bmclient\Common\GameRenderObject.h	354	1	BackMirClient
Error	2194	error C2146: syntax error : missing ';' before identifier 'GetPlayerSex'	y:\develop\github\backmir\bmclient\Common\GameRenderObject.h	358	1	BackMirClient
Error	2195	error C2433: 'GameObject::PLAYER_SEX' : 'inline' not permitted on data declarations	y:\develop\github\backmir\bmclient\Common\GameRenderObject.h	358	1	BackMirClient
Error	2196	error C4430: missing type specifier - int assumed. Note: C++ does not support default-int	y:\develop\github\backmir\bmclient\Common\GameRenderObject.h	358	1	BackMirClient
Error	2197	error C4430: missing type specifier - int assumed. Note: C++ does not support default-int	y:\develop\github\backmir\bmclient\Common\GameRenderObject.h	359	1	BackMirClient
Warning	2198	warning C4183: 'GetPlayerSex': missing return type; assumed to be a member function returning 'int'	y:\develop\github\backmir\bmclient\Common\GameRenderObject.h	361	1	BackMirClient
Error	2199	error C4430: missing type specifier - int assumed. Note: C++ does not support default-int	y:\develop\github\backmir\bmclient\Common\GameRenderObject.h	503	1	BackMirClient
Error	2200	error C2143: syntax error : missing ',' before '&'	y:\develop\github\backmir\bmclient\Common\GameRenderObject.h	503	1	BackMirClient
Error	2201	error C4430: missing type specifier - int assumed. Note: C++ does not support default-int	y:\develop\github\backmir\bmclient\Common\GameRenderObject.h	504	1	BackMirClient
Error	2202	error C2143: syntax error : missing ',' before '&'	y:\develop\github\backmir\bmclient\Common\GameRenderObject.h	504	1	BackMirClient
Error	2203	error C2535: 'void GameObject::DoPacket(const int)' : member function already defined or declared	y:\develop\github\backmir\bmclient\Common\GameRenderObject.h	504	1	BackMirClient
Error	2204	error C4430: missing type specifier - int assumed. Note: C++ does not support default-int	y:\develop\github\backmir\bmclient\Common\GameRenderObject.h	505	1	BackMirClient
Error	2205	error C2143: syntax error : missing ',' before '&'	y:\develop\github\backmir\bmclient\Common\GameRenderObject.h	505	1	BackMirClient
Error	2206	error C2535: 'void GameObject::DoPacket(const int)' : member function already defined or declared	y:\develop\github\backmir\bmclient\Common\GameRenderObject.h	505	1	BackMirClient
Error	2207	error C2061: syntax error : identifier 'PLAYER_STATUS'	y:\develop\github\backmir\bmclient\Common\GameRenderObject.h	513	1	BackMirClient
Error	2208	error C2146: syntax error : missing ';' before identifier 'm_drt'	y:\develop\github\backmir\bmclient\Common\GameRenderObject.h	554	1	BackMirClient
Error	2209	error C4430: missing type specifier - int assumed. Note: C++ does not support default-int	y:\develop\github\backmir\bmclient\Common\GameRenderObject.h	554	1	BackMirClient
Error	2210	error C2146: syntax error : missing ';' before identifier 'm_sex'	y:\develop\github\backmir\bmclient\Common\GameRenderObject.h	555	1	BackMirClient
Error	2211	error C4430: missing type specifier - int assumed. Note: C++ does not support default-int	y:\develop\github\backmir\bmclient\Common\GameRenderObject.h	555	1	BackMirClient
Error	2212	error C2146: syntax error : missing ';' before identifier 'm_stat'	y:\develop\github\backmir\bmclient\Common\GameRenderObject.h	556	1	BackMirClient
Error	2213	error C4430: missing type specifier - int assumed. Note: C++ does not support default-int	y:\develop\github\backmir\bmclient\Common\GameRenderObject.h	556	1	BackMirClient
Error	2214	error C2146: syntax error : missing ';' before identifier 'm_preStat'	y:\develop\github\backmir\bmclient\Common\GameRenderObject.h	557	1	BackMirClient
Error	2215	error C4430: missing type specifier - int assumed. Note: C++ does not support default-int	y:\develop\github\backmir\bmclient\Common\GameRenderObject.h	557	1	BackMirClient
Error	2216	error C2065: 'm_drt' : undeclared identifier	y:\develop\github\backmir\bmclient\Common\GameRenderObject.h	253	1	BackMirClient
Error	2217	error C2065: 'PDT_DOWN' : undeclared identifier	y:\develop\github\backmir\bmclient\Common\GameRenderObject.h	253	1	BackMirClient
Error	2218	error C2065: 'm_sex' : undeclared identifier	y:\develop\github\backmir\bmclient\Common\GameRenderObject.h	254	1	BackMirClient
Error	2219	error C2065: 'PSX_MAN' : undeclared identifier	y:\develop\github\backmir\bmclient\Common\GameRenderObject.h	254	1	BackMirClient
Error	2220	error C2065: 'm_preStat' : undeclared identifier	y:\develop\github\backmir\bmclient\Common\GameRenderObject.h	255	1	BackMirClient
Error	2221	error C2065: 'm_stat' : undeclared identifier	y:\develop\github\backmir\bmclient\Common\GameRenderObject.h	255	1	BackMirClient
Error	2222	error C2065: 'PST_STAND' : undeclared identifier	y:\develop\github\backmir\bmclient\Common\GameRenderObject.h	255	1	BackMirClient
Error	2223	error C2065: 'm_drt' : undeclared identifier	y:\develop\github\backmir\bmclient\Common\GameRenderObject.h	310	1	BackMirClient
Error	2224	error C2065: '_pd' : undeclared identifier	y:\develop\github\backmir\bmclient\Common\GameRenderObject.h	310	1	BackMirClient
Error	2225	error C2065: 'm_drt' : undeclared identifier	y:\develop\github\backmir\bmclient\Common\GameRenderObject.h	314	1	BackMirClient
Error	2226	error C2065: 'm_stat' : undeclared identifier	y:\develop\github\backmir\bmclient\Common\GameRenderObject.h	318	1	BackMirClient
Error	2227	error C2065: '_ps' : undeclared identifier	y:\develop\github\backmir\bmclient\Common\GameRenderObject.h	318	1	BackMirClient
Error	2228	error C2065: '_ps' : undeclared identifier	y:\develop\github\backmir\bmclient\Common\GameRenderObject.h	320	1	BackMirClient
Error	2229	error C2065: 'PST_STAND' : undeclared identifier	y:\develop\github\backmir\bmclient\Common\GameRenderObject.h	320	1	BackMirClient
Error	2230	error C2065: '_ps' : undeclared identifier	y:\develop\github\backmir\bmclient\Common\GameRenderObject.h	324	1	BackMirClient
Error	2231	error C2065: 'm_stat' : undeclared identifier	y:\develop\github\backmir\bmclient\Common\GameRenderObject.h	328	1	BackMirClient
Error	2232	error C2065: 'm_preStat' : undeclared identifier	y:\develop\github\backmir\bmclient\Common\GameRenderObject.h	332	1	BackMirClient
Error	2233	error C2065: 'm_sex' : undeclared identifier	y:\develop\github\backmir\bmclient\Common\GameRenderObject.h	356	1	BackMirClient
Error	2234	error C2065: '_ps' : undeclared identifier	y:\develop\github\backmir\bmclient\Common\GameRenderObject.h	356	1	BackMirClient
Error	2235	error C2065: 'm_sex' : undeclared identifier	y:\develop\github\backmir\bmclient\Common\GameRenderObject.h	360	1	BackMirClient
Error	2236	error C2065: 'PST_DEAD' : undeclared identifier	y:\develop\github\backmir\bmclient\Common\GameRenderObject.h	429	1	BackMirClient
Warning	2237	warning C4819: The file contains a character that cannot be represented in the current code page (936). Save the file in Unicode format to prevent data loss	y:\develop\github\backmir\CommonModule\ShareDefine.h	1	1	BackMirClient
Error	2238	error C2365: 'RES_ITEMS' : redefinition; previous definition was 'enumerator'	y:\develop\github\backmir\CommonModule\ShareDefine.h	79	1	BackMirClient
Error	2239	error C2365: 'RES_STATUS' : redefinition; previous definition was 'enumerator'	y:\develop\github\backmir\CommonModule\ShareDefine.h	80	1	BackMirClient
Error	2240	error C2365: 'RES_CUSTOM' : redefinition; previous definition was 'enumerator'	y:\develop\github\backmir\CommonModule\ShareDefine.h	81	1	BackMirClient
Error	2241	error C2365: 'RES_TOTAL' : redefinition; previous definition was 'enumerator'	y:\develop\github\backmir\CommonModule\ShareDefine.h	82	1	BackMirClient
Error	2242	error C2065: 'MEFF_USERTOTAL' : undeclared identifier	y:\develop\github\backmir\bmclient\GameScene\MagicEffect.h	8	1	BackMirClient
Error	2243	error C2061: syntax error : identifier 'PLAYER_STATUS'	y:\develop\github\backmir\bmclient\gamescene\GameOtherPlayer.h	29	1	BackMirClient
Error	2244	error C2061: syntax error : identifier 'MAGICEFFECT_TYPE'	y:\develop\github\backmir\bmclient\gamescene\GameOtherPlayer.h	52	1	BackMirClient
Error	2245	error C2061: syntax error : identifier 'MAGICEFFECT_TYPE'	y:\develop\github\backmir\bmclient\gamescene\GameOtherPlayer.h	53	1	BackMirClient
Error	2246	error C4430: missing type specifier - int assumed. Note: C++ does not support default-int	y:\develop\github\backmir\bmclient\gamescene\GameOtherPlayer.h	157	1	BackMirClient
Error	2247	error C2143: syntax error : missing ',' before '&'	y:\develop\github\backmir\bmclient\gamescene\GameOtherPlayer.h	157	1	BackMirClient
Error	2248	error C4430: missing type specifier - int assumed. Note: C++ does not support default-int	y:\develop\github\backmir\bmclient\gamescene\GameOtherPlayer.h	201	1	BackMirClient
Error	2249	error C2143: syntax error : missing ',' before '&'	y:\develop\github\backmir\bmclient\gamescene\GameOtherPlayer.h	201	1	BackMirClient
Error	2250	error C2535: 'void GameOtherPlayer::DoPacket(const int)' : member function already defined or declared	y:\develop\github\backmir\bmclient\gamescene\GameOtherPlayer.h	201	1	BackMirClient
Error	2251	error C2146: syntax error : missing ';' before identifier 'm_eEffect'	y:\develop\github\backmir\bmclient\gamescene\GameOtherPlayer.h	228	1	BackMirClient
Error	2252	error C4430: missing type specifier - int assumed. Note: C++ does not support default-int	y:\develop\github\backmir\bmclient\gamescene\GameOtherPlayer.h	228	1	BackMirClient
Error	2253	error C2065: 'MAGICEFFECT_TOTAL' : undeclared identifier	y:\develop\github\backmir\bmclient\gamescene\GameOtherPlayer.h	228	1	BackMirClient
Warning	2254	warning C4819: The file contains a character that cannot be represented in the current code page (936). Save the file in Unicode format to prevent data loss	y:\develop\github\backmir\CommonModule\RandGenerator.h	1	1	BackMirClient
Warning	2255	warning C4819: The file contains a character that cannot be represented in the current code page (936). Save the file in Unicode format to prevent data loss	y:\develop\github\backmir\CommonModule\CollDownController.h	1	1	BackMirClient
Error	2256	error C2061: syntax error : identifier 'PLAYER_DIRECTION'	y:\develop\github\backmir\bmclient\gamescene\GamePlayer.h	57	1	BackMirClient
Error	2257	error C2061: syntax error : identifier 'PLAYER_DIRECTION'	y:\develop\github\backmir\bmclient\gamescene\GamePlayer.h	58	1	BackMirClient
Error	2258	error C2143: syntax error : missing ';' before '*'	y:\develop\github\backmir\bmclient\gamescene\GamePlayer.h	73	1	BackMirClient
Error	2259	error C4430: missing type specifier - int assumed. Note: C++ does not support default-int	y:\develop\github\backmir\bmclient\gamescene\GamePlayer.h	73	1	BackMirClient
Error	2260	error C4430: missing type specifier - int assumed. Note: C++ does not support default-int	y:\develop\github\backmir\bmclient\gamescene\GamePlayer.h	74	1	BackMirClient
Warning	2261	warning C4183: 'GetEquip': missing return type; assumed to be a member function returning 'int'	y:\develop\github\backmir\bmclient\gamescene\GamePlayer.h	76	1	BackMirClient
Error	2262	error C2146: syntax error : missing ';' before identifier 'm_equipAttrib'	y:\develop\github\backmir\bmclient\gamescene\GamePlayer.h	350	1	BackMirClient
Error	2263	error C4430: missing type specifier - int assumed. Note: C++ does not support default-int	y:\develop\github\backmir\bmclient\gamescene\GamePlayer.h	350	1	BackMirClient
Error	2264	error C2146: syntax error : missing ';' before identifier 'm_indexs'	y:\develop\github\backmir\bmclient\gamescene\GamePlayer.h	361	1	BackMirClient
Error	2265	error C4430: missing type specifier - int assumed. Note: C++ does not support default-int	y:\develop\github\backmir\bmclient\gamescene\GamePlayer.h	361	1	BackMirClient
Error	2266	error C2065: 'ADD_NORMAL' : undeclared identifier	y:\develop\github\backmir\bmclient\gamescene\GamePlayer.h	182	1	BackMirClient
Error	2267	error C2065: 'ADD_NORMAL' : undeclared identifier	y:\develop\github\backmir\bmclient\gamescene\GamePlayer.h	183	1	BackMirClient
Error	2268	error C2065: 'm_equipAttrib' : undeclared identifier	y:\develop\github\backmir\bmclient\gamescene\GamePlayer.h	75	1	BackMirClient
Error	2269	error C2065: 'PST_NONE' : undeclared identifier	y:\develop\github\backmir\bmclient\gamescene\GamePlayer.h	84	1	BackMirClient
Error	2270	error C2065: 'g_nWanLiTable' : undeclared identifier	y:\develop\github\backmir\bmclient\gamescene\GamePlayer.h	135	1	BackMirClient
Error	2271	error C2146: syntax error : missing ';' before identifier 'm_indexs'	y:\develop\github\backmir\bmclient\gamescene\GameMonster.h	114	1	BackMirClient
Error	2272	error C4430: missing type specifier - int assumed. Note: C++ does not support default-int	y:\develop\github\backmir\bmclient\gamescene\GameMonster.h	114	1	BackMirClient
Error	2273	error C2146: syntax error : missing ';' before identifier 'm_eEndStatus'	y:\develop\github\backmir\bmclient\gamescene\GameMonster.h	812	1	BackMirClient
Error	2274	error C4430: missing type specifier - int assumed. Note: C++ does not support default-int	y:\develop\github\backmir\bmclient\gamescene\GameMonster.h	812	1	BackMirClient
Error	2275	error C2146: syntax error : missing ';' before identifier 'm_xShowItems'	y:\develop\github\backmir\bmclient\GameScene\GameMapManager.h	137	1	BackMirClient
Error	2276	error C4430: missing type specifier - int assumed. Note: C++ does not support default-int	y:\develop\github\backmir\bmclient\GameScene\GameMapManager.h	137	1	BackMirClient
Error	2277	error C2146: syntax error : missing ';' before identifier 'm_xMouseItems'	y:\develop\github\backmir\bmclient\GameScene\GameMapManager.h	138	1	BackMirClient
Error	2278	error C4430: missing type specifier - int assumed. Note: C++ does not support default-int	y:\develop\github\backmir\bmclient\GameScene\GameMapManager.h	138	1	BackMirClient
Error	2279	error C2065: 'm_xMouseItems' : undeclared identifier	y:\develop\github\backmir\bmclient\GameScene\GameMapManager.h	80	1	BackMirClient
Error	2280	error C2228: left of '.push_back' must have class/struct/union	y:\develop\github\backmir\bmclient\GameScene\GameMapManager.h	80	1	BackMirClient
Error	2281	error C1083: Cannot open include file: 'FastDelegateBind.h': No such file or directory	y:\develop\github\backmir\bmclient\GameDialog\GameCommonDlg.h	9	1	BackMirClient
Warning	2282	warning C4819: The file contains a character that cannot be represented in the current code page (936). Save the file in Unicode format to prevent data loss	y:\develop\github\backmir\bmclient\Common\GlobalDefine.h	1	1	BackMirClient
Error	2283	error C2447: '{' : missing function header (old-style formal list?)	y:\develop\github\backmir\bmclient\Common\GlobalDefine.h	91	1	BackMirClient
Error	2284	error C2447: '{' : missing function header (old-style formal list?)	y:\develop\github\backmir\bmclient\Common\GlobalDefine.h	103	1	BackMirClient
Error	2285	error C2447: '{' : missing function header (old-style formal list?)	y:\develop\github\backmir\bmclient\Common\GlobalDefine.h	128	1	BackMirClient
Error	2286	error C2146: syntax error : missing ';' before identifier 'GetAngle'	y:\develop\github\backmir\bmclient\Common\GlobalFunction.h	26	1	BackMirClient
Error	2287	error C4430: missing type specifier - int assumed. Note: C++ does not support default-int	y:\develop\github\backmir\bmclient\Common\GlobalFunction.h	26	1	BackMirClient
Error	2288	error C4430: missing type specifier - int assumed. Note: C++ does not support default-int	y:\develop\github\backmir\bmclient\net\PacketHandler.h	71	1	BackMirClient
Error	2289	error C2143: syntax error : missing ',' before '&'	y:\develop\github\backmir\bmclient\net\PacketHandler.h	71	1	BackMirClient
Warning	2290	warning C4819: The file contains a character that cannot be represented in the current code page (936). Save the file in Unicode format to prevent data loss	y:\develop\github\backmir\CommonModule\MagicEffectID.h	1	1	BackMirClient
Error	2291	error C2061: syntax error : identifier 'PLAYER_DIRECTION'	y:\develop\github\backmir\bmclient\Common\GameRenderObject.h	308	1	BackMirClient
Error	2292	error C2146: syntax error : missing ';' before identifier 'GetDirection'	y:\develop\github\backmir\bmclient\Common\GameRenderObject.h	312	1	BackMirClient
Error	2293	error C2433: 'GameObject::PLAYER_DIRECTION' : 'inline' not permitted on data declarations	y:\develop\github\backmir\bmclient\Common\GameRenderObject.h	312	1	BackMirClient
Error	2294	error C4430: missing type specifier - int assumed. Note: C++ does not support default-int	y:\develop\github\backmir\bmclient\Common\GameRenderObject.h	312	1	BackMirClient
Error	2295	error C4430: missing type specifier - int assumed. Note: C++ does not support default-int	y:\develop\github\backmir\bmclient\Common\GameRenderObject.h	313	1	BackMirClient
Warning	2296	warning C4183: 'GetDirection': missing return type; assumed to be a member function returning 'int'	y:\develop\github\backmir\bmclient\Common\GameRenderObject.h	315	1	BackMirClient
Error	2297	error C2061: syntax error : identifier 'PLAYER_STATUS'	y:\develop\github\backmir\bmclient\Common\GameRenderObject.h	316	1	BackMirClient
Error	2298	error C2146: syntax error : missing ';' before identifier 'GetStatus'	y:\develop\github\backmir\bmclient\Common\GameRenderObject.h	326	1	BackMirClient
Error	2299	error C2433: 'GameObject::PLAYER_STATUS' : 'inline' not permitted on data declarations	y:\develop\github\backmir\bmclient\Common\GameRenderObject.h	326	1	BackMirClient
Error	2300	error C4430: missing type specifier - int assumed. Note: C++ does not support default-int	y:\develop\github\backmir\bmclient\Common\GameRenderObject.h	326	1	BackMirClient
Error	2301	error C4430: missing type specifier - int assumed. Note: C++ does not support default-int	y:\develop\github\backmir\bmclient\Common\GameRenderObject.h	327	1	BackMirClient
Warning	2302	warning C4183: 'GetStatus': missing return type; assumed to be a member function returning 'int'	y:\develop\github\backmir\bmclient\Common\GameRenderObject.h	329	1	BackMirClient
Error	2303	error C2146: syntax error : missing ';' before identifier 'GetPreStatus'	y:\develop\github\backmir\bmclient\Common\GameRenderObject.h	330	1	BackMirClient
Error	2304	error C2433: 'GameObject::PLAYER_STATUS' : 'inline' not permitted on data declarations	y:\develop\github\backmir\bmclient\Common\GameRenderObject.h	330	1	BackMirClient
Error	2305	error C4430: missing type specifier - int assumed. Note: C++ does not support default-int	y:\develop\github\backmir\bmclient\Common\GameRenderObject.h	330	1	BackMirClient
Error	2306	error C4430: missing type specifier - int assumed. Note: C++ does not support default-int	y:\develop\github\backmir\bmclient\Common\GameRenderObject.h	331	1	BackMirClient
Warning	2307	warning C4183: 'GetPreStatus': missing return type; assumed to be a member function returning 'int'	y:\develop\github\backmir\bmclient\Common\GameRenderObject.h	333	1	BackMirClient
Error	2308	error C2061: syntax error : identifier 'PLAYER_SEX'	y:\develop\github\backmir\bmclient\Common\GameRenderObject.h	354	1	BackMirClient
Error	2309	error C2146: syntax error : missing ';' before identifier 'GetPlayerSex'	y:\develop\github\backmir\bmclient\Common\GameRenderObject.h	358	1	BackMirClient
Error	2310	error C2433: 'GameObject::PLAYER_SEX' : 'inline' not permitted on data declarations	y:\develop\github\backmir\bmclient\Common\GameRenderObject.h	358	1	BackMirClient
Error	2311	error C4430: missing type specifier - int assumed. Note: C++ does not support default-int	y:\develop\github\backmir\bmclient\Common\GameRenderObject.h	358	1	BackMirClient
Error	2312	error C4430: missing type specifier - int assumed. Note: C++ does not support default-int	y:\develop\github\backmir\bmclient\Common\GameRenderObject.h	359	1	BackMirClient
Warning	2313	warning C4183: 'GetPlayerSex': missing return type; assumed to be a member function returning 'int'	y:\develop\github\backmir\bmclient\Common\GameRenderObject.h	361	1	BackMirClient
Error	2314	error C4430: missing type specifier - int assumed. Note: C++ does not support default-int	y:\develop\github\backmir\bmclient\Common\GameRenderObject.h	503	1	BackMirClient
Error	2315	error C2143: syntax error : missing ',' before '&'	y:\develop\github\backmir\bmclient\Common\GameRenderObject.h	503	1	BackMirClient
Error	2316	error C4430: missing type specifier - int assumed. Note: C++ does not support default-int	y:\develop\github\backmir\bmclient\Common\GameRenderObject.h	504	1	BackMirClient
Error	2317	error C2143: syntax error : missing ',' before '&'	y:\develop\github\backmir\bmclient\Common\GameRenderObject.h	504	1	BackMirClient
Error	2318	error C2535: 'void GameObject::DoPacket(const int)' : member function already defined or declared	y:\develop\github\backmir\bmclient\Common\GameRenderObject.h	504	1	BackMirClient
Error	2319	error C4430: missing type specifier - int assumed. Note: C++ does not support default-int	y:\develop\github\backmir\bmclient\Common\GameRenderObject.h	505	1	BackMirClient
Error	2320	error C2143: syntax error : missing ',' before '&'	y:\develop\github\backmir\bmclient\Common\GameRenderObject.h	505	1	BackMirClient
Error	2321	error C2535: 'void GameObject::DoPacket(const int)' : member function already defined or declared	y:\develop\github\backmir\bmclient\Common\GameRenderObject.h	505	1	BackMirClient
Error	2322	error C2061: syntax error : identifier 'PLAYER_STATUS'	y:\develop\github\backmir\bmclient\Common\GameRenderObject.h	513	1	BackMirClient
Error	2323	error C2146: syntax error : missing ';' before identifier 'm_drt'	y:\develop\github\backmir\bmclient\Common\GameRenderObject.h	554	1	BackMirClient
Error	2324	error C4430: missing type specifier - int assumed. Note: C++ does not support default-int	y:\develop\github\backmir\bmclient\Common\GameRenderObject.h	554	1	BackMirClient
Error	2325	error C2146: syntax error : missing ';' before identifier 'm_sex'	y:\develop\github\backmir\bmclient\Common\GameRenderObject.h	555	1	BackMirClient
Error	2326	error C4430: missing type specifier - int assumed. Note: C++ does not support default-int	y:\develop\github\backmir\bmclient\Common\GameRenderObject.h	555	1	BackMirClient
Error	2327	error C2146: syntax error : missing ';' before identifier 'm_stat'	y:\develop\github\backmir\bmclient\Common\GameRenderObject.h	556	1	BackMirClient
Error	2328	error C4430: missing type specifier - int assumed. Note: C++ does not support default-int	y:\develop\github\backmir\bmclient\Common\GameRenderObject.h	556	1	BackMirClient
Error	2329	error C2146: syntax error : missing ';' before identifier 'm_preStat'	y:\develop\github\backmir\bmclient\Common\GameRenderObject.h	557	1	BackMirClient
Error	2330	error C4430: missing type specifier - int assumed. Note: C++ does not support default-int	y:\develop\github\backmir\bmclient\Common\GameRenderObject.h	557	1	BackMirClient
Error	2331	error C2065: 'm_drt' : undeclared identifier	y:\develop\github\backmir\bmclient\Common\GameRenderObject.h	253	1	BackMirClient
Error	2332	error C2065: 'PDT_DOWN' : undeclared identifier	y:\develop\github\backmir\bmclient\Common\GameRenderObject.h	253	1	BackMirClient
Error	2333	error C2065: 'm_sex' : undeclared identifier	y:\develop\github\backmir\bmclient\Common\GameRenderObject.h	254	1	BackMirClient
Error	2334	error C2065: 'PSX_MAN' : undeclared identifier	y:\develop\github\backmir\bmclient\Common\GameRenderObject.h	254	1	BackMirClient
Error	2335	error C2065: 'm_preStat' : undeclared identifier	y:\develop\github\backmir\bmclient\Common\GameRenderObject.h	255	1	BackMirClient
Error	2336	error C2065: 'm_stat' : undeclared identifier	y:\develop\github\backmir\bmclient\Common\GameRenderObject.h	255	1	BackMirClient
Error	2337	error C2065: 'PST_STAND' : undeclared identifier	y:\develop\github\backmir\bmclient\Common\GameRenderObject.h	255	1	BackMirClient
Error	2338	error C2065: 'm_drt' : undeclared identifier	y:\develop\github\backmir\bmclient\Common\GameRenderObject.h	310	1	BackMirClient
Error	2339	error C2065: '_pd' : undeclared identifier	y:\develop\github\backmir\bmclient\Common\GameRenderObject.h	310	1	BackMirClient
Error	2340	error C2065: 'm_drt' : undeclared identifier	y:\develop\github\backmir\bmclient\Common\GameRenderObject.h	314	1	BackMirClient
Error	2341	error C2065: 'm_stat' : undeclared identifier	y:\develop\github\backmir\bmclient\Common\GameRenderObject.h	318	1	BackMirClient
Error	2342	error C2065: '_ps' : undeclared identifier	y:\develop\github\backmir\bmclient\Common\GameRenderObject.h	318	1	BackMirClient
Error	2343	error C2065: '_ps' : undeclared identifier	y:\develop\github\backmir\bmclient\Common\GameRenderObject.h	320	1	BackMirClient
Error	2344	error C2065: 'PST_STAND' : undeclared identifier	y:\develop\github\backmir\bmclient\Common\GameRenderObject.h	320	1	BackMirClient
Error	2345	error C2065: '_ps' : undeclared identifier	y:\develop\github\backmir\bmclient\Common\GameRenderObject.h	324	1	BackMirClient
Error	2346	error C2065: 'm_stat' : undeclared identifier	y:\develop\github\backmir\bmclient\Common\GameRenderObject.h	328	1	BackMirClient
Error	2347	error C2065: 'm_preStat' : undeclared identifier	y:\develop\github\backmir\bmclient\Common\GameRenderObject.h	332	1	BackMirClient
Error	2348	error C2065: 'm_sex' : undeclared identifier	y:\develop\github\backmir\bmclient\Common\GameRenderObject.h	356	1	BackMirClient
Error	2349	error C2065: '_ps' : undeclared identifier	y:\develop\github\backmir\bmclient\Common\GameRenderObject.h	356	1	BackMirClient
Error	2350	error C2065: 'm_sex' : undeclared identifier	y:\develop\github\backmir\bmclient\Common\GameRenderObject.h	360	1	BackMirClient
Error	2351	error C2065: 'PST_DEAD' : undeclared identifier	y:\develop\github\backmir\bmclient\Common\GameRenderObject.h	429	1	BackMirClient
Warning	2352	warning C4819: The file contains a character that cannot be represented in the current code page (936). Save the file in Unicode format to prevent data loss	y:\develop\github\backmir\CommonModule\ShareDefine.h	1	1	BackMirClient
Error	2353	error C2365: 'RES_ITEMS' : redefinition; previous definition was 'enumerator'	y:\develop\github\backmir\CommonModule\ShareDefine.h	79	1	BackMirClient
Error	2354	error C2365: 'RES_STATUS' : redefinition; previous definition was 'enumerator'	y:\develop\github\backmir\CommonModule\ShareDefine.h	80	1	BackMirClient
Error	2355	error C2365: 'RES_CUSTOM' : redefinition; previous definition was 'enumerator'	y:\develop\github\backmir\CommonModule\ShareDefine.h	81	1	BackMirClient
Error	2356	error C2365: 'RES_TOTAL' : redefinition; previous definition was 'enumerator'	y:\develop\github\backmir\CommonModule\ShareDefine.h	82	1	BackMirClient
Error	2357	error C2065: 'MEFF_USERTOTAL' : undeclared identifier	y:\develop\github\backmir\bmclient\GameScene\MagicEffect.h	8	1	BackMirClient
Error	2358	error C2061: syntax error : identifier 'PLAYER_STATUS'	y:\develop\github\backmir\bmclient\gamescene\GameOtherPlayer.h	29	1	BackMirClient
Error	2359	error C2061: syntax error : identifier 'MAGICEFFECT_TYPE'	y:\develop\github\backmir\bmclient\gamescene\GameOtherPlayer.h	52	1	BackMirClient
Error	2360	error C2061: syntax error : identifier 'MAGICEFFECT_TYPE'	y:\develop\github\backmir\bmclient\gamescene\GameOtherPlayer.h	53	1	BackMirClient
Error	2361	error C4430: missing type specifier - int assumed. Note: C++ does not support default-int	y:\develop\github\backmir\bmclient\gamescene\GameOtherPlayer.h	157	1	BackMirClient
Error	2362	error C2143: syntax error : missing ',' before '&'	y:\develop\github\backmir\bmclient\gamescene\GameOtherPlayer.h	157	1	BackMirClient
Error	2363	error C4430: missing type specifier - int assumed. Note: C++ does not support default-int	y:\develop\github\backmir\bmclient\gamescene\GameOtherPlayer.h	201	1	BackMirClient
Error	2364	error C2143: syntax error : missing ',' before '&'	y:\develop\github\backmir\bmclient\gamescene\GameOtherPlayer.h	201	1	BackMirClient
Error	2365	error C2535: 'void GameOtherPlayer::DoPacket(const int)' : member function already defined or declared	y:\develop\github\backmir\bmclient\gamescene\GameOtherPlayer.h	201	1	BackMirClient
Error	2366	error C2146: syntax error : missing ';' before identifier 'm_eEffect'	y:\develop\github\backmir\bmclient\gamescene\GameOtherPlayer.h	228	1	BackMirClient
Error	2367	error C4430: missing type specifier - int assumed. Note: C++ does not support default-int	y:\develop\github\backmir\bmclient\gamescene\GameOtherPlayer.h	228	1	BackMirClient
Error	2368	error C2065: 'MAGICEFFECT_TOTAL' : undeclared identifier	y:\develop\github\backmir\bmclient\gamescene\GameOtherPlayer.h	228	1	BackMirClient
Warning	2369	warning C4819: The file contains a character that cannot be represented in the current code page (936). Save the file in Unicode format to prevent data loss	y:\develop\github\backmir\CommonModule\RandGenerator.h	1	1	BackMirClient
Warning	2370	warning C4819: The file contains a character that cannot be represented in the current code page (936). Save the file in Unicode format to prevent data loss	y:\develop\github\backmir\CommonModule\CollDownController.h	1	1	BackMirClient
Error	2371	error C2061: syntax error : identifier 'PLAYER_DIRECTION'	y:\develop\github\backmir\bmclient\gamescene\GamePlayer.h	57	1	BackMirClient
Error	2372	error C2061: syntax error : identifier 'PLAYER_DIRECTION'	y:\develop\github\backmir\bmclient\gamescene\GamePlayer.h	58	1	BackMirClient
Error	2373	error C2143: syntax error : missing ';' before '*'	y:\develop\github\backmir\bmclient\gamescene\GamePlayer.h	73	1	BackMirClient
Error	2374	error C4430: missing type specifier - int assumed. Note: C++ does not support default-int	y:\develop\github\backmir\bmclient\gamescene\GamePlayer.h	73	1	BackMirClient
Error	2375	error C4430: missing type specifier - int assumed. Note: C++ does not support default-int	y:\develop\github\backmir\bmclient\gamescene\GamePlayer.h	74	1	BackMirClient
Warning	2376	warning C4183: 'GetEquip': missing return type; assumed to be a member function returning 'int'	y:\develop\github\backmir\bmclient\gamescene\GamePlayer.h	76	1	BackMirClient
Error	2377	error C2146: syntax error : missing ';' before identifier 'm_equipAttrib'	y:\develop\github\backmir\bmclient\gamescene\GamePlayer.h	350	1	BackMirClient
Error	2378	error C4430: missing type specifier - int assumed. Note: C++ does not support default-int	y:\develop\github\backmir\bmclient\gamescene\GamePlayer.h	350	1	BackMirClient
Error	2379	error C2146: syntax error : missing ';' before identifier 'm_indexs'	y:\develop\github\backmir\bmclient\gamescene\GamePlayer.h	361	1	BackMirClient
Error	2380	error C4430: missing type specifier - int assumed. Note: C++ does not support default-int	y:\develop\github\backmir\bmclient\gamescene\GamePlayer.h	361	1	BackMirClient
Error	2381	error C2065: 'ADD_NORMAL' : undeclared identifier	y:\develop\github\backmir\bmclient\gamescene\GamePlayer.h	182	1	BackMirClient
Error	2382	error C2065: 'ADD_NORMAL' : undeclared identifier	y:\develop\github\backmir\bmclient\gamescene\GamePlayer.h	183	1	BackMirClient
Error	2383	error C2065: 'm_equipAttrib' : undeclared identifier	y:\develop\github\backmir\bmclient\gamescene\GamePlayer.h	75	1	BackMirClient
Error	2384	error C2065: 'PST_NONE' : undeclared identifier	y:\develop\github\backmir\bmclient\gamescene\GamePlayer.h	84	1	BackMirClient
Error	2385	error C2065: 'g_nWanLiTable' : undeclared identifier	y:\develop\github\backmir\bmclient\gamescene\GamePlayer.h	135	1	BackMirClient
Error	2386	error C2146: syntax error : missing ';' before identifier 'm_indexs'	y:\develop\github\backmir\bmclient\gamescene\GameMonster.h	114	1	BackMirClient
Error	2387	error C4430: missing type specifier - int assumed. Note: C++ does not support default-int	y:\develop\github\backmir\bmclient\gamescene\GameMonster.h	114	1	BackMirClient
Error	2388	error C2146: syntax error : missing ';' before identifier 'm_eEndStatus'	y:\develop\github\backmir\bmclient\gamescene\GameMonster.h	812	1	BackMirClient
Error	2389	error C4430: missing type specifier - int assumed. Note: C++ does not support default-int	y:\develop\github\backmir\bmclient\gamescene\GameMonster.h	812	1	BackMirClient
Error	2390	error C2146: syntax error : missing ';' before identifier 'm_xShowItems'	y:\develop\github\backmir\bmclient\GameScene\GameMapManager.h	137	1	BackMirClient
Error	2391	error C4430: missing type specifier - int assumed. Note: C++ does not support default-int	y:\develop\github\backmir\bmclient\GameScene\GameMapManager.h	137	1	BackMirClient
Error	2392	error C2146: syntax error : missing ';' before identifier 'm_xMouseItems'	y:\develop\github\backmir\bmclient\GameScene\GameMapManager.h	138	1	BackMirClient
Error	2393	error C4430: missing type specifier - int assumed. Note: C++ does not support default-int	y:\develop\github\backmir\bmclient\GameScene\GameMapManager.h	138	1	BackMirClient
Error	2394	error C2065: 'm_xMouseItems' : undeclared identifier	y:\develop\github\backmir\bmclient\GameScene\GameMapManager.h	80	1	BackMirClient
Error	2395	error C2228: left of '.push_back' must have class/struct/union	y:\develop\github\backmir\bmclient\GameScene\GameMapManager.h	80	1	BackMirClient
Error	2396	error C1083: Cannot open include file: 'FastDelegateBind.h': No such file or directory	y:\develop\github\backmir\bmclient\GameDialog\GameCommonDlg.h	9	1	BackMirClient
Warning	2397	warning C4819: The file contains a character that cannot be represented in the current code page (936). Save the file in Unicode format to prevent data loss	y:\develop\github\backmir\bmclient\Common\GlobalDefine.h	1	1	BackMirClient
Error	2398	error C2447: '{' : missing function header (old-style formal list?)	y:\develop\github\backmir\bmclient\Common\GlobalDefine.h	91	1	BackMirClient
Error	2399	error C2447: '{' : missing function header (old-style formal list?)	y:\develop\github\backmir\bmclient\Common\GlobalDefine.h	103	1	BackMirClient
Error	2400	error C2447: '{' : missing function header (old-style formal list?)	y:\develop\github\backmir\bmclient\Common\GlobalDefine.h	128	1	BackMirClient
Error	2401	error C2146: syntax error : missing ';' before identifier 'GetAngle'	y:\develop\github\backmir\bmclient\Common\GlobalFunction.h	26	1	BackMirClient
Error	2402	error C4430: missing type specifier - int assumed. Note: C++ does not support default-int	y:\develop\github\backmir\bmclient\Common\GlobalFunction.h	26	1	BackMirClient
Error	2403	error C4430: missing type specifier - int assumed. Note: C++ does not support default-int	y:\develop\github\backmir\bmclient\net\PacketHandler.h	71	1	BackMirClient
Error	2404	error C2143: syntax error : missing ',' before '&'	y:\develop\github\backmir\bmclient\net\PacketHandler.h	71	1	BackMirClient
Warning	2405	warning C4819: The file contains a character that cannot be represented in the current code page (936). Save the file in Unicode format to prevent data loss	y:\develop\github\backmir\CommonModule\MagicEffectID.h	1	1	BackMirClient
Error	2406	error C2061: syntax error : identifier 'PLAYER_DIRECTION'	y:\develop\github\backmir\bmclient\Common\GameRenderObject.h	308	1	BackMirClient
Error	2407	error C2146: syntax error : missing ';' before identifier 'GetDirection'	y:\develop\github\backmir\bmclient\Common\GameRenderObject.h	312	1	BackMirClient
Error	2408	error C2433: 'GameObject::PLAYER_DIRECTION' : 'inline' not permitted on data declarations	y:\develop\github\backmir\bmclient\Common\GameRenderObject.h	312	1	BackMirClient
Error	2409	error C4430: missing type specifier - int assumed. Note: C++ does not support default-int	y:\develop\github\backmir\bmclient\Common\GameRenderObject.h	312	1	BackMirClient
Error	2410	error C4430: missing type specifier - int assumed. Note: C++ does not support default-int	y:\develop\github\backmir\bmclient\Common\GameRenderObject.h	313	1	BackMirClient
Warning	2411	warning C4183: 'GetDirection': missing return type; assumed to be a member function returning 'int'	y:\develop\github\backmir\bmclient\Common\GameRenderObject.h	315	1	BackMirClient
Error	2412	error C2061: syntax error : identifier 'PLAYER_STATUS'	y:\develop\github\backmir\bmclient\Common\GameRenderObject.h	316	1	BackMirClient
Error	2413	error C2146: syntax error : missing ';' before identifier 'GetStatus'	y:\develop\github\backmir\bmclient\Common\GameRenderObject.h	326	1	BackMirClient
Error	2414	error C2433: 'GameObject::PLAYER_STATUS' : 'inline' not permitted on data declarations	y:\develop\github\backmir\bmclient\Common\GameRenderObject.h	326	1	BackMirClient
Error	2415	error C4430: missing type specifier - int assumed. Note: C++ does not support default-int	y:\develop\github\backmir\bmclient\Common\GameRenderObject.h	326	1	BackMirClient
Error	2416	error C4430: missing type specifier - int assumed. Note: C++ does not support default-int	y:\develop\github\backmir\bmclient\Common\GameRenderObject.h	327	1	BackMirClient
Warning	2417	warning C4183: 'GetStatus': missing return type; assumed to be a member function returning 'int'	y:\develop\github\backmir\bmclient\Common\GameRenderObject.h	329	1	BackMirClient
Error	2418	error C2146: syntax error : missing ';' before identifier 'GetPreStatus'	y:\develop\github\backmir\bmclient\Common\GameRenderObject.h	330	1	BackMirClient
Error	2419	error C2433: 'GameObject::PLAYER_STATUS' : 'inline' not permitted on data declarations	y:\develop\github\backmir\bmclient\Common\GameRenderObject.h	330	1	BackMirClient
Error	2420	error C4430: missing type specifier - int assumed. Note: C++ does not support default-int	y:\develop\github\backmir\bmclient\Common\GameRenderObject.h	330	1	BackMirClient
Error	2421	error C4430: missing type specifier - int assumed. Note: C++ does not support default-int	y:\develop\github\backmir\bmclient\Common\GameRenderObject.h	331	1	BackMirClient
Warning	2422	warning C4183: 'GetPreStatus': missing return type; assumed to be a member function returning 'int'	y:\develop\github\backmir\bmclient\Common\GameRenderObject.h	333	1	BackMirClient
Error	2423	error C2061: syntax error : identifier 'PLAYER_SEX'	y:\develop\github\backmir\bmclient\Common\GameRenderObject.h	354	1	BackMirClient
Error	2424	error C2146: syntax error : missing ';' before identifier 'GetPlayerSex'	y:\develop\github\backmir\bmclient\Common\GameRenderObject.h	358	1	BackMirClient
Error	2425	error C2433: 'GameObject::PLAYER_SEX' : 'inline' not permitted on data declarations	y:\develop\github\backmir\bmclient\Common\GameRenderObject.h	358	1	BackMirClient
Error	2426	error C4430: missing type specifier - int assumed. Note: C++ does not support default-int	y:\develop\github\backmir\bmclient\Common\GameRenderObject.h	358	1	BackMirClient
Error	2427	error C4430: missing type specifier - int assumed. Note: C++ does not support default-int	y:\develop\github\backmir\bmclient\Common\GameRenderObject.h	359	1	BackMirClient
Warning	2428	warning C4183: 'GetPlayerSex': missing return type; assumed to be a member function returning 'int'	y:\develop\github\backmir\bmclient\Common\GameRenderObject.h	361	1	BackMirClient
Error	2429	error C4430: missing type specifier - int assumed. Note: C++ does not support default-int	y:\develop\github\backmir\bmclient\Common\GameRenderObject.h	503	1	BackMirClient
Error	2430	error C2143: syntax error : missing ',' before '&'	y:\develop\github\backmir\bmclient\Common\GameRenderObject.h	503	1	BackMirClient
Error	2431	error C4430: missing type specifier - int assumed. Note: C++ does not support default-int	y:\develop\github\backmir\bmclient\Common\GameRenderObject.h	504	1	BackMirClient
Error	2432	error C2143: syntax error : missing ',' before '&'	y:\develop\github\backmir\bmclient\Common\GameRenderObject.h	504	1	BackMirClient
Error	2433	error C2535: 'void GameObject::DoPacket(const int)' : member function already defined or declared	y:\develop\github\backmir\bmclient\Common\GameRenderObject.h	504	1	BackMirClient
Error	2434	error C4430: missing type specifier - int assumed. Note: C++ does not support default-int	y:\develop\github\backmir\bmclient\Common\GameRenderObject.h	505	1	BackMirClient
Error	2435	error C2143: syntax error : missing ',' before '&'	y:\develop\github\backmir\bmclient\Common\GameRenderObject.h	505	1	BackMirClient
Error	2436	error C2535: 'void GameObject::DoPacket(const int)' : member function already defined or declared	y:\develop\github\backmir\bmclient\Common\GameRenderObject.h	505	1	BackMirClient
Error	2437	error C2061: syntax error : identifier 'PLAYER_STATUS'	y:\develop\github\backmir\bmclient\Common\GameRenderObject.h	513	1	BackMirClient
Error	2438	error C2146: syntax error : missing ';' before identifier 'm_drt'	y:\develop\github\backmir\bmclient\Common\GameRenderObject.h	554	1	BackMirClient
Error	2439	error C4430: missing type specifier - int assumed. Note: C++ does not support default-int	y:\develop\github\backmir\bmclient\Common\GameRenderObject.h	554	1	BackMirClient
Error	2440	error C2146: syntax error : missing ';' before identifier 'm_sex'	y:\develop\github\backmir\bmclient\Common\GameRenderObject.h	555	1	BackMirClient
Error	2441	error C4430: missing type specifier - int assumed. Note: C++ does not support default-int	y:\develop\github\backmir\bmclient\Common\GameRenderObject.h	555	1	BackMirClient
Error	2442	error C2146: syntax error : missing ';' before identifier 'm_stat'	y:\develop\github\backmir\bmclient\Common\GameRenderObject.h	556	1	BackMirClient
Error	2443	error C4430: missing type specifier - int assumed. Note: C++ does not support default-int	y:\develop\github\backmir\bmclient\Common\GameRenderObject.h	556	1	BackMirClient
Error	2444	error C2146: syntax error : missing ';' before identifier 'm_preStat'	y:\develop\github\backmir\bmclient\Common\GameRenderObject.h	557	1	BackMirClient
Error	2445	error C4430: missing type specifier - int assumed. Note: C++ does not support default-int	y:\develop\github\backmir\bmclient\Common\GameRenderObject.h	557	1	BackMirClient
Error	2446	error C2065: 'm_drt' : undeclared identifier	y:\develop\github\backmir\bmclient\Common\GameRenderObject.h	253	1	BackMirClient
Error	2447	error C2065: 'PDT_DOWN' : undeclared identifier	y:\develop\github\backmir\bmclient\Common\GameRenderObject.h	253	1	BackMirClient
Error	2448	error C2065: 'm_sex' : undeclared identifier	y:\develop\github\backmir\bmclient\Common\GameRenderObject.h	254	1	BackMirClient
Error	2449	error C2065: 'PSX_MAN' : undeclared identifier	y:\develop\github\backmir\bmclient\Common\GameRenderObject.h	254	1	BackMirClient
Error	2450	error C2065: 'm_preStat' : undeclared identifier	y:\develop\github\backmir\bmclient\Common\GameRenderObject.h	255	1	BackMirClient
Error	2451	error C2065: 'm_stat' : undeclared identifier	y:\develop\github\backmir\bmclient\Common\GameRenderObject.h	255	1	BackMirClient
Error	2452	error C2065: 'PST_STAND' : undeclared identifier	y:\develop\github\backmir\bmclient\Common\GameRenderObject.h	255	1	BackMirClient
Error	2453	error C2065: 'm_drt' : undeclared identifier	y:\develop\github\backmir\bmclient\Common\GameRenderObject.h	310	1	BackMirClient
Error	2454	error C2065: '_pd' : undeclared identifier	y:\develop\github\backmir\bmclient\Common\GameRenderObject.h	310	1	BackMirClient
Error	2455	error C2065: 'm_drt' : undeclared identifier	y:\develop\github\backmir\bmclient\Common\GameRenderObject.h	314	1	BackMirClient
Error	2456	error C2065: 'm_stat' : undeclared identifier	y:\develop\github\backmir\bmclient\Common\GameRenderObject.h	318	1	BackMirClient
Error	2457	error C2065: '_ps' : undeclared identifier	y:\develop\github\backmir\bmclient\Common\GameRenderObject.h	318	1	BackMirClient
Error	2458	error C2065: '_ps' : undeclared identifier	y:\develop\github\backmir\bmclient\Common\GameRenderObject.h	320	1	BackMirClient
Error	2459	error C2065: 'PST_STAND' : undeclared identifier	y:\develop\github\backmir\bmclient\Common\GameRenderObject.h	320	1	BackMirClient
Error	2460	error C2065: '_ps' : undeclared identifier	y:\develop\github\backmir\bmclient\Common\GameRenderObject.h	324	1	BackMirClient
Error	2461	error C2065: 'm_stat' : undeclared identifier	y:\develop\github\backmir\bmclient\Common\GameRenderObject.h	328	1	BackMirClient
Error	2462	error C2065: 'm_preStat' : undeclared identifier	y:\develop\github\backmir\bmclient\Common\GameRenderObject.h	332	1	BackMirClient
Error	2463	error C2065: 'm_sex' : undeclared identifier	y:\develop\github\backmir\bmclient\Common\GameRenderObject.h	356	1	BackMirClient
Error	2464	error C2065: '_ps' : undeclared identifier	y:\develop\github\backmir\bmclient\Common\GameRenderObject.h	356	1	BackMirClient
Error	2465	error C2065: 'm_sex' : undeclared identifier	y:\develop\github\backmir\bmclient\Common\GameRenderObject.h	360	1	BackMirClient
Error	2466	error C2065: 'PST_DEAD' : undeclared identifier	y:\develop\github\backmir\bmclient\Common\GameRenderObject.h	429	1	BackMirClient
Warning	2467	warning C4819: The file contains a character that cannot be represented in the current code page (936). Save the file in Unicode format to prevent data loss	y:\develop\github\backmir\CommonModule\ShareDefine.h	1	1	BackMirClient
Error	2468	error C2365: 'RES_ITEMS' : redefinition; previous definition was 'enumerator'	y:\develop\github\backmir\CommonModule\ShareDefine.h	79	1	BackMirClient
Error	2469	error C2365: 'RES_STATUS' : redefinition; previous definition was 'enumerator'	y:\develop\github\backmir\CommonModule\ShareDefine.h	80	1	BackMirClient
Error	2470	error C2365: 'RES_CUSTOM' : redefinition; previous definition was 'enumerator'	y:\develop\github\backmir\CommonModule\ShareDefine.h	81	1	BackMirClient
Error	2471	error C2365: 'RES_TOTAL' : redefinition; previous definition was 'enumerator'	y:\develop\github\backmir\CommonModule\ShareDefine.h	82	1	BackMirClient
Error	2472	error C2065: 'MEFF_USERTOTAL' : undeclared identifier	y:\develop\github\backmir\bmclient\GameScene\MagicEffect.h	8	1	BackMirClient
Error	2473	error C2061: syntax error : identifier 'PLAYER_STATUS'	y:\develop\github\backmir\bmclient\gamescene\GameOtherPlayer.h	29	1	BackMirClient
Error	2474	error C2061: syntax error : identifier 'MAGICEFFECT_TYPE'	y:\develop\github\backmir\bmclient\gamescene\GameOtherPlayer.h	52	1	BackMirClient
Error	2475	error C2061: syntax error : identifier 'MAGICEFFECT_TYPE'	y:\develop\github\backmir\bmclient\gamescene\GameOtherPlayer.h	53	1	BackMirClient
Error	2476	error C4430: missing type specifier - int assumed. Note: C++ does not support default-int	y:\develop\github\backmir\bmclient\gamescene\GameOtherPlayer.h	157	1	BackMirClient
Error	2477	error C2143: syntax error : missing ',' before '&'	y:\develop\github\backmir\bmclient\gamescene\GameOtherPlayer.h	157	1	BackMirClient
Error	2478	error C4430: missing type specifier - int assumed. Note: C++ does not support default-int	y:\develop\github\backmir\bmclient\gamescene\GameOtherPlayer.h	201	1	BackMirClient
Error	2479	error C2143: syntax error : missing ',' before '&'	y:\develop\github\backmir\bmclient\gamescene\GameOtherPlayer.h	201	1	BackMirClient
Error	2480	error C2535: 'void GameOtherPlayer::DoPacket(const int)' : member function already defined or declared	y:\develop\github\backmir\bmclient\gamescene\GameOtherPlayer.h	201	1	BackMirClient
Error	2481	error C2146: syntax error : missing ';' before identifier 'm_eEffect'	y:\develop\github\backmir\bmclient\gamescene\GameOtherPlayer.h	228	1	BackMirClient
Error	2482	error C4430: missing type specifier - int assumed. Note: C++ does not support default-int	y:\develop\github\backmir\bmclient\gamescene\GameOtherPlayer.h	228	1	BackMirClient
Error	2483	error C2065: 'MAGICEFFECT_TOTAL' : undeclared identifier	y:\develop\github\backmir\bmclient\gamescene\GameOtherPlayer.h	228	1	BackMirClient
Warning	2484	warning C4819: The file contains a character that cannot be represented in the current code page (936). Save the file in Unicode format to prevent data loss	y:\develop\github\backmir\CommonModule\RandGenerator.h	1	1	BackMirClient
Warning	2485	warning C4819: The file contains a character that cannot be represented in the current code page (936). Save the file in Unicode format to prevent data loss	y:\develop\github\backmir\CommonModule\CollDownController.h	1	1	BackMirClient
Error	2486	error C2061: syntax error : identifier 'PLAYER_DIRECTION'	y:\develop\github\backmir\bmclient\gamescene\GamePlayer.h	57	1	BackMirClient
Error	2487	error C2061: syntax error : identifier 'PLAYER_DIRECTION'	y:\develop\github\backmir\bmclient\gamescene\GamePlayer.h	58	1	BackMirClient
Error	2488	error C2143: syntax error : missing ';' before '*'	y:\develop\github\backmir\bmclient\gamescene\GamePlayer.h	73	1	BackMirClient
Error	2489	error C4430: missing type specifier - int assumed. Note: C++ does not support default-int	y:\develop\github\backmir\bmclient\gamescene\GamePlayer.h	73	1	BackMirClient
Error	2490	error C4430: missing type specifier - int assumed. Note: C++ does not support default-int	y:\develop\github\backmir\bmclient\gamescene\GamePlayer.h	74	1	BackMirClient
Warning	2491	warning C4183: 'GetEquip': missing return type; assumed to be a member function returning 'int'	y:\develop\github\backmir\bmclient\gamescene\GamePlayer.h	76	1	BackMirClient
Error	2492	error C2146: syntax error : missing ';' before identifier 'm_equipAttrib'	y:\develop\github\backmir\bmclient\gamescene\GamePlayer.h	350	1	BackMirClient
Error	2493	error C4430: missing type specifier - int assumed. Note: C++ does not support default-int	y:\develop\github\backmir\bmclient\gamescene\GamePlayer.h	350	1	BackMirClient
Error	2494	error C2146: syntax error : missing ';' before identifier 'm_indexs'	y:\develop\github\backmir\bmclient\gamescene\GamePlayer.h	361	1	BackMirClient
Error	2495	error C4430: missing type specifier - int assumed. Note: C++ does not support default-int	y:\develop\github\backmir\bmclient\gamescene\GamePlayer.h	361	1	BackMirClient
Error	2496	error C2065: 'ADD_NORMAL' : undeclared identifier	y:\develop\github\backmir\bmclient\gamescene\GamePlayer.h	182	1	BackMirClient
Error	2497	error C2065: 'ADD_NORMAL' : undeclared identifier	y:\develop\github\backmir\bmclient\gamescene\GamePlayer.h	183	1	BackMirClient
Error	2498	error C2065: 'm_equipAttrib' : undeclared identifier	y:\develop\github\backmir\bmclient\gamescene\GamePlayer.h	75	1	BackMirClient
Error	2499	error C2065: 'PST_NONE' : undeclared identifier	y:\develop\github\backmir\bmclient\gamescene\GamePlayer.h	84	1	BackMirClient
Error	2500	error C2065: 'g_nWanLiTable' : undeclared identifier	y:\develop\github\backmir\bmclient\gamescene\GamePlayer.h	135	1	BackMirClient
Error	2501	error C2146: syntax error : missing ';' before identifier 'm_indexs'	y:\develop\github\backmir\bmclient\gamescene\GameMonster.h	114	1	BackMirClient
Error	2502	error C4430: missing type specifier - int assumed. Note: C++ does not support default-int	y:\develop\github\backmir\bmclient\gamescene\GameMonster.h	114	1	BackMirClient
Error	2503	error C2146: syntax error : missing ';' before identifier 'm_eEndStatus'	y:\develop\github\backmir\bmclient\gamescene\GameMonster.h	812	1	BackMirClient
Error	2504	error C4430: missing type specifier - int assumed. Note: C++ does not support default-int	y:\develop\github\backmir\bmclient\gamescene\GameMonster.h	812	1	BackMirClient
Error	2505	error C2146: syntax error : missing ';' before identifier 'm_xShowItems'	y:\develop\github\backmir\bmclient\GameScene\GameMapManager.h	137	1	BackMirClient
Error	2506	error C4430: missing type specifier - int assumed. Note: C++ does not support default-int	y:\develop\github\backmir\bmclient\GameScene\GameMapManager.h	137	1	BackMirClient
Error	2507	error C2146: syntax error : missing ';' before identifier 'm_xMouseItems'	y:\develop\github\backmir\bmclient\GameScene\GameMapManager.h	138	1	BackMirClient
Error	2508	error C4430: missing type specifier - int assumed. Note: C++ does not support default-int	y:\develop\github\backmir\bmclient\GameScene\GameMapManager.h	138	1	BackMirClient
Error	2509	error C2065: 'm_xMouseItems' : undeclared identifier	y:\develop\github\backmir\bmclient\GameScene\GameMapManager.h	80	1	BackMirClient
Error	2510	error C2228: left of '.push_back' must have class/struct/union	y:\develop\github\backmir\bmclient\GameScene\GameMapManager.h	80	1	BackMirClient
Error	2511	error C1083: Cannot open include file: 'FastDelegateBind.h': No such file or directory	y:\develop\github\backmir\bmclient\GameDialog\GameCommonDlg.h	9	1	BackMirClient
Warning	2512	warning C4819: The file contains a character that cannot be represented in the current code page (936). Save the file in Unicode format to prevent data loss	y:\develop\github\backmir\bmclient\Common\GlobalDefine.h	1	1	BackMirClient
Error	2513	error C2447: '{' : missing function header (old-style formal list?)	y:\develop\github\backmir\bmclient\Common\GlobalDefine.h	91	1	BackMirClient
Error	2514	error C2447: '{' : missing function header (old-style formal list?)	y:\develop\github\backmir\bmclient\Common\GlobalDefine.h	103	1	BackMirClient
Error	2515	error C2447: '{' : missing function header (old-style formal list?)	y:\develop\github\backmir\bmclient\Common\GlobalDefine.h	128	1	BackMirClient
Error	2516	error C2146: syntax error : missing ';' before identifier 'GetAngle'	y:\develop\github\backmir\bmclient\Common\GlobalFunction.h	26	1	BackMirClient
Error	2517	error C4430: missing type specifier - int assumed. Note: C++ does not support default-int	y:\develop\github\backmir\bmclient\Common\GlobalFunction.h	26	1	BackMirClient
Error	2518	error C4430: missing type specifier - int assumed. Note: C++ does not support default-int	y:\develop\github\backmir\bmclient\net\PacketHandler.h	71	1	BackMirClient
Error	2519	error C2143: syntax error : missing ',' before '&'	y:\develop\github\backmir\bmclient\net\PacketHandler.h	71	1	BackMirClient
Warning	2520	warning C4819: The file contains a character that cannot be represented in the current code page (936). Save the file in Unicode format to prevent data loss	y:\develop\github\backmir\CommonModule\MagicEffectID.h	1	1	BackMirClient
Error	2521	error C2061: syntax error : identifier 'PLAYER_DIRECTION'	y:\develop\github\backmir\bmclient\Common\GameRenderObject.h	308	1	BackMirClient
Error	2522	error C2146: syntax error : missing ';' before identifier 'GetDirection'	y:\develop\github\backmir\bmclient\Common\GameRenderObject.h	312	1	BackMirClient
Error	2523	error C2433: 'GameObject::PLAYER_DIRECTION' : 'inline' not permitted on data declarations	y:\develop\github\backmir\bmclient\Common\GameRenderObject.h	312	1	BackMirClient
Error	2524	error C4430: missing type specifier - int assumed. Note: C++ does not support default-int	y:\develop\github\backmir\bmclient\Common\GameRenderObject.h	312	1	BackMirClient
Error	2525	error C4430: missing type specifier - int assumed. Note: C++ does not support default-int	y:\develop\github\backmir\bmclient\Common\GameRenderObject.h	313	1	BackMirClient
Warning	2526	warning C4183: 'GetDirection': missing return type; assumed to be a member function returning 'int'	y:\develop\github\backmir\bmclient\Common\GameRenderObject.h	315	1	BackMirClient
Error	2527	error C2061: syntax error : identifier 'PLAYER_STATUS'	y:\develop\github\backmir\bmclient\Common\GameRenderObject.h	316	1	BackMirClient
Error	2528	error C2146: syntax error : missing ';' before identifier 'GetStatus'	y:\develop\github\backmir\bmclient\Common\GameRenderObject.h	326	1	BackMirClient
Error	2529	error C2433: 'GameObject::PLAYER_STATUS' : 'inline' not permitted on data declarations	y:\develop\github\backmir\bmclient\Common\GameRenderObject.h	326	1	BackMirClient
Error	2530	error C4430: missing type specifier - int assumed. Note: C++ does not support default-int	y:\develop\github\backmir\bmclient\Common\GameRenderObject.h	326	1	BackMirClient
Error	2531	error C4430: missing type specifier - int assumed. Note: C++ does not support default-int	y:\develop\github\backmir\bmclient\Common\GameRenderObject.h	327	1	BackMirClient
Warning	2532	warning C4183: 'GetStatus': missing return type; assumed to be a member function returning 'int'	y:\develop\github\backmir\bmclient\Common\GameRenderObject.h	329	1	BackMirClient
Error	2533	error C2146: syntax error : missing ';' before identifier 'GetPreStatus'	y:\develop\github\backmir\bmclient\Common\GameRenderObject.h	330	1	BackMirClient
Error	2534	error C2433: 'GameObject::PLAYER_STATUS' : 'inline' not permitted on data declarations	y:\develop\github\backmir\bmclient\Common\GameRenderObject.h	330	1	BackMirClient
Error	2535	error C4430: missing type specifier - int assumed. Note: C++ does not support default-int	y:\develop\github\backmir\bmclient\Common\GameRenderObject.h	330	1	BackMirClient
Error	2536	error C4430: missing type specifier - int assumed. Note: C++ does not support default-int	y:\develop\github\backmir\bmclient\Common\GameRenderObject.h	331	1	BackMirClient
Warning	2537	warning C4183: 'GetPreStatus': missing return type; assumed to be a member function returning 'int'	y:\develop\github\backmir\bmclient\Common\GameRenderObject.h	333	1	BackMirClient
Error	2538	error C2061: syntax error : identifier 'PLAYER_SEX'	y:\develop\github\backmir\bmclient\Common\GameRenderObject.h	354	1	BackMirClient
Error	2539	error C2146: syntax error : missing ';' before identifier 'GetPlayerSex'	y:\develop\github\backmir\bmclient\Common\GameRenderObject.h	358	1	BackMirClient
Error	2540	error C2433: 'GameObject::PLAYER_SEX' : 'inline' not permitted on data declarations	y:\develop\github\backmir\bmclient\Common\GameRenderObject.h	358	1	BackMirClient
Error	2541	error C4430: missing type specifier - int assumed. Note: C++ does not support default-int	y:\develop\github\backmir\bmclient\Common\GameRenderObject.h	358	1	BackMirClient
Error	2542	error C4430: missing type specifier - int assumed. Note: C++ does not support default-int	y:\develop\github\backmir\bmclient\Common\GameRenderObject.h	359	1	BackMirClient
Warning	2543	warning C4183: 'GetPlayerSex': missing return type; assumed to be a member function returning 'int'	y:\develop\github\backmir\bmclient\Common\GameRenderObject.h	361	1	BackMirClient
Error	2544	error C4430: missing type specifier - int assumed. Note: C++ does not support default-int	y:\develop\github\backmir\bmclient\Common\GameRenderObject.h	503	1	BackMirClient
Error	2545	error C2143: syntax error : missing ',' before '&'	y:\develop\github\backmir\bmclient\Common\GameRenderObject.h	503	1	BackMirClient
Error	2546	error C4430: missing type specifier - int assumed. Note: C++ does not support default-int	y:\develop\github\backmir\bmclient\Common\GameRenderObject.h	504	1	BackMirClient
Error	2547	error C2143: syntax error : missing ',' before '&'	y:\develop\github\backmir\bmclient\Common\GameRenderObject.h	504	1	BackMirClient
Error	2548	error C2535: 'void GameObject::DoPacket(const int)' : member function already defined or declared	y:\develop\github\backmir\bmclient\Common\GameRenderObject.h	504	1	BackMirClient
Error	2549	error C4430: missing type specifier - int assumed. Note: C++ does not support default-int	y:\develop\github\backmir\bmclient\Common\GameRenderObject.h	505	1	BackMirClient
Error	2550	error C2143: syntax error : missing ',' before '&'	y:\develop\github\backmir\bmclient\Common\GameRenderObject.h	505	1	BackMirClient
Error	2551	error C2535: 'void GameObject::DoPacket(const int)' : member function already defined or declared	y:\develop\github\backmir\bmclient\Common\GameRenderObject.h	505	1	BackMirClient
Error	2552	error C2061: syntax error : identifier 'PLAYER_STATUS'	y:\develop\github\backmir\bmclient\Common\GameRenderObject.h	513	1	BackMirClient
Error	2553	error C2146: syntax error : missing ';' before identifier 'm_drt'	y:\develop\github\backmir\bmclient\Common\GameRenderObject.h	554	1	BackMirClient
Error	2554	error C4430: missing type specifier - int assumed. Note: C++ does not support default-int	y:\develop\github\backmir\bmclient\Common\GameRenderObject.h	554	1	BackMirClient
Error	2555	error C2146: syntax error : missing ';' before identifier 'm_sex'	y:\develop\github\backmir\bmclient\Common\GameRenderObject.h	555	1	BackMirClient
Error	2556	error C4430: missing type specifier - int assumed. Note: C++ does not support default-int	y:\develop\github\backmir\bmclient\Common\GameRenderObject.h	555	1	BackMirClient
Error	2557	error C2146: syntax error : missing ';' before identifier 'm_stat'	y:\develop\github\backmir\bmclient\Common\GameRenderObject.h	556	1	BackMirClient
Error	2558	error C4430: missing type specifier - int assumed. Note: C++ does not support default-int	y:\develop\github\backmir\bmclient\Common\GameRenderObject.h	556	1	BackMirClient
Error	2559	error C2146: syntax error : missing ';' before identifier 'm_preStat'	y:\develop\github\backmir\bmclient\Common\GameRenderObject.h	557	1	BackMirClient
Error	2560	error C4430: missing type specifier - int assumed. Note: C++ does not support default-int	y:\develop\github\backmir\bmclient\Common\GameRenderObject.h	557	1	BackMirClient
Error	2561	error C2065: 'm_drt' : undeclared identifier	y:\develop\github\backmir\bmclient\Common\GameRenderObject.h	253	1	BackMirClient
Error	2562	error C2065: 'PDT_DOWN' : undeclared identifier	y:\develop\github\backmir\bmclient\Common\GameRenderObject.h	253	1	BackMirClient
Error	2563	error C2065: 'm_sex' : undeclared identifier	y:\develop\github\backmir\bmclient\Common\GameRenderObject.h	254	1	BackMirClient
Error	2564	error C2065: 'PSX_MAN' : undeclared identifier	y:\develop\github\backmir\bmclient\Common\GameRenderObject.h	254	1	BackMirClient
Error	2565	error C2065: 'm_preStat' : undeclared identifier	y:\develop\github\backmir\bmclient\Common\GameRenderObject.h	255	1	BackMirClient
Error	2566	error C2065: 'm_stat' : undeclared identifier	y:\develop\github\backmir\bmclient\Common\GameRenderObject.h	255	1	BackMirClient
Error	2567	error C2065: 'PST_STAND' : undeclared identifier	y:\develop\github\backmir\bmclient\Common\GameRenderObject.h	255	1	BackMirClient
Error	2568	error C2065: 'm_drt' : undeclared identifier	y:\develop\github\backmir\bmclient\Common\GameRenderObject.h	310	1	BackMirClient
Error	2569	error C2065: '_pd' : undeclared identifier	y:\develop\github\backmir\bmclient\Common\GameRenderObject.h	310	1	BackMirClient
Error	2570	error C2065: 'm_drt' : undeclared identifier	y:\develop\github\backmir\bmclient\Common\GameRenderObject.h	314	1	BackMirClient
Error	2571	error C2065: 'm_stat' : undeclared identifier	y:\develop\github\backmir\bmclient\Common\GameRenderObject.h	318	1	BackMirClient
Error	2572	error C2065: '_ps' : undeclared identifier	y:\develop\github\backmir\bmclient\Common\GameRenderObject.h	318	1	BackMirClient
Error	2573	error C2065: '_ps' : undeclared identifier	y:\develop\github\backmir\bmclient\Common\GameRenderObject.h	320	1	BackMirClient
Error	2574	error C2065: 'PST_STAND' : undeclared identifier	y:\develop\github\backmir\bmclient\Common\GameRenderObject.h	320	1	BackMirClient
Error	2575	error C2065: '_ps' : undeclared identifier	y:\develop\github\backmir\bmclient\Common\GameRenderObject.h	324	1	BackMirClient
Error	2576	error C2065: 'm_stat' : undeclared identifier	y:\develop\github\backmir\bmclient\Common\GameRenderObject.h	328	1	BackMirClient
Error	2577	error C2065: 'm_preStat' : undeclared identifier	y:\develop\github\backmir\bmclient\Common\GameRenderObject.h	332	1	BackMirClient
Error	2578	error C2065: 'm_sex' : undeclared identifier	y:\develop\github\backmir\bmclient\Common\GameRenderObject.h	356	1	BackMirClient
Error	2579	error C2065: '_ps' : undeclared identifier	y:\develop\github\backmir\bmclient\Common\GameRenderObject.h	356	1	BackMirClient
Error	2580	error C2065: 'm_sex' : undeclared identifier	y:\develop\github\backmir\bmclient\Common\GameRenderObject.h	360	1	BackMirClient
Error	2581	error C2065: 'PST_DEAD' : undeclared identifier	y:\develop\github\backmir\bmclient\Common\GameRenderObject.h	429	1	BackMirClient
Warning	2582	warning C4819: The file contains a character that cannot be represented in the current code page (936). Save the file in Unicode format to prevent data loss	y:\develop\github\backmir\CommonModule\ShareDefine.h	1	1	BackMirClient
Error	2583	error C2365: 'RES_ITEMS' : redefinition; previous definition was 'enumerator'	y:\develop\github\backmir\CommonModule\ShareDefine.h	79	1	BackMirClient
Error	2584	error C2365: 'RES_STATUS' : redefinition; previous definition was 'enumerator'	y:\develop\github\backmir\CommonModule\ShareDefine.h	80	1	BackMirClient
Error	2585	error C2365: 'RES_CUSTOM' : redefinition; previous definition was 'enumerator'	y:\develop\github\backmir\CommonModule\ShareDefine.h	81	1	BackMirClient
Error	2586	error C2365: 'RES_TOTAL' : redefinition; previous definition was 'enumerator'	y:\develop\github\backmir\CommonModule\ShareDefine.h	82	1	BackMirClient
Error	2587	error C2065: 'MEFF_USERTOTAL' : undeclared identifier	y:\develop\github\backmir\bmclient\GameScene\MagicEffect.h	8	1	BackMirClient
Error	2588	error C2061: syntax error : identifier 'PLAYER_STATUS'	y:\develop\github\backmir\bmclient\gamescene\GameOtherPlayer.h	29	1	BackMirClient
Error	2589	error C2061: syntax error : identifier 'MAGICEFFECT_TYPE'	y:\develop\github\backmir\bmclient\gamescene\GameOtherPlayer.h	52	1	BackMirClient
Error	2590	error C2061: syntax error : identifier 'MAGICEFFECT_TYPE'	y:\develop\github\backmir\bmclient\gamescene\GameOtherPlayer.h	53	1	BackMirClient
Error	2591	error C4430: missing type specifier - int assumed. Note: C++ does not support default-int	y:\develop\github\backmir\bmclient\gamescene\GameOtherPlayer.h	157	1	BackMirClient
Error	2592	error C2143: syntax error : missing ',' before '&'	y:\develop\github\backmir\bmclient\gamescene\GameOtherPlayer.h	157	1	BackMirClient
Error	2593	error C4430: missing type specifier - int assumed. Note: C++ does not support default-int	y:\develop\github\backmir\bmclient\gamescene\GameOtherPlayer.h	201	1	BackMirClient
Error	2594	error C2143: syntax error : missing ',' before '&'	y:\develop\github\backmir\bmclient\gamescene\GameOtherPlayer.h	201	1	BackMirClient
Error	2595	error C2535: 'void GameOtherPlayer::DoPacket(const int)' : member function already defined or declared	y:\develop\github\backmir\bmclient\gamescene\GameOtherPlayer.h	201	1	BackMirClient
Error	2596	error C2146: syntax error : missing ';' before identifier 'm_eEffect'	y:\develop\github\backmir\bmclient\gamescene\GameOtherPlayer.h	228	1	BackMirClient
Error	2597	error C4430: missing type specifier - int assumed. Note: C++ does not support default-int	y:\develop\github\backmir\bmclient\gamescene\GameOtherPlayer.h	228	1	BackMirClient
Error	2598	error C2065: 'MAGICEFFECT_TOTAL' : undeclared identifier	y:\develop\github\backmir\bmclient\gamescene\GameOtherPlayer.h	228	1	BackMirClient
Warning	2599	warning C4819: The file contains a character that cannot be represented in the current code page (936). Save the file in Unicode format to prevent data loss	y:\develop\github\backmir\CommonModule\RandGenerator.h	1	1	BackMirClient
Warning	2600	warning C4819: The file contains a character that cannot be represented in the current code page (936). Save the file in Unicode format to prevent data loss	y:\develop\github\backmir\CommonModule\CollDownController.h	1	1	BackMirClient
Error	2601	error C2061: syntax error : identifier 'PLAYER_DIRECTION'	y:\develop\github\backmir\bmclient\gamescene\GamePlayer.h	57	1	BackMirClient
Error	2602	error C2061: syntax error : identifier 'PLAYER_DIRECTION'	y:\develop\github\backmir\bmclient\gamescene\GamePlayer.h	58	1	BackMirClient
Error	2603	error C2143: syntax error : missing ';' before '*'	y:\develop\github\backmir\bmclient\gamescene\GamePlayer.h	73	1	BackMirClient
Error	2604	error C4430: missing type specifier - int assumed. Note: C++ does not support default-int	y:\develop\github\backmir\bmclient\gamescene\GamePlayer.h	73	1	BackMirClient
Error	2605	error C4430: missing type specifier - int assumed. Note: C++ does not support default-int	y:\develop\github\backmir\bmclient\gamescene\GamePlayer.h	74	1	BackMirClient
Warning	2606	warning C4183: 'GetEquip': missing return type; assumed to be a member function returning 'int'	y:\develop\github\backmir\bmclient\gamescene\GamePlayer.h	76	1	BackMirClient
Error	2607	error C2146: syntax error : missing ';' before identifier 'm_equipAttrib'	y:\develop\github\backmir\bmclient\gamescene\GamePlayer.h	350	1	BackMirClient
Error	2608	error C4430: missing type specifier - int assumed. Note: C++ does not support default-int	y:\develop\github\backmir\bmclient\gamescene\GamePlayer.h	350	1	BackMirClient
Error	2609	error C2146: syntax error : missing ';' before identifier 'm_indexs'	y:\develop\github\backmir\bmclient\gamescene\GamePlayer.h	361	1	BackMirClient
Error	2610	error C4430: missing type specifier - int assumed. Note: C++ does not support default-int	y:\develop\github\backmir\bmclient\gamescene\GamePlayer.h	361	1	BackMirClient
Error	2611	error C2065: 'ADD_NORMAL' : undeclared identifier	y:\develop\github\backmir\bmclient\gamescene\GamePlayer.h	182	1	BackMirClient
Error	2612	error C2065: 'ADD_NORMAL' : undeclared identifier	y:\develop\github\backmir\bmclient\gamescene\GamePlayer.h	183	1	BackMirClient
Error	2613	error C2065: 'm_equipAttrib' : undeclared identifier	y:\develop\github\backmir\bmclient\gamescene\GamePlayer.h	75	1	BackMirClient
Error	2614	error C2065: 'PST_NONE' : undeclared identifier	y:\develop\github\backmir\bmclient\gamescene\GamePlayer.h	84	1	BackMirClient
Error	2615	error C2065: 'g_nWanLiTable' : undeclared identifier	y:\develop\github\backmir\bmclient\gamescene\GamePlayer.h	135	1	BackMirClient
Error	2616	error C2146: syntax error : missing ';' before identifier 'm_indexs'	y:\develop\github\backmir\bmclient\gamescene\GameMonster.h	114	1	BackMirClient
Error	2617	error C4430: missing type specifier - int assumed. Note: C++ does not support default-int	y:\develop\github\backmir\bmclient\gamescene\GameMonster.h	114	1	BackMirClient
Error	2618	error C2146: syntax error : missing ';' before identifier 'm_eEndStatus'	y:\develop\github\backmir\bmclient\gamescene\GameMonster.h	812	1	BackMirClient
Error	2619	error C4430: missing type specifier - int assumed. Note: C++ does not support default-int	y:\develop\github\backmir\bmclient\gamescene\GameMonster.h	812	1	BackMirClient
Error	2620	error C2146: syntax error : missing ';' before identifier 'm_xShowItems'	y:\develop\github\backmir\bmclient\GameScene\GameMapManager.h	137	1	BackMirClient
Error	2621	error C4430: missing type specifier - int assumed. Note: C++ does not support default-int	y:\develop\github\backmir\bmclient\GameScene\GameMapManager.h	137	1	BackMirClient
Error	2622	error C2146: syntax error : missing ';' before identifier 'm_xMouseItems'	y:\develop\github\backmir\bmclient\GameScene\GameMapManager.h	138	1	BackMirClient
Error	2623	error C4430: missing type specifier - int assumed. Note: C++ does not support default-int	y:\develop\github\backmir\bmclient\GameScene\GameMapManager.h	138	1	BackMirClient
Error	2624	error C2065: 'm_xMouseItems' : undeclared identifier	y:\develop\github\backmir\bmclient\GameScene\GameMapManager.h	80	1	BackMirClient
Error	2625	error C2228: left of '.push_back' must have class/struct/union	y:\develop\github\backmir\bmclient\GameScene\GameMapManager.h	80	1	BackMirClient
Error	2626	error C1083: Cannot open include file: 'FastDelegateBind.h': No such file or directory	y:\develop\github\backmir\bmclient\GameDialog\GameCommonDlg.h	9	1	BackMirClient
Warning	2627	warning C4819: The file contains a character that cannot be represented in the current code page (936). Save the file in Unicode format to prevent data loss	y:\develop\github\backmir\bmclient\Common\GlobalDefine.h	1	1	BackMirClient
Error	2628	error C2447: '{' : missing function header (old-style formal list?)	y:\develop\github\backmir\bmclient\Common\GlobalDefine.h	91	1	BackMirClient
Error	2629	error C2447: '{' : missing function header (old-style formal list?)	y:\develop\github\backmir\bmclient\Common\GlobalDefine.h	103	1	BackMirClient
Error	2630	error C2447: '{' : missing function header (old-style formal list?)	y:\develop\github\backmir\bmclient\Common\GlobalDefine.h	128	1	BackMirClient
Error	2631	error C2146: syntax error : missing ';' before identifier 'GetAngle'	y:\develop\github\backmir\bmclient\Common\GlobalFunction.h	26	1	BackMirClient
Error	2632	error C4430: missing type specifier - int assumed. Note: C++ does not support default-int	y:\develop\github\backmir\bmclient\Common\GlobalFunction.h	26	1	BackMirClient
Error	2633	error C4430: missing type specifier - int assumed. Note: C++ does not support default-int	y:\develop\github\backmir\bmclient\net\PacketHandler.h	71	1	BackMirClient
Error	2634	error C2143: syntax error : missing ',' before '&'	y:\develop\github\backmir\bmclient\net\PacketHandler.h	71	1	BackMirClient
Warning	2635	warning C4819: The file contains a character that cannot be represented in the current code page (936). Save the file in Unicode format to prevent data loss	y:\develop\github\backmir\CommonModule\MagicEffectID.h	1	1	BackMirClient
Error	2636	error C2061: syntax error : identifier 'PLAYER_DIRECTION'	y:\develop\github\backmir\bmclient\Common\GameRenderObject.h	308	1	BackMirClient
Error	2637	error C2146: syntax error : missing ';' before identifier 'GetDirection'	y:\develop\github\backmir\bmclient\Common\GameRenderObject.h	312	1	BackMirClient
Error	2638	error C2433: 'GameObject::PLAYER_DIRECTION' : 'inline' not permitted on data declarations	y:\develop\github\backmir\bmclient\Common\GameRenderObject.h	312	1	BackMirClient
Error	2639	error C4430: missing type specifier - int assumed. Note: C++ does not support default-int	y:\develop\github\backmir\bmclient\Common\GameRenderObject.h	312	1	BackMirClient
Error	2640	error C4430: missing type specifier - int assumed. Note: C++ does not support default-int	y:\develop\github\backmir\bmclient\Common\GameRenderObject.h	313	1	BackMirClient
Warning	2641	warning C4183: 'GetDirection': missing return type; assumed to be a member function returning 'int'	y:\develop\github\backmir\bmclient\Common\GameRenderObject.h	315	1	BackMirClient
Error	2642	error C2061: syntax error : identifier 'PLAYER_STATUS'	y:\develop\github\backmir\bmclient\Common\GameRenderObject.h	316	1	BackMirClient
Error	2643	error C2146: syntax error : missing ';' before identifier 'GetStatus'	y:\develop\github\backmir\bmclient\Common\GameRenderObject.h	326	1	BackMirClient
Error	2644	error C2433: 'GameObject::PLAYER_STATUS' : 'inline' not permitted on data declarations	y:\develop\github\backmir\bmclient\Common\GameRenderObject.h	326	1	BackMirClient
Error	2645	error C4430: missing type specifier - int assumed. Note: C++ does not support default-int	y:\develop\github\backmir\bmclient\Common\GameRenderObject.h	326	1	BackMirClient
Error	2646	error C4430: missing type specifier - int assumed. Note: C++ does not support default-int	y:\develop\github\backmir\bmclient\Common\GameRenderObject.h	327	1	BackMirClient
Warning	2647	warning C4183: 'GetStatus': missing return type; assumed to be a member function returning 'int'	y:\develop\github\backmir\bmclient\Common\GameRenderObject.h	329	1	BackMirClient
Error	2648	error C2146: syntax error : missing ';' before identifier 'GetPreStatus'	y:\develop\github\backmir\bmclient\Common\GameRenderObject.h	330	1	BackMirClient
Error	2649	error C2433: 'GameObject::PLAYER_STATUS' : 'inline' not permitted on data declarations	y:\develop\github\backmir\bmclient\Common\GameRenderObject.h	330	1	BackMirClient
Error	2650	error C4430: missing type specifier - int assumed. Note: C++ does not support default-int	y:\develop\github\backmir\bmclient\Common\GameRenderObject.h	330	1	BackMirClient
Error	2651	error C4430: missing type specifier - int assumed. Note: C++ does not support default-int	y:\develop\github\backmir\bmclient\Common\GameRenderObject.h	331	1	BackMirClient
Warning	2652	warning C4183: 'GetPreStatus': missing return type; assumed to be a member function returning 'int'	y:\develop\github\backmir\bmclient\Common\GameRenderObject.h	333	1	BackMirClient
Error	2653	error C2061: syntax error : identifier 'PLAYER_SEX'	y:\develop\github\backmir\bmclient\Common\GameRenderObject.h	354	1	BackMirClient
Error	2654	error C2146: syntax error : missing ';' before identifier 'GetPlayerSex'	y:\develop\github\backmir\bmclient\Common\GameRenderObject.h	358	1	BackMirClient
Error	2655	error C2433: 'GameObject::PLAYER_SEX' : 'inline' not permitted on data declarations	y:\develop\github\backmir\bmclient\Common\GameRenderObject.h	358	1	BackMirClient
Error	2656	error C4430: missing type specifier - int assumed. Note: C++ does not support default-int	y:\develop\github\backmir\bmclient\Common\GameRenderObject.h	358	1	BackMirClient
Error	2657	error C4430: missing type specifier - int assumed. Note: C++ does not support default-int	y:\develop\github\backmir\bmclient\Common\GameRenderObject.h	359	1	BackMirClient
Warning	2658	warning C4183: 'GetPlayerSex': missing return type; assumed to be a member function returning 'int'	y:\develop\github\backmir\bmclient\Common\GameRenderObject.h	361	1	BackMirClient
Error	2659	error C4430: missing type specifier - int assumed. Note: C++ does not support default-int	y:\develop\github\backmir\bmclient\Common\GameRenderObject.h	503	1	BackMirClient
Error	2660	error C2143: syntax error : missing ',' before '&'	y:\develop\github\backmir\bmclient\Common\GameRenderObject.h	503	1	BackMirClient
Error	2661	error C4430: missing type specifier - int assumed. Note: C++ does not support default-int	y:\develop\github\backmir\bmclient\Common\GameRenderObject.h	504	1	BackMirClient
Error	2662	error C2143: syntax error : missing ',' before '&'	y:\develop\github\backmir\bmclient\Common\GameRenderObject.h	504	1	BackMirClient
Error	2663	error C2535: 'void GameObject::DoPacket(const int)' : member function already defined or declared	y:\develop\github\backmir\bmclient\Common\GameRenderObject.h	504	1	BackMirClient
Error	2664	error C4430: missing type specifier - int assumed. Note: C++ does not support default-int	y:\develop\github\backmir\bmclient\Common\GameRenderObject.h	505	1	BackMirClient
Error	2665	error C2143: syntax error : missing ',' before '&'	y:\develop\github\backmir\bmclient\Common\GameRenderObject.h	505	1	BackMirClient
Error	2666	error C2535: 'void GameObject::DoPacket(const int)' : member function already defined or declared	y:\develop\github\backmir\bmclient\Common\GameRenderObject.h	505	1	BackMirClient
Error	2667	error C2061: syntax error : identifier 'PLAYER_STATUS'	y:\develop\github\backmir\bmclient\Common\GameRenderObject.h	513	1	BackMirClient
Error	2668	error C2146: syntax error : missing ';' before identifier 'm_drt'	y:\develop\github\backmir\bmclient\Common\GameRenderObject.h	554	1	BackMirClient
Error	2669	error C4430: missing type specifier - int assumed. Note: C++ does not support default-int	y:\develop\github\backmir\bmclient\Common\GameRenderObject.h	554	1	BackMirClient
Error	2670	error C2146: syntax error : missing ';' before identifier 'm_sex'	y:\develop\github\backmir\bmclient\Common\GameRenderObject.h	555	1	BackMirClient
Error	2671	error C4430: missing type specifier - int assumed. Note: C++ does not support default-int	y:\develop\github\backmir\bmclient\Common\GameRenderObject.h	555	1	BackMirClient
Error	2672	error C2146: syntax error : missing ';' before identifier 'm_stat'	y:\develop\github\backmir\bmclient\Common\GameRenderObject.h	556	1	BackMirClient
Error	2673	error C4430: missing type specifier - int assumed. Note: C++ does not support default-int	y:\develop\github\backmir\bmclient\Common\GameRenderObject.h	556	1	BackMirClient
Error	2674	error C2146: syntax error : missing ';' before identifier 'm_preStat'	y:\develop\github\backmir\bmclient\Common\GameRenderObject.h	557	1	BackMirClient
Error	2675	error C4430: missing type specifier - int assumed. Note: C++ does not support default-int	y:\develop\github\backmir\bmclient\Common\GameRenderObject.h	557	1	BackMirClient
Error	2676	error C2065: 'm_drt' : undeclared identifier	y:\develop\github\backmir\bmclient\Common\GameRenderObject.h	253	1	BackMirClient
Error	2677	error C2065: 'PDT_DOWN' : undeclared identifier	y:\develop\github\backmir\bmclient\Common\GameRenderObject.h	253	1	BackMirClient
Error	2678	error C2065: 'm_sex' : undeclared identifier	y:\develop\github\backmir\bmclient\Common\GameRenderObject.h	254	1	BackMirClient
Error	2679	error C2065: 'PSX_MAN' : undeclared identifier	y:\develop\github\backmir\bmclient\Common\GameRenderObject.h	254	1	BackMirClient
Error	2680	error C2065: 'm_preStat' : undeclared identifier	y:\develop\github\backmir\bmclient\Common\GameRenderObject.h	255	1	BackMirClient
Error	2681	error C2065: 'm_stat' : undeclared identifier	y:\develop\github\backmir\bmclient\Common\GameRenderObject.h	255	1	BackMirClient
Error	2682	error C2065: 'PST_STAND' : undeclared identifier	y:\develop\github\backmir\bmclient\Common\GameRenderObject.h	255	1	BackMirClient
Error	2683	error C2065: 'm_drt' : undeclared identifier	y:\develop\github\backmir\bmclient\Common\GameRenderObject.h	310	1	BackMirClient
Error	2684	error C2065: '_pd' : undeclared identifier	y:\develop\github\backmir\bmclient\Common\GameRenderObject.h	310	1	BackMirClient
Error	2685	error C2065: 'm_drt' : undeclared identifier	y:\develop\github\backmir\bmclient\Common\GameRenderObject.h	314	1	BackMirClient
Error	2686	error C2065: 'm_stat' : undeclared identifier	y:\develop\github\backmir\bmclient\Common\GameRenderObject.h	318	1	BackMirClient
Error	2687	error C2065: '_ps' : undeclared identifier	y:\develop\github\backmir\bmclient\Common\GameRenderObject.h	318	1	BackMirClient
Error	2688	error C2065: '_ps' : undeclared identifier	y:\develop\github\backmir\bmclient\Common\GameRenderObject.h	320	1	BackMirClient
Error	2689	error C2065: 'PST_STAND' : undeclared identifier	y:\develop\github\backmir\bmclient\Common\GameRenderObject.h	320	1	BackMirClient
Error	2690	error C2065: '_ps' : undeclared identifier	y:\develop\github\backmir\bmclient\Common\GameRenderObject.h	324	1	BackMirClient
Error	2691	error C2065: 'm_stat' : undeclared identifier	y:\develop\github\backmir\bmclient\Common\GameRenderObject.h	328	1	BackMirClient
Error	2692	error C2065: 'm_preStat' : undeclared identifier	y:\develop\github\backmir\bmclient\Common\GameRenderObject.h	332	1	BackMirClient
Error	2693	error C2065: 'm_sex' : undeclared identifier	y:\develop\github\backmir\bmclient\Common\GameRenderObject.h	356	1	BackMirClient
Error	2694	error C2065: '_ps' : undeclared identifier	y:\develop\github\backmir\bmclient\Common\GameRenderObject.h	356	1	BackMirClient
Error	2695	error C2065: 'm_sex' : undeclared identifier	y:\develop\github\backmir\bmclient\Common\GameRenderObject.h	360	1	BackMirClient
Error	2696	error C2065: 'PST_DEAD' : undeclared identifier	y:\develop\github\backmir\bmclient\Common\GameRenderObject.h	429	1	BackMirClient
Warning	2697	warning C4819: The file contains a character that cannot be represented in the current code page (936). Save the file in Unicode format to prevent data loss	y:\develop\github\backmir\CommonModule\ShareDefine.h	1	1	BackMirClient
Error	2698	error C2365: 'RES_ITEMS' : redefinition; previous definition was 'enumerator'	y:\develop\github\backmir\CommonModule\ShareDefine.h	79	1	BackMirClient
Error	2699	error C2365: 'RES_STATUS' : redefinition; previous definition was 'enumerator'	y:\develop\github\backmir\CommonModule\ShareDefine.h	80	1	BackMirClient
Error	2700	error C2365: 'RES_CUSTOM' : redefinition; previous definition was 'enumerator'	y:\develop\github\backmir\CommonModule\ShareDefine.h	81	1	BackMirClient
Error	2701	error C2365: 'RES_TOTAL' : redefinition; previous definition was 'enumerator'	y:\develop\github\backmir\CommonModule\ShareDefine.h	82	1	BackMirClient
Error	2702	error C2065: 'MEFF_USERTOTAL' : undeclared identifier	y:\develop\github\backmir\bmclient\GameScene\MagicEffect.h	8	1	BackMirClient
Error	2703	error C2061: syntax error : identifier 'PLAYER_STATUS'	y:\develop\github\backmir\bmclient\gamescene\GameOtherPlayer.h	29	1	BackMirClient
Error	2704	error C2061: syntax error : identifier 'MAGICEFFECT_TYPE'	y:\develop\github\backmir\bmclient\gamescene\GameOtherPlayer.h	52	1	BackMirClient
Error	2705	error C2061: syntax error : identifier 'MAGICEFFECT_TYPE'	y:\develop\github\backmir\bmclient\gamescene\GameOtherPlayer.h	53	1	BackMirClient
Error	2706	error C4430: missing type specifier - int assumed. Note: C++ does not support default-int	y:\develop\github\backmir\bmclient\gamescene\GameOtherPlayer.h	157	1	BackMirClient
Error	2707	error C2143: syntax error : missing ',' before '&'	y:\develop\github\backmir\bmclient\gamescene\GameOtherPlayer.h	157	1	BackMirClient
Error	2708	error C4430: missing type specifier - int assumed. Note: C++ does not support default-int	y:\develop\github\backmir\bmclient\gamescene\GameOtherPlayer.h	201	1	BackMirClient
Error	2709	error C2143: syntax error : missing ',' before '&'	y:\develop\github\backmir\bmclient\gamescene\GameOtherPlayer.h	201	1	BackMirClient
Error	2710	error C2535: 'void GameOtherPlayer::DoPacket(const int)' : member function already defined or declared	y:\develop\github\backmir\bmclient\gamescene\GameOtherPlayer.h	201	1	BackMirClient
Error	2711	error C2146: syntax error : missing ';' before identifier 'm_eEffect'	y:\develop\github\backmir\bmclient\gamescene\GameOtherPlayer.h	228	1	BackMirClient
Error	2712	error C4430: missing type specifier - int assumed. Note: C++ does not support default-int	y:\develop\github\backmir\bmclient\gamescene\GameOtherPlayer.h	228	1	BackMirClient
Error	2713	error C2065: 'MAGICEFFECT_TOTAL' : undeclared identifier	y:\develop\github\backmir\bmclient\gamescene\GameOtherPlayer.h	228	1	BackMirClient
Warning	2714	warning C4819: The file contains a character that cannot be represented in the current code page (936). Save the file in Unicode format to prevent data loss	y:\develop\github\backmir\CommonModule\RandGenerator.h	1	1	BackMirClient
Warning	2715	warning C4819: The file contains a character that cannot be represented in the current code page (936). Save the file in Unicode format to prevent data loss	y:\develop\github\backmir\CommonModule\CollDownController.h	1	1	BackMirClient
Error	2716	error C2061: syntax error : identifier 'PLAYER_DIRECTION'	y:\develop\github\backmir\bmclient\gamescene\GamePlayer.h	57	1	BackMirClient
Error	2717	error C2061: syntax error : identifier 'PLAYER_DIRECTION'	y:\develop\github\backmir\bmclient\gamescene\GamePlayer.h	58	1	BackMirClient
Error	2718	error C2143: syntax error : missing ';' before '*'	y:\develop\github\backmir\bmclient\gamescene\GamePlayer.h	73	1	BackMirClient
Error	2719	error C4430: missing type specifier - int assumed. Note: C++ does not support default-int	y:\develop\github\backmir\bmclient\gamescene\GamePlayer.h	73	1	BackMirClient
Error	2720	error C4430: missing type specifier - int assumed. Note: C++ does not support default-int	y:\develop\github\backmir\bmclient\gamescene\GamePlayer.h	74	1	BackMirClient
Warning	2721	warning C4183: 'GetEquip': missing return type; assumed to be a member function returning 'int'	y:\develop\github\backmir\bmclient\gamescene\GamePlayer.h	76	1	BackMirClient
Error	2722	error C2146: syntax error : missing ';' before identifier 'm_equipAttrib'	y:\develop\github\backmir\bmclient\gamescene\GamePlayer.h	350	1	BackMirClient
Error	2723	error C4430: missing type specifier - int assumed. Note: C++ does not support default-int	y:\develop\github\backmir\bmclient\gamescene\GamePlayer.h	350	1	BackMirClient
Error	2724	error C2146: syntax error : missing ';' before identifier 'm_indexs'	y:\develop\github\backmir\bmclient\gamescene\GamePlayer.h	361	1	BackMirClient
Error	2725	error C4430: missing type specifier - int assumed. Note: C++ does not support default-int	y:\develop\github\backmir\bmclient\gamescene\GamePlayer.h	361	1	BackMirClient
Error	2726	error C2065: 'ADD_NORMAL' : undeclared identifier	y:\develop\github\backmir\bmclient\gamescene\GamePlayer.h	182	1	BackMirClient
Error	2727	error C2065: 'ADD_NORMAL' : undeclared identifier	y:\develop\github\backmir\bmclient\gamescene\GamePlayer.h	183	1	BackMirClient
Error	2728	error C2065: 'm_equipAttrib' : undeclared identifier	y:\develop\github\backmir\bmclient\gamescene\GamePlayer.h	75	1	BackMirClient
Error	2729	error C2065: 'PST_NONE' : undeclared identifier	y:\develop\github\backmir\bmclient\gamescene\GamePlayer.h	84	1	BackMirClient
Error	2730	error C2065: 'g_nWanLiTable' : undeclared identifier	y:\develop\github\backmir\bmclient\gamescene\GamePlayer.h	135	1	BackMirClient
Error	2731	error C2146: syntax error : missing ';' before identifier 'm_indexs'	y:\develop\github\backmir\bmclient\gamescene\GameMonster.h	114	1	BackMirClient
Error	2732	error C4430: missing type specifier - int assumed. Note: C++ does not support default-int	y:\develop\github\backmir\bmclient\gamescene\GameMonster.h	114	1	BackMirClient
Error	2733	error C2146: syntax error : missing ';' before identifier 'm_eEndStatus'	y:\develop\github\backmir\bmclient\gamescene\GameMonster.h	812	1	BackMirClient
Error	2734	error C4430: missing type specifier - int assumed. Note: C++ does not support default-int	y:\develop\github\backmir\bmclient\gamescene\GameMonster.h	812	1	BackMirClient
Error	2735	error C2146: syntax error : missing ';' before identifier 'm_xShowItems'	y:\develop\github\backmir\bmclient\GameScene\GameMapManager.h	137	1	BackMirClient
Error	2736	error C4430: missing type specifier - int assumed. Note: C++ does not support default-int	y:\develop\github\backmir\bmclient\GameScene\GameMapManager.h	137	1	BackMirClient
Error	2737	error C2146: syntax error : missing ';' before identifier 'm_xMouseItems'	y:\develop\github\backmir\bmclient\GameScene\GameMapManager.h	138	1	BackMirClient
Error	2738	error C4430: missing type specifier - int assumed. Note: C++ does not support default-int	y:\develop\github\backmir\bmclient\GameScene\GameMapManager.h	138	1	BackMirClient
Error	2739	error C2065: 'm_xMouseItems' : undeclared identifier	y:\develop\github\backmir\bmclient\GameScene\GameMapManager.h	80	1	BackMirClient
Error	2740	error C2228: left of '.push_back' must have class/struct/union	y:\develop\github\backmir\bmclient\GameScene\GameMapManager.h	80	1	BackMirClient
Error	2741	error C1083: Cannot open include file: 'FastDelegateBind.h': No such file or directory	y:\develop\github\backmir\bmclient\GameDialog\GameCommonDlg.h	9	1	BackMirClient
Warning	2742	warning C4819: The file contains a character that cannot be represented in the current code page (936). Save the file in Unicode format to prevent data loss	y:\develop\github\backmir\bmclient\Common\GlobalDefine.h	1	1	BackMirClient
Error	2743	error C2447: '{' : missing function header (old-style formal list?)	y:\develop\github\backmir\bmclient\Common\GlobalDefine.h	91	1	BackMirClient
Error	2744	error C2447: '{' : missing function header (old-style formal list?)	y:\develop\github\backmir\bmclient\Common\GlobalDefine.h	103	1	BackMirClient
Error	2745	error C2447: '{' : missing function header (old-style formal list?)	y:\develop\github\backmir\bmclient\Common\GlobalDefine.h	128	1	BackMirClient
Error	2746	error C2146: syntax error : missing ';' before identifier 'GetAngle'	y:\develop\github\backmir\bmclient\Common\GlobalFunction.h	26	1	BackMirClient
Error	2747	error C4430: missing type specifier - int assumed. Note: C++ does not support default-int	y:\develop\github\backmir\bmclient\Common\GlobalFunction.h	26	1	BackMirClient
Error	2748	error C4430: missing type specifier - int assumed. Note: C++ does not support default-int	y:\develop\github\backmir\bmclient\net\PacketHandler.h	71	1	BackMirClient
Error	2749	error C2143: syntax error : missing ',' before '&'	y:\develop\github\backmir\bmclient\net\PacketHandler.h	71	1	BackMirClient
Warning	2750	warning C4819: The file contains a character that cannot be represented in the current code page (936). Save the file in Unicode format to prevent data loss	y:\develop\github\backmir\CommonModule\MagicEffectID.h	1	1	BackMirClient
Error	2751	error C2061: syntax error : identifier 'PLAYER_DIRECTION'	y:\develop\github\backmir\bmclient\Common\GameRenderObject.h	308	1	BackMirClient
Error	2752	error C2146: syntax error : missing ';' before identifier 'GetDirection'	y:\develop\github\backmir\bmclient\Common\GameRenderObject.h	312	1	BackMirClient
Error	2753	error C2433: 'GameObject::PLAYER_DIRECTION' : 'inline' not permitted on data declarations	y:\develop\github\backmir\bmclient\Common\GameRenderObject.h	312	1	BackMirClient
Error	2754	error C4430: missing type specifier - int assumed. Note: C++ does not support default-int	y:\develop\github\backmir\bmclient\Common\GameRenderObject.h	312	1	BackMirClient
Error	2755	error C4430: missing type specifier - int assumed. Note: C++ does not support default-int	y:\develop\github\backmir\bmclient\Common\GameRenderObject.h	313	1	BackMirClient
Warning	2756	warning C4183: 'GetDirection': missing return type; assumed to be a member function returning 'int'	y:\develop\github\backmir\bmclient\Common\GameRenderObject.h	315	1	BackMirClient
Error	2757	error C2061: syntax error : identifier 'PLAYER_STATUS'	y:\develop\github\backmir\bmclient\Common\GameRenderObject.h	316	1	BackMirClient
Error	2758	error C2146: syntax error : missing ';' before identifier 'GetStatus'	y:\develop\github\backmir\bmclient\Common\GameRenderObject.h	326	1	BackMirClient
Error	2759	error C2433: 'GameObject::PLAYER_STATUS' : 'inline' not permitted on data declarations	y:\develop\github\backmir\bmclient\Common\GameRenderObject.h	326	1	BackMirClient
Error	2760	error C4430: missing type specifier - int assumed. Note: C++ does not support default-int	y:\develop\github\backmir\bmclient\Common\GameRenderObject.h	326	1	BackMirClient
Error	2761	error C4430: missing type specifier - int assumed. Note: C++ does not support default-int	y:\develop\github\backmir\bmclient\Common\GameRenderObject.h	327	1	BackMirClient
Warning	2762	warning C4183: 'GetStatus': missing return type; assumed to be a member function returning 'int'	y:\develop\github\backmir\bmclient\Common\GameRenderObject.h	329	1	BackMirClient
Error	2763	error C2146: syntax error : missing ';' before identifier 'GetPreStatus'	y:\develop\github\backmir\bmclient\Common\GameRenderObject.h	330	1	BackMirClient
Error	2764	error C2433: 'GameObject::PLAYER_STATUS' : 'inline' not permitted on data declarations	y:\develop\github\backmir\bmclient\Common\GameRenderObject.h	330	1	BackMirClient
Error	2765	error C4430: missing type specifier - int assumed. Note: C++ does not support default-int	y:\develop\github\backmir\bmclient\Common\GameRenderObject.h	330	1	BackMirClient
Error	2766	error C4430: missing type specifier - int assumed. Note: C++ does not support default-int	y:\develop\github\backmir\bmclient\Common\GameRenderObject.h	331	1	BackMirClient
Warning	2767	warning C4183: 'GetPreStatus': missing return type; assumed to be a member function returning 'int'	y:\develop\github\backmir\bmclient\Common\GameRenderObject.h	333	1	BackMirClient
Error	2768	error C2061: syntax error : identifier 'PLAYER_SEX'	y:\develop\github\backmir\bmclient\Common\GameRenderObject.h	354	1	BackMirClient
Error	2769	error C2146: syntax error : missing ';' before identifier 'GetPlayerSex'	y:\develop\github\backmir\bmclient\Common\GameRenderObject.h	358	1	BackMirClient
Error	2770	error C2433: 'GameObject::PLAYER_SEX' : 'inline' not permitted on data declarations	y:\develop\github\backmir\bmclient\Common\GameRenderObject.h	358	1	BackMirClient
Error	2771	error C4430: missing type specifier - int assumed. Note: C++ does not support default-int	y:\develop\github\backmir\bmclient\Common\GameRenderObject.h	358	1	BackMirClient
Error	2772	error C4430: missing type specifier - int assumed. Note: C++ does not support default-int	y:\develop\github\backmir\bmclient\Common\GameRenderObject.h	359	1	BackMirClient
Warning	2773	warning C4183: 'GetPlayerSex': missing return type; assumed to be a member function returning 'int'	y:\develop\github\backmir\bmclient\Common\GameRenderObject.h	361	1	BackMirClient
Error	2774	error C4430: missing type specifier - int assumed. Note: C++ does not support default-int	y:\develop\github\backmir\bmclient\Common\GameRenderObject.h	503	1	BackMirClient
Error	2775	error C2143: syntax error : missing ',' before '&'	y:\develop\github\backmir\bmclient\Common\GameRenderObject.h	503	1	BackMirClient
Error	2776	error C4430: missing type specifier - int assumed. Note: C++ does not support default-int	y:\develop\github\backmir\bmclient\Common\GameRenderObject.h	504	1	BackMirClient
Error	2777	error C2143: syntax error : missing ',' before '&'	y:\develop\github\backmir\bmclient\Common\GameRenderObject.h	504	1	BackMirClient
Error	2778	error C2535: 'void GameObject::DoPacket(const int)' : member function already defined or declared	y:\develop\github\backmir\bmclient\Common\GameRenderObject.h	504	1	BackMirClient
Error	2779	error C4430: missing type specifier - int assumed. Note: C++ does not support default-int	y:\develop\github\backmir\bmclient\Common\GameRenderObject.h	505	1	BackMirClient
Error	2780	error C2143: syntax error : missing ',' before '&'	y:\develop\github\backmir\bmclient\Common\GameRenderObject.h	505	1	BackMirClient
Error	2781	error C2535: 'void GameObject::DoPacket(const int)' : member function already defined or declared	y:\develop\github\backmir\bmclient\Common\GameRenderObject.h	505	1	BackMirClient
Error	2782	error C2061: syntax error : identifier 'PLAYER_STATUS'	y:\develop\github\backmir\bmclient\Common\GameRenderObject.h	513	1	BackMirClient
Error	2783	error C2146: syntax error : missing ';' before identifier 'm_drt'	y:\develop\github\backmir\bmclient\Common\GameRenderObject.h	554	1	BackMirClient
Error	2784	error C4430: missing type specifier - int assumed. Note: C++ does not support default-int	y:\develop\github\backmir\bmclient\Common\GameRenderObject.h	554	1	BackMirClient
Error	2785	error C2146: syntax error : missing ';' before identifier 'm_sex'	y:\develop\github\backmir\bmclient\Common\GameRenderObject.h	555	1	BackMirClient
Error	2786	error C4430: missing type specifier - int assumed. Note: C++ does not support default-int	y:\develop\github\backmir\bmclient\Common\GameRenderObject.h	555	1	BackMirClient
Error	2787	error C2146: syntax error : missing ';' before identifier 'm_stat'	y:\develop\github\backmir\bmclient\Common\GameRenderObject.h	556	1	BackMirClient
Error	2788	error C4430: missing type specifier - int assumed. Note: C++ does not support default-int	y:\develop\github\backmir\bmclient\Common\GameRenderObject.h	556	1	BackMirClient
Error	2789	error C2146: syntax error : missing ';' before identifier 'm_preStat'	y:\develop\github\backmir\bmclient\Common\GameRenderObject.h	557	1	BackMirClient
Error	2790	error C4430: missing type specifier - int assumed. Note: C++ does not support default-int	y:\develop\github\backmir\bmclient\Common\GameRenderObject.h	557	1	BackMirClient
Error	2791	error C2065: 'm_drt' : undeclared identifier	y:\develop\github\backmir\bmclient\Common\GameRenderObject.h	253	1	BackMirClient
Error	2792	error C2065: 'PDT_DOWN' : undeclared identifier	y:\develop\github\backmir\bmclient\Common\GameRenderObject.h	253	1	BackMirClient
Error	2793	error C2065: 'm_sex' : undeclared identifier	y:\develop\github\backmir\bmclient\Common\GameRenderObject.h	254	1	BackMirClient
Error	2794	error C2065: 'PSX_MAN' : undeclared identifier	y:\develop\github\backmir\bmclient\Common\GameRenderObject.h	254	1	BackMirClient
Error	2795	error C2065: 'm_preStat' : undeclared identifier	y:\develop\github\backmir\bmclient\Common\GameRenderObject.h	255	1	BackMirClient
Error	2796	error C2065: 'm_stat' : undeclared identifier	y:\develop\github\backmir\bmclient\Common\GameRenderObject.h	255	1	BackMirClient
Error	2797	error C2065: 'PST_STAND' : undeclared identifier	y:\develop\github\backmir\bmclient\Common\GameRenderObject.h	255	1	BackMirClient
Error	2798	error C2065: 'm_drt' : undeclared identifier	y:\develop\github\backmir\bmclient\Common\GameRenderObject.h	310	1	BackMirClient
Error	2799	error C2065: '_pd' : undeclared identifier	y:\develop\github\backmir\bmclient\Common\GameRenderObject.h	310	1	BackMirClient
Error	2800	error C2065: 'm_drt' : undeclared identifier	y:\develop\github\backmir\bmclient\Common\GameRenderObject.h	314	1	BackMirClient
Error	2801	error C2065: 'm_stat' : undeclared identifier	y:\develop\github\backmir\bmclient\Common\GameRenderObject.h	318	1	BackMirClient
Error	2802	error C2065: '_ps' : undeclared identifier	y:\develop\github\backmir\bmclient\Common\GameRenderObject.h	318	1	BackMirClient
Error	2803	error C2065: '_ps' : undeclared identifier	y:\develop\github\backmir\bmclient\Common\GameRenderObject.h	320	1	BackMirClient
Error	2804	error C2065: 'PST_STAND' : undeclared identifier	y:\develop\github\backmir\bmclient\Common\GameRenderObject.h	320	1	BackMirClient
Error	2805	error C2065: '_ps' : undeclared identifier	y:\develop\github\backmir\bmclient\Common\GameRenderObject.h	324	1	BackMirClient
Error	2806	error C2065: 'm_stat' : undeclared identifier	y:\develop\github\backmir\bmclient\Common\GameRenderObject.h	328	1	BackMirClient
Error	2807	error C2065: 'm_preStat' : undeclared identifier	y:\develop\github\backmir\bmclient\Common\GameRenderObject.h	332	1	BackMirClient
Error	2808	error C2065: 'm_sex' : undeclared identifier	y:\develop\github\backmir\bmclient\Common\GameRenderObject.h	356	1	BackMirClient
Error	2809	error C2065: '_ps' : undeclared identifier	y:\develop\github\backmir\bmclient\Common\GameRenderObject.h	356	1	BackMirClient
Error	2810	error C2065: 'm_sex' : undeclared identifier	y:\develop\github\backmir\bmclient\Common\GameRenderObject.h	360	1	BackMirClient
Error	2811	error C2065: 'PST_DEAD' : undeclared identifier	y:\develop\github\backmir\bmclient\Common\GameRenderObject.h	429	1	BackMirClient
Warning	2812	warning C4819: The file contains a character that cannot be represented in the current code page (936). Save the file in Unicode format to prevent data loss	y:\develop\github\backmir\CommonModule\ShareDefine.h	1	1	BackMirClient
Error	2813	error C2365: 'RES_ITEMS' : redefinition; previous definition was 'enumerator'	y:\develop\github\backmir\CommonModule\ShareDefine.h	79	1	BackMirClient
Error	2814	error C2365: 'RES_STATUS' : redefinition; previous definition was 'enumerator'	y:\develop\github\backmir\CommonModule\ShareDefine.h	80	1	BackMirClient
Error	2815	error C2365: 'RES_CUSTOM' : redefinition; previous definition was 'enumerator'	y:\develop\github\backmir\CommonModule\ShareDefine.h	81	1	BackMirClient
Error	2816	error C2365: 'RES_TOTAL' : redefinition; previous definition was 'enumerator'	y:\develop\github\backmir\CommonModule\ShareDefine.h	82	1	BackMirClient
Error	2817	error C2065: 'MEFF_USERTOTAL' : undeclared identifier	y:\develop\github\backmir\bmclient\GameScene\MagicEffect.h	8	1	BackMirClient
Error	2818	error C2061: syntax error : identifier 'PLAYER_STATUS'	y:\develop\github\backmir\bmclient\gamescene\GameOtherPlayer.h	29	1	BackMirClient
Error	2819	error C2061: syntax error : identifier 'MAGICEFFECT_TYPE'	y:\develop\github\backmir\bmclient\gamescene\GameOtherPlayer.h	52	1	BackMirClient
Error	2820	error C2061: syntax error : identifier 'MAGICEFFECT_TYPE'	y:\develop\github\backmir\bmclient\gamescene\GameOtherPlayer.h	53	1	BackMirClient
Error	2821	error C4430: missing type specifier - int assumed. Note: C++ does not support default-int	y:\develop\github\backmir\bmclient\gamescene\GameOtherPlayer.h	157	1	BackMirClient
Error	2822	error C2143: syntax error : missing ',' before '&'	y:\develop\github\backmir\bmclient\gamescene\GameOtherPlayer.h	157	1	BackMirClient
Error	2823	error C4430: missing type specifier - int assumed. Note: C++ does not support default-int	y:\develop\github\backmir\bmclient\gamescene\GameOtherPlayer.h	201	1	BackMirClient
Error	2824	error C2143: syntax error : missing ',' before '&'	y:\develop\github\backmir\bmclient\gamescene\GameOtherPlayer.h	201	1	BackMirClient
Error	2825	error C2535: 'void GameOtherPlayer::DoPacket(const int)' : member function already defined or declared	y:\develop\github\backmir\bmclient\gamescene\GameOtherPlayer.h	201	1	BackMirClient
Error	2826	error C2146: syntax error : missing ';' before identifier 'm_eEffect'	y:\develop\github\backmir\bmclient\gamescene\GameOtherPlayer.h	228	1	BackMirClient
Error	2827	error C4430: missing type specifier - int assumed. Note: C++ does not support default-int	y:\develop\github\backmir\bmclient\gamescene\GameOtherPlayer.h	228	1	BackMirClient
Error	2828	error C2065: 'MAGICEFFECT_TOTAL' : undeclared identifier	y:\develop\github\backmir\bmclient\gamescene\GameOtherPlayer.h	228	1	BackMirClient
Warning	2829	warning C4819: The file contains a character that cannot be represented in the current code page (936). Save the file in Unicode format to prevent data loss	y:\develop\github\backmir\CommonModule\RandGenerator.h	1	1	BackMirClient
Warning	2830	warning C4819: The file contains a character that cannot be represented in the current code page (936). Save the file in Unicode format to prevent data loss	y:\develop\github\backmir\CommonModule\CollDownController.h	1	1	BackMirClient
Error	2831	error C2061: syntax error : identifier 'PLAYER_DIRECTION'	y:\develop\github\backmir\bmclient\gamescene\GamePlayer.h	57	1	BackMirClient
Error	2832	error C2061: syntax error : identifier 'PLAYER_DIRECTION'	y:\develop\github\backmir\bmclient\gamescene\GamePlayer.h	58	1	BackMirClient
Error	2833	error C2143: syntax error : missing ';' before '*'	y:\develop\github\backmir\bmclient\gamescene\GamePlayer.h	73	1	BackMirClient
Error	2834	error C4430: missing type specifier - int assumed. Note: C++ does not support default-int	y:\develop\github\backmir\bmclient\gamescene\GamePlayer.h	73	1	BackMirClient
Error	2835	error C4430: missing type specifier - int assumed. Note: C++ does not support default-int	y:\develop\github\backmir\bmclient\gamescene\GamePlayer.h	74	1	BackMirClient
Warning	2836	warning C4183: 'GetEquip': missing return type; assumed to be a member function returning 'int'	y:\develop\github\backmir\bmclient\gamescene\GamePlayer.h	76	1	BackMirClient
Error	2837	error C2146: syntax error : missing ';' before identifier 'm_equipAttrib'	y:\develop\github\backmir\bmclient\gamescene\GamePlayer.h	350	1	BackMirClient
Error	2838	error C4430: missing type specifier - int assumed. Note: C++ does not support default-int	y:\develop\github\backmir\bmclient\gamescene\GamePlayer.h	350	1	BackMirClient
Error	2839	error C2146: syntax error : missing ';' before identifier 'm_indexs'	y:\develop\github\backmir\bmclient\gamescene\GamePlayer.h	361	1	BackMirClient
Error	2840	error C4430: missing type specifier - int assumed. Note: C++ does not support default-int	y:\develop\github\backmir\bmclient\gamescene\GamePlayer.h	361	1	BackMirClient
Error	2841	error C2065: 'ADD_NORMAL' : undeclared identifier	y:\develop\github\backmir\bmclient\gamescene\GamePlayer.h	182	1	BackMirClient
Error	2842	error C2065: 'ADD_NORMAL' : undeclared identifier	y:\develop\github\backmir\bmclient\gamescene\GamePlayer.h	183	1	BackMirClient
Error	2843	error C2065: 'm_equipAttrib' : undeclared identifier	y:\develop\github\backmir\bmclient\gamescene\GamePlayer.h	75	1	BackMirClient
Error	2844	error C2065: 'PST_NONE' : undeclared identifier	y:\develop\github\backmir\bmclient\gamescene\GamePlayer.h	84	1	BackMirClient
Error	2845	error C2065: 'g_nWanLiTable' : undeclared identifier	y:\develop\github\backmir\bmclient\gamescene\GamePlayer.h	135	1	BackMirClient
Error	2846	error C2146: syntax error : missing ';' before identifier 'm_indexs'	y:\develop\github\backmir\bmclient\gamescene\GameMonster.h	114	1	BackMirClient
Error	2847	error C4430: missing type specifier - int assumed. Note: C++ does not support default-int	y:\develop\github\backmir\bmclient\gamescene\GameMonster.h	114	1	BackMirClient
Error	2848	error C2146: syntax error : missing ';' before identifier 'm_eEndStatus'	y:\develop\github\backmir\bmclient\gamescene\GameMonster.h	812	1	BackMirClient
Error	2849	error C4430: missing type specifier - int assumed. Note: C++ does not support default-int	y:\develop\github\backmir\bmclient\gamescene\GameMonster.h	812	1	BackMirClient
Error	2850	error C2146: syntax error : missing ';' before identifier 'm_xShowItems'	y:\develop\github\backmir\bmclient\GameScene\GameMapManager.h	137	1	BackMirClient
Error	2851	error C4430: missing type specifier - int assumed. Note: C++ does not support default-int	y:\develop\github\backmir\bmclient\GameScene\GameMapManager.h	137	1	BackMirClient
Error	2852	error C2146: syntax error : missing ';' before identifier 'm_xMouseItems'	y:\develop\github\backmir\bmclient\GameScene\GameMapManager.h	138	1	BackMirClient
Error	2853	error C4430: missing type specifier - int assumed. Note: C++ does not support default-int	y:\develop\github\backmir\bmclient\GameScene\GameMapManager.h	138	1	BackMirClient
Error	2854	error C2065: 'm_xMouseItems' : undeclared identifier	y:\develop\github\backmir\bmclient\GameScene\GameMapManager.h	80	1	BackMirClient
Error	2855	error C2228: left of '.push_back' must have class/struct/union	y:\develop\github\backmir\bmclient\GameScene\GameMapManager.h	80	1	BackMirClient
Error	2856	error C1083: Cannot open include file: 'FastDelegateBind.h': No such file or directory	y:\develop\github\backmir\bmclient\GameDialog\GameCommonDlg.h	9	1	BackMirClient
Warning	2857	warning C4819: The file contains a character that cannot be represented in the current code page (936). Save the file in Unicode format to prevent data loss	y:\develop\github\backmir\bmclient\Common\GlobalDefine.h	1	1	BackMirClient
Error	2858	error C2447: '{' : missing function header (old-style formal list?)	y:\develop\github\backmir\bmclient\Common\GlobalDefine.h	91	1	BackMirClient
Error	2859	error C2447: '{' : missing function header (old-style formal list?)	y:\develop\github\backmir\bmclient\Common\GlobalDefine.h	103	1	BackMirClient
Error	2860	error C2447: '{' : missing function header (old-style formal list?)	y:\develop\github\backmir\bmclient\Common\GlobalDefine.h	128	1	BackMirClient
Error	2861	error C2146: syntax error : missing ';' before identifier 'GetAngle'	y:\develop\github\backmir\bmclient\Common\GlobalFunction.h	26	1	BackMirClient
Error	2862	error C4430: missing type specifier - int assumed. Note: C++ does not support default-int	y:\develop\github\backmir\bmclient\Common\GlobalFunction.h	26	1	BackMirClient
Error	2863	error C4430: missing type specifier - int assumed. Note: C++ does not support default-int	y:\develop\github\backmir\bmclient\net\PacketHandler.h	71	1	BackMirClient
Error	2864	error C2143: syntax error : missing ',' before '&'	y:\develop\github\backmir\bmclient\net\PacketHandler.h	71	1	BackMirClient
Warning	2865	warning C4819: The file contains a character that cannot be represented in the current code page (936). Save the file in Unicode format to prevent data loss	y:\develop\github\backmir\CommonModule\MagicEffectID.h	1	1	BackMirClient
Error	2866	error C2061: syntax error : identifier 'PLAYER_DIRECTION'	y:\develop\github\backmir\bmclient\Common\GameRenderObject.h	308	1	BackMirClient
Error	2867	error C2146: syntax error : missing ';' before identifier 'GetDirection'	y:\develop\github\backmir\bmclient\Common\GameRenderObject.h	312	1	BackMirClient
Error	2868	error C2433: 'GameObject::PLAYER_DIRECTION' : 'inline' not permitted on data declarations	y:\develop\github\backmir\bmclient\Common\GameRenderObject.h	312	1	BackMirClient
Error	2869	error C4430: missing type specifier - int assumed. Note: C++ does not support default-int	y:\develop\github\backmir\bmclient\Common\GameRenderObject.h	312	1	BackMirClient
Error	2870	error C4430: missing type specifier - int assumed. Note: C++ does not support default-int	y:\develop\github\backmir\bmclient\Common\GameRenderObject.h	313	1	BackMirClient
Warning	2871	warning C4183: 'GetDirection': missing return type; assumed to be a member function returning 'int'	y:\develop\github\backmir\bmclient\Common\GameRenderObject.h	315	1	BackMirClient
Error	2872	error C2061: syntax error : identifier 'PLAYER_STATUS'	y:\develop\github\backmir\bmclient\Common\GameRenderObject.h	316	1	BackMirClient
Error	2873	error C2146: syntax error : missing ';' before identifier 'GetStatus'	y:\develop\github\backmir\bmclient\Common\GameRenderObject.h	326	1	BackMirClient
Error	2874	error C2433: 'GameObject::PLAYER_STATUS' : 'inline' not permitted on data declarations	y:\develop\github\backmir\bmclient\Common\GameRenderObject.h	326	1	BackMirClient
Error	2875	error C4430: missing type specifier - int assumed. Note: C++ does not support default-int	y:\develop\github\backmir\bmclient\Common\GameRenderObject.h	326	1	BackMirClient
Error	2876	error C4430: missing type specifier - int assumed. Note: C++ does not support default-int	y:\develop\github\backmir\bmclient\Common\GameRenderObject.h	327	1	BackMirClient
Warning	2877	warning C4183: 'GetStatus': missing return type; assumed to be a member function returning 'int'	y:\develop\github\backmir\bmclient\Common\GameRenderObject.h	329	1	BackMirClient
Error	2878	error C2146: syntax error : missing ';' before identifier 'GetPreStatus'	y:\develop\github\backmir\bmclient\Common\GameRenderObject.h	330	1	BackMirClient
Error	2879	error C2433: 'GameObject::PLAYER_STATUS' : 'inline' not permitted on data declarations	y:\develop\github\backmir\bmclient\Common\GameRenderObject.h	330	1	BackMirClient
Error	2880	error C4430: missing type specifier - int assumed. Note: C++ does not support default-int	y:\develop\github\backmir\bmclient\Common\GameRenderObject.h	330	1	BackMirClient
Error	2881	error C4430: missing type specifier - int assumed. Note: C++ does not support default-int	y:\develop\github\backmir\bmclient\Common\GameRenderObject.h	331	1	BackMirClient
Warning	2882	warning C4183: 'GetPreStatus': missing return type; assumed to be a member function returning 'int'	y:\develop\github\backmir\bmclient\Common\GameRenderObject.h	333	1	BackMirClient
Error	2883	error C2061: syntax error : identifier 'PLAYER_SEX'	y:\develop\github\backmir\bmclient\Common\GameRenderObject.h	354	1	BackMirClient
Error	2884	error C2146: syntax error : missing ';' before identifier 'GetPlayerSex'	y:\develop\github\backmir\bmclient\Common\GameRenderObject.h	358	1	BackMirClient
Error	2885	error C2433: 'GameObject::PLAYER_SEX' : 'inline' not permitted on data declarations	y:\develop\github\backmir\bmclient\Common\GameRenderObject.h	358	1	BackMirClient
Error	2886	error C4430: missing type specifier - int assumed. Note: C++ does not support default-int	y:\develop\github\backmir\bmclient\Common\GameRenderObject.h	358	1	BackMirClient
Error	2887	error C4430: missing type specifier - int assumed. Note: C++ does not support default-int	y:\develop\github\backmir\bmclient\Common\GameRenderObject.h	359	1	BackMirClient
Warning	2888	warning C4183: 'GetPlayerSex': missing return type; assumed to be a member function returning 'int'	y:\develop\github\backmir\bmclient\Common\GameRenderObject.h	361	1	BackMirClient
Error	2889	error C4430: missing type specifier - int assumed. Note: C++ does not support default-int	y:\develop\github\backmir\bmclient\Common\GameRenderObject.h	503	1	BackMirClient
Error	2890	error C2143: syntax error : missing ',' before '&'	y:\develop\github\backmir\bmclient\Common\GameRenderObject.h	503	1	BackMirClient
Error	2891	error C4430: missing type specifier - int assumed. Note: C++ does not support default-int	y:\develop\github\backmir\bmclient\Common\GameRenderObject.h	504	1	BackMirClient
Error	2892	error C2143: syntax error : missing ',' before '&'	y:\develop\github\backmir\bmclient\Common\GameRenderObject.h	504	1	BackMirClient
Error	2893	error C2535: 'void GameObject::DoPacket(const int)' : member function already defined or declared	y:\develop\github\backmir\bmclient\Common\GameRenderObject.h	504	1	BackMirClient
Error	2894	error C4430: missing type specifier - int assumed. Note: C++ does not support default-int	y:\develop\github\backmir\bmclient\Common\GameRenderObject.h	505	1	BackMirClient
Error	2895	error C2143: syntax error : missing ',' before '&'	y:\develop\github\backmir\bmclient\Common\GameRenderObject.h	505	1	BackMirClient
Error	2896	error C2535: 'void GameObject::DoPacket(const int)' : member function already defined or declared	y:\develop\github\backmir\bmclient\Common\GameRenderObject.h	505	1	BackMirClient
Error	2897	error C2061: syntax error : identifier 'PLAYER_STATUS'	y:\develop\github\backmir\bmclient\Common\GameRenderObject.h	513	1	BackMirClient
Error	2898	error C2146: syntax error : missing ';' before identifier 'm_drt'	y:\develop\github\backmir\bmclient\Common\GameRenderObject.h	554	1	BackMirClient
Error	2899	error C4430: missing type specifier - int assumed. Note: C++ does not support default-int	y:\develop\github\backmir\bmclient\Common\GameRenderObject.h	554	1	BackMirClient
Error	2900	error C2146: syntax error : missing ';' before identifier 'm_sex'	y:\develop\github\backmir\bmclient\Common\GameRenderObject.h	555	1	BackMirClient
Error	2901	error C4430: missing type specifier - int assumed. Note: C++ does not support default-int	y:\develop\github\backmir\bmclient\Common\GameRenderObject.h	555	1	BackMirClient
Error	2902	error C2146: syntax error : missing ';' before identifier 'm_stat'	y:\develop\github\backmir\bmclient\Common\GameRenderObject.h	556	1	BackMirClient
Error	2903	error C4430: missing type specifier - int assumed. Note: C++ does not support default-int	y:\develop\github\backmir\bmclient\Common\GameRenderObject.h	556	1	BackMirClient
Error	2904	error C2146: syntax error : missing ';' before identifier 'm_preStat'	y:\develop\github\backmir\bmclient\Common\GameRenderObject.h	557	1	BackMirClient
Error	2905	error C4430: missing type specifier - int assumed. Note: C++ does not support default-int	y:\develop\github\backmir\bmclient\Common\GameRenderObject.h	557	1	BackMirClient
Error	2906	error C2065: 'm_drt' : undeclared identifier	y:\develop\github\backmir\bmclient\Common\GameRenderObject.h	253	1	BackMirClient
Error	2907	error C2065: 'PDT_DOWN' : undeclared identifier	y:\develop\github\backmir\bmclient\Common\GameRenderObject.h	253	1	BackMirClient
Error	2908	error C2065: 'm_sex' : undeclared identifier	y:\develop\github\backmir\bmclient\Common\GameRenderObject.h	254	1	BackMirClient
Error	2909	error C2065: 'PSX_MAN' : undeclared identifier	y:\develop\github\backmir\bmclient\Common\GameRenderObject.h	254	1	BackMirClient
Error	2910	error C2065: 'm_preStat' : undeclared identifier	y:\develop\github\backmir\bmclient\Common\GameRenderObject.h	255	1	BackMirClient
Error	2911	error C2065: 'm_stat' : undeclared identifier	y:\develop\github\backmir\bmclient\Common\GameRenderObject.h	255	1	BackMirClient
Error	2912	error C2065: 'PST_STAND' : undeclared identifier	y:\develop\github\backmir\bmclient\Common\GameRenderObject.h	255	1	BackMirClient
Error	2913	error C2065: 'm_drt' : undeclared identifier	y:\develop\github\backmir\bmclient\Common\GameRenderObject.h	310	1	BackMirClient
Error	2914	error C2065: '_pd' : undeclared identifier	y:\develop\github\backmir\bmclient\Common\GameRenderObject.h	310	1	BackMirClient
Error	2915	error C2065: 'm_drt' : undeclared identifier	y:\develop\github\backmir\bmclient\Common\GameRenderObject.h	314	1	BackMirClient
Error	2916	error C2065: 'm_stat' : undeclared identifier	y:\develop\github\backmir\bmclient\Common\GameRenderObject.h	318	1	BackMirClient
Error	2917	error C2065: '_ps' : undeclared identifier	y:\develop\github\backmir\bmclient\Common\GameRenderObject.h	318	1	BackMirClient
Error	2918	error C2065: '_ps' : undeclared identifier	y:\develop\github\backmir\bmclient\Common\GameRenderObject.h	320	1	BackMirClient
Error	2919	error C2065: 'PST_STAND' : undeclared identifier	y:\develop\github\backmir\bmclient\Common\GameRenderObject.h	320	1	BackMirClient
Error	2920	error C2065: '_ps' : undeclared identifier	y:\develop\github\backmir\bmclient\Common\GameRenderObject.h	324	1	BackMirClient
Error	2921	error C2065: 'm_stat' : undeclared identifier	y:\develop\github\backmir\bmclient\Common\GameRenderObject.h	328	1	BackMirClient
Error	2922	error C2065: 'm_preStat' : undeclared identifier	y:\develop\github\backmir\bmclient\Common\GameRenderObject.h	332	1	BackMirClient
Error	2923	error C2065: 'm_sex' : undeclared identifier	y:\develop\github\backmir\bmclient\Common\GameRenderObject.h	356	1	BackMirClient
Error	2924	error C2065: '_ps' : undeclared identifier	y:\develop\github\backmir\bmclient\Common\GameRenderObject.h	356	1	BackMirClient
Error	2925	error C2065: 'm_sex' : undeclared identifier	y:\develop\github\backmir\bmclient\Common\GameRenderObject.h	360	1	BackMirClient
Error	2926	error C2065: 'PST_DEAD' : undeclared identifier	y:\develop\github\backmir\bmclient\Common\GameRenderObject.h	429	1	BackMirClient
Warning	2927	warning C4819: The file contains a character that cannot be represented in the current code page (936). Save the file in Unicode format to prevent data loss	y:\develop\github\backmir\CommonModule\ShareDefine.h	1	1	BackMirClient
Error	2928	error C2365: 'RES_ITEMS' : redefinition; previous definition was 'enumerator'	y:\develop\github\backmir\CommonModule\ShareDefine.h	79	1	BackMirClient
Error	2929	error C2365: 'RES_STATUS' : redefinition; previous definition was 'enumerator'	y:\develop\github\backmir\CommonModule\ShareDefine.h	80	1	BackMirClient
Error	2930	error C2365: 'RES_CUSTOM' : redefinition; previous definition was 'enumerator'	y:\develop\github\backmir\CommonModule\ShareDefine.h	81	1	BackMirClient
Error	2931	error C2365: 'RES_TOTAL' : redefinition; previous definition was 'enumerator'	y:\develop\github\backmir\CommonModule\ShareDefine.h	82	1	BackMirClient
Error	2932	error C2065: 'MEFF_USERTOTAL' : undeclared identifier	y:\develop\github\backmir\bmclient\GameScene\MagicEffect.h	8	1	BackMirClient
Error	2933	error C2061: syntax error : identifier 'PLAYER_STATUS'	y:\develop\github\backmir\bmclient\gamescene\GameOtherPlayer.h	29	1	BackMirClient
Error	2934	error C2061: syntax error : identifier 'MAGICEFFECT_TYPE'	y:\develop\github\backmir\bmclient\gamescene\GameOtherPlayer.h	52	1	BackMirClient
Error	2935	error C2061: syntax error : identifier 'MAGICEFFECT_TYPE'	y:\develop\github\backmir\bmclient\gamescene\GameOtherPlayer.h	53	1	BackMirClient
Error	2936	error C4430: missing type specifier - int assumed. Note: C++ does not support default-int	y:\develop\github\backmir\bmclient\gamescene\GameOtherPlayer.h	157	1	BackMirClient
Error	2937	error C2143: syntax error : missing ',' before '&'	y:\develop\github\backmir\bmclient\gamescene\GameOtherPlayer.h	157	1	BackMirClient
Error	2938	error C4430: missing type specifier - int assumed. Note: C++ does not support default-int	y:\develop\github\backmir\bmclient\gamescene\GameOtherPlayer.h	201	1	BackMirClient
Error	2939	error C2143: syntax error : missing ',' before '&'	y:\develop\github\backmir\bmclient\gamescene\GameOtherPlayer.h	201	1	BackMirClient
Error	2940	error C2535: 'void GameOtherPlayer::DoPacket(const int)' : member function already defined or declared	y:\develop\github\backmir\bmclient\gamescene\GameOtherPlayer.h	201	1	BackMirClient
Error	2941	error C2146: syntax error : missing ';' before identifier 'm_eEffect'	y:\develop\github\backmir\bmclient\gamescene\GameOtherPlayer.h	228	1	BackMirClient
Error	2942	error C4430: missing type specifier - int assumed. Note: C++ does not support default-int	y:\develop\github\backmir\bmclient\gamescene\GameOtherPlayer.h	228	1	BackMirClient
Error	2943	error C2065: 'MAGICEFFECT_TOTAL' : undeclared identifier	y:\develop\github\backmir\bmclient\gamescene\GameOtherPlayer.h	228	1	BackMirClient
Warning	2944	warning C4819: The file contains a character that cannot be represented in the current code page (936). Save the file in Unicode format to prevent data loss	y:\develop\github\backmir\CommonModule\RandGenerator.h	1	1	BackMirClient
Warning	2945	warning C4819: The file contains a character that cannot be represented in the current code page (936). Save the file in Unicode format to prevent data loss	y:\develop\github\backmir\CommonModule\CollDownController.h	1	1	BackMirClient
Error	2946	error C2061: syntax error : identifier 'PLAYER_DIRECTION'	y:\develop\github\backmir\bmclient\gamescene\GamePlayer.h	57	1	BackMirClient
Error	2947	error C2061: syntax error : identifier 'PLAYER_DIRECTION'	y:\develop\github\backmir\bmclient\gamescene\GamePlayer.h	58	1	BackMirClient
Error	2948	error C2143: syntax error : missing ';' before '*'	y:\develop\github\backmir\bmclient\gamescene\GamePlayer.h	73	1	BackMirClient
Error	2949	error C4430: missing type specifier - int assumed. Note: C++ does not support default-int	y:\develop\github\backmir\bmclient\gamescene\GamePlayer.h	73	1	BackMirClient
Error	2950	error C4430: missing type specifier - int assumed. Note: C++ does not support default-int	y:\develop\github\backmir\bmclient\gamescene\GamePlayer.h	74	1	BackMirClient
Warning	2951	warning C4183: 'GetEquip': missing return type; assumed to be a member function returning 'int'	y:\develop\github\backmir\bmclient\gamescene\GamePlayer.h	76	1	BackMirClient
Error	2952	error C2146: syntax error : missing ';' before identifier 'm_equipAttrib'	y:\develop\github\backmir\bmclient\gamescene\GamePlayer.h	350	1	BackMirClient
Error	2953	error C4430: missing type specifier - int assumed. Note: C++ does not support default-int	y:\develop\github\backmir\bmclient\gamescene\GamePlayer.h	350	1	BackMirClient
Error	2954	error C2146: syntax error : missing ';' before identifier 'm_indexs'	y:\develop\github\backmir\bmclient\gamescene\GamePlayer.h	361	1	BackMirClient
Error	2955	error C4430: missing type specifier - int assumed. Note: C++ does not support default-int	y:\develop\github\backmir\bmclient\gamescene\GamePlayer.h	361	1	BackMirClient
Error	2956	error C2065: 'ADD_NORMAL' : undeclared identifier	y:\develop\github\backmir\bmclient\gamescene\GamePlayer.h	182	1	BackMirClient
Error	2957	error C2065: 'ADD_NORMAL' : undeclared identifier	y:\develop\github\backmir\bmclient\gamescene\GamePlayer.h	183	1	BackMirClient
Error	2958	error C2065: 'm_equipAttrib' : undeclared identifier	y:\develop\github\backmir\bmclient\gamescene\GamePlayer.h	75	1	BackMirClient
Error	2959	error C2065: 'PST_NONE' : undeclared identifier	y:\develop\github\backmir\bmclient\gamescene\GamePlayer.h	84	1	BackMirClient
Error	2960	error C2065: 'g_nWanLiTable' : undeclared identifier	y:\develop\github\backmir\bmclient\gamescene\GamePlayer.h	135	1	BackMirClient
Error	2961	error C2146: syntax error : missing ';' before identifier 'm_indexs'	y:\develop\github\backmir\bmclient\gamescene\GameMonster.h	114	1	BackMirClient
Error	2962	error C4430: missing type specifier - int assumed. Note: C++ does not support default-int	y:\develop\github\backmir\bmclient\gamescene\GameMonster.h	114	1	BackMirClient
Error	2963	error C2146: syntax error : missing ';' before identifier 'm_eEndStatus'	y:\develop\github\backmir\bmclient\gamescene\GameMonster.h	812	1	BackMirClient
Error	2964	error C4430: missing type specifier - int assumed. Note: C++ does not support default-int	y:\develop\github\backmir\bmclient\gamescene\GameMonster.h	812	1	BackMirClient
Error	2965	error C2146: syntax error : missing ';' before identifier 'm_xShowItems'	y:\develop\github\backmir\bmclient\GameScene\GameMapManager.h	137	1	BackMirClient
Error	2966	error C4430: missing type specifier - int assumed. Note: C++ does not support default-int	y:\develop\github\backmir\bmclient\GameScene\GameMapManager.h	137	1	BackMirClient
Error	2967	error C2146: syntax error : missing ';' before identifier 'm_xMouseItems'	y:\develop\github\backmir\bmclient\GameScene\GameMapManager.h	138	1	BackMirClient
Error	2968	error C4430: missing type specifier - int assumed. Note: C++ does not support default-int	y:\develop\github\backmir\bmclient\GameScene\GameMapManager.h	138	1	BackMirClient
Error	2969	error C2065: 'm_xMouseItems' : undeclared identifier	y:\develop\github\backmir\bmclient\GameScene\GameMapManager.h	80	1	BackMirClient
Error	2970	error C2228: left of '.push_back' must have class/struct/union	y:\develop\github\backmir\bmclient\GameScene\GameMapManager.h	80	1	BackMirClient
Error	2971	error C1083: Cannot open include file: 'FastDelegateBind.h': No such file or directory	y:\develop\github\backmir\bmclient\GameDialog\GameCommonDlg.h	9	1	BackMirClient
Warning	2972	warning C4819: The file contains a character that cannot be represented in the current code page (936). Save the file in Unicode format to prevent data loss	y:\develop\github\backmir\bmclient\Common\GlobalDefine.h	1	1	BackMirClient
Error	2973	error C2447: '{' : missing function header (old-style formal list?)	y:\develop\github\backmir\bmclient\Common\GlobalDefine.h	91	1	BackMirClient
Error	2974	error C2447: '{' : missing function header (old-style formal list?)	y:\develop\github\backmir\bmclient\Common\GlobalDefine.h	103	1	BackMirClient
Error	2975	error C2447: '{' : missing function header (old-style formal list?)	y:\develop\github\backmir\bmclient\Common\GlobalDefine.h	128	1	BackMirClient
Error	2976	error C2146: syntax error : missing ';' before identifier 'GetAngle'	y:\develop\github\backmir\bmclient\Common\GlobalFunction.h	26	1	BackMirClient
Error	2977	error C4430: missing type specifier - int assumed. Note: C++ does not support default-int	y:\develop\github\backmir\bmclient\Common\GlobalFunction.h	26	1	BackMirClient
Error	2978	error C4430: missing type specifier - int assumed. Note: C++ does not support default-int	y:\develop\github\backmir\bmclient\net\PacketHandler.h	71	1	BackMirClient
Error	2979	error C2143: syntax error : missing ',' before '&'	y:\develop\github\backmir\bmclient\net\PacketHandler.h	71	1	BackMirClient
Warning	2980	warning C4819: The file contains a character that cannot be represented in the current code page (936). Save the file in Unicode format to prevent data loss	y:\develop\github\backmir\CommonModule\MagicEffectID.h	1	1	BackMirClient
Error	2981	error C2061: syntax error : identifier 'PLAYER_DIRECTION'	y:\develop\github\backmir\bmclient\Common\GameRenderObject.h	308	1	BackMirClient
Error	2982	error C2146: syntax error : missing ';' before identifier 'GetDirection'	y:\develop\github\backmir\bmclient\Common\GameRenderObject.h	312	1	BackMirClient
Error	2983	error C2433: 'GameObject::PLAYER_DIRECTION' : 'inline' not permitted on data declarations	y:\develop\github\backmir\bmclient\Common\GameRenderObject.h	312	1	BackMirClient
Error	2984	error C4430: missing type specifier - int assumed. Note: C++ does not support default-int	y:\develop\github\backmir\bmclient\Common\GameRenderObject.h	312	1	BackMirClient
Error	2985	error C4430: missing type specifier - int assumed. Note: C++ does not support default-int	y:\develop\github\backmir\bmclient\Common\GameRenderObject.h	313	1	BackMirClient
Warning	2986	warning C4183: 'GetDirection': missing return type; assumed to be a member function returning 'int'	y:\develop\github\backmir\bmclient\Common\GameRenderObject.h	315	1	BackMirClient
Error	2987	error C2061: syntax error : identifier 'PLAYER_STATUS'	y:\develop\github\backmir\bmclient\Common\GameRenderObject.h	316	1	BackMirClient
Error	2988	error C2146: syntax error : missing ';' before identifier 'GetStatus'	y:\develop\github\backmir\bmclient\Common\GameRenderObject.h	326	1	BackMirClient
Error	2989	error C2433: 'GameObject::PLAYER_STATUS' : 'inline' not permitted on data declarations	y:\develop\github\backmir\bmclient\Common\GameRenderObject.h	326	1	BackMirClient
Error	2990	error C4430: missing type specifier - int assumed. Note: C++ does not support default-int	y:\develop\github\backmir\bmclient\Common\GameRenderObject.h	326	1	BackMirClient
Error	2991	error C4430: missing type specifier - int assumed. Note: C++ does not support default-int	y:\develop\github\backmir\bmclient\Common\GameRenderObject.h	327	1	BackMirClient
Warning	2992	warning C4183: 'GetStatus': missing return type; assumed to be a member function returning 'int'	y:\develop\github\backmir\bmclient\Common\GameRenderObject.h	329	1	BackMirClient
Error	2993	error C2146: syntax error : missing ';' before identifier 'GetPreStatus'	y:\develop\github\backmir\bmclient\Common\GameRenderObject.h	330	1	BackMirClient
Error	2994	error C2433: 'GameObject::PLAYER_STATUS' : 'inline' not permitted on data declarations	y:\develop\github\backmir\bmclient\Common\GameRenderObject.h	330	1	BackMirClient
Error	2995	error C4430: missing type specifier - int assumed. Note: C++ does not support default-int	y:\develop\github\backmir\bmclient\Common\GameRenderObject.h	330	1	BackMirClient
Error	2996	error C4430: missing type specifier - int assumed. Note: C++ does not support default-int	y:\develop\github\backmir\bmclient\Common\GameRenderObject.h	331	1	BackMirClient
Warning	2997	warning C4183: 'GetPreStatus': missing return type; assumed to be a member function returning 'int'	y:\develop\github\backmir\bmclient\Common\GameRenderObject.h	333	1	BackMirClient
Error	2998	error C2061: syntax error : identifier 'PLAYER_SEX'	y:\develop\github\backmir\bmclient\Common\GameRenderObject.h	354	1	BackMirClient
Error	2999	error C2146: syntax error : missing ';' before identifier 'GetPlayerSex'	y:\develop\github\backmir\bmclient\Common\GameRenderObject.h	358	1	BackMirClient
Error	3000	error C2433: 'GameObject::PLAYER_SEX' : 'inline' not permitted on data declarations	y:\develop\github\backmir\bmclient\Common\GameRenderObject.h	358	1	BackMirClient
Error	3001	error C4430: missing type specifier - int assumed. Note: C++ does not support default-int	y:\develop\github\backmir\bmclient\Common\GameRenderObject.h	358	1	BackMirClient
Error	3002	error C4430: missing type specifier - int assumed. Note: C++ does not support default-int	y:\develop\github\backmir\bmclient\Common\GameRenderObject.h	359	1	BackMirClient
Warning	3003	warning C4183: 'GetPlayerSex': missing return type; assumed to be a member function returning 'int'	y:\develop\github\backmir\bmclient\Common\GameRenderObject.h	361	1	BackMirClient
Error	3004	error C4430: missing type specifier - int assumed. Note: C++ does not support default-int	y:\develop\github\backmir\bmclient\Common\GameRenderObject.h	503	1	BackMirClient
Error	3005	error C2143: syntax error : missing ',' before '&'	y:\develop\github\backmir\bmclient\Common\GameRenderObject.h	503	1	BackMirClient
Error	3006	error C4430: missing type specifier - int assumed. Note: C++ does not support default-int	y:\develop\github\backmir\bmclient\Common\GameRenderObject.h	504	1	BackMirClient
Error	3007	error C2143: syntax error : missing ',' before '&'	y:\develop\github\backmir\bmclient\Common\GameRenderObject.h	504	1	BackMirClient
Error	3008	error C2535: 'void GameObject::DoPacket(const int)' : member function already defined or declared	y:\develop\github\backmir\bmclient\Common\GameRenderObject.h	504	1	BackMirClient
Error	3009	error C4430: missing type specifier - int assumed. Note: C++ does not support default-int	y:\develop\github\backmir\bmclient\Common\GameRenderObject.h	505	1	BackMirClient
Error	3010	error C2143: syntax error : missing ',' before '&'	y:\develop\github\backmir\bmclient\Common\GameRenderObject.h	505	1	BackMirClient
Error	3011	error C2535: 'void GameObject::DoPacket(const int)' : member function already defined or declared	y:\develop\github\backmir\bmclient\Common\GameRenderObject.h	505	1	BackMirClient
Error	3012	error C2061: syntax error : identifier 'PLAYER_STATUS'	y:\develop\github\backmir\bmclient\Common\GameRenderObject.h	513	1	BackMirClient
Error	3013	error C2146: syntax error : missing ';' before identifier 'm_drt'	y:\develop\github\backmir\bmclient\Common\GameRenderObject.h	554	1	BackMirClient
Error	3014	error C4430: missing type specifier - int assumed. Note: C++ does not support default-int	y:\develop\github\backmir\bmclient\Common\GameRenderObject.h	554	1	BackMirClient
Error	3015	error C2146: syntax error : missing ';' before identifier 'm_sex'	y:\develop\github\backmir\bmclient\Common\GameRenderObject.h	555	1	BackMirClient
Error	3016	error C4430: missing type specifier - int assumed. Note: C++ does not support default-int	y:\develop\github\backmir\bmclient\Common\GameRenderObject.h	555	1	BackMirClient
Error	3017	error C2146: syntax error : missing ';' before identifier 'm_stat'	y:\develop\github\backmir\bmclient\Common\GameRenderObject.h	556	1	BackMirClient
Error	3018	error C4430: missing type specifier - int assumed. Note: C++ does not support default-int	y:\develop\github\backmir\bmclient\Common\GameRenderObject.h	556	1	BackMirClient
Error	3019	error C2146: syntax error : missing ';' before identifier 'm_preStat'	y:\develop\github\backmir\bmclient\Common\GameRenderObject.h	557	1	BackMirClient
Error	3020	error C4430: missing type specifier - int assumed. Note: C++ does not support default-int	y:\develop\github\backmir\bmclient\Common\GameRenderObject.h	557	1	BackMirClient
Error	3021	error C2065: 'm_drt' : undeclared identifier	y:\develop\github\backmir\bmclient\Common\GameRenderObject.h	253	1	BackMirClient
Error	3022	error C2065: 'PDT_DOWN' : undeclared identifier	y:\develop\github\backmir\bmclient\Common\GameRenderObject.h	253	1	BackMirClient
Error	3023	error C2065: 'm_sex' : undeclared identifier	y:\develop\github\backmir\bmclient\Common\GameRenderObject.h	254	1	BackMirClient
Error	3024	error C2065: 'PSX_MAN' : undeclared identifier	y:\develop\github\backmir\bmclient\Common\GameRenderObject.h	254	1	BackMirClient
Error	3025	error C2065: 'm_preStat' : undeclared identifier	y:\develop\github\backmir\bmclient\Common\GameRenderObject.h	255	1	BackMirClient
Error	3026	error C2065: 'm_stat' : undeclared identifier	y:\develop\github\backmir\bmclient\Common\GameRenderObject.h	255	1	BackMirClient
Error	3027	error C2065: 'PST_STAND' : undeclared identifier	y:\develop\github\backmir\bmclient\Common\GameRenderObject.h	255	1	BackMirClient
Error	3028	error C2065: 'm_drt' : undeclared identifier	y:\develop\github\backmir\bmclient\Common\GameRenderObject.h	310	1	BackMirClient
Error	3029	error C2065: '_pd' : undeclared identifier	y:\develop\github\backmir\bmclient\Common\GameRenderObject.h	310	1	BackMirClient
Error	3030	error C2065: 'm_drt' : undeclared identifier	y:\develop\github\backmir\bmclient\Common\GameRenderObject.h	314	1	BackMirClient
Error	3031	error C2065: 'm_stat' : undeclared identifier	y:\develop\github\backmir\bmclient\Common\GameRenderObject.h	318	1	BackMirClient
Error	3032	error C2065: '_ps' : undeclared identifier	y:\develop\github\backmir\bmclient\Common\GameRenderObject.h	318	1	BackMirClient
Error	3033	error C2065: '_ps' : undeclared identifier	y:\develop\github\backmir\bmclient\Common\GameRenderObject.h	320	1	BackMirClient
Error	3034	error C2065: 'PST_STAND' : undeclared identifier	y:\develop\github\backmir\bmclient\Common\GameRenderObject.h	320	1	BackMirClient
Error	3035	error C2065: '_ps' : undeclared identifier	y:\develop\github\backmir\bmclient\Common\GameRenderObject.h	324	1	BackMirClient
Error	3036	error C2065: 'm_stat' : undeclared identifier	y:\develop\github\backmir\bmclient\Common\GameRenderObject.h	328	1	BackMirClient
Error	3037	error C2065: 'm_preStat' : undeclared identifier	y:\develop\github\backmir\bmclient\Common\GameRenderObject.h	332	1	BackMirClient
Error	3038	error C2065: 'm_sex' : undeclared identifier	y:\develop\github\backmir\bmclient\Common\GameRenderObject.h	356	1	BackMirClient
Error	3039	error C2065: '_ps' : undeclared identifier	y:\develop\github\backmir\bmclient\Common\GameRenderObject.h	356	1	BackMirClient
Error	3040	error C2065: 'm_sex' : undeclared identifier	y:\develop\github\backmir\bmclient\Common\GameRenderObject.h	360	1	BackMirClient
Error	3041	error C2065: 'PST_DEAD' : undeclared identifier	y:\develop\github\backmir\bmclient\Common\GameRenderObject.h	429	1	BackMirClient
Warning	3042	warning C4819: The file contains a character that cannot be represented in the current code page (936). Save the file in Unicode format to prevent data loss	y:\develop\github\backmir\CommonModule\ShareDefine.h	1	1	BackMirClient
Error	3043	error C2365: 'RES_ITEMS' : redefinition; previous definition was 'enumerator'	y:\develop\github\backmir\CommonModule\ShareDefine.h	79	1	BackMirClient
Error	3044	error C2365: 'RES_STATUS' : redefinition; previous definition was 'enumerator'	y:\develop\github\backmir\CommonModule\ShareDefine.h	80	1	BackMirClient
Error	3045	error C2365: 'RES_CUSTOM' : redefinition; previous definition was 'enumerator'	y:\develop\github\backmir\CommonModule\ShareDefine.h	81	1	BackMirClient
Error	3046	error C2365: 'RES_TOTAL' : redefinition; previous definition was 'enumerator'	y:\develop\github\backmir\CommonModule\ShareDefine.h	82	1	BackMirClient
Error	3047	error C2065: 'MEFF_USERTOTAL' : undeclared identifier	y:\develop\github\backmir\bmclient\GameScene\MagicEffect.h	8	1	BackMirClient
Error	3048	error C2061: syntax error : identifier 'PLAYER_STATUS'	y:\develop\github\backmir\bmclient\gamescene\GameOtherPlayer.h	29	1	BackMirClient
Error	3049	error C2061: syntax error : identifier 'MAGICEFFECT_TYPE'	y:\develop\github\backmir\bmclient\gamescene\GameOtherPlayer.h	52	1	BackMirClient
Error	3050	error C2061: syntax error : identifier 'MAGICEFFECT_TYPE'	y:\develop\github\backmir\bmclient\gamescene\GameOtherPlayer.h	53	1	BackMirClient
Error	3051	error C4430: missing type specifier - int assumed. Note: C++ does not support default-int	y:\develop\github\backmir\bmclient\gamescene\GameOtherPlayer.h	157	1	BackMirClient
Error	3052	error C2143: syntax error : missing ',' before '&'	y:\develop\github\backmir\bmclient\gamescene\GameOtherPlayer.h	157	1	BackMirClient
Error	3053	error C4430: missing type specifier - int assumed. Note: C++ does not support default-int	y:\develop\github\backmir\bmclient\gamescene\GameOtherPlayer.h	201	1	BackMirClient
Error	3054	error C2143: syntax error : missing ',' before '&'	y:\develop\github\backmir\bmclient\gamescene\GameOtherPlayer.h	201	1	BackMirClient
Error	3055	error C2535: 'void GameOtherPlayer::DoPacket(const int)' : member function already defined or declared	y:\develop\github\backmir\bmclient\gamescene\GameOtherPlayer.h	201	1	BackMirClient
Error	3056	error C2146: syntax error : missing ';' before identifier 'm_eEffect'	y:\develop\github\backmir\bmclient\gamescene\GameOtherPlayer.h	228	1	BackMirClient
Error	3057	error C4430: missing type specifier - int assumed. Note: C++ does not support default-int	y:\develop\github\backmir\bmclient\gamescene\GameOtherPlayer.h	228	1	BackMirClient
Error	3058	error C2065: 'MAGICEFFECT_TOTAL' : undeclared identifier	y:\develop\github\backmir\bmclient\gamescene\GameOtherPlayer.h	228	1	BackMirClient
Warning	3059	warning C4819: The file contains a character that cannot be represented in the current code page (936). Save the file in Unicode format to prevent data loss	y:\develop\github\backmir\CommonModule\RandGenerator.h	1	1	BackMirClient
Warning	3060	warning C4819: The file contains a character that cannot be represented in the current code page (936). Save the file in Unicode format to prevent data loss	y:\develop\github\backmir\CommonModule\CollDownController.h	1	1	BackMirClient
Error	3061	error C2061: syntax error : identifier 'PLAYER_DIRECTION'	y:\develop\github\backmir\bmclient\gamescene\GamePlayer.h	57	1	BackMirClient
Error	3062	error C2061: syntax error : identifier 'PLAYER_DIRECTION'	y:\develop\github\backmir\bmclient\gamescene\GamePlayer.h	58	1	BackMirClient
Error	3063	error C2143: syntax error : missing ';' before '*'	y:\develop\github\backmir\bmclient\gamescene\GamePlayer.h	73	1	BackMirClient
Error	3064	error C4430: missing type specifier - int assumed. Note: C++ does not support default-int	y:\develop\github\backmir\bmclient\gamescene\GamePlayer.h	73	1	BackMirClient
Error	3065	error C4430: missing type specifier - int assumed. Note: C++ does not support default-int	y:\develop\github\backmir\bmclient\gamescene\GamePlayer.h	74	1	BackMirClient
Warning	3066	warning C4183: 'GetEquip': missing return type; assumed to be a member function returning 'int'	y:\develop\github\backmir\bmclient\gamescene\GamePlayer.h	76	1	BackMirClient
Error	3067	error C2146: syntax error : missing ';' before identifier 'm_equipAttrib'	y:\develop\github\backmir\bmclient\gamescene\GamePlayer.h	350	1	BackMirClient
Error	3068	error C4430: missing type specifier - int assumed. Note: C++ does not support default-int	y:\develop\github\backmir\bmclient\gamescene\GamePlayer.h	350	1	BackMirClient
Error	3069	error C2146: syntax error : missing ';' before identifier 'm_indexs'	y:\develop\github\backmir\bmclient\gamescene\GamePlayer.h	361	1	BackMirClient
Error	3070	error C4430: missing type specifier - int assumed. Note: C++ does not support default-int	y:\develop\github\backmir\bmclient\gamescene\GamePlayer.h	361	1	BackMirClient
Error	3071	error C2065: 'ADD_NORMAL' : undeclared identifier	y:\develop\github\backmir\bmclient\gamescene\GamePlayer.h	182	1	BackMirClient
Error	3072	error C2065: 'ADD_NORMAL' : undeclared identifier	y:\develop\github\backmir\bmclient\gamescene\GamePlayer.h	183	1	BackMirClient
Error	3073	error C2065: 'm_equipAttrib' : undeclared identifier	y:\develop\github\backmir\bmclient\gamescene\GamePlayer.h	75	1	BackMirClient
Error	3074	error C2065: 'PST_NONE' : undeclared identifier	y:\develop\github\backmir\bmclient\gamescene\GamePlayer.h	84	1	BackMirClient
Error	3075	error C2065: 'g_nWanLiTable' : undeclared identifier	y:\develop\github\backmir\bmclient\gamescene\GamePlayer.h	135	1	BackMirClient
Error	3076	error C2146: syntax error : missing ';' before identifier 'm_indexs'	y:\develop\github\backmir\bmclient\gamescene\GameMonster.h	114	1	BackMirClient
Error	3077	error C4430: missing type specifier - int assumed. Note: C++ does not support default-int	y:\develop\github\backmir\bmclient\gamescene\GameMonster.h	114	1	BackMirClient
Error	3078	error C2146: syntax error : missing ';' before identifier 'm_eEndStatus'	y:\develop\github\backmir\bmclient\gamescene\GameMonster.h	812	1	BackMirClient
Error	3079	error C4430: missing type specifier - int assumed. Note: C++ does not support default-int	y:\develop\github\backmir\bmclient\gamescene\GameMonster.h	812	1	BackMirClient
Error	3080	error C2146: syntax error : missing ';' before identifier 'm_xShowItems'	y:\develop\github\backmir\bmclient\GameScene\GameMapManager.h	137	1	BackMirClient
Error	3081	error C4430: missing type specifier - int assumed. Note: C++ does not support default-int	y:\develop\github\backmir\bmclient\GameScene\GameMapManager.h	137	1	BackMirClient
Error	3082	error C2146: syntax error : missing ';' before identifier 'm_xMouseItems'	y:\develop\github\backmir\bmclient\GameScene\GameMapManager.h	138	1	BackMirClient
Error	3083	error C4430: missing type specifier - int assumed. Note: C++ does not support default-int	y:\develop\github\backmir\bmclient\GameScene\GameMapManager.h	138	1	BackMirClient
Error	3084	error C2065: 'm_xMouseItems' : undeclared identifier	y:\develop\github\backmir\bmclient\GameScene\GameMapManager.h	80	1	BackMirClient
Error	3085	error C2228: left of '.push_back' must have class/struct/union	y:\develop\github\backmir\bmclient\GameScene\GameMapManager.h	80	1	BackMirClient
Error	3086	error C1083: Cannot open include file: 'FastDelegateBind.h': No such file or directory	y:\develop\github\backmir\bmclient\GameDialog\GameCommonDlg.h	9	1	BackMirClient
Warning	3087	warning C4819: The file contains a character that cannot be represented in the current code page (936). Save the file in Unicode format to prevent data loss	y:\develop\github\backmir\bmclient\Common\GlobalDefine.h	1	1	BackMirClient
Error	3088	error C2447: '{' : missing function header (old-style formal list?)	y:\develop\github\backmir\bmclient\Common\GlobalDefine.h	91	1	BackMirClient
Error	3089	error C2447: '{' : missing function header (old-style formal list?)	y:\develop\github\backmir\bmclient\Common\GlobalDefine.h	103	1	BackMirClient
Error	3090	error C2447: '{' : missing function header (old-style formal list?)	y:\develop\github\backmir\bmclient\Common\GlobalDefine.h	128	1	BackMirClient
Error	3091	error C2146: syntax error : missing ';' before identifier 'GetAngle'	y:\develop\github\backmir\bmclient\Common\GlobalFunction.h	26	1	BackMirClient
Error	3092	error C4430: missing type specifier - int assumed. Note: C++ does not support default-int	y:\develop\github\backmir\bmclient\Common\GlobalFunction.h	26	1	BackMirClient
Error	3093	error C4430: missing type specifier - int assumed. Note: C++ does not support default-int	y:\develop\github\backmir\bmclient\net\PacketHandler.h	71	1	BackMirClient
Error	3094	error C2143: syntax error : missing ',' before '&'	y:\develop\github\backmir\bmclient\net\PacketHandler.h	71	1	BackMirClient
Warning	3095	warning C4819: The file contains a character that cannot be represented in the current code page (936). Save the file in Unicode format to prevent data loss	y:\develop\github\backmir\CommonModule\MagicEffectID.h	1	1	BackMirClient
Error	3096	error C2061: syntax error : identifier 'PLAYER_DIRECTION'	y:\develop\github\backmir\bmclient\Common\GameRenderObject.h	308	1	BackMirClient
Error	3097	error C2146: syntax error : missing ';' before identifier 'GetDirection'	y:\develop\github\backmir\bmclient\Common\GameRenderObject.h	312	1	BackMirClient
Error	3098	error C2433: 'GameObject::PLAYER_DIRECTION' : 'inline' not permitted on data declarations	y:\develop\github\backmir\bmclient\Common\GameRenderObject.h	312	1	BackMirClient
Error	3099	error C4430: missing type specifier - int assumed. Note: C++ does not support default-int	y:\develop\github\backmir\bmclient\Common\GameRenderObject.h	312	1	BackMirClient
Error	3100	error C4430: missing type specifier - int assumed. Note: C++ does not support default-int	y:\develop\github\backmir\bmclient\Common\GameRenderObject.h	313	1	BackMirClient
Warning	3101	warning C4183: 'GetDirection': missing return type; assumed to be a member function returning 'int'	y:\develop\github\backmir\bmclient\Common\GameRenderObject.h	315	1	BackMirClient
Error	3102	error C2061: syntax error : identifier 'PLAYER_STATUS'	y:\develop\github\backmir\bmclient\Common\GameRenderObject.h	316	1	BackMirClient
Error	3103	error C2146: syntax error : missing ';' before identifier 'GetStatus'	y:\develop\github\backmir\bmclient\Common\GameRenderObject.h	326	1	BackMirClient
Error	3104	error C2433: 'GameObject::PLAYER_STATUS' : 'inline' not permitted on data declarations	y:\develop\github\backmir\bmclient\Common\GameRenderObject.h	326	1	BackMirClient
Error	3105	error C4430: missing type specifier - int assumed. Note: C++ does not support default-int	y:\develop\github\backmir\bmclient\Common\GameRenderObject.h	326	1	BackMirClient
Error	3106	error C4430: missing type specifier - int assumed. Note: C++ does not support default-int	y:\develop\github\backmir\bmclient\Common\GameRenderObject.h	327	1	BackMirClient
Warning	3107	warning C4183: 'GetStatus': missing return type; assumed to be a member function returning 'int'	y:\develop\github\backmir\bmclient\Common\GameRenderObject.h	329	1	BackMirClient
Error	3108	error C2146: syntax error : missing ';' before identifier 'GetPreStatus'	y:\develop\github\backmir\bmclient\Common\GameRenderObject.h	330	1	BackMirClient
Error	3109	error C2433: 'GameObject::PLAYER_STATUS' : 'inline' not permitted on data declarations	y:\develop\github\backmir\bmclient\Common\GameRenderObject.h	330	1	BackMirClient
Error	3110	error C4430: missing type specifier - int assumed. Note: C++ does not support default-int	y:\develop\github\backmir\bmclient\Common\GameRenderObject.h	330	1	BackMirClient
Error	3111	error C4430: missing type specifier - int assumed. Note: C++ does not support default-int	y:\develop\github\backmir\bmclient\Common\GameRenderObject.h	331	1	BackMirClient
Warning	3112	warning C4183: 'GetPreStatus': missing return type; assumed to be a member function returning 'int'	y:\develop\github\backmir\bmclient\Common\GameRenderObject.h	333	1	BackMirClient
Error	3113	error C2061: syntax error : identifier 'PLAYER_SEX'	y:\develop\github\backmir\bmclient\Common\GameRenderObject.h	354	1	BackMirClient
Error	3114	error C2146: syntax error : missing ';' before identifier 'GetPlayerSex'	y:\develop\github\backmir\bmclient\Common\GameRenderObject.h	358	1	BackMirClient
Error	3115	error C2433: 'GameObject::PLAYER_SEX' : 'inline' not permitted on data declarations	y:\develop\github\backmir\bmclient\Common\GameRenderObject.h	358	1	BackMirClient
Error	3116	error C4430: missing type specifier - int assumed. Note: C++ does not support default-int	y:\develop\github\backmir\bmclient\Common\GameRenderObject.h	358	1	BackMirClient
Error	3117	error C4430: missing type specifier - int assumed. Note: C++ does not support default-int	y:\develop\github\backmir\bmclient\Common\GameRenderObject.h	359	1	BackMirClient
Warning	3118	warning C4183: 'GetPlayerSex': missing return type; assumed to be a member function returning 'int'	y:\develop\github\backmir\bmclient\Common\GameRenderObject.h	361	1	BackMirClient
Error	3119	error C4430: missing type specifier - int assumed. Note: C++ does not support default-int	y:\develop\github\backmir\bmclient\Common\GameRenderObject.h	503	1	BackMirClient
Error	3120	error C2143: syntax error : missing ',' before '&'	y:\develop\github\backmir\bmclient\Common\GameRenderObject.h	503	1	BackMirClient
Error	3121	error C4430: missing type specifier - int assumed. Note: C++ does not support default-int	y:\develop\github\backmir\bmclient\Common\GameRenderObject.h	504	1	BackMirClient
Error	3122	error C2143: syntax error : missing ',' before '&'	y:\develop\github\backmir\bmclient\Common\GameRenderObject.h	504	1	BackMirClient
Error	3123	error C2535: 'void GameObject::DoPacket(const int)' : member function already defined or declared	y:\develop\github\backmir\bmclient\Common\GameRenderObject.h	504	1	BackMirClient
Error	3124	error C4430: missing type specifier - int assumed. Note: C++ does not support default-int	y:\develop\github\backmir\bmclient\Common\GameRenderObject.h	505	1	BackMirClient
Error	3125	error C2143: syntax error : missing ',' before '&'	y:\develop\github\backmir\bmclient\Common\GameRenderObject.h	505	1	BackMirClient
Error	3126	error C2535: 'void GameObject::DoPacket(const int)' : member function already defined or declared	y:\develop\github\backmir\bmclient\Common\GameRenderObject.h	505	1	BackMirClient
Error	3127	error C2061: syntax error : identifier 'PLAYER_STATUS'	y:\develop\github\backmir\bmclient\Common\GameRenderObject.h	513	1	BackMirClient
Error	3128	error C2146: syntax error : missing ';' before identifier 'm_drt'	y:\develop\github\backmir\bmclient\Common\GameRenderObject.h	554	1	BackMirClient
Error	3129	error C4430: missing type specifier - int assumed. Note: C++ does not support default-int	y:\develop\github\backmir\bmclient\Common\GameRenderObject.h	554	1	BackMirClient
Error	3130	error C2146: syntax error : missing ';' before identifier 'm_sex'	y:\develop\github\backmir\bmclient\Common\GameRenderObject.h	555	1	BackMirClient
Error	3131	error C4430: missing type specifier - int assumed. Note: C++ does not support default-int	y:\develop\github\backmir\bmclient\Common\GameRenderObject.h	555	1	BackMirClient
Error	3132	error C2146: syntax error : missing ';' before identifier 'm_stat'	y:\develop\github\backmir\bmclient\Common\GameRenderObject.h	556	1	BackMirClient
Error	3133	error C4430: missing type specifier - int assumed. Note: C++ does not support default-int	y:\develop\github\backmir\bmclient\Common\GameRenderObject.h	556	1	BackMirClient
Error	3134	error C2146: syntax error : missing ';' before identifier 'm_preStat'	y:\develop\github\backmir\bmclient\Common\GameRenderObject.h	557	1	BackMirClient
Error	3135	error C4430: missing type specifier - int assumed. Note: C++ does not support default-int	y:\develop\github\backmir\bmclient\Common\GameRenderObject.h	557	1	BackMirClient
Error	3136	error C2065: 'm_drt' : undeclared identifier	y:\develop\github\backmir\bmclient\Common\GameRenderObject.h	253	1	BackMirClient
Error	3137	error C2065: 'PDT_DOWN' : undeclared identifier	y:\develop\github\backmir\bmclient\Common\GameRenderObject.h	253	1	BackMirClient
Error	3138	error C2065: 'm_sex' : undeclared identifier	y:\develop\github\backmir\bmclient\Common\GameRenderObject.h	254	1	BackMirClient
Error	3139	error C2065: 'PSX_MAN' : undeclared identifier	y:\develop\github\backmir\bmclient\Common\GameRenderObject.h	254	1	BackMirClient
Error	3140	error C2065: 'm_preStat' : undeclared identifier	y:\develop\github\backmir\bmclient\Common\GameRenderObject.h	255	1	BackMirClient
Error	3141	error C2065: 'm_stat' : undeclared identifier	y:\develop\github\backmir\bmclient\Common\GameRenderObject.h	255	1	BackMirClient
Error	3142	error C2065: 'PST_STAND' : undeclared identifier	y:\develop\github\backmir\bmclient\Common\GameRenderObject.h	255	1	BackMirClient
Error	3143	error C2065: 'm_drt' : undeclared identifier	y:\develop\github\backmir\bmclient\Common\GameRenderObject.h	310	1	BackMirClient
Error	3144	error C2065: '_pd' : undeclared identifier	y:\develop\github\backmir\bmclient\Common\GameRenderObject.h	310	1	BackMirClient
Error	3145	error C2065: 'm_drt' : undeclared identifier	y:\develop\github\backmir\bmclient\Common\GameRenderObject.h	314	1	BackMirClient
Error	3146	error C2065: 'm_stat' : undeclared identifier	y:\develop\github\backmir\bmclient\Common\GameRenderObject.h	318	1	BackMirClient
Error	3147	error C2065: '_ps' : undeclared identifier	y:\develop\github\backmir\bmclient\Common\GameRenderObject.h	318	1	BackMirClient
Error	3148	error C2065: '_ps' : undeclared identifier	y:\develop\github\backmir\bmclient\Common\GameRenderObject.h	320	1	BackMirClient
Error	3149	error C2065: 'PST_STAND' : undeclared identifier	y:\develop\github\backmir\bmclient\Common\GameRenderObject.h	320	1	BackMirClient
Error	3150	error C2065: '_ps' : undeclared identifier	y:\develop\github\backmir\bmclient\Common\GameRenderObject.h	324	1	BackMirClient
Error	3151	error C2065: 'm_stat' : undeclared identifier	y:\develop\github\backmir\bmclient\Common\GameRenderObject.h	328	1	BackMirClient
Error	3152	error C2065: 'm_preStat' : undeclared identifier	y:\develop\github\backmir\bmclient\Common\GameRenderObject.h	332	1	BackMirClient
Error	3153	error C2065: 'm_sex' : undeclared identifier	y:\develop\github\backmir\bmclient\Common\GameRenderObject.h	356	1	BackMirClient
Error	3154	error C2065: '_ps' : undeclared identifier	y:\develop\github\backmir\bmclient\Common\GameRenderObject.h	356	1	BackMirClient
Error	3155	error C2065: 'm_sex' : undeclared identifier	y:\develop\github\backmir\bmclient\Common\GameRenderObject.h	360	1	BackMirClient
Error	3156	error C2065: 'PST_DEAD' : undeclared identifier	y:\develop\github\backmir\bmclient\Common\GameRenderObject.h	429	1	BackMirClient
Warning	3157	warning C4819: The file contains a character that cannot be represented in the current code page (936). Save the file in Unicode format to prevent data loss	y:\develop\github\backmir\CommonModule\ShareDefine.h	1	1	BackMirClient
Error	3158	error C2365: 'RES_ITEMS' : redefinition; previous definition was 'enumerator'	y:\develop\github\backmir\CommonModule\ShareDefine.h	79	1	BackMirClient
Error	3159	error C2365: 'RES_STATUS' : redefinition; previous definition was 'enumerator'	y:\develop\github\backmir\CommonModule\ShareDefine.h	80	1	BackMirClient
Error	3160	error C2365: 'RES_CUSTOM' : redefinition; previous definition was 'enumerator'	y:\develop\github\backmir\CommonModule\ShareDefine.h	81	1	BackMirClient
Error	3161	error C2365: 'RES_TOTAL' : redefinition; previous definition was 'enumerator'	y:\develop\github\backmir\CommonModule\ShareDefine.h	82	1	BackMirClient
Error	3162	error C2065: 'MEFF_USERTOTAL' : undeclared identifier	y:\develop\github\backmir\bmclient\GameScene\MagicEffect.h	8	1	BackMirClient
Error	3163	error C2061: syntax error : identifier 'PLAYER_STATUS'	y:\develop\github\backmir\bmclient\gamescene\GameOtherPlayer.h	29	1	BackMirClient
Error	3164	error C2061: syntax error : identifier 'MAGICEFFECT_TYPE'	y:\develop\github\backmir\bmclient\gamescene\GameOtherPlayer.h	52	1	BackMirClient
Error	3165	error C2061: syntax error : identifier 'MAGICEFFECT_TYPE'	y:\develop\github\backmir\bmclient\gamescene\GameOtherPlayer.h	53	1	BackMirClient
Error	3166	error C4430: missing type specifier - int assumed. Note: C++ does not support default-int	y:\develop\github\backmir\bmclient\gamescene\GameOtherPlayer.h	157	1	BackMirClient
Error	3167	error C2143: syntax error : missing ',' before '&'	y:\develop\github\backmir\bmclient\gamescene\GameOtherPlayer.h	157	1	BackMirClient
Error	3168	error C4430: missing type specifier - int assumed. Note: C++ does not support default-int	y:\develop\github\backmir\bmclient\gamescene\GameOtherPlayer.h	201	1	BackMirClient
Error	3169	error C2143: syntax error : missing ',' before '&'	y:\develop\github\backmir\bmclient\gamescene\GameOtherPlayer.h	201	1	BackMirClient
Error	3170	error C2535: 'void GameOtherPlayer::DoPacket(const int)' : member function already defined or declared	y:\develop\github\backmir\bmclient\gamescene\GameOtherPlayer.h	201	1	BackMirClient
Error	3171	error C2146: syntax error : missing ';' before identifier 'm_eEffect'	y:\develop\github\backmir\bmclient\gamescene\GameOtherPlayer.h	228	1	BackMirClient
Error	3172	error C4430: missing type specifier - int assumed. Note: C++ does not support default-int	y:\develop\github\backmir\bmclient\gamescene\GameOtherPlayer.h	228	1	BackMirClient
Error	3173	error C2065: 'MAGICEFFECT_TOTAL' : undeclared identifier	y:\develop\github\backmir\bmclient\gamescene\GameOtherPlayer.h	228	1	BackMirClient
Warning	3174	warning C4819: The file contains a character that cannot be represented in the current code page (936). Save the file in Unicode format to prevent data loss	y:\develop\github\backmir\CommonModule\RandGenerator.h	1	1	BackMirClient
Warning	3175	warning C4819: The file contains a character that cannot be represented in the current code page (936). Save the file in Unicode format to prevent data loss	y:\develop\github\backmir\CommonModule\CollDownController.h	1	1	BackMirClient
Error	3176	error C2061: syntax error : identifier 'PLAYER_DIRECTION'	y:\develop\github\backmir\bmclient\gamescene\GamePlayer.h	57	1	BackMirClient
Error	3177	error C2061: syntax error : identifier 'PLAYER_DIRECTION'	y:\develop\github\backmir\bmclient\gamescene\GamePlayer.h	58	1	BackMirClient
Error	3178	error C2143: syntax error : missing ';' before '*'	y:\develop\github\backmir\bmclient\gamescene\GamePlayer.h	73	1	BackMirClient
Error	3179	error C4430: missing type specifier - int assumed. Note: C++ does not support default-int	y:\develop\github\backmir\bmclient\gamescene\GamePlayer.h	73	1	BackMirClient
Error	3180	error C4430: missing type specifier - int assumed. Note: C++ does not support default-int	y:\develop\github\backmir\bmclient\gamescene\GamePlayer.h	74	1	BackMirClient
Warning	3181	warning C4183: 'GetEquip': missing return type; assumed to be a member function returning 'int'	y:\develop\github\backmir\bmclient\gamescene\GamePlayer.h	76	1	BackMirClient
Error	3182	error C2146: syntax error : missing ';' before identifier 'm_equipAttrib'	y:\develop\github\backmir\bmclient\gamescene\GamePlayer.h	350	1	BackMirClient
Error	3183	error C4430: missing type specifier - int assumed. Note: C++ does not support default-int	y:\develop\github\backmir\bmclient\gamescene\GamePlayer.h	350	1	BackMirClient
Error	3184	error C2146: syntax error : missing ';' before identifier 'm_indexs'	y:\develop\github\backmir\bmclient\gamescene\GamePlayer.h	361	1	BackMirClient
Error	3185	error C4430: missing type specifier - int assumed. Note: C++ does not support default-int	y:\develop\github\backmir\bmclient\gamescene\GamePlayer.h	361	1	BackMirClient
Error	3186	error C2065: 'ADD_NORMAL' : undeclared identifier	y:\develop\github\backmir\bmclient\gamescene\GamePlayer.h	182	1	BackMirClient
Error	3187	error C2065: 'ADD_NORMAL' : undeclared identifier	y:\develop\github\backmir\bmclient\gamescene\GamePlayer.h	183	1	BackMirClient
Error	3188	error C2065: 'm_equipAttrib' : undeclared identifier	y:\develop\github\backmir\bmclient\gamescene\GamePlayer.h	75	1	BackMirClient
Error	3189	error C2065: 'PST_NONE' : undeclared identifier	y:\develop\github\backmir\bmclient\gamescene\GamePlayer.h	84	1	BackMirClient
Error	3190	error C2065: 'g_nWanLiTable' : undeclared identifier	y:\develop\github\backmir\bmclient\gamescene\GamePlayer.h	135	1	BackMirClient
Error	3191	error C2146: syntax error : missing ';' before identifier 'm_indexs'	y:\develop\github\backmir\bmclient\gamescene\GameMonster.h	114	1	BackMirClient
Error	3192	error C4430: missing type specifier - int assumed. Note: C++ does not support default-int	y:\develop\github\backmir\bmclient\gamescene\GameMonster.h	114	1	BackMirClient
Error	3193	error C2146: syntax error : missing ';' before identifier 'm_eEndStatus'	y:\develop\github\backmir\bmclient\gamescene\GameMonster.h	812	1	BackMirClient
Error	3194	error C4430: missing type specifier - int assumed. Note: C++ does not support default-int	y:\develop\github\backmir\bmclient\gamescene\GameMonster.h	812	1	BackMirClient
Error	3195	error C2146: syntax error : missing ';' before identifier 'm_xShowItems'	y:\develop\github\backmir\bmclient\GameScene\GameMapManager.h	137	1	BackMirClient
Error	3196	error C4430: missing type specifier - int assumed. Note: C++ does not support default-int	y:\develop\github\backmir\bmclient\GameScene\GameMapManager.h	137	1	BackMirClient
Error	3197	error C2146: syntax error : missing ';' before identifier 'm_xMouseItems'	y:\develop\github\backmir\bmclient\GameScene\GameMapManager.h	138	1	BackMirClient
Error	3198	error C4430: missing type specifier - int assumed. Note: C++ does not support default-int	y:\develop\github\backmir\bmclient\GameScene\GameMapManager.h	138	1	BackMirClient
Error	3199	error C2065: 'm_xMouseItems' : undeclared identifier	y:\develop\github\backmir\bmclient\GameScene\GameMapManager.h	80	1	BackMirClient
Error	3200	error C2228: left of '.push_back' must have class/struct/union	y:\develop\github\backmir\bmclient\GameScene\GameMapManager.h	80	1	BackMirClient
Error	3201	error C1083: Cannot open include file: 'FastDelegateBind.h': No such file or directory	y:\develop\github\backmir\bmclient\GameDialog\GameCommonDlg.h	9	1	BackMirClient
Warning	3202	warning C4819: The file contains a character that cannot be represented in the current code page (936). Save the file in Unicode format to prevent data loss	y:\develop\github\backmir\bmclient\Common\GlobalDefine.h	1	1	BackMirClient
Error	3203	error C2447: '{' : missing function header (old-style formal list?)	y:\develop\github\backmir\bmclient\Common\GlobalDefine.h	91	1	BackMirClient
Error	3204	error C2447: '{' : missing function header (old-style formal list?)	y:\develop\github\backmir\bmclient\Common\GlobalDefine.h	103	1	BackMirClient
Error	3205	error C2447: '{' : missing function header (old-style formal list?)	y:\develop\github\backmir\bmclient\Common\GlobalDefine.h	128	1	BackMirClient
Error	3206	error C2146: syntax error : missing ';' before identifier 'GetAngle'	y:\develop\github\backmir\bmclient\Common\GlobalFunction.h	26	1	BackMirClient
Error	3207	error C4430: missing type specifier - int assumed. Note: C++ does not support default-int	y:\develop\github\backmir\bmclient\Common\GlobalFunction.h	26	1	BackMirClient
Error	3208	error C4430: missing type specifier - int assumed. Note: C++ does not support default-int	y:\develop\github\backmir\bmclient\net\PacketHandler.h	71	1	BackMirClient
Error	3209	error C2143: syntax error : missing ',' before '&'	y:\develop\github\backmir\bmclient\net\PacketHandler.h	71	1	BackMirClient
Warning	3210	warning C4819: The file contains a character that cannot be represented in the current code page (936). Save the file in Unicode format to prevent data loss	y:\develop\github\backmir\CommonModule\MagicEffectID.h	1	1	BackMirClient
Error	3211	error C2061: syntax error : identifier 'PLAYER_DIRECTION'	y:\develop\github\backmir\bmclient\Common\GameRenderObject.h	308	1	BackMirClient
Error	3212	error C2146: syntax error : missing ';' before identifier 'GetDirection'	y:\develop\github\backmir\bmclient\Common\GameRenderObject.h	312	1	BackMirClient
Error	3213	error C2433: 'GameObject::PLAYER_DIRECTION' : 'inline' not permitted on data declarations	y:\develop\github\backmir\bmclient\Common\GameRenderObject.h	312	1	BackMirClient
Error	3214	error C4430: missing type specifier - int assumed. Note: C++ does not support default-int	y:\develop\github\backmir\bmclient\Common\GameRenderObject.h	312	1	BackMirClient
Error	3215	error C4430: missing type specifier - int assumed. Note: C++ does not support default-int	y:\develop\github\backmir\bmclient\Common\GameRenderObject.h	313	1	BackMirClient
Warning	3216	warning C4183: 'GetDirection': missing return type; assumed to be a member function returning 'int'	y:\develop\github\backmir\bmclient\Common\GameRenderObject.h	315	1	BackMirClient
Error	3217	error C2061: syntax error : identifier 'PLAYER_STATUS'	y:\develop\github\backmir\bmclient\Common\GameRenderObject.h	316	1	BackMirClient
Error	3218	error C2146: syntax error : missing ';' before identifier 'GetStatus'	y:\develop\github\backmir\bmclient\Common\GameRenderObject.h	326	1	BackMirClient
Error	3219	error C2433: 'GameObject::PLAYER_STATUS' : 'inline' not permitted on data declarations	y:\develop\github\backmir\bmclient\Common\GameRenderObject.h	326	1	BackMirClient
Error	3220	error C4430: missing type specifier - int assumed. Note: C++ does not support default-int	y:\develop\github\backmir\bmclient\Common\GameRenderObject.h	326	1	BackMirClient
Error	3221	error C4430: missing type specifier - int assumed. Note: C++ does not support default-int	y:\develop\github\backmir\bmclient\Common\GameRenderObject.h	327	1	BackMirClient
Warning	3222	warning C4183: 'GetStatus': missing return type; assumed to be a member function returning 'int'	y:\develop\github\backmir\bmclient\Common\GameRenderObject.h	329	1	BackMirClient
Error	3223	error C2146: syntax error : missing ';' before identifier 'GetPreStatus'	y:\develop\github\backmir\bmclient\Common\GameRenderObject.h	330	1	BackMirClient
Error	3224	error C2433: 'GameObject::PLAYER_STATUS' : 'inline' not permitted on data declarations	y:\develop\github\backmir\bmclient\Common\GameRenderObject.h	330	1	BackMirClient
Error	3225	error C4430: missing type specifier - int assumed. Note: C++ does not support default-int	y:\develop\github\backmir\bmclient\Common\GameRenderObject.h	330	1	BackMirClient
Error	3226	error C4430: missing type specifier - int assumed. Note: C++ does not support default-int	y:\develop\github\backmir\bmclient\Common\GameRenderObject.h	331	1	BackMirClient
Warning	3227	warning C4183: 'GetPreStatus': missing return type; assumed to be a member function returning 'int'	y:\develop\github\backmir\bmclient\Common\GameRenderObject.h	333	1	BackMirClient
Error	3228	error C2061: syntax error : identifier 'PLAYER_SEX'	y:\develop\github\backmir\bmclient\Common\GameRenderObject.h	354	1	BackMirClient
Error	3229	error C2146: syntax error : missing ';' before identifier 'GetPlayerSex'	y:\develop\github\backmir\bmclient\Common\GameRenderObject.h	358	1	BackMirClient
Error	3230	error C2433: 'GameObject::PLAYER_SEX' : 'inline' not permitted on data declarations	y:\develop\github\backmir\bmclient\Common\GameRenderObject.h	358	1	BackMirClient
Error	3231	error C4430: missing type specifier - int assumed. Note: C++ does not support default-int	y:\develop\github\backmir\bmclient\Common\GameRenderObject.h	358	1	BackMirClient
Error	3232	error C4430: missing type specifier - int assumed. Note: C++ does not support default-int	y:\develop\github\backmir\bmclient\Common\GameRenderObject.h	359	1	BackMirClient
Warning	3233	warning C4183: 'GetPlayerSex': missing return type; assumed to be a member function returning 'int'	y:\develop\github\backmir\bmclient\Common\GameRenderObject.h	361	1	BackMirClient
Error	3234	error C4430: missing type specifier - int assumed. Note: C++ does not support default-int	y:\develop\github\backmir\bmclient\Common\GameRenderObject.h	503	1	BackMirClient
Error	3235	error C2143: syntax error : missing ',' before '&'	y:\develop\github\backmir\bmclient\Common\GameRenderObject.h	503	1	BackMirClient
Error	3236	error C4430: missing type specifier - int assumed. Note: C++ does not support default-int	y:\develop\github\backmir\bmclient\Common\GameRenderObject.h	504	1	BackMirClient
Error	3237	error C2143: syntax error : missing ',' before '&'	y:\develop\github\backmir\bmclient\Common\GameRenderObject.h	504	1	BackMirClient
Error	3238	error C2535: 'void GameObject::DoPacket(const int)' : member function already defined or declared	y:\develop\github\backmir\bmclient\Common\GameRenderObject.h	504	1	BackMirClient
Error	3239	error C4430: missing type specifier - int assumed. Note: C++ does not support default-int	y:\develop\github\backmir\bmclient\Common\GameRenderObject.h	505	1	BackMirClient
Error	3240	error C2143: syntax error : missing ',' before '&'	y:\develop\github\backmir\bmclient\Common\GameRenderObject.h	505	1	BackMirClient
Error	3241	error C2535: 'void GameObject::DoPacket(const int)' : member function already defined or declared	y:\develop\github\backmir\bmclient\Common\GameRenderObject.h	505	1	BackMirClient
Error	3242	error C2061: syntax error : identifier 'PLAYER_STATUS'	y:\develop\github\backmir\bmclient\Common\GameRenderObject.h	513	1	BackMirClient
Error	3243	error C2146: syntax error : missing ';' before identifier 'm_drt'	y:\develop\github\backmir\bmclient\Common\GameRenderObject.h	554	1	BackMirClient
Error	3244	error C4430: missing type specifier - int assumed. Note: C++ does not support default-int	y:\develop\github\backmir\bmclient\Common\GameRenderObject.h	554	1	BackMirClient
Error	3245	error C2146: syntax error : missing ';' before identifier 'm_sex'	y:\develop\github\backmir\bmclient\Common\GameRenderObject.h	555	1	BackMirClient
Error	3246	error C4430: missing type specifier - int assumed. Note: C++ does not support default-int	y:\develop\github\backmir\bmclient\Common\GameRenderObject.h	555	1	BackMirClient
Error	3247	error C2146: syntax error : missing ';' before identifier 'm_stat'	y:\develop\github\backmir\bmclient\Common\GameRenderObject.h	556	1	BackMirClient
Error	3248	error C4430: missing type specifier - int assumed. Note: C++ does not support default-int	y:\develop\github\backmir\bmclient\Common\GameRenderObject.h	556	1	BackMirClient
Error	3249	error C2146: syntax error : missing ';' before identifier 'm_preStat'	y:\develop\github\backmir\bmclient\Common\GameRenderObject.h	557	1	BackMirClient
Error	3250	error C4430: missing type specifier - int assumed. Note: C++ does not support default-int	y:\develop\github\backmir\bmclient\Common\GameRenderObject.h	557	1	BackMirClient
Error	3251	error C2065: 'm_drt' : undeclared identifier	y:\develop\github\backmir\bmclient\Common\GameRenderObject.h	253	1	BackMirClient
Error	3252	error C2065: 'PDT_DOWN' : undeclared identifier	y:\develop\github\backmir\bmclient\Common\GameRenderObject.h	253	1	BackMirClient
Error	3253	error C2065: 'm_sex' : undeclared identifier	y:\develop\github\backmir\bmclient\Common\GameRenderObject.h	254	1	BackMirClient
Error	3254	error C2065: 'PSX_MAN' : undeclared identifier	y:\develop\github\backmir\bmclient\Common\GameRenderObject.h	254	1	BackMirClient
Error	3255	error C2065: 'm_preStat' : undeclared identifier	y:\develop\github\backmir\bmclient\Common\GameRenderObject.h	255	1	BackMirClient
Error	3256	error C2065: 'm_stat' : undeclared identifier	y:\develop\github\backmir\bmclient\Common\GameRenderObject.h	255	1	BackMirClient
Error	3257	error C2065: 'PST_STAND' : undeclared identifier	y:\develop\github\backmir\bmclient\Common\GameRenderObject.h	255	1	BackMirClient
Error	3258	error C2065: 'm_drt' : undeclared identifier	y:\develop\github\backmir\bmclient\Common\GameRenderObject.h	310	1	BackMirClient
Error	3259	error C2065: '_pd' : undeclared identifier	y:\develop\github\backmir\bmclient\Common\GameRenderObject.h	310	1	BackMirClient
Error	3260	error C2065: 'm_drt' : undeclared identifier	y:\develop\github\backmir\bmclient\Common\GameRenderObject.h	314	1	BackMirClient
Error	3261	error C2065: 'm_stat' : undeclared identifier	y:\develop\github\backmir\bmclient\Common\GameRenderObject.h	318	1	BackMirClient
Error	3262	error C2065: '_ps' : undeclared identifier	y:\develop\github\backmir\bmclient\Common\GameRenderObject.h	318	1	BackMirClient
Error	3263	error C2065: '_ps' : undeclared identifier	y:\develop\github\backmir\bmclient\Common\GameRenderObject.h	320	1	BackMirClient
Error	3264	error C2065: 'PST_STAND' : undeclared identifier	y:\develop\github\backmir\bmclient\Common\GameRenderObject.h	320	1	BackMirClient
Error	3265	error C2065: '_ps' : undeclared identifier	y:\develop\github\backmir\bmclient\Common\GameRenderObject.h	324	1	BackMirClient
Error	3266	error C2065: 'm_stat' : undeclared identifier	y:\develop\github\backmir\bmclient\Common\GameRenderObject.h	328	1	BackMirClient
Error	3267	error C2065: 'm_preStat' : undeclared identifier	y:\develop\github\backmir\bmclient\Common\GameRenderObject.h	332	1	BackMirClient
Error	3268	error C2065: 'm_sex' : undeclared identifier	y:\develop\github\backmir\bmclient\Common\GameRenderObject.h	356	1	BackMirClient
Error	3269	error C2065: '_ps' : undeclared identifier	y:\develop\github\backmir\bmclient\Common\GameRenderObject.h	356	1	BackMirClient
Error	3270	error C2065: 'm_sex' : undeclared identifier	y:\develop\github\backmir\bmclient\Common\GameRenderObject.h	360	1	BackMirClient
Error	3271	error C2065: 'PST_DEAD' : undeclared identifier	y:\develop\github\backmir\bmclient\Common\GameRenderObject.h	429	1	BackMirClient
Warning	3272	warning C4819: The file contains a character that cannot be represented in the current code page (936). Save the file in Unicode format to prevent data loss	y:\develop\github\backmir\CommonModule\ShareDefine.h	1	1	BackMirClient
Error	3273	error C2365: 'RES_ITEMS' : redefinition; previous definition was 'enumerator'	y:\develop\github\backmir\CommonModule\ShareDefine.h	79	1	BackMirClient
Error	3274	error C2365: 'RES_STATUS' : redefinition; previous definition was 'enumerator'	y:\develop\github\backmir\CommonModule\ShareDefine.h	80	1	BackMirClient
Error	3275	error C2365: 'RES_CUSTOM' : redefinition; previous definition was 'enumerator'	y:\develop\github\backmir\CommonModule\ShareDefine.h	81	1	BackMirClient
Error	3276	error C2365: 'RES_TOTAL' : redefinition; previous definition was 'enumerator'	y:\develop\github\backmir\CommonModule\ShareDefine.h	82	1	BackMirClient
Error	3277	error C2065: 'MEFF_USERTOTAL' : undeclared identifier	y:\develop\github\backmir\bmclient\GameScene\MagicEffect.h	8	1	BackMirClient
Error	3278	error C2061: syntax error : identifier 'PLAYER_STATUS'	y:\develop\github\backmir\bmclient\gamescene\GameOtherPlayer.h	29	1	BackMirClient
Error	3279	error C2061: syntax error : identifier 'MAGICEFFECT_TYPE'	y:\develop\github\backmir\bmclient\gamescene\GameOtherPlayer.h	52	1	BackMirClient
Error	3280	error C2061: syntax error : identifier 'MAGICEFFECT_TYPE'	y:\develop\github\backmir\bmclient\gamescene\GameOtherPlayer.h	53	1	BackMirClient
Error	3281	error C4430: missing type specifier - int assumed. Note: C++ does not support default-int	y:\develop\github\backmir\bmclient\gamescene\GameOtherPlayer.h	157	1	BackMirClient
Error	3282	error C2143: syntax error : missing ',' before '&'	y:\develop\github\backmir\bmclient\gamescene\GameOtherPlayer.h	157	1	BackMirClient
Error	3283	error C4430: missing type specifier - int assumed. Note: C++ does not support default-int	y:\develop\github\backmir\bmclient\gamescene\GameOtherPlayer.h	201	1	BackMirClient
Error	3284	error C2143: syntax error : missing ',' before '&'	y:\develop\github\backmir\bmclient\gamescene\GameOtherPlayer.h	201	1	BackMirClient
Error	3285	error C2535: 'void GameOtherPlayer::DoPacket(const int)' : member function already defined or declared	y:\develop\github\backmir\bmclient\gamescene\GameOtherPlayer.h	201	1	BackMirClient
Error	3286	error C2146: syntax error : missing ';' before identifier 'm_eEffect'	y:\develop\github\backmir\bmclient\gamescene\GameOtherPlayer.h	228	1	BackMirClient
Error	3287	error C4430: missing type specifier - int assumed. Note: C++ does not support default-int	y:\develop\github\backmir\bmclient\gamescene\GameOtherPlayer.h	228	1	BackMirClient
Error	3288	error C2065: 'MAGICEFFECT_TOTAL' : undeclared identifier	y:\develop\github\backmir\bmclient\gamescene\GameOtherPlayer.h	228	1	BackMirClient
Warning	3289	warning C4819: The file contains a character that cannot be represented in the current code page (936). Save the file in Unicode format to prevent data loss	y:\develop\github\backmir\CommonModule\RandGenerator.h	1	1	BackMirClient
Warning	3290	warning C4819: The file contains a character that cannot be represented in the current code page (936). Save the file in Unicode format to prevent data loss	y:\develop\github\backmir\CommonModule\CollDownController.h	1	1	BackMirClient
Error	3291	error C2061: syntax error : identifier 'PLAYER_DIRECTION'	y:\develop\github\backmir\bmclient\gamescene\GamePlayer.h	57	1	BackMirClient
Error	3292	error C2061: syntax error : identifier 'PLAYER_DIRECTION'	y:\develop\github\backmir\bmclient\gamescene\GamePlayer.h	58	1	BackMirClient
Error	3293	error C2143: syntax error : missing ';' before '*'	y:\develop\github\backmir\bmclient\gamescene\GamePlayer.h	73	1	BackMirClient
Error	3294	error C4430: missing type specifier - int assumed. Note: C++ does not support default-int	y:\develop\github\backmir\bmclient\gamescene\GamePlayer.h	73	1	BackMirClient
Error	3295	error C4430: missing type specifier - int assumed. Note: C++ does not support default-int	y:\develop\github\backmir\bmclient\gamescene\GamePlayer.h	74	1	BackMirClient
Warning	3296	warning C4183: 'GetEquip': missing return type; assumed to be a member function returning 'int'	y:\develop\github\backmir\bmclient\gamescene\GamePlayer.h	76	1	BackMirClient
Error	3297	error C2146: syntax error : missing ';' before identifier 'm_equipAttrib'	y:\develop\github\backmir\bmclient\gamescene\GamePlayer.h	350	1	BackMirClient
Error	3298	error C4430: missing type specifier - int assumed. Note: C++ does not support default-int	y:\develop\github\backmir\bmclient\gamescene\GamePlayer.h	350	1	BackMirClient
Error	3299	error C2146: syntax error : missing ';' before identifier 'm_indexs'	y:\develop\github\backmir\bmclient\gamescene\GamePlayer.h	361	1	BackMirClient
Error	3300	error C4430: missing type specifier - int assumed. Note: C++ does not support default-int	y:\develop\github\backmir\bmclient\gamescene\GamePlayer.h	361	1	BackMirClient
Error	3301	error C2065: 'ADD_NORMAL' : undeclared identifier	y:\develop\github\backmir\bmclient\gamescene\GamePlayer.h	182	1	BackMirClient
Error	3302	error C2065: 'ADD_NORMAL' : undeclared identifier	y:\develop\github\backmir\bmclient\gamescene\GamePlayer.h	183	1	BackMirClient
Error	3303	error C2065: 'm_equipAttrib' : undeclared identifier	y:\develop\github\backmir\bmclient\gamescene\GamePlayer.h	75	1	BackMirClient
Error	3304	error C2065: 'PST_NONE' : undeclared identifier	y:\develop\github\backmir\bmclient\gamescene\GamePlayer.h	84	1	BackMirClient
Error	3305	error C2065: 'g_nWanLiTable' : undeclared identifier	y:\develop\github\backmir\bmclient\gamescene\GamePlayer.h	135	1	BackMirClient
Error	3306	error C2146: syntax error : missing ';' before identifier 'm_indexs'	y:\develop\github\backmir\bmclient\gamescene\GameMonster.h	114	1	BackMirClient
Error	3307	error C4430: missing type specifier - int assumed. Note: C++ does not support default-int	y:\develop\github\backmir\bmclient\gamescene\GameMonster.h	114	1	BackMirClient
Error	3308	error C2146: syntax error : missing ';' before identifier 'm_eEndStatus'	y:\develop\github\backmir\bmclient\gamescene\GameMonster.h	812	1	BackMirClient
Error	3309	error C4430: missing type specifier - int assumed. Note: C++ does not support default-int	y:\develop\github\backmir\bmclient\gamescene\GameMonster.h	812	1	BackMirClient
Error	3310	error C2146: syntax error : missing ';' before identifier 'm_xShowItems'	y:\develop\github\backmir\bmclient\GameScene\GameMapManager.h	137	1	BackMirClient
Error	3311	error C4430: missing type specifier - int assumed. Note: C++ does not support default-int	y:\develop\github\backmir\bmclient\GameScene\GameMapManager.h	137	1	BackMirClient
Error	3312	error C2146: syntax error : missing ';' before identifier 'm_xMouseItems'	y:\develop\github\backmir\bmclient\GameScene\GameMapManager.h	138	1	BackMirClient
Error	3313	error C4430: missing type specifier - int assumed. Note: C++ does not support default-int	y:\develop\github\backmir\bmclient\GameScene\GameMapManager.h	138	1	BackMirClient
Error	3314	error C2065: 'm_xMouseItems' : undeclared identifier	y:\develop\github\backmir\bmclient\GameScene\GameMapManager.h	80	1	BackMirClient
Error	3315	error C2228: left of '.push_back' must have class/struct/union	y:\develop\github\backmir\bmclient\GameScene\GameMapManager.h	80	1	BackMirClient
Error	3316	error C1083: Cannot open include file: 'FastDelegateBind.h': No such file or directory	y:\develop\github\backmir\bmclient\GameDialog\GameCommonDlg.h	9	1	BackMirClient
Warning	3317	warning C4819: The file contains a character that cannot be represented in the current code page (936). Save the file in Unicode format to prevent data loss	y:\develop\github\backmir\bmclient\Common\GlobalDefine.h	1	1	BackMirClient
Error	3318	error C2447: '{' : missing function header (old-style formal list?)	y:\develop\github\backmir\bmclient\Common\GlobalDefine.h	91	1	BackMirClient
Error	3319	error C2447: '{' : missing function header (old-style formal list?)	y:\develop\github\backmir\bmclient\Common\GlobalDefine.h	103	1	BackMirClient
Error	3320	error C2447: '{' : missing function header (old-style formal list?)	y:\develop\github\backmir\bmclient\Common\GlobalDefine.h	128	1	BackMirClient
Error	3321	error C2146: syntax error : missing ';' before identifier 'GetAngle'	y:\develop\github\backmir\bmclient\Common\GlobalFunction.h	26	1	BackMirClient
Error	3322	error C4430: missing type specifier - int assumed. Note: C++ does not support default-int	y:\develop\github\backmir\bmclient\Common\GlobalFunction.h	26	1	BackMirClient
Error	3323	error C4430: missing type specifier - int assumed. Note: C++ does not support default-int	y:\develop\github\backmir\bmclient\net\PacketHandler.h	71	1	BackMirClient
Error	3324	error C2143: syntax error : missing ',' before '&'	y:\develop\github\backmir\bmclient\net\PacketHandler.h	71	1	BackMirClient
Warning	3325	warning C4819: The file contains a character that cannot be represented in the current code page (936). Save the file in Unicode format to prevent data loss	y:\develop\github\backmir\CommonModule\MagicEffectID.h	1	1	BackMirClient
Error	3326	error C2061: syntax error : identifier 'PLAYER_DIRECTION'	y:\develop\github\backmir\bmclient\Common\GameRenderObject.h	308	1	BackMirClient
Error	3327	error C2146: syntax error : missing ';' before identifier 'GetDirection'	y:\develop\github\backmir\bmclient\Common\GameRenderObject.h	312	1	BackMirClient
Error	3328	error C2433: 'GameObject::PLAYER_DIRECTION' : 'inline' not permitted on data declarations	y:\develop\github\backmir\bmclient\Common\GameRenderObject.h	312	1	BackMirClient
Error	3329	error C4430: missing type specifier - int assumed. Note: C++ does not support default-int	y:\develop\github\backmir\bmclient\Common\GameRenderObject.h	312	1	BackMirClient
Error	3330	error C4430: missing type specifier - int assumed. Note: C++ does not support default-int	y:\develop\github\backmir\bmclient\Common\GameRenderObject.h	313	1	BackMirClient
Warning	3331	warning C4183: 'GetDirection': missing return type; assumed to be a member function returning 'int'	y:\develop\github\backmir\bmclient\Common\GameRenderObject.h	315	1	BackMirClient
Error	3332	error C2061: syntax error : identifier 'PLAYER_STATUS'	y:\develop\github\backmir\bmclient\Common\GameRenderObject.h	316	1	BackMirClient
Error	3333	error C2146: syntax error : missing ';' before identifier 'GetStatus'	y:\develop\github\backmir\bmclient\Common\GameRenderObject.h	326	1	BackMirClient
Error	3334	error C2433: 'GameObject::PLAYER_STATUS' : 'inline' not permitted on data declarations	y:\develop\github\backmir\bmclient\Common\GameRenderObject.h	326	1	BackMirClient
Error	3335	error C4430: missing type specifier - int assumed. Note: C++ does not support default-int	y:\develop\github\backmir\bmclient\Common\GameRenderObject.h	326	1	BackMirClient
Error	3336	error C4430: missing type specifier - int assumed. Note: C++ does not support default-int	y:\develop\github\backmir\bmclient\Common\GameRenderObject.h	327	1	BackMirClient
Warning	3337	warning C4183: 'GetStatus': missing return type; assumed to be a member function returning 'int'	y:\develop\github\backmir\bmclient\Common\GameRenderObject.h	329	1	BackMirClient
Error	3338	error C2146: syntax error : missing ';' before identifier 'GetPreStatus'	y:\develop\github\backmir\bmclient\Common\GameRenderObject.h	330	1	BackMirClient
Error	3339	error C2433: 'GameObject::PLAYER_STATUS' : 'inline' not permitted on data declarations	y:\develop\github\backmir\bmclient\Common\GameRenderObject.h	330	1	BackMirClient
Error	3340	error C4430: missing type specifier - int assumed. Note: C++ does not support default-int	y:\develop\github\backmir\bmclient\Common\GameRenderObject.h	330	1	BackMirClient
Error	3341	error C4430: missing type specifier - int assumed. Note: C++ does not support default-int	y:\develop\github\backmir\bmclient\Common\GameRenderObject.h	331	1	BackMirClient
Warning	3342	warning C4183: 'GetPreStatus': missing return type; assumed to be a member function returning 'int'	y:\develop\github\backmir\bmclient\Common\GameRenderObject.h	333	1	BackMirClient
Error	3343	error C2061: syntax error : identifier 'PLAYER_SEX'	y:\develop\github\backmir\bmclient\Common\GameRenderObject.h	354	1	BackMirClient
Error	3344	error C2146: syntax error : missing ';' before identifier 'GetPlayerSex'	y:\develop\github\backmir\bmclient\Common\GameRenderObject.h	358	1	BackMirClient
Error	3345	error C2433: 'GameObject::PLAYER_SEX' : 'inline' not permitted on data declarations	y:\develop\github\backmir\bmclient\Common\GameRenderObject.h	358	1	BackMirClient
Error	3346	error C4430: missing type specifier - int assumed. Note: C++ does not support default-int	y:\develop\github\backmir\bmclient\Common\GameRenderObject.h	358	1	BackMirClient
Error	3347	error C4430: missing type specifier - int assumed. Note: C++ does not support default-int	y:\develop\github\backmir\bmclient\Common\GameRenderObject.h	359	1	BackMirClient
Warning	3348	warning C4183: 'GetPlayerSex': missing return type; assumed to be a member function returning 'int'	y:\develop\github\backmir\bmclient\Common\GameRenderObject.h	361	1	BackMirClient
Error	3349	error C4430: missing type specifier - int assumed. Note: C++ does not support default-int	y:\develop\github\backmir\bmclient\Common\GameRenderObject.h	503	1	BackMirClient
Error	3350	error C2143: syntax error : missing ',' before '&'	y:\develop\github\backmir\bmclient\Common\GameRenderObject.h	503	1	BackMirClient
Error	3351	error C4430: missing type specifier - int assumed. Note: C++ does not support default-int	y:\develop\github\backmir\bmclient\Common\GameRenderObject.h	504	1	BackMirClient
Error	3352	error C2143: syntax error : missing ',' before '&'	y:\develop\github\backmir\bmclient\Common\GameRenderObject.h	504	1	BackMirClient
Error	3353	error C2535: 'void GameObject::DoPacket(const int)' : member function already defined or declared	y:\develop\github\backmir\bmclient\Common\GameRenderObject.h	504	1	BackMirClient
Error	3354	error C4430: missing type specifier - int assumed. Note: C++ does not support default-int	y:\develop\github\backmir\bmclient\Common\GameRenderObject.h	505	1	BackMirClient
Error	3355	error C2143: syntax error : missing ',' before '&'	y:\develop\github\backmir\bmclient\Common\GameRenderObject.h	505	1	BackMirClient
Error	3356	error C2535: 'void GameObject::DoPacket(const int)' : member function already defined or declared	y:\develop\github\backmir\bmclient\Common\GameRenderObject.h	505	1	BackMirClient
Error	3357	error C2061: syntax error : identifier 'PLAYER_STATUS'	y:\develop\github\backmir\bmclient\Common\GameRenderObject.h	513	1	BackMirClient
Error	3358	error C2146: syntax error : missing ';' before identifier 'm_drt'	y:\develop\github\backmir\bmclient\Common\GameRenderObject.h	554	1	BackMirClient
Error	3359	error C4430: missing type specifier - int assumed. Note: C++ does not support default-int	y:\develop\github\backmir\bmclient\Common\GameRenderObject.h	554	1	BackMirClient
Error	3360	error C2146: syntax error : missing ';' before identifier 'm_sex'	y:\develop\github\backmir\bmclient\Common\GameRenderObject.h	555	1	BackMirClient
Error	3361	error C4430: missing type specifier - int assumed. Note: C++ does not support default-int	y:\develop\github\backmir\bmclient\Common\GameRenderObject.h	555	1	BackMirClient
Error	3362	error C2146: syntax error : missing ';' before identifier 'm_stat'	y:\develop\github\backmir\bmclient\Common\GameRenderObject.h	556	1	BackMirClient
Error	3363	error C4430: missing type specifier - int assumed. Note: C++ does not support default-int	y:\develop\github\backmir\bmclient\Common\GameRenderObject.h	556	1	BackMirClient
Error	3364	error C2146: syntax error : missing ';' before identifier 'm_preStat'	y:\develop\github\backmir\bmclient\Common\GameRenderObject.h	557	1	BackMirClient
Error	3365	error C4430: missing type specifier - int assumed. Note: C++ does not support default-int	y:\develop\github\backmir\bmclient\Common\GameRenderObject.h	557	1	BackMirClient
Error	3366	error C2065: 'm_drt' : undeclared identifier	y:\develop\github\backmir\bmclient\Common\GameRenderObject.h	253	1	BackMirClient
Error	3367	error C2065: 'PDT_DOWN' : undeclared identifier	y:\develop\github\backmir\bmclient\Common\GameRenderObject.h	253	1	BackMirClient
Error	3368	error C2065: 'm_sex' : undeclared identifier	y:\develop\github\backmir\bmclient\Common\GameRenderObject.h	254	1	BackMirClient
Error	3369	error C2065: 'PSX_MAN' : undeclared identifier	y:\develop\github\backmir\bmclient\Common\GameRenderObject.h	254	1	BackMirClient
Error	3370	error C2065: 'm_preStat' : undeclared identifier	y:\develop\github\backmir\bmclient\Common\GameRenderObject.h	255	1	BackMirClient
Error	3371	error C2065: 'm_stat' : undeclared identifier	y:\develop\github\backmir\bmclient\Common\GameRenderObject.h	255	1	BackMirClient
Error	3372	error C2065: 'PST_STAND' : undeclared identifier	y:\develop\github\backmir\bmclient\Common\GameRenderObject.h	255	1	BackMirClient
Error	3373	error C2065: 'm_drt' : undeclared identifier	y:\develop\github\backmir\bmclient\Common\GameRenderObject.h	310	1	BackMirClient
Error	3374	error C2065: '_pd' : undeclared identifier	y:\develop\github\backmir\bmclient\Common\GameRenderObject.h	310	1	BackMirClient
Error	3375	error C2065: 'm_drt' : undeclared identifier	y:\develop\github\backmir\bmclient\Common\GameRenderObject.h	314	1	BackMirClient
Error	3376	error C2065: 'm_stat' : undeclared identifier	y:\develop\github\backmir\bmclient\Common\GameRenderObject.h	318	1	BackMirClient
Error	3377	error C2065: '_ps' : undeclared identifier	y:\develop\github\backmir\bmclient\Common\GameRenderObject.h	318	1	BackMirClient
Error	3378	error C2065: '_ps' : undeclared identifier	y:\develop\github\backmir\bmclient\Common\GameRenderObject.h	320	1	BackMirClient
Error	3379	error C2065: 'PST_STAND' : undeclared identifier	y:\develop\github\backmir\bmclient\Common\GameRenderObject.h	320	1	BackMirClient
Error	3380	error C2065: '_ps' : undeclared identifier	y:\develop\github\backmir\bmclient\Common\GameRenderObject.h	324	1	BackMirClient
Error	3381	error C2065: 'm_stat' : undeclared identifier	y:\develop\github\backmir\bmclient\Common\GameRenderObject.h	328	1	BackMirClient
Error	3382	error C2065: 'm_preStat' : undeclared identifier	y:\develop\github\backmir\bmclient\Common\GameRenderObject.h	332	1	BackMirClient
Error	3383	error C2065: 'm_sex' : undeclared identifier	y:\develop\github\backmir\bmclient\Common\GameRenderObject.h	356	1	BackMirClient
Error	3384	error C2065: '_ps' : undeclared identifier	y:\develop\github\backmir\bmclient\Common\GameRenderObject.h	356	1	BackMirClient
Error	3385	error C2065: 'm_sex' : undeclared identifier	y:\develop\github\backmir\bmclient\Common\GameRenderObject.h	360	1	BackMirClient
Error	3386	error C2065: 'PST_DEAD' : undeclared identifier	y:\develop\github\backmir\bmclient\Common\GameRenderObject.h	429	1	BackMirClient
Warning	3387	warning C4819: The file contains a character that cannot be represented in the current code page (936). Save the file in Unicode format to prevent data loss	y:\develop\github\backmir\CommonModule\ShareDefine.h	1	1	BackMirClient
Error	3388	error C2365: 'RES_ITEMS' : redefinition; previous definition was 'enumerator'	y:\develop\github\backmir\CommonModule\ShareDefine.h	79	1	BackMirClient
Error	3389	error C2365: 'RES_STATUS' : redefinition; previous definition was 'enumerator'	y:\develop\github\backmir\CommonModule\ShareDefine.h	80	1	BackMirClient
Error	3390	error C2365: 'RES_CUSTOM' : redefinition; previous definition was 'enumerator'	y:\develop\github\backmir\CommonModule\ShareDefine.h	81	1	BackMirClient
Error	3391	error C2365: 'RES_TOTAL' : redefinition; previous definition was 'enumerator'	y:\develop\github\backmir\CommonModule\ShareDefine.h	82	1	BackMirClient
Error	3392	error C2065: 'MEFF_USERTOTAL' : undeclared identifier	y:\develop\github\backmir\bmclient\GameScene\MagicEffect.h	8	1	BackMirClient
Error	3393	error C2061: syntax error : identifier 'PLAYER_STATUS'	y:\develop\github\backmir\bmclient\gamescene\GameOtherPlayer.h	29	1	BackMirClient
Error	3394	error C2061: syntax error : identifier 'MAGICEFFECT_TYPE'	y:\develop\github\backmir\bmclient\gamescene\GameOtherPlayer.h	52	1	BackMirClient
Error	3395	error C2061: syntax error : identifier 'MAGICEFFECT_TYPE'	y:\develop\github\backmir\bmclient\gamescene\GameOtherPlayer.h	53	1	BackMirClient
Error	3396	error C4430: missing type specifier - int assumed. Note: C++ does not support default-int	y:\develop\github\backmir\bmclient\gamescene\GameOtherPlayer.h	157	1	BackMirClient
Error	3397	error C2143: syntax error : missing ',' before '&'	y:\develop\github\backmir\bmclient\gamescene\GameOtherPlayer.h	157	1	BackMirClient
Error	3398	error C4430: missing type specifier - int assumed. Note: C++ does not support default-int	y:\develop\github\backmir\bmclient\gamescene\GameOtherPlayer.h	201	1	BackMirClient
Error	3399	error C2143: syntax error : missing ',' before '&'	y:\develop\github\backmir\bmclient\gamescene\GameOtherPlayer.h	201	1	BackMirClient
Error	3400	error C2535: 'void GameOtherPlayer::DoPacket(const int)' : member function already defined or declared	y:\develop\github\backmir\bmclient\gamescene\GameOtherPlayer.h	201	1	BackMirClient
Error	3401	error C2146: syntax error : missing ';' before identifier 'm_eEffect'	y:\develop\github\backmir\bmclient\gamescene\GameOtherPlayer.h	228	1	BackMirClient
Error	3402	error C4430: missing type specifier - int assumed. Note: C++ does not support default-int	y:\develop\github\backmir\bmclient\gamescene\GameOtherPlayer.h	228	1	BackMirClient
Error	3403	error C2065: 'MAGICEFFECT_TOTAL' : undeclared identifier	y:\develop\github\backmir\bmclient\gamescene\GameOtherPlayer.h	228	1	BackMirClient
Warning	3404	warning C4819: The file contains a character that cannot be represented in the current code page (936). Save the file in Unicode format to prevent data loss	y:\develop\github\backmir\CommonModule\RandGenerator.h	1	1	BackMirClient
Warning	3405	warning C4819: The file contains a character that cannot be represented in the current code page (936). Save the file in Unicode format to prevent data loss	y:\develop\github\backmir\CommonModule\CollDownController.h	1	1	BackMirClient
Error	3406	error C2061: syntax error : identifier 'PLAYER_DIRECTION'	y:\develop\github\backmir\bmclient\gamescene\GamePlayer.h	57	1	BackMirClient
Error	3407	error C2061: syntax error : identifier 'PLAYER_DIRECTION'	y:\develop\github\backmir\bmclient\gamescene\GamePlayer.h	58	1	BackMirClient
Error	3408	error C2143: syntax error : missing ';' before '*'	y:\develop\github\backmir\bmclient\gamescene\GamePlayer.h	73	1	BackMirClient
Error	3409	error C4430: missing type specifier - int assumed. Note: C++ does not support default-int	y:\develop\github\backmir\bmclient\gamescene\GamePlayer.h	73	1	BackMirClient
Error	3410	error C4430: missing type specifier - int assumed. Note: C++ does not support default-int	y:\develop\github\backmir\bmclient\gamescene\GamePlayer.h	74	1	BackMirClient
Warning	3411	warning C4183: 'GetEquip': missing return type; assumed to be a member function returning 'int'	y:\develop\github\backmir\bmclient\gamescene\GamePlayer.h	76	1	BackMirClient
Error	3412	error C2146: syntax error : missing ';' before identifier 'm_equipAttrib'	y:\develop\github\backmir\bmclient\gamescene\GamePlayer.h	350	1	BackMirClient
Error	3413	error C4430: missing type specifier - int assumed. Note: C++ does not support default-int	y:\develop\github\backmir\bmclient\gamescene\GamePlayer.h	350	1	BackMirClient
Error	3414	error C2146: syntax error : missing ';' before identifier 'm_indexs'	y:\develop\github\backmir\bmclient\gamescene\GamePlayer.h	361	1	BackMirClient
Error	3415	error C4430: missing type specifier - int assumed. Note: C++ does not support default-int	y:\develop\github\backmir\bmclient\gamescene\GamePlayer.h	361	1	BackMirClient
Error	3416	error C2065: 'ADD_NORMAL' : undeclared identifier	y:\develop\github\backmir\bmclient\gamescene\GamePlayer.h	182	1	BackMirClient
Error	3417	error C2065: 'ADD_NORMAL' : undeclared identifier	y:\develop\github\backmir\bmclient\gamescene\GamePlayer.h	183	1	BackMirClient
Error	3418	error C2065: 'm_equipAttrib' : undeclared identifier	y:\develop\github\backmir\bmclient\gamescene\GamePlayer.h	75	1	BackMirClient
Error	3419	error C2065: 'PST_NONE' : undeclared identifier	y:\develop\github\backmir\bmclient\gamescene\GamePlayer.h	84	1	BackMirClient
Error	3420	error C2065: 'g_nWanLiTable' : undeclared identifier	y:\develop\github\backmir\bmclient\gamescene\GamePlayer.h	135	1	BackMirClient
Error	3421	error C2146: syntax error : missing ';' before identifier 'm_indexs'	y:\develop\github\backmir\bmclient\gamescene\GameMonster.h	114	1	BackMirClient
Error	3422	error C4430: missing type specifier - int assumed. Note: C++ does not support default-int	y:\develop\github\backmir\bmclient\gamescene\GameMonster.h	114	1	BackMirClient
Error	3423	error C2146: syntax error : missing ';' before identifier 'm_eEndStatus'	y:\develop\github\backmir\bmclient\gamescene\GameMonster.h	812	1	BackMirClient
Error	3424	error C4430: missing type specifier - int assumed. Note: C++ does not support default-int	y:\develop\github\backmir\bmclient\gamescene\GameMonster.h	812	1	BackMirClient
Error	3425	error C2146: syntax error : missing ';' before identifier 'm_xShowItems'	y:\develop\github\backmir\bmclient\GameScene\GameMapManager.h	137	1	BackMirClient
Error	3426	error C4430: missing type specifier - int assumed. Note: C++ does not support default-int	y:\develop\github\backmir\bmclient\GameScene\GameMapManager.h	137	1	BackMirClient
Error	3427	error C2146: syntax error : missing ';' before identifier 'm_xMouseItems'	y:\develop\github\backmir\bmclient\GameScene\GameMapManager.h	138	1	BackMirClient
Error	3428	error C4430: missing type specifier - int assumed. Note: C++ does not support default-int	y:\develop\github\backmir\bmclient\GameScene\GameMapManager.h	138	1	BackMirClient
Error	3429	error C2065: 'm_xMouseItems' : undeclared identifier	y:\develop\github\backmir\bmclient\GameScene\GameMapManager.h	80	1	BackMirClient
Error	3430	error C2228: left of '.push_back' must have class/struct/union	y:\develop\github\backmir\bmclient\GameScene\GameMapManager.h	80	1	BackMirClient
Error	3431	error C1083: Cannot open include file: 'FastDelegateBind.h': No such file or directory	y:\develop\github\backmir\bmclient\GameDialog\GameCommonDlg.h	9	1	BackMirClient
Warning	3432	warning C4819: The file contains a character that cannot be represented in the current code page (936). Save the file in Unicode format to prevent data loss	y:\develop\github\backmir\bmclient\Common\GlobalDefine.h	1	1	BackMirClient
Error	3433	error C2447: '{' : missing function header (old-style formal list?)	y:\develop\github\backmir\bmclient\Common\GlobalDefine.h	91	1	BackMirClient
Error	3434	error C2447: '{' : missing function header (old-style formal list?)	y:\develop\github\backmir\bmclient\Common\GlobalDefine.h	103	1	BackMirClient
Error	3435	error C2447: '{' : missing function header (old-style formal list?)	y:\develop\github\backmir\bmclient\Common\GlobalDefine.h	128	1	BackMirClient
Error	3436	error C2146: syntax error : missing ';' before identifier 'GetAngle'	y:\develop\github\backmir\bmclient\Common\GlobalFunction.h	26	1	BackMirClient
Error	3437	error C4430: missing type specifier - int assumed. Note: C++ does not support default-int	y:\develop\github\backmir\bmclient\Common\GlobalFunction.h	26	1	BackMirClient
Error	3438	error C4430: missing type specifier - int assumed. Note: C++ does not support default-int	y:\develop\github\backmir\bmclient\net\PacketHandler.h	71	1	BackMirClient
Error	3439	error C2143: syntax error : missing ',' before '&'	y:\develop\github\backmir\bmclient\net\PacketHandler.h	71	1	BackMirClient
Warning	3440	warning C4819: The file contains a character that cannot be represented in the current code page (936). Save the file in Unicode format to prevent data loss	y:\develop\github\backmir\CommonModule\MagicEffectID.h	1	1	BackMirClient
Error	3441	error C2061: syntax error : identifier 'PLAYER_DIRECTION'	y:\develop\github\backmir\bmclient\Common\GameRenderObject.h	308	1	BackMirClient
Error	3442	error C2146: syntax error : missing ';' before identifier 'GetDirection'	y:\develop\github\backmir\bmclient\Common\GameRenderObject.h	312	1	BackMirClient
Error	3443	error C2433: 'GameObject::PLAYER_DIRECTION' : 'inline' not permitted on data declarations	y:\develop\github\backmir\bmclient\Common\GameRenderObject.h	312	1	BackMirClient
Error	3444	error C4430: missing type specifier - int assumed. Note: C++ does not support default-int	y:\develop\github\backmir\bmclient\Common\GameRenderObject.h	312	1	BackMirClient
Error	3445	error C4430: missing type specifier - int assumed. Note: C++ does not support default-int	y:\develop\github\backmir\bmclient\Common\GameRenderObject.h	313	1	BackMirClient
Warning	3446	warning C4183: 'GetDirection': missing return type; assumed to be a member function returning 'int'	y:\develop\github\backmir\bmclient\Common\GameRenderObject.h	315	1	BackMirClient
Error	3447	error C2061: syntax error : identifier 'PLAYER_STATUS'	y:\develop\github\backmir\bmclient\Common\GameRenderObject.h	316	1	BackMirClient
Error	3448	error C2146: syntax error : missing ';' before identifier 'GetStatus'	y:\develop\github\backmir\bmclient\Common\GameRenderObject.h	326	1	BackMirClient
Error	3449	error C2433: 'GameObject::PLAYER_STATUS' : 'inline' not permitted on data declarations	y:\develop\github\backmir\bmclient\Common\GameRenderObject.h	326	1	BackMirClient
Error	3450	error C4430: missing type specifier - int assumed. Note: C++ does not support default-int	y:\develop\github\backmir\bmclient\Common\GameRenderObject.h	326	1	BackMirClient
Error	3451	error C4430: missing type specifier - int assumed. Note: C++ does not support default-int	y:\develop\github\backmir\bmclient\Common\GameRenderObject.h	327	1	BackMirClient
Warning	3452	warning C4183: 'GetStatus': missing return type; assumed to be a member function returning 'int'	y:\develop\github\backmir\bmclient\Common\GameRenderObject.h	329	1	BackMirClient
Error	3453	error C2146: syntax error : missing ';' before identifier 'GetPreStatus'	y:\develop\github\backmir\bmclient\Common\GameRenderObject.h	330	1	BackMirClient
Error	3454	error C2433: 'GameObject::PLAYER_STATUS' : 'inline' not permitted on data declarations	y:\develop\github\backmir\bmclient\Common\GameRenderObject.h	330	1	BackMirClient
Error	3455	error C4430: missing type specifier - int assumed. Note: C++ does not support default-int	y:\develop\github\backmir\bmclient\Common\GameRenderObject.h	330	1	BackMirClient
Error	3456	error C4430: missing type specifier - int assumed. Note: C++ does not support default-int	y:\develop\github\backmir\bmclient\Common\GameRenderObject.h	331	1	BackMirClient
Warning	3457	warning C4183: 'GetPreStatus': missing return type; assumed to be a member function returning 'int'	y:\develop\github\backmir\bmclient\Common\GameRenderObject.h	333	1	BackMirClient
Error	3458	error C2061: syntax error : identifier 'PLAYER_SEX'	y:\develop\github\backmir\bmclient\Common\GameRenderObject.h	354	1	BackMirClient
Error	3459	error C2146: syntax error : missing ';' before identifier 'GetPlayerSex'	y:\develop\github\backmir\bmclient\Common\GameRenderObject.h	358	1	BackMirClient
Error	3460	error C2433: 'GameObject::PLAYER_SEX' : 'inline' not permitted on data declarations	y:\develop\github\backmir\bmclient\Common\GameRenderObject.h	358	1	BackMirClient
Error	3461	error C4430: missing type specifier - int assumed. Note: C++ does not support default-int	y:\develop\github\backmir\bmclient\Common\GameRenderObject.h	358	1	BackMirClient
Error	3462	error C4430: missing type specifier - int assumed. Note: C++ does not support default-int	y:\develop\github\backmir\bmclient\Common\GameRenderObject.h	359	1	BackMirClient
Warning	3463	warning C4183: 'GetPlayerSex': missing return type; assumed to be a member function returning 'int'	y:\develop\github\backmir\bmclient\Common\GameRenderObject.h	361	1	BackMirClient
Error	3464	error C4430: missing type specifier - int assumed. Note: C++ does not support default-int	y:\develop\github\backmir\bmclient\Common\GameRenderObject.h	503	1	BackMirClient
Error	3465	error C2143: syntax error : missing ',' before '&'	y:\develop\github\backmir\bmclient\Common\GameRenderObject.h	503	1	BackMirClient
Error	3466	error C4430: missing type specifier - int assumed. Note: C++ does not support default-int	y:\develop\github\backmir\bmclient\Common\GameRenderObject.h	504	1	BackMirClient
Error	3467	error C2143: syntax error : missing ',' before '&'	y:\develop\github\backmir\bmclient\Common\GameRenderObject.h	504	1	BackMirClient
Error	3468	error C2535: 'void GameObject::DoPacket(const int)' : member function already defined or declared	y:\develop\github\backmir\bmclient\Common\GameRenderObject.h	504	1	BackMirClient
Error	3469	error C4430: missing type specifier - int assumed. Note: C++ does not support default-int	y:\develop\github\backmir\bmclient\Common\GameRenderObject.h	505	1	BackMirClient
Error	3470	error C2143: syntax error : missing ',' before '&'	y:\develop\github\backmir\bmclient\Common\GameRenderObject.h	505	1	BackMirClient
Error	3471	error C2535: 'void GameObject::DoPacket(const int)' : member function already defined or declared	y:\develop\github\backmir\bmclient\Common\GameRenderObject.h	505	1	BackMirClient
Error	3472	error C2061: syntax error : identifier 'PLAYER_STATUS'	y:\develop\github\backmir\bmclient\Common\GameRenderObject.h	513	1	BackMirClient
Error	3473	error C2146: syntax error : missing ';' before identifier 'm_drt'	y:\develop\github\backmir\bmclient\Common\GameRenderObject.h	554	1	BackMirClient
Error	3474	error C4430: missing type specifier - int assumed. Note: C++ does not support default-int	y:\develop\github\backmir\bmclient\Common\GameRenderObject.h	554	1	BackMirClient
Error	3475	error C2146: syntax error : missing ';' before identifier 'm_sex'	y:\develop\github\backmir\bmclient\Common\GameRenderObject.h	555	1	BackMirClient
Error	3476	error C4430: missing type specifier - int assumed. Note: C++ does not support default-int	y:\develop\github\backmir\bmclient\Common\GameRenderObject.h	555	1	BackMirClient
Error	3477	error C2146: syntax error : missing ';' before identifier 'm_stat'	y:\develop\github\backmir\bmclient\Common\GameRenderObject.h	556	1	BackMirClient
Error	3478	error C4430: missing type specifier - int assumed. Note: C++ does not support default-int	y:\develop\github\backmir\bmclient\Common\GameRenderObject.h	556	1	BackMirClient
Error	3479	error C2146: syntax error : missing ';' before identifier 'm_preStat'	y:\develop\github\backmir\bmclient\Common\GameRenderObject.h	557	1	BackMirClient
Error	3480	error C4430: missing type specifier - int assumed. Note: C++ does not support default-int	y:\develop\github\backmir\bmclient\Common\GameRenderObject.h	557	1	BackMirClient
Error	3481	error C2065: 'm_drt' : undeclared identifier	y:\develop\github\backmir\bmclient\Common\GameRenderObject.h	253	1	BackMirClient
Error	3482	error C2065: 'PDT_DOWN' : undeclared identifier	y:\develop\github\backmir\bmclient\Common\GameRenderObject.h	253	1	BackMirClient
Error	3483	error C2065: 'm_sex' : undeclared identifier	y:\develop\github\backmir\bmclient\Common\GameRenderObject.h	254	1	BackMirClient
Error	3484	error C2065: 'PSX_MAN' : undeclared identifier	y:\develop\github\backmir\bmclient\Common\GameRenderObject.h	254	1	BackMirClient
Error	3485	error C2065: 'm_preStat' : undeclared identifier	y:\develop\github\backmir\bmclient\Common\GameRenderObject.h	255	1	BackMirClient
Error	3486	error C2065: 'm_stat' : undeclared identifier	y:\develop\github\backmir\bmclient\Common\GameRenderObject.h	255	1	BackMirClient
Error	3487	error C2065: 'PST_STAND' : undeclared identifier	y:\develop\github\backmir\bmclient\Common\GameRenderObject.h	255	1	BackMirClient
Error	3488	error C2065: 'm_drt' : undeclared identifier	y:\develop\github\backmir\bmclient\Common\GameRenderObject.h	310	1	BackMirClient
Error	3489	error C2065: '_pd' : undeclared identifier	y:\develop\github\backmir\bmclient\Common\GameRenderObject.h	310	1	BackMirClient
Error	3490	error C2065: 'm_drt' : undeclared identifier	y:\develop\github\backmir\bmclient\Common\GameRenderObject.h	314	1	BackMirClient
Error	3491	error C2065: 'm_stat' : undeclared identifier	y:\develop\github\backmir\bmclient\Common\GameRenderObject.h	318	1	BackMirClient
Error	3492	error C2065: '_ps' : undeclared identifier	y:\develop\github\backmir\bmclient\Common\GameRenderObject.h	318	1	BackMirClient
Error	3493	error C2065: '_ps' : undeclared identifier	y:\develop\github\backmir\bmclient\Common\GameRenderObject.h	320	1	BackMirClient
Error	3494	error C2065: 'PST_STAND' : undeclared identifier	y:\develop\github\backmir\bmclient\Common\GameRenderObject.h	320	1	BackMirClient
Error	3495	error C2065: '_ps' : undeclared identifier	y:\develop\github\backmir\bmclient\Common\GameRenderObject.h	324	1	BackMirClient
Error	3496	error C2065: 'm_stat' : undeclared identifier	y:\develop\github\backmir\bmclient\Common\GameRenderObject.h	328	1	BackMirClient
Error	3497	error C2065: 'm_preStat' : undeclared identifier	y:\develop\github\backmir\bmclient\Common\GameRenderObject.h	332	1	BackMirClient
Error	3498	error C2065: 'm_sex' : undeclared identifier	y:\develop\github\backmir\bmclient\Common\GameRenderObject.h	356	1	BackMirClient
Error	3499	error C2065: '_ps' : undeclared identifier	y:\develop\github\backmir\bmclient\Common\GameRenderObject.h	356	1	BackMirClient
Error	3500	error C2065: 'm_sex' : undeclared identifier	y:\develop\github\backmir\bmclient\Common\GameRenderObject.h	360	1	BackMirClient
Error	3501	error C2065: 'PST_DEAD' : undeclared identifier	y:\develop\github\backmir\bmclient\Common\GameRenderObject.h	429	1	BackMirClient
Warning	3502	warning C4819: The file contains a character that cannot be represented in the current code page (936). Save the file in Unicode format to prevent data loss	y:\develop\github\backmir\CommonModule\ShareDefine.h	1	1	BackMirClient
Error	3503	error C2365: 'RES_ITEMS' : redefinition; previous definition was 'enumerator'	y:\develop\github\backmir\CommonModule\ShareDefine.h	79	1	BackMirClient
Error	3504	error C2365: 'RES_STATUS' : redefinition; previous definition was 'enumerator'	y:\develop\github\backmir\CommonModule\ShareDefine.h	80	1	BackMirClient
Error	3505	error C2365: 'RES_CUSTOM' : redefinition; previous definition was 'enumerator'	y:\develop\github\backmir\CommonModule\ShareDefine.h	81	1	BackMirClient
Error	3506	error C2365: 'RES_TOTAL' : redefinition; previous definition was 'enumerator'	y:\develop\github\backmir\CommonModule\ShareDefine.h	82	1	BackMirClient
Error	3507	error C2065: 'MEFF_USERTOTAL' : undeclared identifier	y:\develop\github\backmir\bmclient\GameScene\MagicEffect.h	8	1	BackMirClient
Error	3508	error C2061: syntax error : identifier 'PLAYER_STATUS'	y:\develop\github\backmir\bmclient\gamescene\GameOtherPlayer.h	29	1	BackMirClient
Error	3509	error C2061: syntax error : identifier 'MAGICEFFECT_TYPE'	y:\develop\github\backmir\bmclient\gamescene\GameOtherPlayer.h	52	1	BackMirClient
Error	3510	error C2061: syntax error : identifier 'MAGICEFFECT_TYPE'	y:\develop\github\backmir\bmclient\gamescene\GameOtherPlayer.h	53	1	BackMirClient
Error	3511	error C4430: missing type specifier - int assumed. Note: C++ does not support default-int	y:\develop\github\backmir\bmclient\gamescene\GameOtherPlayer.h	157	1	BackMirClient
Error	3512	error C2143: syntax error : missing ',' before '&'	y:\develop\github\backmir\bmclient\gamescene\GameOtherPlayer.h	157	1	BackMirClient
Error	3513	error C4430: missing type specifier - int assumed. Note: C++ does not support default-int	y:\develop\github\backmir\bmclient\gamescene\GameOtherPlayer.h	201	1	BackMirClient
Error	3514	error C2143: syntax error : missing ',' before '&'	y:\develop\github\backmir\bmclient\gamescene\GameOtherPlayer.h	201	1	BackMirClient
Error	3515	error C2535: 'void GameOtherPlayer::DoPacket(const int)' : member function already defined or declared	y:\develop\github\backmir\bmclient\gamescene\GameOtherPlayer.h	201	1	BackMirClient
Error	3516	error C2146: syntax error : missing ';' before identifier 'm_eEffect'	y:\develop\github\backmir\bmclient\gamescene\GameOtherPlayer.h	228	1	BackMirClient
Error	3517	error C4430: missing type specifier - int assumed. Note: C++ does not support default-int	y:\develop\github\backmir\bmclient\gamescene\GameOtherPlayer.h	228	1	BackMirClient
Error	3518	error C2065: 'MAGICEFFECT_TOTAL' : undeclared identifier	y:\develop\github\backmir\bmclient\gamescene\GameOtherPlayer.h	228	1	BackMirClient
Warning	3519	warning C4819: The file contains a character that cannot be represented in the current code page (936). Save the file in Unicode format to prevent data loss	y:\develop\github\backmir\CommonModule\RandGenerator.h	1	1	BackMirClient
Warning	3520	warning C4819: The file contains a character that cannot be represented in the current code page (936). Save the file in Unicode format to prevent data loss	y:\develop\github\backmir\CommonModule\CollDownController.h	1	1	BackMirClient
Error	3521	error C2061: syntax error : identifier 'PLAYER_DIRECTION'	y:\develop\github\backmir\bmclient\gamescene\GamePlayer.h	57	1	BackMirClient
Error	3522	error C2061: syntax error : identifier 'PLAYER_DIRECTION'	y:\develop\github\backmir\bmclient\gamescene\GamePlayer.h	58	1	BackMirClient
Error	3523	error C2143: syntax error : missing ';' before '*'	y:\develop\github\backmir\bmclient\gamescene\GamePlayer.h	73	1	BackMirClient
Error	3524	error C4430: missing type specifier - int assumed. Note: C++ does not support default-int	y:\develop\github\backmir\bmclient\gamescene\GamePlayer.h	73	1	BackMirClient
Error	3525	error C4430: missing type specifier - int assumed. Note: C++ does not support default-int	y:\develop\github\backmir\bmclient\gamescene\GamePlayer.h	74	1	BackMirClient
Warning	3526	warning C4183: 'GetEquip': missing return type; assumed to be a member function returning 'int'	y:\develop\github\backmir\bmclient\gamescene\GamePlayer.h	76	1	BackMirClient
Error	3527	error C2146: syntax error : missing ';' before identifier 'm_equipAttrib'	y:\develop\github\backmir\bmclient\gamescene\GamePlayer.h	350	1	BackMirClient
Error	3528	error C4430: missing type specifier - int assumed. Note: C++ does not support default-int	y:\develop\github\backmir\bmclient\gamescene\GamePlayer.h	350	1	BackMirClient
Error	3529	error C2146: syntax error : missing ';' before identifier 'm_indexs'	y:\develop\github\backmir\bmclient\gamescene\GamePlayer.h	361	1	BackMirClient
Error	3530	error C4430: missing type specifier - int assumed. Note: C++ does not support default-int	y:\develop\github\backmir\bmclient\gamescene\GamePlayer.h	361	1	BackMirClient
Error	3531	error C2065: 'ADD_NORMAL' : undeclared identifier	y:\develop\github\backmir\bmclient\gamescene\GamePlayer.h	182	1	BackMirClient
Error	3532	error C2065: 'ADD_NORMAL' : undeclared identifier	y:\develop\github\backmir\bmclient\gamescene\GamePlayer.h	183	1	BackMirClient
Error	3533	error C2065: 'm_equipAttrib' : undeclared identifier	y:\develop\github\backmir\bmclient\gamescene\GamePlayer.h	75	1	BackMirClient
Error	3534	error C2065: 'PST_NONE' : undeclared identifier	y:\develop\github\backmir\bmclient\gamescene\GamePlayer.h	84	1	BackMirClient
Error	3535	error C2065: 'g_nWanLiTable' : undeclared identifier	y:\develop\github\backmir\bmclient\gamescene\GamePlayer.h	135	1	BackMirClient
Error	3536	error C2146: syntax error : missing ';' before identifier 'm_indexs'	y:\develop\github\backmir\bmclient\gamescene\GameMonster.h	114	1	BackMirClient
Error	3537	error C4430: missing type specifier - int assumed. Note: C++ does not support default-int	y:\develop\github\backmir\bmclient\gamescene\GameMonster.h	114	1	BackMirClient
Error	3538	error C2146: syntax error : missing ';' before identifier 'm_eEndStatus'	y:\develop\github\backmir\bmclient\gamescene\GameMonster.h	812	1	BackMirClient
Error	3539	error C4430: missing type specifier - int assumed. Note: C++ does not support default-int	y:\develop\github\backmir\bmclient\gamescene\GameMonster.h	812	1	BackMirClient
Error	3540	error C2146: syntax error : missing ';' before identifier 'm_xShowItems'	y:\develop\github\backmir\bmclient\GameScene\GameMapManager.h	137	1	BackMirClient
Error	3541	error C4430: missing type specifier - int assumed. Note: C++ does not support default-int	y:\develop\github\backmir\bmclient\GameScene\GameMapManager.h	137	1	BackMirClient
Error	3542	error C2146: syntax error : missing ';' before identifier 'm_xMouseItems'	y:\develop\github\backmir\bmclient\GameScene\GameMapManager.h	138	1	BackMirClient
Error	3543	error C4430: missing type specifier - int assumed. Note: C++ does not support default-int	y:\develop\github\backmir\bmclient\GameScene\GameMapManager.h	138	1	BackMirClient
Error	3544	error C2065: 'm_xMouseItems' : undeclared identifier	y:\develop\github\backmir\bmclient\GameScene\GameMapManager.h	80	1	BackMirClient
Error	3545	error C2228: left of '.push_back' must have class/struct/union	y:\develop\github\backmir\bmclient\GameScene\GameMapManager.h	80	1	BackMirClient
Error	3546	error C1083: Cannot open include file: 'FastDelegateBind.h': No such file or directory	y:\develop\github\backmir\bmclient\GameDialog\GameCommonDlg.h	9	1	BackMirClient
Warning	3547	warning C4819: The file contains a character that cannot be represented in the current code page (936). Save the file in Unicode format to prevent data loss	y:\develop\github\backmir\bmclient\Common\GlobalDefine.h	1	1	BackMirClient
Error	3548	error C2447: '{' : missing function header (old-style formal list?)	y:\develop\github\backmir\bmclient\Common\GlobalDefine.h	91	1	BackMirClient
Error	3549	error C2447: '{' : missing function header (old-style formal list?)	y:\develop\github\backmir\bmclient\Common\GlobalDefine.h	103	1	BackMirClient
Error	3550	error C2447: '{' : missing function header (old-style formal list?)	y:\develop\github\backmir\bmclient\Common\GlobalDefine.h	128	1	BackMirClient
Error	3551	error C2146: syntax error : missing ';' before identifier 'GetAngle'	y:\develop\github\backmir\bmclient\Common\GlobalFunction.h	26	1	BackMirClient
Error	3552	error C4430: missing type specifier - int assumed. Note: C++ does not support default-int	y:\develop\github\backmir\bmclient\Common\GlobalFunction.h	26	1	BackMirClient
Error	3553	error C4430: missing type specifier - int assumed. Note: C++ does not support default-int	y:\develop\github\backmir\bmclient\net\PacketHandler.h	71	1	BackMirClient
Error	3554	error C2143: syntax error : missing ',' before '&'	y:\develop\github\backmir\bmclient\net\PacketHandler.h	71	1	BackMirClient
Warning	3555	warning C4819: The file contains a character that cannot be represented in the current code page (936). Save the file in Unicode format to prevent data loss	y:\develop\github\backmir\CommonModule\MagicEffectID.h	1	1	BackMirClient
Error	3556	error C2061: syntax error : identifier 'PLAYER_DIRECTION'	y:\develop\github\backmir\bmclient\Common\GameRenderObject.h	308	1	BackMirClient
Error	3557	error C2146: syntax error : missing ';' before identifier 'GetDirection'	y:\develop\github\backmir\bmclient\Common\GameRenderObject.h	312	1	BackMirClient
Error	3558	error C2433: 'GameObject::PLAYER_DIRECTION' : 'inline' not permitted on data declarations	y:\develop\github\backmir\bmclient\Common\GameRenderObject.h	312	1	BackMirClient
Error	3559	error C4430: missing type specifier - int assumed. Note: C++ does not support default-int	y:\develop\github\backmir\bmclient\Common\GameRenderObject.h	312	1	BackMirClient
Error	3560	error C4430: missing type specifier - int assumed. Note: C++ does not support default-int	y:\develop\github\backmir\bmclient\Common\GameRenderObject.h	313	1	BackMirClient
Warning	3561	warning C4183: 'GetDirection': missing return type; assumed to be a member function returning 'int'	y:\develop\github\backmir\bmclient\Common\GameRenderObject.h	315	1	BackMirClient
Error	3562	error C2061: syntax error : identifier 'PLAYER_STATUS'	y:\develop\github\backmir\bmclient\Common\GameRenderObject.h	316	1	BackMirClient
Error	3563	error C2146: syntax error : missing ';' before identifier 'GetStatus'	y:\develop\github\backmir\bmclient\Common\GameRenderObject.h	326	1	BackMirClient
Error	3564	error C2433: 'GameObject::PLAYER_STATUS' : 'inline' not permitted on data declarations	y:\develop\github\backmir\bmclient\Common\GameRenderObject.h	326	1	BackMirClient
Error	3565	error C4430: missing type specifier - int assumed. Note: C++ does not support default-int	y:\develop\github\backmir\bmclient\Common\GameRenderObject.h	326	1	BackMirClient
Error	3566	error C4430: missing type specifier - int assumed. Note: C++ does not support default-int	y:\develop\github\backmir\bmclient\Common\GameRenderObject.h	327	1	BackMirClient
Warning	3567	warning C4183: 'GetStatus': missing return type; assumed to be a member function returning 'int'	y:\develop\github\backmir\bmclient\Common\GameRenderObject.h	329	1	BackMirClient
Error	3568	error C2146: syntax error : missing ';' before identifier 'GetPreStatus'	y:\develop\github\backmir\bmclient\Common\GameRenderObject.h	330	1	BackMirClient
Error	3569	error C2433: 'GameObject::PLAYER_STATUS' : 'inline' not permitted on data declarations	y:\develop\github\backmir\bmclient\Common\GameRenderObject.h	330	1	BackMirClient
Error	3570	error C4430: missing type specifier - int assumed. Note: C++ does not support default-int	y:\develop\github\backmir\bmclient\Common\GameRenderObject.h	330	1	BackMirClient
Error	3571	error C4430: missing type specifier - int assumed. Note: C++ does not support default-int	y:\develop\github\backmir\bmclient\Common\GameRenderObject.h	331	1	BackMirClient
Warning	3572	warning C4183: 'GetPreStatus': missing return type; assumed to be a member function returning 'int'	y:\develop\github\backmir\bmclient\Common\GameRenderObject.h	333	1	BackMirClient
Error	3573	error C2061: syntax error : identifier 'PLAYER_SEX'	y:\develop\github\backmir\bmclient\Common\GameRenderObject.h	354	1	BackMirClient
Error	3574	error C2146: syntax error : missing ';' before identifier 'GetPlayerSex'	y:\develop\github\backmir\bmclient\Common\GameRenderObject.h	358	1	BackMirClient
Error	3575	error C2433: 'GameObject::PLAYER_SEX' : 'inline' not permitted on data declarations	y:\develop\github\backmir\bmclient\Common\GameRenderObject.h	358	1	BackMirClient
Error	3576	error C4430: missing type specifier - int assumed. Note: C++ does not support default-int	y:\develop\github\backmir\bmclient\Common\GameRenderObject.h	358	1	BackMirClient
Error	3577	error C4430: missing type specifier - int assumed. Note: C++ does not support default-int	y:\develop\github\backmir\bmclient\Common\GameRenderObject.h	359	1	BackMirClient
Warning	3578	warning C4183: 'GetPlayerSex': missing return type; assumed to be a member function returning 'int'	y:\develop\github\backmir\bmclient\Common\GameRenderObject.h	361	1	BackMirClient
Error	3579	error C4430: missing type specifier - int assumed. Note: C++ does not support default-int	y:\develop\github\backmir\bmclient\Common\GameRenderObject.h	503	1	BackMirClient
Error	3580	error C2143: syntax error : missing ',' before '&'	y:\develop\github\backmir\bmclient\Common\GameRenderObject.h	503	1	BackMirClient
Error	3581	error C4430: missing type specifier - int assumed. Note: C++ does not support default-int	y:\develop\github\backmir\bmclient\Common\GameRenderObject.h	504	1	BackMirClient
Error	3582	error C2143: syntax error : missing ',' before '&'	y:\develop\github\backmir\bmclient\Common\GameRenderObject.h	504	1	BackMirClient
Error	3583	error C2535: 'void GameObject::DoPacket(const int)' : member function already defined or declared	y:\develop\github\backmir\bmclient\Common\GameRenderObject.h	504	1	BackMirClient
Error	3584	error C4430: missing type specifier - int assumed. Note: C++ does not support default-int	y:\develop\github\backmir\bmclient\Common\GameRenderObject.h	505	1	BackMirClient
Error	3585	error C2143: syntax error : missing ',' before '&'	y:\develop\github\backmir\bmclient\Common\GameRenderObject.h	505	1	BackMirClient
Error	3586	error C2535: 'void GameObject::DoPacket(const int)' : member function already defined or declared	y:\develop\github\backmir\bmclient\Common\GameRenderObject.h	505	1	BackMirClient
Error	3587	error C2061: syntax error : identifier 'PLAYER_STATUS'	y:\develop\github\backmir\bmclient\Common\GameRenderObject.h	513	1	BackMirClient
Error	3588	error C2146: syntax error : missing ';' before identifier 'm_drt'	y:\develop\github\backmir\bmclient\Common\GameRenderObject.h	554	1	BackMirClient
Error	3589	error C4430: missing type specifier - int assumed. Note: C++ does not support default-int	y:\develop\github\backmir\bmclient\Common\GameRenderObject.h	554	1	BackMirClient
Error	3590	error C2146: syntax error : missing ';' before identifier 'm_sex'	y:\develop\github\backmir\bmclient\Common\GameRenderObject.h	555	1	BackMirClient
Error	3591	error C4430: missing type specifier - int assumed. Note: C++ does not support default-int	y:\develop\github\backmir\bmclient\Common\GameRenderObject.h	555	1	BackMirClient
Error	3592	error C2146: syntax error : missing ';' before identifier 'm_stat'	y:\develop\github\backmir\bmclient\Common\GameRenderObject.h	556	1	BackMirClient
Error	3593	error C4430: missing type specifier - int assumed. Note: C++ does not support default-int	y:\develop\github\backmir\bmclient\Common\GameRenderObject.h	556	1	BackMirClient
Error	3594	error C2146: syntax error : missing ';' before identifier 'm_preStat'	y:\develop\github\backmir\bmclient\Common\GameRenderObject.h	557	1	BackMirClient
Error	3595	error C4430: missing type specifier - int assumed. Note: C++ does not support default-int	y:\develop\github\backmir\bmclient\Common\GameRenderObject.h	557	1	BackMirClient
Error	3596	error C2065: 'm_drt' : undeclared identifier	y:\develop\github\backmir\bmclient\Common\GameRenderObject.h	253	1	BackMirClient
Error	3597	error C2065: 'PDT_DOWN' : undeclared identifier	y:\develop\github\backmir\bmclient\Common\GameRenderObject.h	253	1	BackMirClient
Error	3598	error C2065: 'm_sex' : undeclared identifier	y:\develop\github\backmir\bmclient\Common\GameRenderObject.h	254	1	BackMirClient
Error	3599	error C2065: 'PSX_MAN' : undeclared identifier	y:\develop\github\backmir\bmclient\Common\GameRenderObject.h	254	1	BackMirClient
Error	3600	error C2065: 'm_preStat' : undeclared identifier	y:\develop\github\backmir\bmclient\Common\GameRenderObject.h	255	1	BackMirClient
Error	3601	error C2065: 'm_stat' : undeclared identifier	y:\develop\github\backmir\bmclient\Common\GameRenderObject.h	255	1	BackMirClient
Error	3602	error C2065: 'PST_STAND' : undeclared identifier	y:\develop\github\backmir\bmclient\Common\GameRenderObject.h	255	1	BackMirClient
Error	3603	error C2065: 'm_drt' : undeclared identifier	y:\develop\github\backmir\bmclient\Common\GameRenderObject.h	310	1	BackMirClient
Error	3604	error C2065: '_pd' : undeclared identifier	y:\develop\github\backmir\bmclient\Common\GameRenderObject.h	310	1	BackMirClient
Error	3605	error C2065: 'm_drt' : undeclared identifier	y:\develop\github\backmir\bmclient\Common\GameRenderObject.h	314	1	BackMirClient
Error	3606	error C2065: 'm_stat' : undeclared identifier	y:\develop\github\backmir\bmclient\Common\GameRenderObject.h	318	1	BackMirClient
Error	3607	error C2065: '_ps' : undeclared identifier	y:\develop\github\backmir\bmclient\Common\GameRenderObject.h	318	1	BackMirClient
Error	3608	error C2065: '_ps' : undeclared identifier	y:\develop\github\backmir\bmclient\Common\GameRenderObject.h	320	1	BackMirClient
Error	3609	error C2065: 'PST_STAND' : undeclared identifier	y:\develop\github\backmir\bmclient\Common\GameRenderObject.h	320	1	BackMirClient
Error	3610	error C2065: '_ps' : undeclared identifier	y:\develop\github\backmir\bmclient\Common\GameRenderObject.h	324	1	BackMirClient
Error	3611	error C2065: 'm_stat' : undeclared identifier	y:\develop\github\backmir\bmclient\Common\GameRenderObject.h	328	1	BackMirClient
Error	3612	error C2065: 'm_preStat' : undeclared identifier	y:\develop\github\backmir\bmclient\Common\GameRenderObject.h	332	1	BackMirClient
Error	3613	error C2065: 'm_sex' : undeclared identifier	y:\develop\github\backmir\bmclient\Common\GameRenderObject.h	356	1	BackMirClient
Error	3614	error C2065: '_ps' : undeclared identifier	y:\develop\github\backmir\bmclient\Common\GameRenderObject.h	356	1	BackMirClient
Error	3615	error C2065: 'm_sex' : undeclared identifier	y:\develop\github\backmir\bmclient\Common\GameRenderObject.h	360	1	BackMirClient
Error	3616	error C2065: 'PST_DEAD' : undeclared identifier	y:\develop\github\backmir\bmclient\Common\GameRenderObject.h	429	1	BackMirClient
Warning	3617	warning C4819: The file contains a character that cannot be represented in the current code page (936). Save the file in Unicode format to prevent data loss	y:\develop\github\backmir\CommonModule\ShareDefine.h	1	1	BackMirClient
Error	3618	error C2365: 'RES_ITEMS' : redefinition; previous definition was 'enumerator'	y:\develop\github\backmir\CommonModule\ShareDefine.h	79	1	BackMirClient
Error	3619	error C2365: 'RES_STATUS' : redefinition; previous definition was 'enumerator'	y:\develop\github\backmir\CommonModule\ShareDefine.h	80	1	BackMirClient
Error	3620	error C2365: 'RES_CUSTOM' : redefinition; previous definition was 'enumerator'	y:\develop\github\backmir\CommonModule\ShareDefine.h	81	1	BackMirClient
Error	3621	error C2365: 'RES_TOTAL' : redefinition; previous definition was 'enumerator'	y:\develop\github\backmir\CommonModule\ShareDefine.h	82	1	BackMirClient
Error	3622	error C2065: 'MEFF_USERTOTAL' : undeclared identifier	y:\develop\github\backmir\bmclient\GameScene\MagicEffect.h	8	1	BackMirClient
Error	3623	error C2061: syntax error : identifier 'PLAYER_STATUS'	y:\develop\github\backmir\bmclient\gamescene\GameOtherPlayer.h	29	1	BackMirClient
Error	3624	error C2061: syntax error : identifier 'MAGICEFFECT_TYPE'	y:\develop\github\backmir\bmclient\gamescene\GameOtherPlayer.h	52	1	BackMirClient
Error	3625	error C2061: syntax error : identifier 'MAGICEFFECT_TYPE'	y:\develop\github\backmir\bmclient\gamescene\GameOtherPlayer.h	53	1	BackMirClient
Error	3626	error C4430: missing type specifier - int assumed. Note: C++ does not support default-int	y:\develop\github\backmir\bmclient\gamescene\GameOtherPlayer.h	157	1	BackMirClient
Error	3627	error C2143: syntax error : missing ',' before '&'	y:\develop\github\backmir\bmclient\gamescene\GameOtherPlayer.h	157	1	BackMirClient
Error	3628	error C4430: missing type specifier - int assumed. Note: C++ does not support default-int	y:\develop\github\backmir\bmclient\gamescene\GameOtherPlayer.h	201	1	BackMirClient
Error	3629	error C2143: syntax error : missing ',' before '&'	y:\develop\github\backmir\bmclient\gamescene\GameOtherPlayer.h	201	1	BackMirClient
Error	3630	error C2535: 'void GameOtherPlayer::DoPacket(const int)' : member function already defined or declared	y:\develop\github\backmir\bmclient\gamescene\GameOtherPlayer.h	201	1	BackMirClient
Error	3631	error C2146: syntax error : missing ';' before identifier 'm_eEffect'	y:\develop\github\backmir\bmclient\gamescene\GameOtherPlayer.h	228	1	BackMirClient
Error	3632	error C4430: missing type specifier - int assumed. Note: C++ does not support default-int	y:\develop\github\backmir\bmclient\gamescene\GameOtherPlayer.h	228	1	BackMirClient
Error	3633	error C2065: 'MAGICEFFECT_TOTAL' : undeclared identifier	y:\develop\github\backmir\bmclient\gamescene\GameOtherPlayer.h	228	1	BackMirClient
Warning	3634	warning C4819: The file contains a character that cannot be represented in the current code page (936). Save the file in Unicode format to prevent data loss	y:\develop\github\backmir\CommonModule\RandGenerator.h	1	1	BackMirClient
Warning	3635	warning C4819: The file contains a character that cannot be represented in the current code page (936). Save the file in Unicode format to prevent data loss	y:\develop\github\backmir\CommonModule\CollDownController.h	1	1	BackMirClient
Error	3636	error C2061: syntax error : identifier 'PLAYER_DIRECTION'	y:\develop\github\backmir\bmclient\gamescene\GamePlayer.h	57	1	BackMirClient
Error	3637	error C2061: syntax error : identifier 'PLAYER_DIRECTION'	y:\develop\github\backmir\bmclient\gamescene\GamePlayer.h	58	1	BackMirClient
Error	3638	error C2143: syntax error : missing ';' before '*'	y:\develop\github\backmir\bmclient\gamescene\GamePlayer.h	73	1	BackMirClient
Error	3639	error C4430: missing type specifier - int assumed. Note: C++ does not support default-int	y:\develop\github\backmir\bmclient\gamescene\GamePlayer.h	73	1	BackMirClient
Error	3640	error C4430: missing type specifier - int assumed. Note: C++ does not support default-int	y:\develop\github\backmir\bmclient\gamescene\GamePlayer.h	74	1	BackMirClient
Warning	3641	warning C4183: 'GetEquip': missing return type; assumed to be a member function returning 'int'	y:\develop\github\backmir\bmclient\gamescene\GamePlayer.h	76	1	BackMirClient
Error	3642	error C2146: syntax error : missing ';' before identifier 'm_equipAttrib'	y:\develop\github\backmir\bmclient\gamescene\GamePlayer.h	350	1	BackMirClient
Error	3643	error C4430: missing type specifier - int assumed. Note: C++ does not support default-int	y:\develop\github\backmir\bmclient\gamescene\GamePlayer.h	350	1	BackMirClient
Error	3644	error C2146: syntax error : missing ';' before identifier 'm_indexs'	y:\develop\github\backmir\bmclient\gamescene\GamePlayer.h	361	1	BackMirClient
Error	3645	error C4430: missing type specifier - int assumed. Note: C++ does not support default-int	y:\develop\github\backmir\bmclient\gamescene\GamePlayer.h	361	1	BackMirClient
Error	3646	error C2065: 'ADD_NORMAL' : undeclared identifier	y:\develop\github\backmir\bmclient\gamescene\GamePlayer.h	182	1	BackMirClient
Error	3647	error C2065: 'ADD_NORMAL' : undeclared identifier	y:\develop\github\backmir\bmclient\gamescene\GamePlayer.h	183	1	BackMirClient
Error	3648	error C2065: 'm_equipAttrib' : undeclared identifier	y:\develop\github\backmir\bmclient\gamescene\GamePlayer.h	75	1	BackMirClient
Error	3649	error C2065: 'PST_NONE' : undeclared identifier	y:\develop\github\backmir\bmclient\gamescene\GamePlayer.h	84	1	BackMirClient
Error	3650	error C2065: 'g_nWanLiTable' : undeclared identifier	y:\develop\github\backmir\bmclient\gamescene\GamePlayer.h	135	1	BackMirClient
Error	3651	error C2146: syntax error : missing ';' before identifier 'm_indexs'	y:\develop\github\backmir\bmclient\gamescene\GameMonster.h	114	1	BackMirClient
Error	3652	error C4430: missing type specifier - int assumed. Note: C++ does not support default-int	y:\develop\github\backmir\bmclient\gamescene\GameMonster.h	114	1	BackMirClient
Error	3653	error C2146: syntax error : missing ';' before identifier 'm_eEndStatus'	y:\develop\github\backmir\bmclient\gamescene\GameMonster.h	812	1	BackMirClient
Error	3654	error C4430: missing type specifier - int assumed. Note: C++ does not support default-int	y:\develop\github\backmir\bmclient\gamescene\GameMonster.h	812	1	BackMirClient
Error	3655	error C2146: syntax error : missing ';' before identifier 'm_xShowItems'	y:\develop\github\backmir\bmclient\GameScene\GameMapManager.h	137	1	BackMirClient
Error	3656	error C4430: missing type specifier - int assumed. Note: C++ does not support default-int	y:\develop\github\backmir\bmclient\GameScene\GameMapManager.h	137	1	BackMirClient
Error	3657	error C2146: syntax error : missing ';' before identifier 'm_xMouseItems'	y:\develop\github\backmir\bmclient\GameScene\GameMapManager.h	138	1	BackMirClient
Error	3658	error C4430: missing type specifier - int assumed. Note: C++ does not support default-int	y:\develop\github\backmir\bmclient\GameScene\GameMapManager.h	138	1	BackMirClient
Error	3659	error C2065: 'm_xMouseItems' : undeclared identifier	y:\develop\github\backmir\bmclient\GameScene\GameMapManager.h	80	1	BackMirClient
Error	3660	error C2228: left of '.push_back' must have class/struct/union	y:\develop\github\backmir\bmclient\GameScene\GameMapManager.h	80	1	BackMirClient
Error	3661	error C1083: Cannot open include file: 'FastDelegateBind.h': No such file or directory	y:\develop\github\backmir\bmclient\GameDialog\GameCommonDlg.h	9	1	BackMirClient
Warning	3662	warning C4819: The file contains a character that cannot be represented in the current code page (936). Save the file in Unicode format to prevent data loss	y:\develop\github\backmir\bmclient\Common\GlobalDefine.h	1	1	BackMirClient
Error	3663	error C2447: '{' : missing function header (old-style formal list?)	y:\develop\github\backmir\bmclient\Common\GlobalDefine.h	91	1	BackMirClient
Error	3664	error C2447: '{' : missing function header (old-style formal list?)	y:\develop\github\backmir\bmclient\Common\GlobalDefine.h	103	1	BackMirClient
Error	3665	error C2447: '{' : missing function header (old-style formal list?)	y:\develop\github\backmir\bmclient\Common\GlobalDefine.h	128	1	BackMirClient
Error	3666	error C2146: syntax error : missing ';' before identifier 'GetAngle'	y:\develop\github\backmir\bmclient\Common\GlobalFunction.h	26	1	BackMirClient
Error	3667	error C4430: missing type specifier - int assumed. Note: C++ does not support default-int	y:\develop\github\backmir\bmclient\Common\GlobalFunction.h	26	1	BackMirClient
Error	3668	error C4430: missing type specifier - int assumed. Note: C++ does not support default-int	y:\develop\github\backmir\bmclient\net\PacketHandler.h	71	1	BackMirClient
Error	3669	error C2143: syntax error : missing ',' before '&'	y:\develop\github\backmir\bmclient\net\PacketHandler.h	71	1	BackMirClient
Warning	3670	warning C4819: The file contains a character that cannot be represented in the current code page (936). Save the file in Unicode format to prevent data loss	y:\develop\github\backmir\CommonModule\MagicEffectID.h	1	1	BackMirClient
Error	3671	error C2061: syntax error : identifier 'PLAYER_DIRECTION'	y:\develop\github\backmir\bmclient\Common\GameRenderObject.h	308	1	BackMirClient
Error	3672	error C2146: syntax error : missing ';' before identifier 'GetDirection'	y:\develop\github\backmir\bmclient\Common\GameRenderObject.h	312	1	BackMirClient
Error	3673	error C2433: 'GameObject::PLAYER_DIRECTION' : 'inline' not permitted on data declarations	y:\develop\github\backmir\bmclient\Common\GameRenderObject.h	312	1	BackMirClient
Error	3674	error C4430: missing type specifier - int assumed. Note: C++ does not support default-int	y:\develop\github\backmir\bmclient\Common\GameRenderObject.h	312	1	BackMirClient
Error	3675	error C4430: missing type specifier - int assumed. Note: C++ does not support default-int	y:\develop\github\backmir\bmclient\Common\GameRenderObject.h	313	1	BackMirClient
Warning	3676	warning C4183: 'GetDirection': missing return type; assumed to be a member function returning 'int'	y:\develop\github\backmir\bmclient\Common\GameRenderObject.h	315	1	BackMirClient
Error	3677	error C2061: syntax error : identifier 'PLAYER_STATUS'	y:\develop\github\backmir\bmclient\Common\GameRenderObject.h	316	1	BackMirClient
Error	3678	error C2146: syntax error : missing ';' before identifier 'GetStatus'	y:\develop\github\backmir\bmclient\Common\GameRenderObject.h	326	1	BackMirClient
Error	3679	error C2433: 'GameObject::PLAYER_STATUS' : 'inline' not permitted on data declarations	y:\develop\github\backmir\bmclient\Common\GameRenderObject.h	326	1	BackMirClient
Error	3680	error C4430: missing type specifier - int assumed. Note: C++ does not support default-int	y:\develop\github\backmir\bmclient\Common\GameRenderObject.h	326	1	BackMirClient
Error	3681	error C4430: missing type specifier - int assumed. Note: C++ does not support default-int	y:\develop\github\backmir\bmclient\Common\GameRenderObject.h	327	1	BackMirClient
Warning	3682	warning C4183: 'GetStatus': missing return type; assumed to be a member function returning 'int'	y:\develop\github\backmir\bmclient\Common\GameRenderObject.h	329	1	BackMirClient
Error	3683	error C2146: syntax error : missing ';' before identifier 'GetPreStatus'	y:\develop\github\backmir\bmclient\Common\GameRenderObject.h	330	1	BackMirClient
Error	3684	error C2433: 'GameObject::PLAYER_STATUS' : 'inline' not permitted on data declarations	y:\develop\github\backmir\bmclient\Common\GameRenderObject.h	330	1	BackMirClient
Error	3685	error C4430: missing type specifier - int assumed. Note: C++ does not support default-int	y:\develop\github\backmir\bmclient\Common\GameRenderObject.h	330	1	BackMirClient
Error	3686	error C4430: missing type specifier - int assumed. Note: C++ does not support default-int	y:\develop\github\backmir\bmclient\Common\GameRenderObject.h	331	1	BackMirClient
Warning	3687	warning C4183: 'GetPreStatus': missing return type; assumed to be a member function returning 'int'	y:\develop\github\backmir\bmclient\Common\GameRenderObject.h	333	1	BackMirClient
Error	3688	error C2061: syntax error : identifier 'PLAYER_SEX'	y:\develop\github\backmir\bmclient\Common\GameRenderObject.h	354	1	BackMirClient
Error	3689	error C2146: syntax error : missing ';' before identifier 'GetPlayerSex'	y:\develop\github\backmir\bmclient\Common\GameRenderObject.h	358	1	BackMirClient
Error	3690	error C2433: 'GameObject::PLAYER_SEX' : 'inline' not permitted on data declarations	y:\develop\github\backmir\bmclient\Common\GameRenderObject.h	358	1	BackMirClient
Error	3691	error C4430: missing type specifier - int assumed. Note: C++ does not support default-int	y:\develop\github\backmir\bmclient\Common\GameRenderObject.h	358	1	BackMirClient
Error	3692	error C4430: missing type specifier - int assumed. Note: C++ does not support default-int	y:\develop\github\backmir\bmclient\Common\GameRenderObject.h	359	1	BackMirClient
Warning	3693	warning C4183: 'GetPlayerSex': missing return type; assumed to be a member function returning 'int'	y:\develop\github\backmir\bmclient\Common\GameRenderObject.h	361	1	BackMirClient
Error	3694	error C4430: missing type specifier - int assumed. Note: C++ does not support default-int	y:\develop\github\backmir\bmclient\Common\GameRenderObject.h	503	1	BackMirClient
Error	3695	error C2143: syntax error : missing ',' before '&'	y:\develop\github\backmir\bmclient\Common\GameRenderObject.h	503	1	BackMirClient
Error	3696	error C4430: missing type specifier - int assumed. Note: C++ does not support default-int	y:\develop\github\backmir\bmclient\Common\GameRenderObject.h	504	1	BackMirClient
Error	3697	error C2143: syntax error : missing ',' before '&'	y:\develop\github\backmir\bmclient\Common\GameRenderObject.h	504	1	BackMirClient
Error	3698	error C2535: 'void GameObject::DoPacket(const int)' : member function already defined or declared	y:\develop\github\backmir\bmclient\Common\GameRenderObject.h	504	1	BackMirClient
Error	3699	error C4430: missing type specifier - int assumed. Note: C++ does not support default-int	y:\develop\github\backmir\bmclient\Common\GameRenderObject.h	505	1	BackMirClient
Error	3700	error C2143: syntax error : missing ',' before '&'	y:\develop\github\backmir\bmclient\Common\GameRenderObject.h	505	1	BackMirClient
Error	3701	error C2535: 'void GameObject::DoPacket(const int)' : member function already defined or declared	y:\develop\github\backmir\bmclient\Common\GameRenderObject.h	505	1	BackMirClient
Error	3702	error C2061: syntax error : identifier 'PLAYER_STATUS'	y:\develop\github\backmir\bmclient\Common\GameRenderObject.h	513	1	BackMirClient
Error	3703	error C2146: syntax error : missing ';' before identifier 'm_drt'	y:\develop\github\backmir\bmclient\Common\GameRenderObject.h	554	1	BackMirClient
Error	3704	error C4430: missing type specifier - int assumed. Note: C++ does not support default-int	y:\develop\github\backmir\bmclient\Common\GameRenderObject.h	554	1	BackMirClient
Error	3705	error C2146: syntax error : missing ';' before identifier 'm_sex'	y:\develop\github\backmir\bmclient\Common\GameRenderObject.h	555	1	BackMirClient
Error	3706	error C4430: missing type specifier - int assumed. Note: C++ does not support default-int	y:\develop\github\backmir\bmclient\Common\GameRenderObject.h	555	1	BackMirClient
Error	3707	error C2146: syntax error : missing ';' before identifier 'm_stat'	y:\develop\github\backmir\bmclient\Common\GameRenderObject.h	556	1	BackMirClient
Error	3708	error C4430: missing type specifier - int assumed. Note: C++ does not support default-int	y:\develop\github\backmir\bmclient\Common\GameRenderObject.h	556	1	BackMirClient
Error	3709	error C2146: syntax error : missing ';' before identifier 'm_preStat'	y:\develop\github\backmir\bmclient\Common\GameRenderObject.h	557	1	BackMirClient
Error	3710	error C4430: missing type specifier - int assumed. Note: C++ does not support default-int	y:\develop\github\backmir\bmclient\Common\GameRenderObject.h	557	1	BackMirClient
Error	3711	error C2065: 'm_drt' : undeclared identifier	y:\develop\github\backmir\bmclient\Common\GameRenderObject.h	253	1	BackMirClient
Error	3712	error C2065: 'PDT_DOWN' : undeclared identifier	y:\develop\github\backmir\bmclient\Common\GameRenderObject.h	253	1	BackMirClient
Error	3713	error C2065: 'm_sex' : undeclared identifier	y:\develop\github\backmir\bmclient\Common\GameRenderObject.h	254	1	BackMirClient
Error	3714	error C2065: 'PSX_MAN' : undeclared identifier	y:\develop\github\backmir\bmclient\Common\GameRenderObject.h	254	1	BackMirClient
Error	3715	error C2065: 'm_preStat' : undeclared identifier	y:\develop\github\backmir\bmclient\Common\GameRenderObject.h	255	1	BackMirClient
Error	3716	error C2065: 'm_stat' : undeclared identifier	y:\develop\github\backmir\bmclient\Common\GameRenderObject.h	255	1	BackMirClient
Error	3717	error C2065: 'PST_STAND' : undeclared identifier	y:\develop\github\backmir\bmclient\Common\GameRenderObject.h	255	1	BackMirClient
Error	3718	error C2065: 'm_drt' : undeclared identifier	y:\develop\github\backmir\bmclient\Common\GameRenderObject.h	310	1	BackMirClient
Error	3719	error C2065: '_pd' : undeclared identifier	y:\develop\github\backmir\bmclient\Common\GameRenderObject.h	310	1	BackMirClient
Error	3720	error C2065: 'm_drt' : undeclared identifier	y:\develop\github\backmir\bmclient\Common\GameRenderObject.h	314	1	BackMirClient
Error	3721	error C2065: 'm_stat' : undeclared identifier	y:\develop\github\backmir\bmclient\Common\GameRenderObject.h	318	1	BackMirClient
Error	3722	error C2065: '_ps' : undeclared identifier	y:\develop\github\backmir\bmclient\Common\GameRenderObject.h	318	1	BackMirClient
Error	3723	error C2065: '_ps' : undeclared identifier	y:\develop\github\backmir\bmclient\Common\GameRenderObject.h	320	1	BackMirClient
Error	3724	error C2065: 'PST_STAND' : undeclared identifier	y:\develop\github\backmir\bmclient\Common\GameRenderObject.h	320	1	BackMirClient
Error	3725	error C2065: '_ps' : undeclared identifier	y:\develop\github\backmir\bmclient\Common\GameRenderObject.h	324	1	BackMirClient
Error	3726	error C2065: 'm_stat' : undeclared identifier	y:\develop\github\backmir\bmclient\Common\GameRenderObject.h	328	1	BackMirClient
Error	3727	error C2065: 'm_preStat' : undeclared identifier	y:\develop\github\backmir\bmclient\Common\GameRenderObject.h	332	1	BackMirClient
Error	3728	error C2065: 'm_sex' : undeclared identifier	y:\develop\github\backmir\bmclient\Common\GameRenderObject.h	356	1	BackMirClient
Error	3729	error C2065: '_ps' : undeclared identifier	y:\develop\github\backmir\bmclient\Common\GameRenderObject.h	356	1	BackMirClient
Error	3730	error C2065: 'm_sex' : undeclared identifier	y:\develop\github\backmir\bmclient\Common\GameRenderObject.h	360	1	BackMirClient
Error	3731	error C2065: 'PST_DEAD' : undeclared identifier	y:\develop\github\backmir\bmclient\Common\GameRenderObject.h	429	1	BackMirClient
Warning	3732	warning C4819: The file contains a character that cannot be represented in the current code page (936). Save the file in Unicode format to prevent data loss	y:\develop\github\backmir\CommonModule\ShareDefine.h	1	1	BackMirClient
Error	3733	error C2365: 'RES_ITEMS' : redefinition; previous definition was 'enumerator'	y:\develop\github\backmir\CommonModule\ShareDefine.h	79	1	BackMirClient
Error	3734	error C2365: 'RES_STATUS' : redefinition; previous definition was 'enumerator'	y:\develop\github\backmir\CommonModule\ShareDefine.h	80	1	BackMirClient
Error	3735	error C2365: 'RES_CUSTOM' : redefinition; previous definition was 'enumerator'	y:\develop\github\backmir\CommonModule\ShareDefine.h	81	1	BackMirClient
Error	3736	error C2365: 'RES_TOTAL' : redefinition; previous definition was 'enumerator'	y:\develop\github\backmir\CommonModule\ShareDefine.h	82	1	BackMirClient
Error	3737	error C2065: 'MEFF_USERTOTAL' : undeclared identifier	y:\develop\github\backmir\bmclient\GameScene\MagicEffect.h	8	1	BackMirClient
Error	3738	error C2061: syntax error : identifier 'PLAYER_STATUS'	y:\develop\github\backmir\bmclient\gamescene\GameOtherPlayer.h	29	1	BackMirClient
Error	3739	error C2061: syntax error : identifier 'MAGICEFFECT_TYPE'	y:\develop\github\backmir\bmclient\gamescene\GameOtherPlayer.h	52	1	BackMirClient
Error	3740	error C2061: syntax error : identifier 'MAGICEFFECT_TYPE'	y:\develop\github\backmir\bmclient\gamescene\GameOtherPlayer.h	53	1	BackMirClient
Error	3741	error C4430: missing type specifier - int assumed. Note: C++ does not support default-int	y:\develop\github\backmir\bmclient\gamescene\GameOtherPlayer.h	157	1	BackMirClient
Error	3742	error C2143: syntax error : missing ',' before '&'	y:\develop\github\backmir\bmclient\gamescene\GameOtherPlayer.h	157	1	BackMirClient
Error	3743	error C4430: missing type specifier - int assumed. Note: C++ does not support default-int	y:\develop\github\backmir\bmclient\gamescene\GameOtherPlayer.h	201	1	BackMirClient
Error	3744	error C2143: syntax error : missing ',' before '&'	y:\develop\github\backmir\bmclient\gamescene\GameOtherPlayer.h	201	1	BackMirClient
Error	3745	error C2535: 'void GameOtherPlayer::DoPacket(const int)' : member function already defined or declared	y:\develop\github\backmir\bmclient\gamescene\GameOtherPlayer.h	201	1	BackMirClient
Error	3746	error C2146: syntax error : missing ';' before identifier 'm_eEffect'	y:\develop\github\backmir\bmclient\gamescene\GameOtherPlayer.h	228	1	BackMirClient
Error	3747	error C4430: missing type specifier - int assumed. Note: C++ does not support default-int	y:\develop\github\backmir\bmclient\gamescene\GameOtherPlayer.h	228	1	BackMirClient
Error	3748	error C2065: 'MAGICEFFECT_TOTAL' : undeclared identifier	y:\develop\github\backmir\bmclient\gamescene\GameOtherPlayer.h	228	1	BackMirClient
Warning	3749	warning C4819: The file contains a character that cannot be represented in the current code page (936). Save the file in Unicode format to prevent data loss	y:\develop\github\backmir\CommonModule\RandGenerator.h	1	1	BackMirClient
Warning	3750	warning C4819: The file contains a character that cannot be represented in the current code page (936). Save the file in Unicode format to prevent data loss	y:\develop\github\backmir\CommonModule\CollDownController.h	1	1	BackMirClient
Error	3751	error C2061: syntax error : identifier 'PLAYER_DIRECTION'	y:\develop\github\backmir\bmclient\gamescene\GamePlayer.h	57	1	BackMirClient
Error	3752	error C2061: syntax error : identifier 'PLAYER_DIRECTION'	y:\develop\github\backmir\bmclient\gamescene\GamePlayer.h	58	1	BackMirClient
Error	3753	error C2143: syntax error : missing ';' before '*'	y:\develop\github\backmir\bmclient\gamescene\GamePlayer.h	73	1	BackMirClient
Error	3754	error C4430: missing type specifier - int assumed. Note: C++ does not support default-int	y:\develop\github\backmir\bmclient\gamescene\GamePlayer.h	73	1	BackMirClient
Error	3755	error C4430: missing type specifier - int assumed. Note: C++ does not support default-int	y:\develop\github\backmir\bmclient\gamescene\GamePlayer.h	74	1	BackMirClient
Warning	3756	warning C4183: 'GetEquip': missing return type; assumed to be a member function returning 'int'	y:\develop\github\backmir\bmclient\gamescene\GamePlayer.h	76	1	BackMirClient
Error	3757	error C2146: syntax error : missing ';' before identifier 'm_equipAttrib'	y:\develop\github\backmir\bmclient\gamescene\GamePlayer.h	350	1	BackMirClient
Error	3758	error C4430: missing type specifier - int assumed. Note: C++ does not support default-int	y:\develop\github\backmir\bmclient\gamescene\GamePlayer.h	350	1	BackMirClient
Error	3759	error C2146: syntax error : missing ';' before identifier 'm_indexs'	y:\develop\github\backmir\bmclient\gamescene\GamePlayer.h	361	1	BackMirClient
Error	3760	error C4430: missing type specifier - int assumed. Note: C++ does not support default-int	y:\develop\github\backmir\bmclient\gamescene\GamePlayer.h	361	1	BackMirClient
Error	3761	error C2065: 'ADD_NORMAL' : undeclared identifier	y:\develop\github\backmir\bmclient\gamescene\GamePlayer.h	182	1	BackMirClient
Error	3762	error C2065: 'ADD_NORMAL' : undeclared identifier	y:\develop\github\backmir\bmclient\gamescene\GamePlayer.h	183	1	BackMirClient
Error	3763	error C2065: 'm_equipAttrib' : undeclared identifier	y:\develop\github\backmir\bmclient\gamescene\GamePlayer.h	75	1	BackMirClient
Error	3764	error C2065: 'PST_NONE' : undeclared identifier	y:\develop\github\backmir\bmclient\gamescene\GamePlayer.h	84	1	BackMirClient
Error	3765	error C2065: 'g_nWanLiTable' : undeclared identifier	y:\develop\github\backmir\bmclient\gamescene\GamePlayer.h	135	1	BackMirClient
Error	3766	error C2146: syntax error : missing ';' before identifier 'm_indexs'	y:\develop\github\backmir\bmclient\gamescene\GameMonster.h	114	1	BackMirClient
Error	3767	error C4430: missing type specifier - int assumed. Note: C++ does not support default-int	y:\develop\github\backmir\bmclient\gamescene\GameMonster.h	114	1	BackMirClient
Error	3768	error C2146: syntax error : missing ';' before identifier 'm_eEndStatus'	y:\develop\github\backmir\bmclient\gamescene\GameMonster.h	812	1	BackMirClient
Error	3769	error C4430: missing type specifier - int assumed. Note: C++ does not support default-int	y:\develop\github\backmir\bmclient\gamescene\GameMonster.h	812	1	BackMirClient
Error	3770	error C2146: syntax error : missing ';' before identifier 'm_xShowItems'	y:\develop\github\backmir\bmclient\GameScene\GameMapManager.h	137	1	BackMirClient
Error	3771	error C4430: missing type specifier - int assumed. Note: C++ does not support default-int	y:\develop\github\backmir\bmclient\GameScene\GameMapManager.h	137	1	BackMirClient
Error	3772	error C2146: syntax error : missing ';' before identifier 'm_xMouseItems'	y:\develop\github\backmir\bmclient\GameScene\GameMapManager.h	138	1	BackMirClient
Error	3773	error C4430: missing type specifier - int assumed. Note: C++ does not support default-int	y:\develop\github\backmir\bmclient\GameScene\GameMapManager.h	138	1	BackMirClient
Error	3774	error C2065: 'm_xMouseItems' : undeclared identifier	y:\develop\github\backmir\bmclient\GameScene\GameMapManager.h	80	1	BackMirClient
Error	3775	error C2228: left of '.push_back' must have class/struct/union	y:\develop\github\backmir\bmclient\GameScene\GameMapManager.h	80	1	BackMirClient
Error	3776	error C1083: Cannot open include file: 'FastDelegateBind.h': No such file or directory	y:\develop\github\backmir\bmclient\GameDialog\GameCommonDlg.h	9	1	BackMirClient
Warning	3777	warning C4819: The file contains a character that cannot be represented in the current code page (936). Save the file in Unicode format to prevent data loss	y:\develop\github\backmir\bmclient\Common\GlobalDefine.h	1	1	BackMirClient
Error	3778	error C2447: '{' : missing function header (old-style formal list?)	y:\develop\github\backmir\bmclient\Common\GlobalDefine.h	91	1	BackMirClient
Error	3779	error C2447: '{' : missing function header (old-style formal list?)	y:\develop\github\backmir\bmclient\Common\GlobalDefine.h	103	1	BackMirClient
Error	3780	error C2447: '{' : missing function header (old-style formal list?)	y:\develop\github\backmir\bmclient\Common\GlobalDefine.h	128	1	BackMirClient
Error	3781	error C2146: syntax error : missing ';' before identifier 'GetAngle'	y:\develop\github\backmir\bmclient\Common\GlobalFunction.h	26	1	BackMirClient
Error	3782	error C4430: missing type specifier - int assumed. Note: C++ does not support default-int	y:\develop\github\backmir\bmclient\Common\GlobalFunction.h	26	1	BackMirClient
Error	3783	error C4430: missing type specifier - int assumed. Note: C++ does not support default-int	y:\develop\github\backmir\bmclient\net\PacketHandler.h	71	1	BackMirClient
Error	3784	error C2143: syntax error : missing ',' before '&'	y:\develop\github\backmir\bmclient\net\PacketHandler.h	71	1	BackMirClient
Warning	3785	warning C4819: The file contains a character that cannot be represented in the current code page (936). Save the file in Unicode format to prevent data loss	y:\develop\github\backmir\CommonModule\MagicEffectID.h	1	1	BackMirClient
Error	3786	error C2061: syntax error : identifier 'PLAYER_DIRECTION'	y:\develop\github\backmir\bmclient\Common\GameRenderObject.h	308	1	BackMirClient
Error	3787	error C2146: syntax error : missing ';' before identifier 'GetDirection'	y:\develop\github\backmir\bmclient\Common\GameRenderObject.h	312	1	BackMirClient
Error	3788	error C2433: 'GameObject::PLAYER_DIRECTION' : 'inline' not permitted on data declarations	y:\develop\github\backmir\bmclient\Common\GameRenderObject.h	312	1	BackMirClient
Error	3789	error C4430: missing type specifier - int assumed. Note: C++ does not support default-int	y:\develop\github\backmir\bmclient\Common\GameRenderObject.h	312	1	BackMirClient
Error	3790	error C4430: missing type specifier - int assumed. Note: C++ does not support default-int	y:\develop\github\backmir\bmclient\Common\GameRenderObject.h	313	1	BackMirClient
Warning	3791	warning C4183: 'GetDirection': missing return type; assumed to be a member function returning 'int'	y:\develop\github\backmir\bmclient\Common\GameRenderObject.h	315	1	BackMirClient
Error	3792	error C2061: syntax error : identifier 'PLAYER_STATUS'	y:\develop\github\backmir\bmclient\Common\GameRenderObject.h	316	1	BackMirClient
Error	3793	error C2146: syntax error : missing ';' before identifier 'GetStatus'	y:\develop\github\backmir\bmclient\Common\GameRenderObject.h	326	1	BackMirClient
Error	3794	error C2433: 'GameObject::PLAYER_STATUS' : 'inline' not permitted on data declarations	y:\develop\github\backmir\bmclient\Common\GameRenderObject.h	326	1	BackMirClient
Error	3795	error C4430: missing type specifier - int assumed. Note: C++ does not support default-int	y:\develop\github\backmir\bmclient\Common\GameRenderObject.h	326	1	BackMirClient
Error	3796	error C4430: missing type specifier - int assumed. Note: C++ does not support default-int	y:\develop\github\backmir\bmclient\Common\GameRenderObject.h	327	1	BackMirClient
Warning	3797	warning C4183: 'GetStatus': missing return type; assumed to be a member function returning 'int'	y:\develop\github\backmir\bmclient\Common\GameRenderObject.h	329	1	BackMirClient
Error	3798	error C2146: syntax error : missing ';' before identifier 'GetPreStatus'	y:\develop\github\backmir\bmclient\Common\GameRenderObject.h	330	1	BackMirClient
Error	3799	error C2433: 'GameObject::PLAYER_STATUS' : 'inline' not permitted on data declarations	y:\develop\github\backmir\bmclient\Common\GameRenderObject.h	330	1	BackMirClient
Error	3800	error C4430: missing type specifier - int assumed. Note: C++ does not support default-int	y:\develop\github\backmir\bmclient\Common\GameRenderObject.h	330	1	BackMirClient
Error	3801	error C4430: missing type specifier - int assumed. Note: C++ does not support default-int	y:\develop\github\backmir\bmclient\Common\GameRenderObject.h	331	1	BackMirClient
Warning	3802	warning C4183: 'GetPreStatus': missing return type; assumed to be a member function returning 'int'	y:\develop\github\backmir\bmclient\Common\GameRenderObject.h	333	1	BackMirClient
Error	3803	error C2061: syntax error : identifier 'PLAYER_SEX'	y:\develop\github\backmir\bmclient\Common\GameRenderObject.h	354	1	BackMirClient
Error	3804	error C2146: syntax error : missing ';' before identifier 'GetPlayerSex'	y:\develop\github\backmir\bmclient\Common\GameRenderObject.h	358	1	BackMirClient
Error	3805	error C2433: 'GameObject::PLAYER_SEX' : 'inline' not permitted on data declarations	y:\develop\github\backmir\bmclient\Common\GameRenderObject.h	358	1	BackMirClient
Error	3806	error C4430: missing type specifier - int assumed. Note: C++ does not support default-int	y:\develop\github\backmir\bmclient\Common\GameRenderObject.h	358	1	BackMirClient
Error	3807	error C4430: missing type specifier - int assumed. Note: C++ does not support default-int	y:\develop\github\backmir\bmclient\Common\GameRenderObject.h	359	1	BackMirClient
Warning	3808	warning C4183: 'GetPlayerSex': missing return type; assumed to be a member function returning 'int'	y:\develop\github\backmir\bmclient\Common\GameRenderObject.h	361	1	BackMirClient
Error	3809	error C4430: missing type specifier - int assumed. Note: C++ does not support default-int	y:\develop\github\backmir\bmclient\Common\GameRenderObject.h	503	1	BackMirClient
Error	3810	error C2143: syntax error : missing ',' before '&'	y:\develop\github\backmir\bmclient\Common\GameRenderObject.h	503	1	BackMirClient
Error	3811	error C4430: missing type specifier - int assumed. Note: C++ does not support default-int	y:\develop\github\backmir\bmclient\Common\GameRenderObject.h	504	1	BackMirClient
Error	3812	error C2143: syntax error : missing ',' before '&'	y:\develop\github\backmir\bmclient\Common\GameRenderObject.h	504	1	BackMirClient
Error	3813	error C2535: 'void GameObject::DoPacket(const int)' : member function already defined or declared	y:\develop\github\backmir\bmclient\Common\GameRenderObject.h	504	1	BackMirClient
Error	3814	error C4430: missing type specifier - int assumed. Note: C++ does not support default-int	y:\develop\github\backmir\bmclient\Common\GameRenderObject.h	505	1	BackMirClient
Error	3815	error C2143: syntax error : missing ',' before '&'	y:\develop\github\backmir\bmclient\Common\GameRenderObject.h	505	1	BackMirClient
Error	3816	error C2535: 'void GameObject::DoPacket(const int)' : member function already defined or declared	y:\develop\github\backmir\bmclient\Common\GameRenderObject.h	505	1	BackMirClient
Error	3817	error C2061: syntax error : identifier 'PLAYER_STATUS'	y:\develop\github\backmir\bmclient\Common\GameRenderObject.h	513	1	BackMirClient
Error	3818	error C2146: syntax error : missing ';' before identifier 'm_drt'	y:\develop\github\backmir\bmclient\Common\GameRenderObject.h	554	1	BackMirClient
Error	3819	error C4430: missing type specifier - int assumed. Note: C++ does not support default-int	y:\develop\github\backmir\bmclient\Common\GameRenderObject.h	554	1	BackMirClient
Error	3820	error C2146: syntax error : missing ';' before identifier 'm_sex'	y:\develop\github\backmir\bmclient\Common\GameRenderObject.h	555	1	BackMirClient
Error	3821	error C4430: missing type specifier - int assumed. Note: C++ does not support default-int	y:\develop\github\backmir\bmclient\Common\GameRenderObject.h	555	1	BackMirClient
Error	3822	error C2146: syntax error : missing ';' before identifier 'm_stat'	y:\develop\github\backmir\bmclient\Common\GameRenderObject.h	556	1	BackMirClient
Error	3823	error C4430: missing type specifier - int assumed. Note: C++ does not support default-int	y:\develop\github\backmir\bmclient\Common\GameRenderObject.h	556	1	BackMirClient
Error	3824	error C2146: syntax error : missing ';' before identifier 'm_preStat'	y:\develop\github\backmir\bmclient\Common\GameRenderObject.h	557	1	BackMirClient
Error	3825	error C4430: missing type specifier - int assumed. Note: C++ does not support default-int	y:\develop\github\backmir\bmclient\Common\GameRenderObject.h	557	1	BackMirClient
Error	3826	error C2065: 'm_drt' : undeclared identifier	y:\develop\github\backmir\bmclient\Common\GameRenderObject.h	253	1	BackMirClient
Error	3827	error C2065: 'PDT_DOWN' : undeclared identifier	y:\develop\github\backmir\bmclient\Common\GameRenderObject.h	253	1	BackMirClient
Error	3828	error C2065: 'm_sex' : undeclared identifier	y:\develop\github\backmir\bmclient\Common\GameRenderObject.h	254	1	BackMirClient
Error	3829	error C2065: 'PSX_MAN' : undeclared identifier	y:\develop\github\backmir\bmclient\Common\GameRenderObject.h	254	1	BackMirClient
Error	3830	error C2065: 'm_preStat' : undeclared identifier	y:\develop\github\backmir\bmclient\Common\GameRenderObject.h	255	1	BackMirClient
Error	3831	error C2065: 'm_stat' : undeclared identifier	y:\develop\github\backmir\bmclient\Common\GameRenderObject.h	255	1	BackMirClient
Error	3832	error C2065: 'PST_STAND' : undeclared identifier	y:\develop\github\backmir\bmclient\Common\GameRenderObject.h	255	1	BackMirClient
Error	3833	error C2065: 'm_drt' : undeclared identifier	y:\develop\github\backmir\bmclient\Common\GameRenderObject.h	310	1	BackMirClient
Error	3834	error C2065: '_pd' : undeclared identifier	y:\develop\github\backmir\bmclient\Common\GameRenderObject.h	310	1	BackMirClient
Error	3835	error C2065: 'm_drt' : undeclared identifier	y:\develop\github\backmir\bmclient\Common\GameRenderObject.h	314	1	BackMirClient
Error	3836	error C2065: 'm_stat' : undeclared identifier	y:\develop\github\backmir\bmclient\Common\GameRenderObject.h	318	1	BackMirClient
Error	3837	error C2065: '_ps' : undeclared identifier	y:\develop\github\backmir\bmclient\Common\GameRenderObject.h	318	1	BackMirClient
Error	3838	error C2065: '_ps' : undeclared identifier	y:\develop\github\backmir\bmclient\Common\GameRenderObject.h	320	1	BackMirClient
Error	3839	error C2065: 'PST_STAND' : undeclared identifier	y:\develop\github\backmir\bmclient\Common\GameRenderObject.h	320	1	BackMirClient
Error	3840	error C2065: '_ps' : undeclared identifier	y:\develop\github\backmir\bmclient\Common\GameRenderObject.h	324	1	BackMirClient
Error	3841	error C2065: 'm_stat' : undeclared identifier	y:\develop\github\backmir\bmclient\Common\GameRenderObject.h	328	1	BackMirClient
Error	3842	error C2065: 'm_preStat' : undeclared identifier	y:\develop\github\backmir\bmclient\Common\GameRenderObject.h	332	1	BackMirClient
Error	3843	error C2065: 'm_sex' : undeclared identifier	y:\develop\github\backmir\bmclient\Common\GameRenderObject.h	356	1	BackMirClient
Error	3844	error C2065: '_ps' : undeclared identifier	y:\develop\github\backmir\bmclient\Common\GameRenderObject.h	356	1	BackMirClient
Error	3845	error C2065: 'm_sex' : undeclared identifier	y:\develop\github\backmir\bmclient\Common\GameRenderObject.h	360	1	BackMirClient
Error	3846	error C2065: 'PST_DEAD' : undeclared identifier	y:\develop\github\backmir\bmclient\Common\GameRenderObject.h	429	1	BackMirClient
Warning	3847	warning C4819: The file contains a character that cannot be represented in the current code page (936). Save the file in Unicode format to prevent data loss	y:\develop\github\backmir\CommonModule\ShareDefine.h	1	1	BackMirClient
Error	3848	error C2365: 'RES_ITEMS' : redefinition; previous definition was 'enumerator'	y:\develop\github\backmir\CommonModule\ShareDefine.h	79	1	BackMirClient
Error	3849	error C2365: 'RES_STATUS' : redefinition; previous definition was 'enumerator'	y:\develop\github\backmir\CommonModule\ShareDefine.h	80	1	BackMirClient
Error	3850	error C2365: 'RES_CUSTOM' : redefinition; previous definition was 'enumerator'	y:\develop\github\backmir\CommonModule\ShareDefine.h	81	1	BackMirClient
Error	3851	error C2365: 'RES_TOTAL' : redefinition; previous definition was 'enumerator'	y:\develop\github\backmir\CommonModule\ShareDefine.h	82	1	BackMirClient
Error	3852	error C2065: 'MEFF_USERTOTAL' : undeclared identifier	y:\develop\github\backmir\bmclient\GameScene\MagicEffect.h	8	1	BackMirClient
Error	3853	error C2061: syntax error : identifier 'PLAYER_STATUS'	y:\develop\github\backmir\bmclient\gamescene\GameOtherPlayer.h	29	1	BackMirClient
Error	3854	error C2061: syntax error : identifier 'MAGICEFFECT_TYPE'	y:\develop\github\backmir\bmclient\gamescene\GameOtherPlayer.h	52	1	BackMirClient
Error	3855	error C2061: syntax error : identifier 'MAGICEFFECT_TYPE'	y:\develop\github\backmir\bmclient\gamescene\GameOtherPlayer.h	53	1	BackMirClient
Error	3856	error C4430: missing type specifier - int assumed. Note: C++ does not support default-int	y:\develop\github\backmir\bmclient\gamescene\GameOtherPlayer.h	157	1	BackMirClient
Error	3857	error C2143: syntax error : missing ',' before '&'	y:\develop\github\backmir\bmclient\gamescene\GameOtherPlayer.h	157	1	BackMirClient
Error	3858	error C4430: missing type specifier - int assumed. Note: C++ does not support default-int	y:\develop\github\backmir\bmclient\gamescene\GameOtherPlayer.h	201	1	BackMirClient
Error	3859	error C2143: syntax error : missing ',' before '&'	y:\develop\github\backmir\bmclient\gamescene\GameOtherPlayer.h	201	1	BackMirClient
Error	3860	error C2535: 'void GameOtherPlayer::DoPacket(const int)' : member function already defined or declared	y:\develop\github\backmir\bmclient\gamescene\GameOtherPlayer.h	201	1	BackMirClient
Error	3861	error C2146: syntax error : missing ';' before identifier 'm_eEffect'	y:\develop\github\backmir\bmclient\gamescene\GameOtherPlayer.h	228	1	BackMirClient
Error	3862	error C4430: missing type specifier - int assumed. Note: C++ does not support default-int	y:\develop\github\backmir\bmclient\gamescene\GameOtherPlayer.h	228	1	BackMirClient
Error	3863	error C2065: 'MAGICEFFECT_TOTAL' : undeclared identifier	y:\develop\github\backmir\bmclient\gamescene\GameOtherPlayer.h	228	1	BackMirClient
Warning	3864	warning C4819: The file contains a character that cannot be represented in the current code page (936). Save the file in Unicode format to prevent data loss	y:\develop\github\backmir\CommonModule\RandGenerator.h	1	1	BackMirClient
Warning	3865	warning C4819: The file contains a character that cannot be represented in the current code page (936). Save the file in Unicode format to prevent data loss	y:\develop\github\backmir\CommonModule\CollDownController.h	1	1	BackMirClient
Error	3866	error C2061: syntax error : identifier 'PLAYER_DIRECTION'	y:\develop\github\backmir\bmclient\gamescene\GamePlayer.h	57	1	BackMirClient
Error	3867	error C2061: syntax error : identifier 'PLAYER_DIRECTION'	y:\develop\github\backmir\bmclient\gamescene\GamePlayer.h	58	1	BackMirClient
Error	3868	error C2143: syntax error : missing ';' before '*'	y:\develop\github\backmir\bmclient\gamescene\GamePlayer.h	73	1	BackMirClient
Error	3869	error C4430: missing type specifier - int assumed. Note: C++ does not support default-int	y:\develop\github\backmir\bmclient\gamescene\GamePlayer.h	73	1	BackMirClient
Error	3870	error C4430: missing type specifier - int assumed. Note: C++ does not support default-int	y:\develop\github\backmir\bmclient\gamescene\GamePlayer.h	74	1	BackMirClient
Warning	3871	warning C4183: 'GetEquip': missing return type; assumed to be a member function returning 'int'	y:\develop\github\backmir\bmclient\gamescene\GamePlayer.h	76	1	BackMirClient
Error	3872	error C2146: syntax error : missing ';' before identifier 'm_equipAttrib'	y:\develop\github\backmir\bmclient\gamescene\GamePlayer.h	350	1	BackMirClient
Error	3873	error C4430: missing type specifier - int assumed. Note: C++ does not support default-int	y:\develop\github\backmir\bmclient\gamescene\GamePlayer.h	350	1	BackMirClient
Error	3874	error C2146: syntax error : missing ';' before identifier 'm_indexs'	y:\develop\github\backmir\bmclient\gamescene\GamePlayer.h	361	1	BackMirClient
Error	3875	error C4430: missing type specifier - int assumed. Note: C++ does not support default-int	y:\develop\github\backmir\bmclient\gamescene\GamePlayer.h	361	1	BackMirClient
Error	3876	error C2065: 'ADD_NORMAL' : undeclared identifier	y:\develop\github\backmir\bmclient\gamescene\GamePlayer.h	182	1	BackMirClient
Error	3877	error C2065: 'ADD_NORMAL' : undeclared identifier	y:\develop\github\backmir\bmclient\gamescene\GamePlayer.h	183	1	BackMirClient
Error	3878	error C2065: 'm_equipAttrib' : undeclared identifier	y:\develop\github\backmir\bmclient\gamescene\GamePlayer.h	75	1	BackMirClient
Error	3879	error C2065: 'PST_NONE' : undeclared identifier	y:\develop\github\backmir\bmclient\gamescene\GamePlayer.h	84	1	BackMirClient
Error	3880	error C2065: 'g_nWanLiTable' : undeclared identifier	y:\develop\github\backmir\bmclient\gamescene\GamePlayer.h	135	1	BackMirClient
Error	3881	error C2146: syntax error : missing ';' before identifier 'm_indexs'	y:\develop\github\backmir\bmclient\gamescene\GameMonster.h	114	1	BackMirClient
Error	3882	error C4430: missing type specifier - int assumed. Note: C++ does not support default-int	y:\develop\github\backmir\bmclient\gamescene\GameMonster.h	114	1	BackMirClient
Error	3883	error C2146: syntax error : missing ';' before identifier 'm_eEndStatus'	y:\develop\github\backmir\bmclient\gamescene\GameMonster.h	812	1	BackMirClient
Error	3884	error C4430: missing type specifier - int assumed. Note: C++ does not support default-int	y:\develop\github\backmir\bmclient\gamescene\GameMonster.h	812	1	BackMirClient
Error	3885	error C2146: syntax error : missing ';' before identifier 'm_xShowItems'	y:\develop\github\backmir\bmclient\GameScene\GameMapManager.h	137	1	BackMirClient
Error	3886	error C4430: missing type specifier - int assumed. Note: C++ does not support default-int	y:\develop\github\backmir\bmclient\GameScene\GameMapManager.h	137	1	BackMirClient
Error	3887	error C2146: syntax error : missing ';' before identifier 'm_xMouseItems'	y:\develop\github\backmir\bmclient\GameScene\GameMapManager.h	138	1	BackMirClient
Error	3888	error C4430: missing type specifier - int assumed. Note: C++ does not support default-int	y:\develop\github\backmir\bmclient\GameScene\GameMapManager.h	138	1	BackMirClient
Error	3889	error C2065: 'm_xMouseItems' : undeclared identifier	y:\develop\github\backmir\bmclient\GameScene\GameMapManager.h	80	1	BackMirClient
Error	3890	error C2228: left of '.push_back' must have class/struct/union	y:\develop\github\backmir\bmclient\GameScene\GameMapManager.h	80	1	BackMirClient
Error	3891	error C1083: Cannot open include file: 'FastDelegateBind.h': No such file or directory	y:\develop\github\backmir\bmclient\GameDialog\GameCommonDlg.h	9	1	BackMirClient
Warning	3892	warning C4819: The file contains a character that cannot be represented in the current code page (936). Save the file in Unicode format to prevent data loss	y:\develop\github\backmir\bmclient\Common\GlobalDefine.h	1	1	BackMirClient
Error	3893	error C2447: '{' : missing function header (old-style formal list?)	y:\develop\github\backmir\bmclient\Common\GlobalDefine.h	91	1	BackMirClient
Error	3894	error C2447: '{' : missing function header (old-style formal list?)	y:\develop\github\backmir\bmclient\Common\GlobalDefine.h	103	1	BackMirClient
Error	3895	error C2447: '{' : missing function header (old-style formal list?)	y:\develop\github\backmir\bmclient\Common\GlobalDefine.h	128	1	BackMirClient
Error	3896	error C2146: syntax error : missing ';' before identifier 'GetAngle'	y:\develop\github\backmir\bmclient\Common\GlobalFunction.h	26	1	BackMirClient
Error	3897	error C4430: missing type specifier - int assumed. Note: C++ does not support default-int	y:\develop\github\backmir\bmclient\Common\GlobalFunction.h	26	1	BackMirClient
Error	3898	error C4430: missing type specifier - int assumed. Note: C++ does not support default-int	y:\develop\github\backmir\bmclient\net\PacketHandler.h	71	1	BackMirClient
Error	3899	error C2143: syntax error : missing ',' before '&'	y:\develop\github\backmir\bmclient\net\PacketHandler.h	71	1	BackMirClient
Warning	3900	warning C4819: The file contains a character that cannot be represented in the current code page (936). Save the file in Unicode format to prevent data loss	y:\develop\github\backmir\CommonModule\MagicEffectID.h	1	1	BackMirClient
Error	3901	error C2061: syntax error : identifier 'PLAYER_DIRECTION'	y:\develop\github\backmir\bmclient\Common\GameRenderObject.h	308	1	BackMirClient
Error	3902	error C2146: syntax error : missing ';' before identifier 'GetDirection'	y:\develop\github\backmir\bmclient\Common\GameRenderObject.h	312	1	BackMirClient
Error	3903	error C2433: 'GameObject::PLAYER_DIRECTION' : 'inline' not permitted on data declarations	y:\develop\github\backmir\bmclient\Common\GameRenderObject.h	312	1	BackMirClient
Error	3904	error C4430: missing type specifier - int assumed. Note: C++ does not support default-int	y:\develop\github\backmir\bmclient\Common\GameRenderObject.h	312	1	BackMirClient
Error	3905	error C4430: missing type specifier - int assumed. Note: C++ does not support default-int	y:\develop\github\backmir\bmclient\Common\GameRenderObject.h	313	1	BackMirClient
Warning	3906	warning C4183: 'GetDirection': missing return type; assumed to be a member function returning 'int'	y:\develop\github\backmir\bmclient\Common\GameRenderObject.h	315	1	BackMirClient
Error	3907	error C2061: syntax error : identifier 'PLAYER_STATUS'	y:\develop\github\backmir\bmclient\Common\GameRenderObject.h	316	1	BackMirClient
Error	3908	error C2146: syntax error : missing ';' before identifier 'GetStatus'	y:\develop\github\backmir\bmclient\Common\GameRenderObject.h	326	1	BackMirClient
Error	3909	error C2433: 'GameObject::PLAYER_STATUS' : 'inline' not permitted on data declarations	y:\develop\github\backmir\bmclient\Common\GameRenderObject.h	326	1	BackMirClient
Error	3910	error C4430: missing type specifier - int assumed. Note: C++ does not support default-int	y:\develop\github\backmir\bmclient\Common\GameRenderObject.h	326	1	BackMirClient
Error	3911	error C4430: missing type specifier - int assumed. Note: C++ does not support default-int	y:\develop\github\backmir\bmclient\Common\GameRenderObject.h	327	1	BackMirClient
Warning	3912	warning C4183: 'GetStatus': missing return type; assumed to be a member function returning 'int'	y:\develop\github\backmir\bmclient\Common\GameRenderObject.h	329	1	BackMirClient
Error	3913	error C2146: syntax error : missing ';' before identifier 'GetPreStatus'	y:\develop\github\backmir\bmclient\Common\GameRenderObject.h	330	1	BackMirClient
Error	3914	error C2433: 'GameObject::PLAYER_STATUS' : 'inline' not permitted on data declarations	y:\develop\github\backmir\bmclient\Common\GameRenderObject.h	330	1	BackMirClient
Error	3915	error C4430: missing type specifier - int assumed. Note: C++ does not support default-int	y:\develop\github\backmir\bmclient\Common\GameRenderObject.h	330	1	BackMirClient
Error	3916	error C4430: missing type specifier - int assumed. Note: C++ does not support default-int	y:\develop\github\backmir\bmclient\Common\GameRenderObject.h	331	1	BackMirClient
Warning	3917	warning C4183: 'GetPreStatus': missing return type; assumed to be a member function returning 'int'	y:\develop\github\backmir\bmclient\Common\GameRenderObject.h	333	1	BackMirClient
Error	3918	error C2061: syntax error : identifier 'PLAYER_SEX'	y:\develop\github\backmir\bmclient\Common\GameRenderObject.h	354	1	BackMirClient
Error	3919	error C2146: syntax error : missing ';' before identifier 'GetPlayerSex'	y:\develop\github\backmir\bmclient\Common\GameRenderObject.h	358	1	BackMirClient
Error	3920	error C2433: 'GameObject::PLAYER_SEX' : 'inline' not permitted on data declarations	y:\develop\github\backmir\bmclient\Common\GameRenderObject.h	358	1	BackMirClient
Error	3921	error C4430: missing type specifier - int assumed. Note: C++ does not support default-int	y:\develop\github\backmir\bmclient\Common\GameRenderObject.h	358	1	BackMirClient
Error	3922	error C4430: missing type specifier - int assumed. Note: C++ does not support default-int	y:\develop\github\backmir\bmclient\Common\GameRenderObject.h	359	1	BackMirClient
Warning	3923	warning C4183: 'GetPlayerSex': missing return type; assumed to be a member function returning 'int'	y:\develop\github\backmir\bmclient\Common\GameRenderObject.h	361	1	BackMirClient
Error	3924	error C4430: missing type specifier - int assumed. Note: C++ does not support default-int	y:\develop\github\backmir\bmclient\Common\GameRenderObject.h	503	1	BackMirClient
Error	3925	error C2143: syntax error : missing ',' before '&'	y:\develop\github\backmir\bmclient\Common\GameRenderObject.h	503	1	BackMirClient
Error	3926	error C4430: missing type specifier - int assumed. Note: C++ does not support default-int	y:\develop\github\backmir\bmclient\Common\GameRenderObject.h	504	1	BackMirClient
Error	3927	error C2143: syntax error : missing ',' before '&'	y:\develop\github\backmir\bmclient\Common\GameRenderObject.h	504	1	BackMirClient
Error	3928	error C2535: 'void GameObject::DoPacket(const int)' : member function already defined or declared	y:\develop\github\backmir\bmclient\Common\GameRenderObject.h	504	1	BackMirClient
Error	3929	error C4430: missing type specifier - int assumed. Note: C++ does not support default-int	y:\develop\github\backmir\bmclient\Common\GameRenderObject.h	505	1	BackMirClient
Error	3930	error C2143: syntax error : missing ',' before '&'	y:\develop\github\backmir\bmclient\Common\GameRenderObject.h	505	1	BackMirClient
Error	3931	error C2535: 'void GameObject::DoPacket(const int)' : member function already defined or declared	y:\develop\github\backmir\bmclient\Common\GameRenderObject.h	505	1	BackMirClient
Error	3932	error C2061: syntax error : identifier 'PLAYER_STATUS'	y:\develop\github\backmir\bmclient\Common\GameRenderObject.h	513	1	BackMirClient
Error	3933	error C2146: syntax error : missing ';' before identifier 'm_drt'	y:\develop\github\backmir\bmclient\Common\GameRenderObject.h	554	1	BackMirClient
Error	3934	error C4430: missing type specifier - int assumed. Note: C++ does not support default-int	y:\develop\github\backmir\bmclient\Common\GameRenderObject.h	554	1	BackMirClient
Error	3935	error C2146: syntax error : missing ';' before identifier 'm_sex'	y:\develop\github\backmir\bmclient\Common\GameRenderObject.h	555	1	BackMirClient
Error	3936	error C4430: missing type specifier - int assumed. Note: C++ does not support default-int	y:\develop\github\backmir\bmclient\Common\GameRenderObject.h	555	1	BackMirClient
Error	3937	error C2146: syntax error : missing ';' before identifier 'm_stat'	y:\develop\github\backmir\bmclient\Common\GameRenderObject.h	556	1	BackMirClient
Error	3938	error C4430: missing type specifier - int assumed. Note: C++ does not support default-int	y:\develop\github\backmir\bmclient\Common\GameRenderObject.h	556	1	BackMirClient
Error	3939	error C2146: syntax error : missing ';' before identifier 'm_preStat'	y:\develop\github\backmir\bmclient\Common\GameRenderObject.h	557	1	BackMirClient
Error	3940	error C4430: missing type specifier - int assumed. Note: C++ does not support default-int	y:\develop\github\backmir\bmclient\Common\GameRenderObject.h	557	1	BackMirClient
Error	3941	error C2065: 'm_drt' : undeclared identifier	y:\develop\github\backmir\bmclient\Common\GameRenderObject.h	253	1	BackMirClient
Error	3942	error C2065: 'PDT_DOWN' : undeclared identifier	y:\develop\github\backmir\bmclient\Common\GameRenderObject.h	253	1	BackMirClient
Error	3943	error C2065: 'm_sex' : undeclared identifier	y:\develop\github\backmir\bmclient\Common\GameRenderObject.h	254	1	BackMirClient
Error	3944	error C2065: 'PSX_MAN' : undeclared identifier	y:\develop\github\backmir\bmclient\Common\GameRenderObject.h	254	1	BackMirClient
Error	3945	error C2065: 'm_preStat' : undeclared identifier	y:\develop\github\backmir\bmclient\Common\GameRenderObject.h	255	1	BackMirClient
Error	3946	error C2065: 'm_stat' : undeclared identifier	y:\develop\github\backmir\bmclient\Common\GameRenderObject.h	255	1	BackMirClient
Error	3947	error C2065: 'PST_STAND' : undeclared identifier	y:\develop\github\backmir\bmclient\Common\GameRenderObject.h	255	1	BackMirClient
Error	3948	error C2065: 'm_drt' : undeclared identifier	y:\develop\github\backmir\bmclient\Common\GameRenderObject.h	310	1	BackMirClient
Error	3949	error C2065: '_pd' : undeclared identifier	y:\develop\github\backmir\bmclient\Common\GameRenderObject.h	310	1	BackMirClient
Error	3950	error C2065: 'm_drt' : undeclared identifier	y:\develop\github\backmir\bmclient\Common\GameRenderObject.h	314	1	BackMirClient
Error	3951	error C2065: 'm_stat' : undeclared identifier	y:\develop\github\backmir\bmclient\Common\GameRenderObject.h	318	1	BackMirClient
Error	3952	error C2065: '_ps' : undeclared identifier	y:\develop\github\backmir\bmclient\Common\GameRenderObject.h	318	1	BackMirClient
Error	3953	error C2065: '_ps' : undeclared identifier	y:\develop\github\backmir\bmclient\Common\GameRenderObject.h	320	1	BackMirClient
Error	3954	error C2065: 'PST_STAND' : undeclared identifier	y:\develop\github\backmir\bmclient\Common\GameRenderObject.h	320	1	BackMirClient
Error	3955	error C2065: '_ps' : undeclared identifier	y:\develop\github\backmir\bmclient\Common\GameRenderObject.h	324	1	BackMirClient
Error	3956	error C2065: 'm_stat' : undeclared identifier	y:\develop\github\backmir\bmclient\Common\GameRenderObject.h	328	1	BackMirClient
Error	3957	error C2065: 'm_preStat' : undeclared identifier	y:\develop\github\backmir\bmclient\Common\GameRenderObject.h	332	1	BackMirClient
Error	3958	error C2065: 'm_sex' : undeclared identifier	y:\develop\github\backmir\bmclient\Common\GameRenderObject.h	356	1	BackMirClient
Error	3959	error C2065: '_ps' : undeclared identifier	y:\develop\github\backmir\bmclient\Common\GameRenderObject.h	356	1	BackMirClient
Error	3960	error C2065: 'm_sex' : undeclared identifier	y:\develop\github\backmir\bmclient\Common\GameRenderObject.h	360	1	BackMirClient
Error	3961	error C2065: 'PST_DEAD' : undeclared identifier	y:\develop\github\backmir\bmclient\Common\GameRenderObject.h	429	1	BackMirClient
Warning	3962	warning C4819: The file contains a character that cannot be represented in the current code page (936). Save the file in Unicode format to prevent data loss	y:\develop\github\backmir\CommonModule\ShareDefine.h	1	1	BackMirClient
Error	3963	error C2365: 'RES_ITEMS' : redefinition; previous definition was 'enumerator'	y:\develop\github\backmir\CommonModule\ShareDefine.h	79	1	BackMirClient
Error	3964	error C2365: 'RES_STATUS' : redefinition; previous definition was 'enumerator'	y:\develop\github\backmir\CommonModule\ShareDefine.h	80	1	BackMirClient
Error	3965	error C2365: 'RES_CUSTOM' : redefinition; previous definition was 'enumerator'	y:\develop\github\backmir\CommonModule\ShareDefine.h	81	1	BackMirClient
Error	3966	error C2365: 'RES_TOTAL' : redefinition; previous definition was 'enumerator'	y:\develop\github\backmir\CommonModule\ShareDefine.h	82	1	BackMirClient
Error	3967	error C2065: 'MEFF_USERTOTAL' : undeclared identifier	y:\develop\github\backmir\bmclient\GameScene\MagicEffect.h	8	1	BackMirClient
Error	3968	error C2061: syntax error : identifier 'PLAYER_STATUS'	y:\develop\github\backmir\bmclient\gamescene\GameOtherPlayer.h	29	1	BackMirClient
Error	3969	error C2061: syntax error : identifier 'MAGICEFFECT_TYPE'	y:\develop\github\backmir\bmclient\gamescene\GameOtherPlayer.h	52	1	BackMirClient
Error	3970	error C2061: syntax error : identifier 'MAGICEFFECT_TYPE'	y:\develop\github\backmir\bmclient\gamescene\GameOtherPlayer.h	53	1	BackMirClient
Error	3971	error C4430: missing type specifier - int assumed. Note: C++ does not support default-int	y:\develop\github\backmir\bmclient\gamescene\GameOtherPlayer.h	157	1	BackMirClient
Error	3972	error C2143: syntax error : missing ',' before '&'	y:\develop\github\backmir\bmclient\gamescene\GameOtherPlayer.h	157	1	BackMirClient
Error	3973	error C4430: missing type specifier - int assumed. Note: C++ does not support default-int	y:\develop\github\backmir\bmclient\gamescene\GameOtherPlayer.h	201	1	BackMirClient
Error	3974	error C2143: syntax error : missing ',' before '&'	y:\develop\github\backmir\bmclient\gamescene\GameOtherPlayer.h	201	1	BackMirClient
Error	3975	error C2535: 'void GameOtherPlayer::DoPacket(const int)' : member function already defined or declared	y:\develop\github\backmir\bmclient\gamescene\GameOtherPlayer.h	201	1	BackMirClient
Error	3976	error C2146: syntax error : missing ';' before identifier 'm_eEffect'	y:\develop\github\backmir\bmclient\gamescene\GameOtherPlayer.h	228	1	BackMirClient
Error	3977	error C4430: missing type specifier - int assumed. Note: C++ does not support default-int	y:\develop\github\backmir\bmclient\gamescene\GameOtherPlayer.h	228	1	BackMirClient
Error	3978	error C2065: 'MAGICEFFECT_TOTAL' : undeclared identifier	y:\develop\github\backmir\bmclient\gamescene\GameOtherPlayer.h	228	1	BackMirClient
Warning	3979	warning C4819: The file contains a character that cannot be represented in the current code page (936). Save the file in Unicode format to prevent data loss	y:\develop\github\backmir\CommonModule\RandGenerator.h	1	1	BackMirClient
Warning	3980	warning C4819: The file contains a character that cannot be represented in the current code page (936). Save the file in Unicode format to prevent data loss	y:\develop\github\backmir\CommonModule\CollDownController.h	1	1	BackMirClient
Error	3981	error C2061: syntax error : identifier 'PLAYER_DIRECTION'	y:\develop\github\backmir\bmclient\gamescene\GamePlayer.h	57	1	BackMirClient
Error	3982	error C2061: syntax error : identifier 'PLAYER_DIRECTION'	y:\develop\github\backmir\bmclient\gamescene\GamePlayer.h	58	1	BackMirClient
Error	3983	error C2143: syntax error : missing ';' before '*'	y:\develop\github\backmir\bmclient\gamescene\GamePlayer.h	73	1	BackMirClient
Error	3984	error C4430: missing type specifier - int assumed. Note: C++ does not support default-int	y:\develop\github\backmir\bmclient\gamescene\GamePlayer.h	73	1	BackMirClient
Error	3985	error C4430: missing type specifier - int assumed. Note: C++ does not support default-int	y:\develop\github\backmir\bmclient\gamescene\GamePlayer.h	74	1	BackMirClient
Warning	3986	warning C4183: 'GetEquip': missing return type; assumed to be a member function returning 'int'	y:\develop\github\backmir\bmclient\gamescene\GamePlayer.h	76	1	BackMirClient
Error	3987	error C2146: syntax error : missing ';' before identifier 'm_equipAttrib'	y:\develop\github\backmir\bmclient\gamescene\GamePlayer.h	350	1	BackMirClient
Error	3988	error C4430: missing type specifier - int assumed. Note: C++ does not support default-int	y:\develop\github\backmir\bmclient\gamescene\GamePlayer.h	350	1	BackMirClient
Error	3989	error C2146: syntax error : missing ';' before identifier 'm_indexs'	y:\develop\github\backmir\bmclient\gamescene\GamePlayer.h	361	1	BackMirClient
Error	3990	error C4430: missing type specifier - int assumed. Note: C++ does not support default-int	y:\develop\github\backmir\bmclient\gamescene\GamePlayer.h	361	1	BackMirClient
Error	3991	error C2065: 'ADD_NORMAL' : undeclared identifier	y:\develop\github\backmir\bmclient\gamescene\GamePlayer.h	182	1	BackMirClient
Error	3992	error C2065: 'ADD_NORMAL' : undeclared identifier	y:\develop\github\backmir\bmclient\gamescene\GamePlayer.h	183	1	BackMirClient
Error	3993	error C2065: 'm_equipAttrib' : undeclared identifier	y:\develop\github\backmir\bmclient\gamescene\GamePlayer.h	75	1	BackMirClient
Error	3994	error C2065: 'PST_NONE' : undeclared identifier	y:\develop\github\backmir\bmclient\gamescene\GamePlayer.h	84	1	BackMirClient
Error	3995	error C2065: 'g_nWanLiTable' : undeclared identifier	y:\develop\github\backmir\bmclient\gamescene\GamePlayer.h	135	1	BackMirClient
Error	3996	error C2146: syntax error : missing ';' before identifier 'm_indexs'	y:\develop\github\backmir\bmclient\gamescene\GameMonster.h	114	1	BackMirClient
Error	3997	error C4430: missing type specifier - int assumed. Note: C++ does not support default-int	y:\develop\github\backmir\bmclient\gamescene\GameMonster.h	114	1	BackMirClient
Error	3998	error C2146: syntax error : missing ';' before identifier 'm_eEndStatus'	y:\develop\github\backmir\bmclient\gamescene\GameMonster.h	812	1	BackMirClient
Error	3999	error C4430: missing type specifier - int assumed. Note: C++ does not support default-int	y:\develop\github\backmir\bmclient\gamescene\GameMonster.h	812	1	BackMirClient
Error	4000	error C2146: syntax error : missing ';' before identifier 'm_xShowItems'	y:\develop\github\backmir\bmclient\GameScene\GameMapManager.h	137	1	BackMirClient
Error	4001	error C4430: missing type specifier - int assumed. Note: C++ does not support default-int	y:\develop\github\backmir\bmclient\GameScene\GameMapManager.h	137	1	BackMirClient
Error	4002	error C2146: syntax error : missing ';' before identifier 'm_xMouseItems'	y:\develop\github\backmir\bmclient\GameScene\GameMapManager.h	138	1	BackMirClient
Error	4003	error C4430: missing type specifier - int assumed. Note: C++ does not support default-int	y:\develop\github\backmir\bmclient\GameScene\GameMapManager.h	138	1	BackMirClient
Error	4004	error C2065: 'm_xMouseItems' : undeclared identifier	y:\develop\github\backmir\bmclient\GameScene\GameMapManager.h	80	1	BackMirClient
Error	4005	error C2228: left of '.push_back' must have class/struct/union	y:\develop\github\backmir\bmclient\GameScene\GameMapManager.h	80	1	BackMirClient
Error	4006	error C1083: Cannot open include file: 'FastDelegateBind.h': No such file or directory	y:\develop\github\backmir\bmclient\GameDialog\GameCommonDlg.h	9	1	BackMirClient
Warning	4007	warning C4819: The file contains a character that cannot be represented in the current code page (936). Save the file in Unicode format to prevent data loss	y:\develop\github\backmir\bmclient\Common\GlobalDefine.h	1	1	BackMirClient
Error	4008	error C2447: '{' : missing function header (old-style formal list?)	y:\develop\github\backmir\bmclient\Common\GlobalDefine.h	91	1	BackMirClient
Error	4009	error C2447: '{' : missing function header (old-style formal list?)	y:\develop\github\backmir\bmclient\Common\GlobalDefine.h	103	1	BackMirClient
Error	4010	error C2447: '{' : missing function header (old-style formal list?)	y:\develop\github\backmir\bmclient\Common\GlobalDefine.h	128	1	BackMirClient
Error	4011	error C2146: syntax error : missing ';' before identifier 'GetAngle'	y:\develop\github\backmir\bmclient\Common\GlobalFunction.h	26	1	BackMirClient
Error	4012	error C4430: missing type specifier - int assumed. Note: C++ does not support default-int	y:\develop\github\backmir\bmclient\Common\GlobalFunction.h	26	1	BackMirClient
Error	4013	error C4430: missing type specifier - int assumed. Note: C++ does not support default-int	y:\develop\github\backmir\bmclient\net\PacketHandler.h	71	1	BackMirClient
Error	4014	error C2143: syntax error : missing ',' before '&'	y:\develop\github\backmir\bmclient\net\PacketHandler.h	71	1	BackMirClient
Warning	4015	warning C4819: The file contains a character that cannot be represented in the current code page (936). Save the file in Unicode format to prevent data loss	y:\develop\github\backmir\CommonModule\MagicEffectID.h	1	1	BackMirClient
Error	4016	error C2061: syntax error : identifier 'PLAYER_DIRECTION'	y:\develop\github\backmir\bmclient\Common\GameRenderObject.h	308	1	BackMirClient
Error	4017	error C2146: syntax error : missing ';' before identifier 'GetDirection'	y:\develop\github\backmir\bmclient\Common\GameRenderObject.h	312	1	BackMirClient
Error	4018	error C2433: 'GameObject::PLAYER_DIRECTION' : 'inline' not permitted on data declarations	y:\develop\github\backmir\bmclient\Common\GameRenderObject.h	312	1	BackMirClient
Error	4019	error C4430: missing type specifier - int assumed. Note: C++ does not support default-int	y:\develop\github\backmir\bmclient\Common\GameRenderObject.h	312	1	BackMirClient
Error	4020	error C4430: missing type specifier - int assumed. Note: C++ does not support default-int	y:\develop\github\backmir\bmclient\Common\GameRenderObject.h	313	1	BackMirClient
Warning	4021	warning C4183: 'GetDirection': missing return type; assumed to be a member function returning 'int'	y:\develop\github\backmir\bmclient\Common\GameRenderObject.h	315	1	BackMirClient
Error	4022	error C2061: syntax error : identifier 'PLAYER_STATUS'	y:\develop\github\backmir\bmclient\Common\GameRenderObject.h	316	1	BackMirClient
Error	4023	error C2146: syntax error : missing ';' before identifier 'GetStatus'	y:\develop\github\backmir\bmclient\Common\GameRenderObject.h	326	1	BackMirClient
Error	4024	error C2433: 'GameObject::PLAYER_STATUS' : 'inline' not permitted on data declarations	y:\develop\github\backmir\bmclient\Common\GameRenderObject.h	326	1	BackMirClient
Error	4025	error C4430: missing type specifier - int assumed. Note: C++ does not support default-int	y:\develop\github\backmir\bmclient\Common\GameRenderObject.h	326	1	BackMirClient
Error	4026	error C4430: missing type specifier - int assumed. Note: C++ does not support default-int	y:\develop\github\backmir\bmclient\Common\GameRenderObject.h	327	1	BackMirClient
Warning	4027	warning C4183: 'GetStatus': missing return type; assumed to be a member function returning 'int'	y:\develop\github\backmir\bmclient\Common\GameRenderObject.h	329	1	BackMirClient
Error	4028	error C2146: syntax error : missing ';' before identifier 'GetPreStatus'	y:\develop\github\backmir\bmclient\Common\GameRenderObject.h	330	1	BackMirClient
Error	4029	error C2433: 'GameObject::PLAYER_STATUS' : 'inline' not permitted on data declarations	y:\develop\github\backmir\bmclient\Common\GameRenderObject.h	330	1	BackMirClient
Error	4030	error C4430: missing type specifier - int assumed. Note: C++ does not support default-int	y:\develop\github\backmir\bmclient\Common\GameRenderObject.h	330	1	BackMirClient
Error	4031	error C4430: missing type specifier - int assumed. Note: C++ does not support default-int	y:\develop\github\backmir\bmclient\Common\GameRenderObject.h	331	1	BackMirClient
Warning	4032	warning C4183: 'GetPreStatus': missing return type; assumed to be a member function returning 'int'	y:\develop\github\backmir\bmclient\Common\GameRenderObject.h	333	1	BackMirClient
Error	4033	error C2061: syntax error : identifier 'PLAYER_SEX'	y:\develop\github\backmir\bmclient\Common\GameRenderObject.h	354	1	BackMirClient
Error	4034	error C2146: syntax error : missing ';' before identifier 'GetPlayerSex'	y:\develop\github\backmir\bmclient\Common\GameRenderObject.h	358	1	BackMirClient
Error	4035	error C2433: 'GameObject::PLAYER_SEX' : 'inline' not permitted on data declarations	y:\develop\github\backmir\bmclient\Common\GameRenderObject.h	358	1	BackMirClient
Error	4036	error C4430: missing type specifier - int assumed. Note: C++ does not support default-int	y:\develop\github\backmir\bmclient\Common\GameRenderObject.h	358	1	BackMirClient
Error	4037	error C4430: missing type specifier - int assumed. Note: C++ does not support default-int	y:\develop\github\backmir\bmclient\Common\GameRenderObject.h	359	1	BackMirClient
Warning	4038	warning C4183: 'GetPlayerSex': missing return type; assumed to be a member function returning 'int'	y:\develop\github\backmir\bmclient\Common\GameRenderObject.h	361	1	BackMirClient
Error	4039	error C4430: missing type specifier - int assumed. Note: C++ does not support default-int	y:\develop\github\backmir\bmclient\Common\GameRenderObject.h	503	1	BackMirClient
Error	4040	error C2143: syntax error : missing ',' before '&'	y:\develop\github\backmir\bmclient\Common\GameRenderObject.h	503	1	BackMirClient
Error	4041	error C4430: missing type specifier - int assumed. Note: C++ does not support default-int	y:\develop\github\backmir\bmclient\Common\GameRenderObject.h	504	1	BackMirClient
Error	4042	error C2143: syntax error : missing ',' before '&'	y:\develop\github\backmir\bmclient\Common\GameRenderObject.h	504	1	BackMirClient
Error	4043	error C2535: 'void GameObject::DoPacket(const int)' : member function already defined or declared	y:\develop\github\backmir\bmclient\Common\GameRenderObject.h	504	1	BackMirClient
Error	4044	error C4430: missing type specifier - int assumed. Note: C++ does not support default-int	y:\develop\github\backmir\bmclient\Common\GameRenderObject.h	505	1	BackMirClient
Error	4045	error C2143: syntax error : missing ',' before '&'	y:\develop\github\backmir\bmclient\Common\GameRenderObject.h	505	1	BackMirClient
Error	4046	error C2535: 'void GameObject::DoPacket(const int)' : member function already defined or declared	y:\develop\github\backmir\bmclient\Common\GameRenderObject.h	505	1	BackMirClient
Error	4047	error C2061: syntax error : identifier 'PLAYER_STATUS'	y:\develop\github\backmir\bmclient\Common\GameRenderObject.h	513	1	BackMirClient
Error	4048	error C2146: syntax error : missing ';' before identifier 'm_drt'	y:\develop\github\backmir\bmclient\Common\GameRenderObject.h	554	1	BackMirClient
Error	4049	error C4430: missing type specifier - int assumed. Note: C++ does not support default-int	y:\develop\github\backmir\bmclient\Common\GameRenderObject.h	554	1	BackMirClient
Error	4050	error C2146: syntax error : missing ';' before identifier 'm_sex'	y:\develop\github\backmir\bmclient\Common\GameRenderObject.h	555	1	BackMirClient
Error	4051	error C4430: missing type specifier - int assumed. Note: C++ does not support default-int	y:\develop\github\backmir\bmclient\Common\GameRenderObject.h	555	1	BackMirClient
Error	4052	error C2146: syntax error : missing ';' before identifier 'm_stat'	y:\develop\github\backmir\bmclient\Common\GameRenderObject.h	556	1	BackMirClient
Error	4053	error C4430: missing type specifier - int assumed. Note: C++ does not support default-int	y:\develop\github\backmir\bmclient\Common\GameRenderObject.h	556	1	BackMirClient
Error	4054	error C2146: syntax error : missing ';' before identifier 'm_preStat'	y:\develop\github\backmir\bmclient\Common\GameRenderObject.h	557	1	BackMirClient
Error	4055	error C4430: missing type specifier - int assumed. Note: C++ does not support default-int	y:\develop\github\backmir\bmclient\Common\GameRenderObject.h	557	1	BackMirClient
Error	4056	error C2065: 'm_drt' : undeclared identifier	y:\develop\github\backmir\bmclient\Common\GameRenderObject.h	253	1	BackMirClient
Error	4057	error C2065: 'PDT_DOWN' : undeclared identifier	y:\develop\github\backmir\bmclient\Common\GameRenderObject.h	253	1	BackMirClient
Error	4058	error C2065: 'm_sex' : undeclared identifier	y:\develop\github\backmir\bmclient\Common\GameRenderObject.h	254	1	BackMirClient
Error	4059	error C2065: 'PSX_MAN' : undeclared identifier	y:\develop\github\backmir\bmclient\Common\GameRenderObject.h	254	1	BackMirClient
Error	4060	error C2065: 'm_preStat' : undeclared identifier	y:\develop\github\backmir\bmclient\Common\GameRenderObject.h	255	1	BackMirClient
Error	4061	error C2065: 'm_stat' : undeclared identifier	y:\develop\github\backmir\bmclient\Common\GameRenderObject.h	255	1	BackMirClient
Error	4062	error C2065: 'PST_STAND' : undeclared identifier	y:\develop\github\backmir\bmclient\Common\GameRenderObject.h	255	1	BackMirClient
Error	4063	error C2065: 'm_drt' : undeclared identifier	y:\develop\github\backmir\bmclient\Common\GameRenderObject.h	310	1	BackMirClient
Error	4064	error C2065: '_pd' : undeclared identifier	y:\develop\github\backmir\bmclient\Common\GameRenderObject.h	310	1	BackMirClient
Error	4065	error C2065: 'm_drt' : undeclared identifier	y:\develop\github\backmir\bmclient\Common\GameRenderObject.h	314	1	BackMirClient
Error	4066	error C2065: 'm_stat' : undeclared identifier	y:\develop\github\backmir\bmclient\Common\GameRenderObject.h	318	1	BackMirClient
Error	4067	error C2065: '_ps' : undeclared identifier	y:\develop\github\backmir\bmclient\Common\GameRenderObject.h	318	1	BackMirClient
Error	4068	error C2065: '_ps' : undeclared identifier	y:\develop\github\backmir\bmclient\Common\GameRenderObject.h	320	1	BackMirClient
Error	4069	error C2065: 'PST_STAND' : undeclared identifier	y:\develop\github\backmir\bmclient\Common\GameRenderObject.h	320	1	BackMirClient
Error	4070	error C2065: '_ps' : undeclared identifier	y:\develop\github\backmir\bmclient\Common\GameRenderObject.h	324	1	BackMirClient
Error	4071	error C2065: 'm_stat' : undeclared identifier	y:\develop\github\backmir\bmclient\Common\GameRenderObject.h	328	1	BackMirClient
Error	4072	error C2065: 'm_preStat' : undeclared identifier	y:\develop\github\backmir\bmclient\Common\GameRenderObject.h	332	1	BackMirClient
Error	4073	error C2065: 'm_sex' : undeclared identifier	y:\develop\github\backmir\bmclient\Common\GameRenderObject.h	356	1	BackMirClient
Error	4074	error C2065: '_ps' : undeclared identifier	y:\develop\github\backmir\bmclient\Common\GameRenderObject.h	356	1	BackMirClient
Error	4075	error C2065: 'm_sex' : undeclared identifier	y:\develop\github\backmir\bmclient\Common\GameRenderObject.h	360	1	BackMirClient
Error	4076	error C2065: 'PST_DEAD' : undeclared identifier	y:\develop\github\backmir\bmclient\Common\GameRenderObject.h	429	1	BackMirClient
Warning	4077	warning C4819: The file contains a character that cannot be represented in the current code page (936). Save the file in Unicode format to prevent data loss	y:\develop\github\backmir\CommonModule\ShareDefine.h	1	1	BackMirClient
Error	4078	error C2365: 'RES_ITEMS' : redefinition; previous definition was 'enumerator'	y:\develop\github\backmir\CommonModule\ShareDefine.h	79	1	BackMirClient
Error	4079	error C2365: 'RES_STATUS' : redefinition; previous definition was 'enumerator'	y:\develop\github\backmir\CommonModule\ShareDefine.h	80	1	BackMirClient
Error	4080	error C2365: 'RES_CUSTOM' : redefinition; previous definition was 'enumerator'	y:\develop\github\backmir\CommonModule\ShareDefine.h	81	1	BackMirClient
Error	4081	error C2365: 'RES_TOTAL' : redefinition; previous definition was 'enumerator'	y:\develop\github\backmir\CommonModule\ShareDefine.h	82	1	BackMirClient
Error	4082	error C2065: 'MEFF_USERTOTAL' : undeclared identifier	y:\develop\github\backmir\bmclient\GameScene\MagicEffect.h	8	1	BackMirClient
Error	4083	error C2061: syntax error : identifier 'PLAYER_STATUS'	y:\develop\github\backmir\bmclient\gamescene\GameOtherPlayer.h	29	1	BackMirClient
Error	4084	error C2061: syntax error : identifier 'MAGICEFFECT_TYPE'	y:\develop\github\backmir\bmclient\gamescene\GameOtherPlayer.h	52	1	BackMirClient
Error	4085	error C2061: syntax error : identifier 'MAGICEFFECT_TYPE'	y:\develop\github\backmir\bmclient\gamescene\GameOtherPlayer.h	53	1	BackMirClient
Error	4086	error C4430: missing type specifier - int assumed. Note: C++ does not support default-int	y:\develop\github\backmir\bmclient\gamescene\GameOtherPlayer.h	157	1	BackMirClient
Error	4087	error C2143: syntax error : missing ',' before '&'	y:\develop\github\backmir\bmclient\gamescene\GameOtherPlayer.h	157	1	BackMirClient
Error	4088	error C4430: missing type specifier - int assumed. Note: C++ does not support default-int	y:\develop\github\backmir\bmclient\gamescene\GameOtherPlayer.h	201	1	BackMirClient
Error	4089	error C2143: syntax error : missing ',' before '&'	y:\develop\github\backmir\bmclient\gamescene\GameOtherPlayer.h	201	1	BackMirClient
Error	4090	error C2535: 'void GameOtherPlayer::DoPacket(const int)' : member function already defined or declared	y:\develop\github\backmir\bmclient\gamescene\GameOtherPlayer.h	201	1	BackMirClient
Error	4091	error C2146: syntax error : missing ';' before identifier 'm_eEffect'	y:\develop\github\backmir\bmclient\gamescene\GameOtherPlayer.h	228	1	BackMirClient
Error	4092	error C4430: missing type specifier - int assumed. Note: C++ does not support default-int	y:\develop\github\backmir\bmclient\gamescene\GameOtherPlayer.h	228	1	BackMirClient
Error	4093	error C2065: 'MAGICEFFECT_TOTAL' : undeclared identifier	y:\develop\github\backmir\bmclient\gamescene\GameOtherPlayer.h	228	1	BackMirClient
Warning	4094	warning C4819: The file contains a character that cannot be represented in the current code page (936). Save the file in Unicode format to prevent data loss	y:\develop\github\backmir\CommonModule\RandGenerator.h	1	1	BackMirClient
Warning	4095	warning C4819: The file contains a character that cannot be represented in the current code page (936). Save the file in Unicode format to prevent data loss	y:\develop\github\backmir\CommonModule\CollDownController.h	1	1	BackMirClient
Error	4096	error C2061: syntax error : identifier 'PLAYER_DIRECTION'	y:\develop\github\backmir\bmclient\gamescene\GamePlayer.h	57	1	BackMirClient
Error	4097	error C2061: syntax error : identifier 'PLAYER_DIRECTION'	y:\develop\github\backmir\bmclient\gamescene\GamePlayer.h	58	1	BackMirClient
Error	4098	error C2143: syntax error : missing ';' before '*'	y:\develop\github\backmir\bmclient\gamescene\GamePlayer.h	73	1	BackMirClient
Error	4099	error C4430: missing type specifier - int assumed. Note: C++ does not support default-int	y:\develop\github\backmir\bmclient\gamescene\GamePlayer.h	73	1	BackMirClient
Error	4100	error C4430: missing type specifier - int assumed. Note: C++ does not support default-int	y:\develop\github\backmir\bmclient\gamescene\GamePlayer.h	74	1	BackMirClient
Warning	4101	warning C4183: 'GetEquip': missing return type; assumed to be a member function returning 'int'	y:\develop\github\backmir\bmclient\gamescene\GamePlayer.h	76	1	BackMirClient
Error	4102	error C2146: syntax error : missing ';' before identifier 'm_equipAttrib'	y:\develop\github\backmir\bmclient\gamescene\GamePlayer.h	350	1	BackMirClient
Error	4103	error C4430: missing type specifier - int assumed. Note: C++ does not support default-int	y:\develop\github\backmir\bmclient\gamescene\GamePlayer.h	350	1	BackMirClient
Error	4104	error C2146: syntax error : missing ';' before identifier 'm_indexs'	y:\develop\github\backmir\bmclient\gamescene\GamePlayer.h	361	1	BackMirClient
Error	4105	error C4430: missing type specifier - int assumed. Note: C++ does not support default-int	y:\develop\github\backmir\bmclient\gamescene\GamePlayer.h	361	1	BackMirClient
Error	4106	error C2065: 'ADD_NORMAL' : undeclared identifier	y:\develop\github\backmir\bmclient\gamescene\GamePlayer.h	182	1	BackMirClient
Error	4107	error C2065: 'ADD_NORMAL' : undeclared identifier	y:\develop\github\backmir\bmclient\gamescene\GamePlayer.h	183	1	BackMirClient
Error	4108	error C2065: 'm_equipAttrib' : undeclared identifier	y:\develop\github\backmir\bmclient\gamescene\GamePlayer.h	75	1	BackMirClient
Error	4109	error C2065: 'PST_NONE' : undeclared identifier	y:\develop\github\backmir\bmclient\gamescene\GamePlayer.h	84	1	BackMirClient
Error	4110	error C2065: 'g_nWanLiTable' : undeclared identifier	y:\develop\github\backmir\bmclient\gamescene\GamePlayer.h	135	1	BackMirClient
Error	4111	error C2146: syntax error : missing ';' before identifier 'm_indexs'	y:\develop\github\backmir\bmclient\gamescene\GameMonster.h	114	1	BackMirClient
Error	4112	error C4430: missing type specifier - int assumed. Note: C++ does not support default-int	y:\develop\github\backmir\bmclient\gamescene\GameMonster.h	114	1	BackMirClient
Error	4113	error C2146: syntax error : missing ';' before identifier 'm_eEndStatus'	y:\develop\github\backmir\bmclient\gamescene\GameMonster.h	812	1	BackMirClient
Error	4114	error C4430: missing type specifier - int assumed. Note: C++ does not support default-int	y:\develop\github\backmir\bmclient\gamescene\GameMonster.h	812	1	BackMirClient
Error	4115	error C2146: syntax error : missing ';' before identifier 'm_xShowItems'	y:\develop\github\backmir\bmclient\GameScene\GameMapManager.h	137	1	BackMirClient
Error	4116	error C4430: missing type specifier - int assumed. Note: C++ does not support default-int	y:\develop\github\backmir\bmclient\GameScene\GameMapManager.h	137	1	BackMirClient
Error	4117	error C2146: syntax error : missing ';' before identifier 'm_xMouseItems'	y:\develop\github\backmir\bmclient\GameScene\GameMapManager.h	138	1	BackMirClient
Error	4118	error C4430: missing type specifier - int assumed. Note: C++ does not support default-int	y:\develop\github\backmir\bmclient\GameScene\GameMapManager.h	138	1	BackMirClient
Error	4119	error C2065: 'm_xMouseItems' : undeclared identifier	y:\develop\github\backmir\bmclient\GameScene\GameMapManager.h	80	1	BackMirClient
Error	4120	error C2228: left of '.push_back' must have class/struct/union	y:\develop\github\backmir\bmclient\GameScene\GameMapManager.h	80	1	BackMirClient
Error	4121	error C1083: Cannot open include file: 'FastDelegateBind.h': No such file or directory	y:\develop\github\backmir\bmclient\GameDialog\GameCommonDlg.h	9	1	BackMirClient
Warning	4122	warning C4819: The file contains a character that cannot be represented in the current code page (936). Save the file in Unicode format to prevent data loss	y:\develop\github\backmir\bmclient\Common\GlobalDefine.h	1	1	BackMirClient
Error	4123	error C2447: '{' : missing function header (old-style formal list?)	y:\develop\github\backmir\bmclient\Common\GlobalDefine.h	91	1	BackMirClient
Error	4124	error C2447: '{' : missing function header (old-style formal list?)	y:\develop\github\backmir\bmclient\Common\GlobalDefine.h	103	1	BackMirClient
Error	4125	error C2447: '{' : missing function header (old-style formal list?)	y:\develop\github\backmir\bmclient\Common\GlobalDefine.h	128	1	BackMirClient
Error	4126	error C2146: syntax error : missing ';' before identifier 'GetAngle'	y:\develop\github\backmir\bmclient\Common\GlobalFunction.h	26	1	BackMirClient
Error	4127	error C4430: missing type specifier - int assumed. Note: C++ does not support default-int	y:\develop\github\backmir\bmclient\Common\GlobalFunction.h	26	1	BackMirClient
Error	4128	error C4430: missing type specifier - int assumed. Note: C++ does not support default-int	y:\develop\github\backmir\bmclient\net\PacketHandler.h	71	1	BackMirClient
Error	4129	error C2143: syntax error : missing ',' before '&'	y:\develop\github\backmir\bmclient\net\PacketHandler.h	71	1	BackMirClient
Warning	4130	warning C4819: The file contains a character that cannot be represented in the current code page (936). Save the file in Unicode format to prevent data loss	y:\develop\github\backmir\CommonModule\MagicEffectID.h	1	1	BackMirClient
Error	4131	error C2061: syntax error : identifier 'PLAYER_DIRECTION'	y:\develop\github\backmir\bmclient\Common\GameRenderObject.h	308	1	BackMirClient
Error	4132	error C2146: syntax error : missing ';' before identifier 'GetDirection'	y:\develop\github\backmir\bmclient\Common\GameRenderObject.h	312	1	BackMirClient
Error	4133	error C2433: 'GameObject::PLAYER_DIRECTION' : 'inline' not permitted on data declarations	y:\develop\github\backmir\bmclient\Common\GameRenderObject.h	312	1	BackMirClient
Error	4134	error C4430: missing type specifier - int assumed. Note: C++ does not support default-int	y:\develop\github\backmir\bmclient\Common\GameRenderObject.h	312	1	BackMirClient
Error	4135	error C4430: missing type specifier - int assumed. Note: C++ does not support default-int	y:\develop\github\backmir\bmclient\Common\GameRenderObject.h	313	1	BackMirClient
Warning	4136	warning C4183: 'GetDirection': missing return type; assumed to be a member function returning 'int'	y:\develop\github\backmir\bmclient\Common\GameRenderObject.h	315	1	BackMirClient
Error	4137	error C2061: syntax error : identifier 'PLAYER_STATUS'	y:\develop\github\backmir\bmclient\Common\GameRenderObject.h	316	1	BackMirClient
Error	4138	error C2146: syntax error : missing ';' before identifier 'GetStatus'	y:\develop\github\backmir\bmclient\Common\GameRenderObject.h	326	1	BackMirClient
Error	4139	error C2433: 'GameObject::PLAYER_STATUS' : 'inline' not permitted on data declarations	y:\develop\github\backmir\bmclient\Common\GameRenderObject.h	326	1	BackMirClient
Error	4140	error C4430: missing type specifier - int assumed. Note: C++ does not support default-int	y:\develop\github\backmir\bmclient\Common\GameRenderObject.h	326	1	BackMirClient
Error	4141	error C4430: missing type specifier - int assumed. Note: C++ does not support default-int	y:\develop\github\backmir\bmclient\Common\GameRenderObject.h	327	1	BackMirClient
Warning	4142	warning C4183: 'GetStatus': missing return type; assumed to be a member function returning 'int'	y:\develop\github\backmir\bmclient\Common\GameRenderObject.h	329	1	BackMirClient
Error	4143	error C2146: syntax error : missing ';' before identifier 'GetPreStatus'	y:\develop\github\backmir\bmclient\Common\GameRenderObject.h	330	1	BackMirClient
Error	4144	error C2433: 'GameObject::PLAYER_STATUS' : 'inline' not permitted on data declarations	y:\develop\github\backmir\bmclient\Common\GameRenderObject.h	330	1	BackMirClient
Error	4145	error C4430: missing type specifier - int assumed. Note: C++ does not support default-int	y:\develop\github\backmir\bmclient\Common\GameRenderObject.h	330	1	BackMirClient
Error	4146	error C4430: missing type specifier - int assumed. Note: C++ does not support default-int	y:\develop\github\backmir\bmclient\Common\GameRenderObject.h	331	1	BackMirClient
Warning	4147	warning C4183: 'GetPreStatus': missing return type; assumed to be a member function returning 'int'	y:\develop\github\backmir\bmclient\Common\GameRenderObject.h	333	1	BackMirClient
Error	4148	error C2061: syntax error : identifier 'PLAYER_SEX'	y:\develop\github\backmir\bmclient\Common\GameRenderObject.h	354	1	BackMirClient
Error	4149	error C2146: syntax error : missing ';' before identifier 'GetPlayerSex'	y:\develop\github\backmir\bmclient\Common\GameRenderObject.h	358	1	BackMirClient
Error	4150	error C2433: 'GameObject::PLAYER_SEX' : 'inline' not permitted on data declarations	y:\develop\github\backmir\bmclient\Common\GameRenderObject.h	358	1	BackMirClient
Error	4151	error C4430: missing type specifier - int assumed. Note: C++ does not support default-int	y:\develop\github\backmir\bmclient\Common\GameRenderObject.h	358	1	BackMirClient
Error	4152	error C4430: missing type specifier - int assumed. Note: C++ does not support default-int	y:\develop\github\backmir\bmclient\Common\GameRenderObject.h	359	1	BackMirClient
Warning	4153	warning C4183: 'GetPlayerSex': missing return type; assumed to be a member function returning 'int'	y:\develop\github\backmir\bmclient\Common\GameRenderObject.h	361	1	BackMirClient
Error	4154	error C4430: missing type specifier - int assumed. Note: C++ does not support default-int	y:\develop\github\backmir\bmclient\Common\GameRenderObject.h	503	1	BackMirClient
Error	4155	error C2143: syntax error : missing ',' before '&'	y:\develop\github\backmir\bmclient\Common\GameRenderObject.h	503	1	BackMirClient
Error	4156	error C4430: missing type specifier - int assumed. Note: C++ does not support default-int	y:\develop\github\backmir\bmclient\Common\GameRenderObject.h	504	1	BackMirClient
Error	4157	error C2143: syntax error : missing ',' before '&'	y:\develop\github\backmir\bmclient\Common\GameRenderObject.h	504	1	BackMirClient
Error	4158	error C2535: 'void GameObject::DoPacket(const int)' : member function already defined or declared	y:\develop\github\backmir\bmclient\Common\GameRenderObject.h	504	1	BackMirClient
Error	4159	error C4430: missing type specifier - int assumed. Note: C++ does not support default-int	y:\develop\github\backmir\bmclient\Common\GameRenderObject.h	505	1	BackMirClient
Error	4160	error C2143: syntax error : missing ',' before '&'	y:\develop\github\backmir\bmclient\Common\GameRenderObject.h	505	1	BackMirClient
Error	4161	error C2535: 'void GameObject::DoPacket(const int)' : member function already defined or declared	y:\develop\github\backmir\bmclient\Common\GameRenderObject.h	505	1	BackMirClient
Error	4162	error C2061: syntax error : identifier 'PLAYER_STATUS'	y:\develop\github\backmir\bmclient\Common\GameRenderObject.h	513	1	BackMirClient
Error	4163	error C2146: syntax error : missing ';' before identifier 'm_drt'	y:\develop\github\backmir\bmclient\Common\GameRenderObject.h	554	1	BackMirClient
Error	4164	error C4430: missing type specifier - int assumed. Note: C++ does not support default-int	y:\develop\github\backmir\bmclient\Common\GameRenderObject.h	554	1	BackMirClient
Error	4165	error C2146: syntax error : missing ';' before identifier 'm_sex'	y:\develop\github\backmir\bmclient\Common\GameRenderObject.h	555	1	BackMirClient
Error	4166	error C4430: missing type specifier - int assumed. Note: C++ does not support default-int	y:\develop\github\backmir\bmclient\Common\GameRenderObject.h	555	1	BackMirClient
Error	4167	error C2146: syntax error : missing ';' before identifier 'm_stat'	y:\develop\github\backmir\bmclient\Common\GameRenderObject.h	556	1	BackMirClient
Error	4168	error C4430: missing type specifier - int assumed. Note: C++ does not support default-int	y:\develop\github\backmir\bmclient\Common\GameRenderObject.h	556	1	BackMirClient
Error	4169	error C2146: syntax error : missing ';' before identifier 'm_preStat'	y:\develop\github\backmir\bmclient\Common\GameRenderObject.h	557	1	BackMirClient
Error	4170	error C4430: missing type specifier - int assumed. Note: C++ does not support default-int	y:\develop\github\backmir\bmclient\Common\GameRenderObject.h	557	1	BackMirClient
Error	4171	error C2065: 'm_drt' : undeclared identifier	y:\develop\github\backmir\bmclient\Common\GameRenderObject.h	253	1	BackMirClient
Error	4172	error C2065: 'PDT_DOWN' : undeclared identifier	y:\develop\github\backmir\bmclient\Common\GameRenderObject.h	253	1	BackMirClient
Error	4173	error C2065: 'm_sex' : undeclared identifier	y:\develop\github\backmir\bmclient\Common\GameRenderObject.h	254	1	BackMirClient
Error	4174	error C2065: 'PSX_MAN' : undeclared identifier	y:\develop\github\backmir\bmclient\Common\GameRenderObject.h	254	1	BackMirClient
Error	4175	error C2065: 'm_preStat' : undeclared identifier	y:\develop\github\backmir\bmclient\Common\GameRenderObject.h	255	1	BackMirClient
Error	4176	error C2065: 'm_stat' : undeclared identifier	y:\develop\github\backmir\bmclient\Common\GameRenderObject.h	255	1	BackMirClient
Error	4177	error C2065: 'PST_STAND' : undeclared identifier	y:\develop\github\backmir\bmclient\Common\GameRenderObject.h	255	1	BackMirClient
Error	4178	error C2065: 'm_drt' : undeclared identifier	y:\develop\github\backmir\bmclient\Common\GameRenderObject.h	310	1	BackMirClient
Error	4179	error C2065: '_pd' : undeclared identifier	y:\develop\github\backmir\bmclient\Common\GameRenderObject.h	310	1	BackMirClient
Error	4180	error C2065: 'm_drt' : undeclared identifier	y:\develop\github\backmir\bmclient\Common\GameRenderObject.h	314	1	BackMirClient
Error	4181	error C2065: 'm_stat' : undeclared identifier	y:\develop\github\backmir\bmclient\Common\GameRenderObject.h	318	1	BackMirClient
Error	4182	error C2065: '_ps' : undeclared identifier	y:\develop\github\backmir\bmclient\Common\GameRenderObject.h	318	1	BackMirClient
Error	4183	error C2065: '_ps' : undeclared identifier	y:\develop\github\backmir\bmclient\Common\GameRenderObject.h	320	1	BackMirClient
Error	4184	error C2065: 'PST_STAND' : undeclared identifier	y:\develop\github\backmir\bmclient\Common\GameRenderObject.h	320	1	BackMirClient
Error	4185	error C2065: '_ps' : undeclared identifier	y:\develop\github\backmir\bmclient\Common\GameRenderObject.h	324	1	BackMirClient
Error	4186	error C2065: 'm_stat' : undeclared identifier	y:\develop\github\backmir\bmclient\Common\GameRenderObject.h	328	1	BackMirClient
Error	4187	error C2065: 'm_preStat' : undeclared identifier	y:\develop\github\backmir\bmclient\Common\GameRenderObject.h	332	1	BackMirClient
Error	4188	error C2065: 'm_sex' : undeclared identifier	y:\develop\github\backmir\bmclient\Common\GameRenderObject.h	356	1	BackMirClient
Error	4189	error C2065: '_ps' : undeclared identifier	y:\develop\github\backmir\bmclient\Common\GameRenderObject.h	356	1	BackMirClient
Error	4190	error C2065: 'm_sex' : undeclared identifier	y:\develop\github\backmir\bmclient\Common\GameRenderObject.h	360	1	BackMirClient
Error	4191	error C2065: 'PST_DEAD' : undeclared identifier	y:\develop\github\backmir\bmclient\Common\GameRenderObject.h	429	1	BackMirClient
Warning	4192	warning C4819: The file contains a character that cannot be represented in the current code page (936). Save the file in Unicode format to prevent data loss	y:\develop\github\backmir\CommonModule\ShareDefine.h	1	1	BackMirClient
Error	4193	error C2365: 'RES_ITEMS' : redefinition; previous definition was 'enumerator'	y:\develop\github\backmir\CommonModule\ShareDefine.h	79	1	BackMirClient
Error	4194	error C2365: 'RES_STATUS' : redefinition; previous definition was 'enumerator'	y:\develop\github\backmir\CommonModule\ShareDefine.h	80	1	BackMirClient
Error	4195	error C2365: 'RES_CUSTOM' : redefinition; previous definition was 'enumerator'	y:\develop\github\backmir\CommonModule\ShareDefine.h	81	1	BackMirClient
Error	4196	error C2365: 'RES_TOTAL' : redefinition; previous definition was 'enumerator'	y:\develop\github\backmir\CommonModule\ShareDefine.h	82	1	BackMirClient
Error	4197	error C2065: 'MEFF_USERTOTAL' : undeclared identifier	y:\develop\github\backmir\bmclient\GameScene\MagicEffect.h	8	1	BackMirClient
Error	4198	error C2061: syntax error : identifier 'PLAYER_STATUS'	y:\develop\github\backmir\bmclient\gamescene\GameOtherPlayer.h	29	1	BackMirClient
Error	4199	error C2061: syntax error : identifier 'MAGICEFFECT_TYPE'	y:\develop\github\backmir\bmclient\gamescene\GameOtherPlayer.h	52	1	BackMirClient
Error	4200	error C2061: syntax error : identifier 'MAGICEFFECT_TYPE'	y:\develop\github\backmir\bmclient\gamescene\GameOtherPlayer.h	53	1	BackMirClient
Error	4201	error C4430: missing type specifier - int assumed. Note: C++ does not support default-int	y:\develop\github\backmir\bmclient\gamescene\GameOtherPlayer.h	157	1	BackMirClient
Error	4202	error C2143: syntax error : missing ',' before '&'	y:\develop\github\backmir\bmclient\gamescene\GameOtherPlayer.h	157	1	BackMirClient
Error	4203	error C4430: missing type specifier - int assumed. Note: C++ does not support default-int	y:\develop\github\backmir\bmclient\gamescene\GameOtherPlayer.h	201	1	BackMirClient
Error	4204	error C2143: syntax error : missing ',' before '&'	y:\develop\github\backmir\bmclient\gamescene\GameOtherPlayer.h	201	1	BackMirClient
Error	4205	error C2535: 'void GameOtherPlayer::DoPacket(const int)' : member function already defined or declared	y:\develop\github\backmir\bmclient\gamescene\GameOtherPlayer.h	201	1	BackMirClient
Error	4206	error C2146: syntax error : missing ';' before identifier 'm_eEffect'	y:\develop\github\backmir\bmclient\gamescene\GameOtherPlayer.h	228	1	BackMirClient
Error	4207	error C4430: missing type specifier - int assumed. Note: C++ does not support default-int	y:\develop\github\backmir\bmclient\gamescene\GameOtherPlayer.h	228	1	BackMirClient
Error	4208	error C2065: 'MAGICEFFECT_TOTAL' : undeclared identifier	y:\develop\github\backmir\bmclient\gamescene\GameOtherPlayer.h	228	1	BackMirClient
Warning	4209	warning C4819: The file contains a character that cannot be represented in the current code page (936). Save the file in Unicode format to prevent data loss	y:\develop\github\backmir\CommonModule\RandGenerator.h	1	1	BackMirClient
Warning	4210	warning C4819: The file contains a character that cannot be represented in the current code page (936). Save the file in Unicode format to prevent data loss	y:\develop\github\backmir\CommonModule\CollDownController.h	1	1	BackMirClient
Error	4211	error C2061: syntax error : identifier 'PLAYER_DIRECTION'	y:\develop\github\backmir\bmclient\gamescene\GamePlayer.h	57	1	BackMirClient
Error	4212	error C2061: syntax error : identifier 'PLAYER_DIRECTION'	y:\develop\github\backmir\bmclient\gamescene\GamePlayer.h	58	1	BackMirClient
Error	4213	error C2143: syntax error : missing ';' before '*'	y:\develop\github\backmir\bmclient\gamescene\GamePlayer.h	73	1	BackMirClient
Error	4214	error C4430: missing type specifier - int assumed. Note: C++ does not support default-int	y:\develop\github\backmir\bmclient\gamescene\GamePlayer.h	73	1	BackMirClient
Error	4215	error C4430: missing type specifier - int assumed. Note: C++ does not support default-int	y:\develop\github\backmir\bmclient\gamescene\GamePlayer.h	74	1	BackMirClient
Warning	4216	warning C4183: 'GetEquip': missing return type; assumed to be a member function returning 'int'	y:\develop\github\backmir\bmclient\gamescene\GamePlayer.h	76	1	BackMirClient
Error	4217	error C2146: syntax error : missing ';' before identifier 'm_equipAttrib'	y:\develop\github\backmir\bmclient\gamescene\GamePlayer.h	350	1	BackMirClient
Error	4218	error C4430: missing type specifier - int assumed. Note: C++ does not support default-int	y:\develop\github\backmir\bmclient\gamescene\GamePlayer.h	350	1	BackMirClient
Error	4219	error C2146: syntax error : missing ';' before identifier 'm_indexs'	y:\develop\github\backmir\bmclient\gamescene\GamePlayer.h	361	1	BackMirClient
Error	4220	error C4430: missing type specifier - int assumed. Note: C++ does not support default-int	y:\develop\github\backmir\bmclient\gamescene\GamePlayer.h	361	1	BackMirClient
Error	4221	error C2065: 'ADD_NORMAL' : undeclared identifier	y:\develop\github\backmir\bmclient\gamescene\GamePlayer.h	182	1	BackMirClient
Error	4222	error C2065: 'ADD_NORMAL' : undeclared identifier	y:\develop\github\backmir\bmclient\gamescene\GamePlayer.h	183	1	BackMirClient
Error	4223	error C2065: 'm_equipAttrib' : undeclared identifier	y:\develop\github\backmir\bmclient\gamescene\GamePlayer.h	75	1	BackMirClient
Error	4224	error C2065: 'PST_NONE' : undeclared identifier	y:\develop\github\backmir\bmclient\gamescene\GamePlayer.h	84	1	BackMirClient
Error	4225	error C2065: 'g_nWanLiTable' : undeclared identifier	y:\develop\github\backmir\bmclient\gamescene\GamePlayer.h	135	1	BackMirClient
Error	4226	error C2146: syntax error : missing ';' before identifier 'm_indexs'	y:\develop\github\backmir\bmclient\gamescene\GameMonster.h	114	1	BackMirClient
Error	4227	error C4430: missing type specifier - int assumed. Note: C++ does not support default-int	y:\develop\github\backmir\bmclient\gamescene\GameMonster.h	114	1	BackMirClient
Error	4228	error C2146: syntax error : missing ';' before identifier 'm_eEndStatus'	y:\develop\github\backmir\bmclient\gamescene\GameMonster.h	812	1	BackMirClient
Error	4229	error C4430: missing type specifier - int assumed. Note: C++ does not support default-int	y:\develop\github\backmir\bmclient\gamescene\GameMonster.h	812	1	BackMirClient
Error	4230	error C2146: syntax error : missing ';' before identifier 'm_xShowItems'	y:\develop\github\backmir\bmclient\GameScene\GameMapManager.h	137	1	BackMirClient
Error	4231	error C4430: missing type specifier - int assumed. Note: C++ does not support default-int	y:\develop\github\backmir\bmclient\GameScene\GameMapManager.h	137	1	BackMirClient
Error	4232	error C2146: syntax error : missing ';' before identifier 'm_xMouseItems'	y:\develop\github\backmir\bmclient\GameScene\GameMapManager.h	138	1	BackMirClient
Error	4233	error C4430: missing type specifier - int assumed. Note: C++ does not support default-int	y:\develop\github\backmir\bmclient\GameScene\GameMapManager.h	138	1	BackMirClient
Error	4234	error C2065: 'm_xMouseItems' : undeclared identifier	y:\develop\github\backmir\bmclient\GameScene\GameMapManager.h	80	1	BackMirClient
Error	4235	error C2228: left of '.push_back' must have class/struct/union	y:\develop\github\backmir\bmclient\GameScene\GameMapManager.h	80	1	BackMirClient
Error	4236	error C1083: Cannot open include file: 'FastDelegateBind.h': No such file or directory	y:\develop\github\backmir\bmclient\GameDialog\GameCommonDlg.h	9	1	BackMirClient
Warning	4237	warning C4819: The file contains a character that cannot be represented in the current code page (936). Save the file in Unicode format to prevent data loss	y:\develop\github\backmir\bmclient\Common\GlobalDefine.h	1	1	BackMirClient
Error	4238	error C2447: '{' : missing function header (old-style formal list?)	y:\develop\github\backmir\bmclient\Common\GlobalDefine.h	91	1	BackMirClient
Error	4239	error C2447: '{' : missing function header (old-style formal list?)	y:\develop\github\backmir\bmclient\Common\GlobalDefine.h	103	1	BackMirClient
Error	4240	error C2447: '{' : missing function header (old-style formal list?)	y:\develop\github\backmir\bmclient\Common\GlobalDefine.h	128	1	BackMirClient
Error	4241	error C2146: syntax error : missing ';' before identifier 'GetAngle'	y:\develop\github\backmir\bmclient\Common\GlobalFunction.h	26	1	BackMirClient
Error	4242	error C4430: missing type specifier - int assumed. Note: C++ does not support default-int	y:\develop\github\backmir\bmclient\Common\GlobalFunction.h	26	1	BackMirClient
Error	4243	error C4430: missing type specifier - int assumed. Note: C++ does not support default-int	y:\develop\github\backmir\bmclient\net\PacketHandler.h	71	1	BackMirClient
Error	4244	error C2143: syntax error : missing ',' before '&'	y:\develop\github\backmir\bmclient\net\PacketHandler.h	71	1	BackMirClient
Warning	4245	warning C4819: The file contains a character that cannot be represented in the current code page (936). Save the file in Unicode format to prevent data loss	y:\develop\github\backmir\CommonModule\MagicEffectID.h	1	1	BackMirClient
Error	4246	error C2061: syntax error : identifier 'PLAYER_DIRECTION'	y:\develop\github\backmir\bmclient\Common\GameRenderObject.h	308	1	BackMirClient
Error	4247	error C2146: syntax error : missing ';' before identifier 'GetDirection'	y:\develop\github\backmir\bmclient\Common\GameRenderObject.h	312	1	BackMirClient
Error	4248	error C2433: 'GameObject::PLAYER_DIRECTION' : 'inline' not permitted on data declarations	y:\develop\github\backmir\bmclient\Common\GameRenderObject.h	312	1	BackMirClient
Error	4249	error C4430: missing type specifier - int assumed. Note: C++ does not support default-int	y:\develop\github\backmir\bmclient\Common\GameRenderObject.h	312	1	BackMirClient
Error	4250	error C4430: missing type specifier - int assumed. Note: C++ does not support default-int	y:\develop\github\backmir\bmclient\Common\GameRenderObject.h	313	1	BackMirClient
Warning	4251	warning C4183: 'GetDirection': missing return type; assumed to be a member function returning 'int'	y:\develop\github\backmir\bmclient\Common\GameRenderObject.h	315	1	BackMirClient
Error	4252	error C2061: syntax error : identifier 'PLAYER_STATUS'	y:\develop\github\backmir\bmclient\Common\GameRenderObject.h	316	1	BackMirClient
Error	4253	error C2146: syntax error : missing ';' before identifier 'GetStatus'	y:\develop\github\backmir\bmclient\Common\GameRenderObject.h	326	1	BackMirClient
Error	4254	error C2433: 'GameObject::PLAYER_STATUS' : 'inline' not permitted on data declarations	y:\develop\github\backmir\bmclient\Common\GameRenderObject.h	326	1	BackMirClient
Error	4255	error C4430: missing type specifier - int assumed. Note: C++ does not support default-int	y:\develop\github\backmir\bmclient\Common\GameRenderObject.h	326	1	BackMirClient
Error	4256	error C4430: missing type specifier - int assumed. Note: C++ does not support default-int	y:\develop\github\backmir\bmclient\Common\GameRenderObject.h	327	1	BackMirClient
Warning	4257	warning C4183: 'GetStatus': missing return type; assumed to be a member function returning 'int'	y:\develop\github\backmir\bmclient\Common\GameRenderObject.h	329	1	BackMirClient
Error	4258	error C2146: syntax error : missing ';' before identifier 'GetPreStatus'	y:\develop\github\backmir\bmclient\Common\GameRenderObject.h	330	1	BackMirClient
Error	4259	error C2433: 'GameObject::PLAYER_STATUS' : 'inline' not permitted on data declarations	y:\develop\github\backmir\bmclient\Common\GameRenderObject.h	330	1	BackMirClient
Error	4260	error C4430: missing type specifier - int assumed. Note: C++ does not support default-int	y:\develop\github\backmir\bmclient\Common\GameRenderObject.h	330	1	BackMirClient
Error	4261	error C4430: missing type specifier - int assumed. Note: C++ does not support default-int	y:\develop\github\backmir\bmclient\Common\GameRenderObject.h	331	1	BackMirClient
Warning	4262	warning C4183: 'GetPreStatus': missing return type; assumed to be a member function returning 'int'	y:\develop\github\backmir\bmclient\Common\GameRenderObject.h	333	1	BackMirClient
Error	4263	error C2061: syntax error : identifier 'PLAYER_SEX'	y:\develop\github\backmir\bmclient\Common\GameRenderObject.h	354	1	BackMirClient
Error	4264	error C2146: syntax error : missing ';' before identifier 'GetPlayerSex'	y:\develop\github\backmir\bmclient\Common\GameRenderObject.h	358	1	BackMirClient
Error	4265	error C2433: 'GameObject::PLAYER_SEX' : 'inline' not permitted on data declarations	y:\develop\github\backmir\bmclient\Common\GameRenderObject.h	358	1	BackMirClient
Error	4266	error C4430: missing type specifier - int assumed. Note: C++ does not support default-int	y:\develop\github\backmir\bmclient\Common\GameRenderObject.h	358	1	BackMirClient
Error	4267	error C4430: missing type specifier - int assumed. Note: C++ does not support default-int	y:\develop\github\backmir\bmclient\Common\GameRenderObject.h	359	1	BackMirClient
Warning	4268	warning C4183: 'GetPlayerSex': missing return type; assumed to be a member function returning 'int'	y:\develop\github\backmir\bmclient\Common\GameRenderObject.h	361	1	BackMirClient
Error	4269	error C4430: missing type specifier - int assumed. Note: C++ does not support default-int	y:\develop\github\backmir\bmclient\Common\GameRenderObject.h	503	1	BackMirClient
Error	4270	error C2143: syntax error : missing ',' before '&'	y:\develop\github\backmir\bmclient\Common\GameRenderObject.h	503	1	BackMirClient
Error	4271	error C4430: missing type specifier - int assumed. Note: C++ does not support default-int	y:\develop\github\backmir\bmclient\Common\GameRenderObject.h	504	1	BackMirClient
Error	4272	error C2143: syntax error : missing ',' before '&'	y:\develop\github\backmir\bmclient\Common\GameRenderObject.h	504	1	BackMirClient
Error	4273	error C2535: 'void GameObject::DoPacket(const int)' : member function already defined or declared	y:\develop\github\backmir\bmclient\Common\GameRenderObject.h	504	1	BackMirClient
Error	4274	error C4430: missing type specifier - int assumed. Note: C++ does not support default-int	y:\develop\github\backmir\bmclient\Common\GameRenderObject.h	505	1	BackMirClient
Error	4275	error C2143: syntax error : missing ',' before '&'	y:\develop\github\backmir\bmclient\Common\GameRenderObject.h	505	1	BackMirClient
Error	4276	error C2535: 'void GameObject::DoPacket(const int)' : member function already defined or declared	y:\develop\github\backmir\bmclient\Common\GameRenderObject.h	505	1	BackMirClient
Error	4277	error C2061: syntax error : identifier 'PLAYER_STATUS'	y:\develop\github\backmir\bmclient\Common\GameRenderObject.h	513	1	BackMirClient
Error	4278	error C2146: syntax error : missing ';' before identifier 'm_drt'	y:\develop\github\backmir\bmclient\Common\GameRenderObject.h	554	1	BackMirClient
Error	4279	error C4430: missing type specifier - int assumed. Note: C++ does not support default-int	y:\develop\github\backmir\bmclient\Common\GameRenderObject.h	554	1	BackMirClient
Error	4280	error C2146: syntax error : missing ';' before identifier 'm_sex'	y:\develop\github\backmir\bmclient\Common\GameRenderObject.h	555	1	BackMirClient
Error	4281	error C4430: missing type specifier - int assumed. Note: C++ does not support default-int	y:\develop\github\backmir\bmclient\Common\GameRenderObject.h	555	1	BackMirClient
Error	4282	error C2146: syntax error : missing ';' before identifier 'm_stat'	y:\develop\github\backmir\bmclient\Common\GameRenderObject.h	556	1	BackMirClient
Error	4283	error C4430: missing type specifier - int assumed. Note: C++ does not support default-int	y:\develop\github\backmir\bmclient\Common\GameRenderObject.h	556	1	BackMirClient
Error	4284	error C2146: syntax error : missing ';' before identifier 'm_preStat'	y:\develop\github\backmir\bmclient\Common\GameRenderObject.h	557	1	BackMirClient
Error	4285	error C4430: missing type specifier - int assumed. Note: C++ does not support default-int	y:\develop\github\backmir\bmclient\Common\GameRenderObject.h	557	1	BackMirClient
Error	4286	error C2065: 'm_drt' : undeclared identifier	y:\develop\github\backmir\bmclient\Common\GameRenderObject.h	253	1	BackMirClient
Error	4287	error C2065: 'PDT_DOWN' : undeclared identifier	y:\develop\github\backmir\bmclient\Common\GameRenderObject.h	253	1	BackMirClient
Error	4288	error C2065: 'm_sex' : undeclared identifier	y:\develop\github\backmir\bmclient\Common\GameRenderObject.h	254	1	BackMirClient
Error	4289	error C2065: 'PSX_MAN' : undeclared identifier	y:\develop\github\backmir\bmclient\Common\GameRenderObject.h	254	1	BackMirClient
Error	4290	error C2065: 'm_preStat' : undeclared identifier	y:\develop\github\backmir\bmclient\Common\GameRenderObject.h	255	1	BackMirClient
Error	4291	error C2065: 'm_stat' : undeclared identifier	y:\develop\github\backmir\bmclient\Common\GameRenderObject.h	255	1	BackMirClient
Error	4292	error C2065: 'PST_STAND' : undeclared identifier	y:\develop\github\backmir\bmclient\Common\GameRenderObject.h	255	1	BackMirClient
Error	4293	error C2065: 'm_drt' : undeclared identifier	y:\develop\github\backmir\bmclient\Common\GameRenderObject.h	310	1	BackMirClient
Error	4294	error C2065: '_pd' : undeclared identifier	y:\develop\github\backmir\bmclient\Common\GameRenderObject.h	310	1	BackMirClient
Error	4295	error C2065: 'm_drt' : undeclared identifier	y:\develop\github\backmir\bmclient\Common\GameRenderObject.h	314	1	BackMirClient
Error	4296	error C2065: 'm_stat' : undeclared identifier	y:\develop\github\backmir\bmclient\Common\GameRenderObject.h	318	1	BackMirClient
Error	4297	error C2065: '_ps' : undeclared identifier	y:\develop\github\backmir\bmclient\Common\GameRenderObject.h	318	1	BackMirClient
Error	4298	error C2065: '_ps' : undeclared identifier	y:\develop\github\backmir\bmclient\Common\GameRenderObject.h	320	1	BackMirClient
Error	4299	error C2065: 'PST_STAND' : undeclared identifier	y:\develop\github\backmir\bmclient\Common\GameRenderObject.h	320	1	BackMirClient
Error	4300	error C2065: '_ps' : undeclared identifier	y:\develop\github\backmir\bmclient\Common\GameRenderObject.h	324	1	BackMirClient
Error	4301	error C2065: 'm_stat' : undeclared identifier	y:\develop\github\backmir\bmclient\Common\GameRenderObject.h	328	1	BackMirClient
Error	4302	error C2065: 'm_preStat' : undeclared identifier	y:\develop\github\backmir\bmclient\Common\GameRenderObject.h	332	1	BackMirClient
Error	4303	error C2065: 'm_sex' : undeclared identifier	y:\develop\github\backmir\bmclient\Common\GameRenderObject.h	356	1	BackMirClient
Error	4304	error C2065: '_ps' : undeclared identifier	y:\develop\github\backmir\bmclient\Common\GameRenderObject.h	356	1	BackMirClient
Error	4305	error C2065: 'm_sex' : undeclared identifier	y:\develop\github\backmir\bmclient\Common\GameRenderObject.h	360	1	BackMirClient
Error	4306	error C2065: 'PST_DEAD' : undeclared identifier	y:\develop\github\backmir\bmclient\Common\GameRenderObject.h	429	1	BackMirClient
Warning	4307	warning C4819: The file contains a character that cannot be represented in the current code page (936). Save the file in Unicode format to prevent data loss	y:\develop\github\backmir\CommonModule\ShareDefine.h	1	1	BackMirClient
Error	4308	error C2365: 'RES_ITEMS' : redefinition; previous definition was 'enumerator'	y:\develop\github\backmir\CommonModule\ShareDefine.h	79	1	BackMirClient
Error	4309	error C2365: 'RES_STATUS' : redefinition; previous definition was 'enumerator'	y:\develop\github\backmir\CommonModule\ShareDefine.h	80	1	BackMirClient
Error	4310	error C2365: 'RES_CUSTOM' : redefinition; previous definition was 'enumerator'	y:\develop\github\backmir\CommonModule\ShareDefine.h	81	1	BackMirClient
Error	4311	error C2365: 'RES_TOTAL' : redefinition; previous definition was 'enumerator'	y:\develop\github\backmir\CommonModule\ShareDefine.h	82	1	BackMirClient
Error	4312	error C2065: 'MEFF_USERTOTAL' : undeclared identifier	y:\develop\github\backmir\bmclient\GameScene\MagicEffect.h	8	1	BackMirClient
Error	4313	error C2061: syntax error : identifier 'PLAYER_STATUS'	y:\develop\github\backmir\bmclient\gamescene\GameOtherPlayer.h	29	1	BackMirClient
Error	4314	error C2061: syntax error : identifier 'MAGICEFFECT_TYPE'	y:\develop\github\backmir\bmclient\gamescene\GameOtherPlayer.h	52	1	BackMirClient
Error	4315	error C2061: syntax error : identifier 'MAGICEFFECT_TYPE'	y:\develop\github\backmir\bmclient\gamescene\GameOtherPlayer.h	53	1	BackMirClient
Error	4316	error C4430: missing type specifier - int assumed. Note: C++ does not support default-int	y:\develop\github\backmir\bmclient\gamescene\GameOtherPlayer.h	157	1	BackMirClient
Error	4317	error C2143: syntax error : missing ',' before '&'	y:\develop\github\backmir\bmclient\gamescene\GameOtherPlayer.h	157	1	BackMirClient
Error	4318	error C4430: missing type specifier - int assumed. Note: C++ does not support default-int	y:\develop\github\backmir\bmclient\gamescene\GameOtherPlayer.h	201	1	BackMirClient
Error	4319	error C2143: syntax error : missing ',' before '&'	y:\develop\github\backmir\bmclient\gamescene\GameOtherPlayer.h	201	1	BackMirClient
Error	4320	error C2535: 'void GameOtherPlayer::DoPacket(const int)' : member function already defined or declared	y:\develop\github\backmir\bmclient\gamescene\GameOtherPlayer.h	201	1	BackMirClient
Error	4321	error C2146: syntax error : missing ';' before identifier 'm_eEffect'	y:\develop\github\backmir\bmclient\gamescene\GameOtherPlayer.h	228	1	BackMirClient
Error	4322	error C4430: missing type specifier - int assumed. Note: C++ does not support default-int	y:\develop\github\backmir\bmclient\gamescene\GameOtherPlayer.h	228	1	BackMirClient
Error	4323	error C2065: 'MAGICEFFECT_TOTAL' : undeclared identifier	y:\develop\github\backmir\bmclient\gamescene\GameOtherPlayer.h	228	1	BackMirClient
Warning	4324	warning C4819: The file contains a character that cannot be represented in the current code page (936). Save the file in Unicode format to prevent data loss	y:\develop\github\backmir\CommonModule\RandGenerator.h	1	1	BackMirClient
Warning	4325	warning C4819: The file contains a character that cannot be represented in the current code page (936). Save the file in Unicode format to prevent data loss	y:\develop\github\backmir\CommonModule\CollDownController.h	1	1	BackMirClient
Error	4326	error C2061: syntax error : identifier 'PLAYER_DIRECTION'	y:\develop\github\backmir\bmclient\gamescene\GamePlayer.h	57	1	BackMirClient
Error	4327	error C2061: syntax error : identifier 'PLAYER_DIRECTION'	y:\develop\github\backmir\bmclient\gamescene\GamePlayer.h	58	1	BackMirClient
Error	4328	error C2143: syntax error : missing ';' before '*'	y:\develop\github\backmir\bmclient\gamescene\GamePlayer.h	73	1	BackMirClient
Error	4329	error C4430: missing type specifier - int assumed. Note: C++ does not support default-int	y:\develop\github\backmir\bmclient\gamescene\GamePlayer.h	73	1	BackMirClient
Error	4330	error C4430: missing type specifier - int assumed. Note: C++ does not support default-int	y:\develop\github\backmir\bmclient\gamescene\GamePlayer.h	74	1	BackMirClient
Warning	4331	warning C4183: 'GetEquip': missing return type; assumed to be a member function returning 'int'	y:\develop\github\backmir\bmclient\gamescene\GamePlayer.h	76	1	BackMirClient
Error	4332	error C2146: syntax error : missing ';' before identifier 'm_equipAttrib'	y:\develop\github\backmir\bmclient\gamescene\GamePlayer.h	350	1	BackMirClient
Error	4333	error C4430: missing type specifier - int assumed. Note: C++ does not support default-int	y:\develop\github\backmir\bmclient\gamescene\GamePlayer.h	350	1	BackMirClient
Error	4334	error C2146: syntax error : missing ';' before identifier 'm_indexs'	y:\develop\github\backmir\bmclient\gamescene\GamePlayer.h	361	1	BackMirClient
Error	4335	error C4430: missing type specifier - int assumed. Note: C++ does not support default-int	y:\develop\github\backmir\bmclient\gamescene\GamePlayer.h	361	1	BackMirClient
Error	4336	error C2065: 'ADD_NORMAL' : undeclared identifier	y:\develop\github\backmir\bmclient\gamescene\GamePlayer.h	182	1	BackMirClient
Error	4337	error C2065: 'ADD_NORMAL' : undeclared identifier	y:\develop\github\backmir\bmclient\gamescene\GamePlayer.h	183	1	BackMirClient
Error	4338	error C2065: 'm_equipAttrib' : undeclared identifier	y:\develop\github\backmir\bmclient\gamescene\GamePlayer.h	75	1	BackMirClient
Error	4339	error C2065: 'PST_NONE' : undeclared identifier	y:\develop\github\backmir\bmclient\gamescene\GamePlayer.h	84	1	BackMirClient
Error	4340	error C2065: 'g_nWanLiTable' : undeclared identifier	y:\develop\github\backmir\bmclient\gamescene\GamePlayer.h	135	1	BackMirClient
Error	4341	error C2146: syntax error : missing ';' before identifier 'm_indexs'	y:\develop\github\backmir\bmclient\gamescene\GameMonster.h	114	1	BackMirClient
Error	4342	error C4430: missing type specifier - int assumed. Note: C++ does not support default-int	y:\develop\github\backmir\bmclient\gamescene\GameMonster.h	114	1	BackMirClient
Error	4343	error C2146: syntax error : missing ';' before identifier 'm_eEndStatus'	y:\develop\github\backmir\bmclient\gamescene\GameMonster.h	812	1	BackMirClient
Error	4344	error C4430: missing type specifier - int assumed. Note: C++ does not support default-int	y:\develop\github\backmir\bmclient\gamescene\GameMonster.h	812	1	BackMirClient
Error	4345	error C2146: syntax error : missing ';' before identifier 'm_xShowItems'	y:\develop\github\backmir\bmclient\GameScene\GameMapManager.h	137	1	BackMirClient
Error	4346	error C4430: missing type specifier - int assumed. Note: C++ does not support default-int	y:\develop\github\backmir\bmclient\GameScene\GameMapManager.h	137	1	BackMirClient
Error	4347	error C2146: syntax error : missing ';' before identifier 'm_xMouseItems'	y:\develop\github\backmir\bmclient\GameScene\GameMapManager.h	138	1	BackMirClient
Error	4348	error C4430: missing type specifier - int assumed. Note: C++ does not support default-int	y:\develop\github\backmir\bmclient\GameScene\GameMapManager.h	138	1	BackMirClient
Error	4349	error C2065: 'm_xMouseItems' : undeclared identifier	y:\develop\github\backmir\bmclient\GameScene\GameMapManager.h	80	1	BackMirClient
Error	4350	error C2228: left of '.push_back' must have class/struct/union	y:\develop\github\backmir\bmclient\GameScene\GameMapManager.h	80	1	BackMirClient
Error	4351	error C1083: Cannot open include file: 'FastDelegateBind.h': No such file or directory	y:\develop\github\backmir\bmclient\GameDialog\GameCommonDlg.h	9	1	BackMirClient
Warning	4352	warning C4819: The file contains a character that cannot be represented in the current code page (936). Save the file in Unicode format to prevent data loss	y:\develop\github\backmir\bmclient\Common\GlobalDefine.h	1	1	BackMirClient
Error	4353	error C2447: '{' : missing function header (old-style formal list?)	y:\develop\github\backmir\bmclient\Common\GlobalDefine.h	91	1	BackMirClient
Error	4354	error C2447: '{' : missing function header (old-style formal list?)	y:\develop\github\backmir\bmclient\Common\GlobalDefine.h	103	1	BackMirClient
Error	4355	error C2447: '{' : missing function header (old-style formal list?)	y:\develop\github\backmir\bmclient\Common\GlobalDefine.h	128	1	BackMirClient
Error	4356	error C2146: syntax error : missing ';' before identifier 'GetAngle'	y:\develop\github\backmir\bmclient\Common\GlobalFunction.h	26	1	BackMirClient
Error	4357	error C4430: missing type specifier - int assumed. Note: C++ does not support default-int	y:\develop\github\backmir\bmclient\Common\GlobalFunction.h	26	1	BackMirClient
Error	4358	error C4430: missing type specifier - int assumed. Note: C++ does not support default-int	y:\develop\github\backmir\bmclient\net\PacketHandler.h	71	1	BackMirClient
Error	4359	error C2143: syntax error : missing ',' before '&'	y:\develop\github\backmir\bmclient\net\PacketHandler.h	71	1	BackMirClient
Warning	4360	warning C4819: The file contains a character that cannot be represented in the current code page (936). Save the file in Unicode format to prevent data loss	y:\develop\github\backmir\CommonModule\MagicEffectID.h	1	1	BackMirClient
Error	4361	error C2061: syntax error : identifier 'PLAYER_DIRECTION'	y:\develop\github\backmir\bmclient\Common\GameRenderObject.h	308	1	BackMirClient
Error	4362	error C2146: syntax error : missing ';' before identifier 'GetDirection'	y:\develop\github\backmir\bmclient\Common\GameRenderObject.h	312	1	BackMirClient
Error	4363	error C2433: 'GameObject::PLAYER_DIRECTION' : 'inline' not permitted on data declarations	y:\develop\github\backmir\bmclient\Common\GameRenderObject.h	312	1	BackMirClient
Error	4364	error C4430: missing type specifier - int assumed. Note: C++ does not support default-int	y:\develop\github\backmir\bmclient\Common\GameRenderObject.h	312	1	BackMirClient
Error	4365	error C4430: missing type specifier - int assumed. Note: C++ does not support default-int	y:\develop\github\backmir\bmclient\Common\GameRenderObject.h	313	1	BackMirClient
Warning	4366	warning C4183: 'GetDirection': missing return type; assumed to be a member function returning 'int'	y:\develop\github\backmir\bmclient\Common\GameRenderObject.h	315	1	BackMirClient
Error	4367	error C2061: syntax error : identifier 'PLAYER_STATUS'	y:\develop\github\backmir\bmclient\Common\GameRenderObject.h	316	1	BackMirClient
Error	4368	error C2146: syntax error : missing ';' before identifier 'GetStatus'	y:\develop\github\backmir\bmclient\Common\GameRenderObject.h	326	1	BackMirClient
Error	4369	error C2433: 'GameObject::PLAYER_STATUS' : 'inline' not permitted on data declarations	y:\develop\github\backmir\bmclient\Common\GameRenderObject.h	326	1	BackMirClient
Error	4370	error C4430: missing type specifier - int assumed. Note: C++ does not support default-int	y:\develop\github\backmir\bmclient\Common\GameRenderObject.h	326	1	BackMirClient
Error	4371	error C4430: missing type specifier - int assumed. Note: C++ does not support default-int	y:\develop\github\backmir\bmclient\Common\GameRenderObject.h	327	1	BackMirClient
Warning	4372	warning C4183: 'GetStatus': missing return type; assumed to be a member function returning 'int'	y:\develop\github\backmir\bmclient\Common\GameRenderObject.h	329	1	BackMirClient
Error	4373	error C2146: syntax error : missing ';' before identifier 'GetPreStatus'	y:\develop\github\backmir\bmclient\Common\GameRenderObject.h	330	1	BackMirClient
Error	4374	error C2433: 'GameObject::PLAYER_STATUS' : 'inline' not permitted on data declarations	y:\develop\github\backmir\bmclient\Common\GameRenderObject.h	330	1	BackMirClient
Error	4375	error C4430: missing type specifier - int assumed. Note: C++ does not support default-int	y:\develop\github\backmir\bmclient\Common\GameRenderObject.h	330	1	BackMirClient
Error	4376	error C4430: missing type specifier - int assumed. Note: C++ does not support default-int	y:\develop\github\backmir\bmclient\Common\GameRenderObject.h	331	1	BackMirClient
Warning	4377	warning C4183: 'GetPreStatus': missing return type; assumed to be a member function returning 'int'	y:\develop\github\backmir\bmclient\Common\GameRenderObject.h	333	1	BackMirClient
Error	4378	error C2061: syntax error : identifier 'PLAYER_SEX'	y:\develop\github\backmir\bmclient\Common\GameRenderObject.h	354	1	BackMirClient
Error	4379	error C2146: syntax error : missing ';' before identifier 'GetPlayerSex'	y:\develop\github\backmir\bmclient\Common\GameRenderObject.h	358	1	BackMirClient
Error	4380	error C2433: 'GameObject::PLAYER_SEX' : 'inline' not permitted on data declarations	y:\develop\github\backmir\bmclient\Common\GameRenderObject.h	358	1	BackMirClient
Error	4381	error C4430: missing type specifier - int assumed. Note: C++ does not support default-int	y:\develop\github\backmir\bmclient\Common\GameRenderObject.h	358	1	BackMirClient
Error	4382	error C4430: missing type specifier - int assumed. Note: C++ does not support default-int	y:\develop\github\backmir\bmclient\Common\GameRenderObject.h	359	1	BackMirClient
Warning	4383	warning C4183: 'GetPlayerSex': missing return type; assumed to be a member function returning 'int'	y:\develop\github\backmir\bmclient\Common\GameRenderObject.h	361	1	BackMirClient
Error	4384	error C4430: missing type specifier - int assumed. Note: C++ does not support default-int	y:\develop\github\backmir\bmclient\Common\GameRenderObject.h	503	1	BackMirClient
Error	4385	error C2143: syntax error : missing ',' before '&'	y:\develop\github\backmir\bmclient\Common\GameRenderObject.h	503	1	BackMirClient
Error	4386	error C4430: missing type specifier - int assumed. Note: C++ does not support default-int	y:\develop\github\backmir\bmclient\Common\GameRenderObject.h	504	1	BackMirClient
Error	4387	error C2143: syntax error : missing ',' before '&'	y:\develop\github\backmir\bmclient\Common\GameRenderObject.h	504	1	BackMirClient
Error	4388	error C2535: 'void GameObject::DoPacket(const int)' : member function already defined or declared	y:\develop\github\backmir\bmclient\Common\GameRenderObject.h	504	1	BackMirClient
Error	4389	error C4430: missing type specifier - int assumed. Note: C++ does not support default-int	y:\develop\github\backmir\bmclient\Common\GameRenderObject.h	505	1	BackMirClient
Error	4390	error C2143: syntax error : missing ',' before '&'	y:\develop\github\backmir\bmclient\Common\GameRenderObject.h	505	1	BackMirClient
Error	4391	error C2535: 'void GameObject::DoPacket(const int)' : member function already defined or declared	y:\develop\github\backmir\bmclient\Common\GameRenderObject.h	505	1	BackMirClient
Error	4392	error C2061: syntax error : identifier 'PLAYER_STATUS'	y:\develop\github\backmir\bmclient\Common\GameRenderObject.h	513	1	BackMirClient
Error	4393	error C2146: syntax error : missing ';' before identifier 'm_drt'	y:\develop\github\backmir\bmclient\Common\GameRenderObject.h	554	1	BackMirClient
Error	4394	error C4430: missing type specifier - int assumed. Note: C++ does not support default-int	y:\develop\github\backmir\bmclient\Common\GameRenderObject.h	554	1	BackMirClient
Error	4395	error C2146: syntax error : missing ';' before identifier 'm_sex'	y:\develop\github\backmir\bmclient\Common\GameRenderObject.h	555	1	BackMirClient
Error	4396	error C4430: missing type specifier - int assumed. Note: C++ does not support default-int	y:\develop\github\backmir\bmclient\Common\GameRenderObject.h	555	1	BackMirClient
Error	4397	error C2146: syntax error : missing ';' before identifier 'm_stat'	y:\develop\github\backmir\bmclient\Common\GameRenderObject.h	556	1	BackMirClient
Error	4398	error C4430: missing type specifier - int assumed. Note: C++ does not support default-int	y:\develop\github\backmir\bmclient\Common\GameRenderObject.h	556	1	BackMirClient
Error	4399	error C2146: syntax error : missing ';' before identifier 'm_preStat'	y:\develop\github\backmir\bmclient\Common\GameRenderObject.h	557	1	BackMirClient
Error	4400	error C4430: missing type specifier - int assumed. Note: C++ does not support default-int	y:\develop\github\backmir\bmclient\Common\GameRenderObject.h	557	1	BackMirClient
Error	4401	error C2065: 'm_drt' : undeclared identifier	y:\develop\github\backmir\bmclient\Common\GameRenderObject.h	253	1	BackMirClient
Error	4402	error C2065: 'PDT_DOWN' : undeclared identifier	y:\develop\github\backmir\bmclient\Common\GameRenderObject.h	253	1	BackMirClient
Error	4403	error C2065: 'm_sex' : undeclared identifier	y:\develop\github\backmir\bmclient\Common\GameRenderObject.h	254	1	BackMirClient
Error	4404	error C2065: 'PSX_MAN' : undeclared identifier	y:\develop\github\backmir\bmclient\Common\GameRenderObject.h	254	1	BackMirClient
Error	4405	error C2065: 'm_preStat' : undeclared identifier	y:\develop\github\backmir\bmclient\Common\GameRenderObject.h	255	1	BackMirClient
Error	4406	error C2065: 'm_stat' : undeclared identifier	y:\develop\github\backmir\bmclient\Common\GameRenderObject.h	255	1	BackMirClient
Error	4407	error C2065: 'PST_STAND' : undeclared identifier	y:\develop\github\backmir\bmclient\Common\GameRenderObject.h	255	1	BackMirClient
Error	4408	error C2065: 'm_drt' : undeclared identifier	y:\develop\github\backmir\bmclient\Common\GameRenderObject.h	310	1	BackMirClient
Error	4409	error C2065: '_pd' : undeclared identifier	y:\develop\github\backmir\bmclient\Common\GameRenderObject.h	310	1	BackMirClient
Error	4410	error C2065: 'm_drt' : undeclared identifier	y:\develop\github\backmir\bmclient\Common\GameRenderObject.h	314	1	BackMirClient
Error	4411	error C2065: 'm_stat' : undeclared identifier	y:\develop\github\backmir\bmclient\Common\GameRenderObject.h	318	1	BackMirClient
Error	4412	error C2065: '_ps' : undeclared identifier	y:\develop\github\backmir\bmclient\Common\GameRenderObject.h	318	1	BackMirClient
Error	4413	error C2065: '_ps' : undeclared identifier	y:\develop\github\backmir\bmclient\Common\GameRenderObject.h	320	1	BackMirClient
Error	4414	error C2065: 'PST_STAND' : undeclared identifier	y:\develop\github\backmir\bmclient\Common\GameRenderObject.h	320	1	BackMirClient
Error	4415	error C2065: '_ps' : undeclared identifier	y:\develop\github\backmir\bmclient\Common\GameRenderObject.h	324	1	BackMirClient
Error	4416	error C2065: 'm_stat' : undeclared identifier	y:\develop\github\backmir\bmclient\Common\GameRenderObject.h	328	1	BackMirClient
Error	4417	error C2065: 'm_preStat' : undeclared identifier	y:\develop\github\backmir\bmclient\Common\GameRenderObject.h	332	1	BackMirClient
Error	4418	error C2065: 'm_sex' : undeclared identifier	y:\develop\github\backmir\bmclient\Common\GameRenderObject.h	356	1	BackMirClient
Error	4419	error C2065: '_ps' : undeclared identifier	y:\develop\github\backmir\bmclient\Common\GameRenderObject.h	356	1	BackMirClient
Error	4420	error C2065: 'm_sex' : undeclared identifier	y:\develop\github\backmir\bmclient\Common\GameRenderObject.h	360	1	BackMirClient
Error	4421	error C2065: 'PST_DEAD' : undeclared identifier	y:\develop\github\backmir\bmclient\Common\GameRenderObject.h	429	1	BackMirClient
Warning	4422	warning C4819: The file contains a character that cannot be represented in the current code page (936). Save the file in Unicode format to prevent data loss	y:\develop\github\backmir\CommonModule\ShareDefine.h	1	1	BackMirClient
Error	4423	error C2365: 'RES_ITEMS' : redefinition; previous definition was 'enumerator'	y:\develop\github\backmir\CommonModule\ShareDefine.h	79	1	BackMirClient
Error	4424	error C2365: 'RES_STATUS' : redefinition; previous definition was 'enumerator'	y:\develop\github\backmir\CommonModule\ShareDefine.h	80	1	BackMirClient
Error	4425	error C2365: 'RES_CUSTOM' : redefinition; previous definition was 'enumerator'	y:\develop\github\backmir\CommonModule\ShareDefine.h	81	1	BackMirClient
Error	4426	error C2365: 'RES_TOTAL' : redefinition; previous definition was 'enumerator'	y:\develop\github\backmir\CommonModule\ShareDefine.h	82	1	BackMirClient
Error	4427	error C2065: 'MEFF_USERTOTAL' : undeclared identifier	y:\develop\github\backmir\bmclient\GameScene\MagicEffect.h	8	1	BackMirClient
Error	4428	error C2061: syntax error : identifier 'PLAYER_STATUS'	y:\develop\github\backmir\bmclient\gamescene\GameOtherPlayer.h	29	1	BackMirClient
Error	4429	error C2061: syntax error : identifier 'MAGICEFFECT_TYPE'	y:\develop\github\backmir\bmclient\gamescene\GameOtherPlayer.h	52	1	BackMirClient
Error	4430	error C2061: syntax error : identifier 'MAGICEFFECT_TYPE'	y:\develop\github\backmir\bmclient\gamescene\GameOtherPlayer.h	53	1	BackMirClient
Error	4431	error C4430: missing type specifier - int assumed. Note: C++ does not support default-int	y:\develop\github\backmir\bmclient\gamescene\GameOtherPlayer.h	157	1	BackMirClient
Error	4432	error C2143: syntax error : missing ',' before '&'	y:\develop\github\backmir\bmclient\gamescene\GameOtherPlayer.h	157	1	BackMirClient
Error	4433	error C4430: missing type specifier - int assumed. Note: C++ does not support default-int	y:\develop\github\backmir\bmclient\gamescene\GameOtherPlayer.h	201	1	BackMirClient
Error	4434	error C2143: syntax error : missing ',' before '&'	y:\develop\github\backmir\bmclient\gamescene\GameOtherPlayer.h	201	1	BackMirClient
Error	4435	error C2535: 'void GameOtherPlayer::DoPacket(const int)' : member function already defined or declared	y:\develop\github\backmir\bmclient\gamescene\GameOtherPlayer.h	201	1	BackMirClient
Error	4436	error C2146: syntax error : missing ';' before identifier 'm_eEffect'	y:\develop\github\backmir\bmclient\gamescene\GameOtherPlayer.h	228	1	BackMirClient
Error	4437	error C4430: missing type specifier - int assumed. Note: C++ does not support default-int	y:\develop\github\backmir\bmclient\gamescene\GameOtherPlayer.h	228	1	BackMirClient
Error	4438	error C2065: 'MAGICEFFECT_TOTAL' : undeclared identifier	y:\develop\github\backmir\bmclient\gamescene\GameOtherPlayer.h	228	1	BackMirClient
Warning	4439	warning C4819: The file contains a character that cannot be represented in the current code page (936). Save the file in Unicode format to prevent data loss	y:\develop\github\backmir\CommonModule\RandGenerator.h	1	1	BackMirClient
Warning	4440	warning C4819: The file contains a character that cannot be represented in the current code page (936). Save the file in Unicode format to prevent data loss	y:\develop\github\backmir\CommonModule\CollDownController.h	1	1	BackMirClient
Error	4441	error C2061: syntax error : identifier 'PLAYER_DIRECTION'	y:\develop\github\backmir\bmclient\gamescene\GamePlayer.h	57	1	BackMirClient
Error	4442	error C2061: syntax error : identifier 'PLAYER_DIRECTION'	y:\develop\github\backmir\bmclient\gamescene\GamePlayer.h	58	1	BackMirClient
Error	4443	error C2143: syntax error : missing ';' before '*'	y:\develop\github\backmir\bmclient\gamescene\GamePlayer.h	73	1	BackMirClient
Error	4444	error C4430: missing type specifier - int assumed. Note: C++ does not support default-int	y:\develop\github\backmir\bmclient\gamescene\GamePlayer.h	73	1	BackMirClient
Error	4445	error C4430: missing type specifier - int assumed. Note: C++ does not support default-int	y:\develop\github\backmir\bmclient\gamescene\GamePlayer.h	74	1	BackMirClient
Warning	4446	warning C4183: 'GetEquip': missing return type; assumed to be a member function returning 'int'	y:\develop\github\backmir\bmclient\gamescene\GamePlayer.h	76	1	BackMirClient
Error	4447	error C2146: syntax error : missing ';' before identifier 'm_equipAttrib'	y:\develop\github\backmir\bmclient\gamescene\GamePlayer.h	350	1	BackMirClient
Error	4448	error C4430: missing type specifier - int assumed. Note: C++ does not support default-int	y:\develop\github\backmir\bmclient\gamescene\GamePlayer.h	350	1	BackMirClient
Error	4449	error C2146: syntax error : missing ';' before identifier 'm_indexs'	y:\develop\github\backmir\bmclient\gamescene\GamePlayer.h	361	1	BackMirClient
Error	4450	error C4430: missing type specifier - int assumed. Note: C++ does not support default-int	y:\develop\github\backmir\bmclient\gamescene\GamePlayer.h	361	1	BackMirClient
Error	4451	error C2065: 'ADD_NORMAL' : undeclared identifier	y:\develop\github\backmir\bmclient\gamescene\GamePlayer.h	182	1	BackMirClient
Error	4452	error C2065: 'ADD_NORMAL' : undeclared identifier	y:\develop\github\backmir\bmclient\gamescene\GamePlayer.h	183	1	BackMirClient
Error	4453	error C2065: 'm_equipAttrib' : undeclared identifier	y:\develop\github\backmir\bmclient\gamescene\GamePlayer.h	75	1	BackMirClient
Error	4454	error C2065: 'PST_NONE' : undeclared identifier	y:\develop\github\backmir\bmclient\gamescene\GamePlayer.h	84	1	BackMirClient
Error	4455	error C2065: 'g_nWanLiTable' : undeclared identifier	y:\develop\github\backmir\bmclient\gamescene\GamePlayer.h	135	1	BackMirClient
Error	4456	error C2146: syntax error : missing ';' before identifier 'm_indexs'	y:\develop\github\backmir\bmclient\gamescene\GameMonster.h	114	1	BackMirClient
Error	4457	error C4430: missing type specifier - int assumed. Note: C++ does not support default-int	y:\develop\github\backmir\bmclient\gamescene\GameMonster.h	114	1	BackMirClient
Error	4458	error C2146: syntax error : missing ';' before identifier 'm_eEndStatus'	y:\develop\github\backmir\bmclient\gamescene\GameMonster.h	812	1	BackMirClient
Error	4459	error C4430: missing type specifier - int assumed. Note: C++ does not support default-int	y:\develop\github\backmir\bmclient\gamescene\GameMonster.h	812	1	BackMirClient
Error	4460	error C2146: syntax error : missing ';' before identifier 'm_xShowItems'	y:\develop\github\backmir\bmclient\GameScene\GameMapManager.h	137	1	BackMirClient
Error	4461	error C4430: missing type specifier - int assumed. Note: C++ does not support default-int	y:\develop\github\backmir\bmclient\GameScene\GameMapManager.h	137	1	BackMirClient
Error	4462	error C2146: syntax error : missing ';' before identifier 'm_xMouseItems'	y:\develop\github\backmir\bmclient\GameScene\GameMapManager.h	138	1	BackMirClient
Error	4463	error C4430: missing type specifier - int assumed. Note: C++ does not support default-int	y:\develop\github\backmir\bmclient\GameScene\GameMapManager.h	138	1	BackMirClient
Error	4464	error C2065: 'm_xMouseItems' : undeclared identifier	y:\develop\github\backmir\bmclient\GameScene\GameMapManager.h	80	1	BackMirClient
Error	4465	error C2228: left of '.push_back' must have class/struct/union	y:\develop\github\backmir\bmclient\GameScene\GameMapManager.h	80	1	BackMirClient
Error	4466	error C1083: Cannot open include file: 'FastDelegateBind.h': No such file or directory	y:\develop\github\backmir\bmclient\GameDialog\GameCommonDlg.h	9	1	BackMirClient
Warning	4467	warning C4819: The file contains a character that cannot be represented in the current code page (936). Save the file in Unicode format to prevent data loss	y:\develop\github\backmir\bmclient\Common\GlobalDefine.h	1	1	BackMirClient
Error	4468	error C2447: '{' : missing function header (old-style formal list?)	y:\develop\github\backmir\bmclient\Common\GlobalDefine.h	91	1	BackMirClient
Error	4469	error C2447: '{' : missing function header (old-style formal list?)	y:\develop\github\backmir\bmclient\Common\GlobalDefine.h	103	1	BackMirClient
Error	4470	error C2447: '{' : missing function header (old-style formal list?)	y:\develop\github\backmir\bmclient\Common\GlobalDefine.h	128	1	BackMirClient
Error	4471	error C2146: syntax error : missing ';' before identifier 'GetAngle'	y:\develop\github\backmir\bmclient\Common\GlobalFunction.h	26	1	BackMirClient
Error	4472	error C4430: missing type specifier - int assumed. Note: C++ does not support default-int	y:\develop\github\backmir\bmclient\Common\GlobalFunction.h	26	1	BackMirClient
Error	4473	error C4430: missing type specifier - int assumed. Note: C++ does not support default-int	y:\develop\github\backmir\bmclient\net\PacketHandler.h	71	1	BackMirClient
Error	4474	error C2143: syntax error : missing ',' before '&'	y:\develop\github\backmir\bmclient\net\PacketHandler.h	71	1	BackMirClient
Warning	4475	warning C4819: The file contains a character that cannot be represented in the current code page (936). Save the file in Unicode format to prevent data loss	y:\develop\github\backmir\CommonModule\MagicEffectID.h	1	1	BackMirClient
Error	4476	error C2061: syntax error : identifier 'PLAYER_DIRECTION'	y:\develop\github\backmir\bmclient\Common\GameRenderObject.h	308	1	BackMirClient
Error	4477	error C2146: syntax error : missing ';' before identifier 'GetDirection'	y:\develop\github\backmir\bmclient\Common\GameRenderObject.h	312	1	BackMirClient
Error	4478	error C2433: 'GameObject::PLAYER_DIRECTION' : 'inline' not permitted on data declarations	y:\develop\github\backmir\bmclient\Common\GameRenderObject.h	312	1	BackMirClient
Error	4479	error C4430: missing type specifier - int assumed. Note: C++ does not support default-int	y:\develop\github\backmir\bmclient\Common\GameRenderObject.h	312	1	BackMirClient
Error	4480	error C4430: missing type specifier - int assumed. Note: C++ does not support default-int	y:\develop\github\backmir\bmclient\Common\GameRenderObject.h	313	1	BackMirClient
Warning	4481	warning C4183: 'GetDirection': missing return type; assumed to be a member function returning 'int'	y:\develop\github\backmir\bmclient\Common\GameRenderObject.h	315	1	BackMirClient
Error	4482	error C2061: syntax error : identifier 'PLAYER_STATUS'	y:\develop\github\backmir\bmclient\Common\GameRenderObject.h	316	1	BackMirClient
Error	4483	error C2146: syntax error : missing ';' before identifier 'GetStatus'	y:\develop\github\backmir\bmclient\Common\GameRenderObject.h	326	1	BackMirClient
Error	4484	error C2433: 'GameObject::PLAYER_STATUS' : 'inline' not permitted on data declarations	y:\develop\github\backmir\bmclient\Common\GameRenderObject.h	326	1	BackMirClient
Error	4485	error C4430: missing type specifier - int assumed. Note: C++ does not support default-int	y:\develop\github\backmir\bmclient\Common\GameRenderObject.h	326	1	BackMirClient
Error	4486	error C4430: missing type specifier - int assumed. Note: C++ does not support default-int	y:\develop\github\backmir\bmclient\Common\GameRenderObject.h	327	1	BackMirClient
Warning	4487	warning C4183: 'GetStatus': missing return type; assumed to be a member function returning 'int'	y:\develop\github\backmir\bmclient\Common\GameRenderObject.h	329	1	BackMirClient
Error	4488	error C2146: syntax error : missing ';' before identifier 'GetPreStatus'	y:\develop\github\backmir\bmclient\Common\GameRenderObject.h	330	1	BackMirClient
Error	4489	error C2433: 'GameObject::PLAYER_STATUS' : 'inline' not permitted on data declarations	y:\develop\github\backmir\bmclient\Common\GameRenderObject.h	330	1	BackMirClient
Error	4490	error C4430: missing type specifier - int assumed. Note: C++ does not support default-int	y:\develop\github\backmir\bmclient\Common\GameRenderObject.h	330	1	BackMirClient
Error	4491	error C4430: missing type specifier - int assumed. Note: C++ does not support default-int	y:\develop\github\backmir\bmclient\Common\GameRenderObject.h	331	1	BackMirClient
Warning	4492	warning C4183: 'GetPreStatus': missing return type; assumed to be a member function returning 'int'	y:\develop\github\backmir\bmclient\Common\GameRenderObject.h	333	1	BackMirClient
Error	4493	error C2061: syntax error : identifier 'PLAYER_SEX'	y:\develop\github\backmir\bmclient\Common\GameRenderObject.h	354	1	BackMirClient
Error	4494	error C2146: syntax error : missing ';' before identifier 'GetPlayerSex'	y:\develop\github\backmir\bmclient\Common\GameRenderObject.h	358	1	BackMirClient
Error	4495	error C2433: 'GameObject::PLAYER_SEX' : 'inline' not permitted on data declarations	y:\develop\github\backmir\bmclient\Common\GameRenderObject.h	358	1	BackMirClient
Error	4496	error C4430: missing type specifier - int assumed. Note: C++ does not support default-int	y:\develop\github\backmir\bmclient\Common\GameRenderObject.h	358	1	BackMirClient
Error	4497	error C4430: missing type specifier - int assumed. Note: C++ does not support default-int	y:\develop\github\backmir\bmclient\Common\GameRenderObject.h	359	1	BackMirClient
Warning	4498	warning C4183: 'GetPlayerSex': missing return type; assumed to be a member function returning 'int'	y:\develop\github\backmir\bmclient\Common\GameRenderObject.h	361	1	BackMirClient
Error	4499	error C4430: missing type specifier - int assumed. Note: C++ does not support default-int	y:\develop\github\backmir\bmclient\Common\GameRenderObject.h	503	1	BackMirClient
Error	4500	error C2143: syntax error : missing ',' before '&'	y:\develop\github\backmir\bmclient\Common\GameRenderObject.h	503	1	BackMirClient
Error	4501	error C4430: missing type specifier - int assumed. Note: C++ does not support default-int	y:\develop\github\backmir\bmclient\Common\GameRenderObject.h	504	1	BackMirClient
Error	4502	error C2143: syntax error : missing ',' before '&'	y:\develop\github\backmir\bmclient\Common\GameRenderObject.h	504	1	BackMirClient
Error	4503	error C2535: 'void GameObject::DoPacket(const int)' : member function already defined or declared	y:\develop\github\backmir\bmclient\Common\GameRenderObject.h	504	1	BackMirClient
Error	4504	error C4430: missing type specifier - int assumed. Note: C++ does not support default-int	y:\develop\github\backmir\bmclient\Common\GameRenderObject.h	505	1	BackMirClient
Error	4505	error C2143: syntax error : missing ',' before '&'	y:\develop\github\backmir\bmclient\Common\GameRenderObject.h	505	1	BackMirClient
Error	4506	error C2535: 'void GameObject::DoPacket(const int)' : member function already defined or declared	y:\develop\github\backmir\bmclient\Common\GameRenderObject.h	505	1	BackMirClient
Error	4507	error C2061: syntax error : identifier 'PLAYER_STATUS'	y:\develop\github\backmir\bmclient\Common\GameRenderObject.h	513	1	BackMirClient
Error	4508	error C2146: syntax error : missing ';' before identifier 'm_drt'	y:\develop\github\backmir\bmclient\Common\GameRenderObject.h	554	1	BackMirClient
Error	4509	error C4430: missing type specifier - int assumed. Note: C++ does not support default-int	y:\develop\github\backmir\bmclient\Common\GameRenderObject.h	554	1	BackMirClient
Error	4510	error C2146: syntax error : missing ';' before identifier 'm_sex'	y:\develop\github\backmir\bmclient\Common\GameRenderObject.h	555	1	BackMirClient
Error	4511	error C4430: missing type specifier - int assumed. Note: C++ does not support default-int	y:\develop\github\backmir\bmclient\Common\GameRenderObject.h	555	1	BackMirClient
Error	4512	error C2146: syntax error : missing ';' before identifier 'm_stat'	y:\develop\github\backmir\bmclient\Common\GameRenderObject.h	556	1	BackMirClient
Error	4513	error C4430: missing type specifier - int assumed. Note: C++ does not support default-int	y:\develop\github\backmir\bmclient\Common\GameRenderObject.h	556	1	BackMirClient
Error	4514	error C2146: syntax error : missing ';' before identifier 'm_preStat'	y:\develop\github\backmir\bmclient\Common\GameRenderObject.h	557	1	BackMirClient
Error	4515	error C4430: missing type specifier - int assumed. Note: C++ does not support default-int	y:\develop\github\backmir\bmclient\Common\GameRenderObject.h	557	1	BackMirClient
Error	4516	error C2065: 'm_drt' : undeclared identifier	y:\develop\github\backmir\bmclient\Common\GameRenderObject.h	253	1	BackMirClient
Error	4517	error C2065: 'PDT_DOWN' : undeclared identifier	y:\develop\github\backmir\bmclient\Common\GameRenderObject.h	253	1	BackMirClient
Error	4518	error C2065: 'm_sex' : undeclared identifier	y:\develop\github\backmir\bmclient\Common\GameRenderObject.h	254	1	BackMirClient
Error	4519	error C2065: 'PSX_MAN' : undeclared identifier	y:\develop\github\backmir\bmclient\Common\GameRenderObject.h	254	1	BackMirClient
Error	4520	error C2065: 'm_preStat' : undeclared identifier	y:\develop\github\backmir\bmclient\Common\GameRenderObject.h	255	1	BackMirClient
Error	4521	error C2065: 'm_stat' : undeclared identifier	y:\develop\github\backmir\bmclient\Common\GameRenderObject.h	255	1	BackMirClient
Error	4522	error C2065: 'PST_STAND' : undeclared identifier	y:\develop\github\backmir\bmclient\Common\GameRenderObject.h	255	1	BackMirClient
Error	4523	error C2065: 'm_drt' : undeclared identifier	y:\develop\github\backmir\bmclient\Common\GameRenderObject.h	310	1	BackMirClient
Error	4524	error C2065: '_pd' : undeclared identifier	y:\develop\github\backmir\bmclient\Common\GameRenderObject.h	310	1	BackMirClient
Error	4525	error C2065: 'm_drt' : undeclared identifier	y:\develop\github\backmir\bmclient\Common\GameRenderObject.h	314	1	BackMirClient
Error	4526	error C2065: 'm_stat' : undeclared identifier	y:\develop\github\backmir\bmclient\Common\GameRenderObject.h	318	1	BackMirClient
Error	4527	error C2065: '_ps' : undeclared identifier	y:\develop\github\backmir\bmclient\Common\GameRenderObject.h	318	1	BackMirClient
Error	4528	error C2065: '_ps' : undeclared identifier	y:\develop\github\backmir\bmclient\Common\GameRenderObject.h	320	1	BackMirClient
Error	4529	error C2065: 'PST_STAND' : undeclared identifier	y:\develop\github\backmir\bmclient\Common\GameRenderObject.h	320	1	BackMirClient
Error	4530	error C2065: '_ps' : undeclared identifier	y:\develop\github\backmir\bmclient\Common\GameRenderObject.h	324	1	BackMirClient
Error	4531	error C2065: 'm_stat' : undeclared identifier	y:\develop\github\backmir\bmclient\Common\GameRenderObject.h	328	1	BackMirClient
Error	4532	error C2065: 'm_preStat' : undeclared identifier	y:\develop\github\backmir\bmclient\Common\GameRenderObject.h	332	1	BackMirClient
Error	4533	error C2065: 'm_sex' : undeclared identifier	y:\develop\github\backmir\bmclient\Common\GameRenderObject.h	356	1	BackMirClient
Error	4534	error C2065: '_ps' : undeclared identifier	y:\develop\github\backmir\bmclient\Common\GameRenderObject.h	356	1	BackMirClient
Error	4535	error C2065: 'm_sex' : undeclared identifier	y:\develop\github\backmir\bmclient\Common\GameRenderObject.h	360	1	BackMirClient
Error	4536	error C2065: 'PST_DEAD' : undeclared identifier	y:\develop\github\backmir\bmclient\Common\GameRenderObject.h	429	1	BackMirClient
Warning	4537	warning C4819: The file contains a character that cannot be represented in the current code page (936). Save the file in Unicode format to prevent data loss	y:\develop\github\backmir\CommonModule\ShareDefine.h	1	1	BackMirClient
Error	4538	error C2365: 'RES_ITEMS' : redefinition; previous definition was 'enumerator'	y:\develop\github\backmir\CommonModule\ShareDefine.h	79	1	BackMirClient
Error	4539	error C2365: 'RES_STATUS' : redefinition; previous definition was 'enumerator'	y:\develop\github\backmir\CommonModule\ShareDefine.h	80	1	BackMirClient
Error	4540	error C2365: 'RES_CUSTOM' : redefinition; previous definition was 'enumerator'	y:\develop\github\backmir\CommonModule\ShareDefine.h	81	1	BackMirClient
Error	4541	error C2365: 'RES_TOTAL' : redefinition; previous definition was 'enumerator'	y:\develop\github\backmir\CommonModule\ShareDefine.h	82	1	BackMirClient
Error	4542	error C2065: 'MEFF_USERTOTAL' : undeclared identifier	y:\develop\github\backmir\bmclient\GameScene\MagicEffect.h	8	1	BackMirClient
Error	4543	error C2061: syntax error : identifier 'PLAYER_STATUS'	y:\develop\github\backmir\bmclient\gamescene\GameOtherPlayer.h	29	1	BackMirClient
Error	4544	error C2061: syntax error : identifier 'MAGICEFFECT_TYPE'	y:\develop\github\backmir\bmclient\gamescene\GameOtherPlayer.h	52	1	BackMirClient
Error	4545	error C2061: syntax error : identifier 'MAGICEFFECT_TYPE'	y:\develop\github\backmir\bmclient\gamescene\GameOtherPlayer.h	53	1	BackMirClient
Error	4546	error C4430: missing type specifier - int assumed. Note: C++ does not support default-int	y:\develop\github\backmir\bmclient\gamescene\GameOtherPlayer.h	157	1	BackMirClient
Error	4547	error C2143: syntax error : missing ',' before '&'	y:\develop\github\backmir\bmclient\gamescene\GameOtherPlayer.h	157	1	BackMirClient
Error	4548	error C4430: missing type specifier - int assumed. Note: C++ does not support default-int	y:\develop\github\backmir\bmclient\gamescene\GameOtherPlayer.h	201	1	BackMirClient
Error	4549	error C2143: syntax error : missing ',' before '&'	y:\develop\github\backmir\bmclient\gamescene\GameOtherPlayer.h	201	1	BackMirClient
Error	4550	error C2535: 'void GameOtherPlayer::DoPacket(const int)' : member function already defined or declared	y:\develop\github\backmir\bmclient\gamescene\GameOtherPlayer.h	201	1	BackMirClient
Error	4551	error C2146: syntax error : missing ';' before identifier 'm_eEffect'	y:\develop\github\backmir\bmclient\gamescene\GameOtherPlayer.h	228	1	BackMirClient
Error	4552	error C4430: missing type specifier - int assumed. Note: C++ does not support default-int	y:\develop\github\backmir\bmclient\gamescene\GameOtherPlayer.h	228	1	BackMirClient
Error	4553	error C2065: 'MAGICEFFECT_TOTAL' : undeclared identifier	y:\develop\github\backmir\bmclient\gamescene\GameOtherPlayer.h	228	1	BackMirClient
Warning	4554	warning C4819: The file contains a character that cannot be represented in the current code page (936). Save the file in Unicode format to prevent data loss	y:\develop\github\backmir\CommonModule\RandGenerator.h	1	1	BackMirClient
Warning	4555	warning C4819: The file contains a character that cannot be represented in the current code page (936). Save the file in Unicode format to prevent data loss	y:\develop\github\backmir\CommonModule\CollDownController.h	1	1	BackMirClient
Error	4556	error C2061: syntax error : identifier 'PLAYER_DIRECTION'	y:\develop\github\backmir\bmclient\gamescene\GamePlayer.h	57	1	BackMirClient
Error	4557	error C2061: syntax error : identifier 'PLAYER_DIRECTION'	y:\develop\github\backmir\bmclient\gamescene\GamePlayer.h	58	1	BackMirClient
Error	4558	error C2143: syntax error : missing ';' before '*'	y:\develop\github\backmir\bmclient\gamescene\GamePlayer.h	73	1	BackMirClient
Error	4559	error C4430: missing type specifier - int assumed. Note: C++ does not support default-int	y:\develop\github\backmir\bmclient\gamescene\GamePlayer.h	73	1	BackMirClient
Error	4560	error C4430: missing type specifier - int assumed. Note: C++ does not support default-int	y:\develop\github\backmir\bmclient\gamescene\GamePlayer.h	74	1	BackMirClient
Warning	4561	warning C4183: 'GetEquip': missing return type; assumed to be a member function returning 'int'	y:\develop\github\backmir\bmclient\gamescene\GamePlayer.h	76	1	BackMirClient
Error	4562	error C2146: syntax error : missing ';' before identifier 'm_equipAttrib'	y:\develop\github\backmir\bmclient\gamescene\GamePlayer.h	350	1	BackMirClient
Error	4563	error C4430: missing type specifier - int assumed. Note: C++ does not support default-int	y:\develop\github\backmir\bmclient\gamescene\GamePlayer.h	350	1	BackMirClient
Error	4564	error C2146: syntax error : missing ';' before identifier 'm_indexs'	y:\develop\github\backmir\bmclient\gamescene\GamePlayer.h	361	1	BackMirClient
Error	4565	error C4430: missing type specifier - int assumed. Note: C++ does not support default-int	y:\develop\github\backmir\bmclient\gamescene\GamePlayer.h	361	1	BackMirClient
Error	4566	error C2065: 'ADD_NORMAL' : undeclared identifier	y:\develop\github\backmir\bmclient\gamescene\GamePlayer.h	182	1	BackMirClient
Error	4567	error C2065: 'ADD_NORMAL' : undeclared identifier	y:\develop\github\backmir\bmclient\gamescene\GamePlayer.h	183	1	BackMirClient
Error	4568	error C2065: 'm_equipAttrib' : undeclared identifier	y:\develop\github\backmir\bmclient\gamescene\GamePlayer.h	75	1	BackMirClient
Error	4569	error C2065: 'PST_NONE' : undeclared identifier	y:\develop\github\backmir\bmclient\gamescene\GamePlayer.h	84	1	BackMirClient
Error	4570	error C2065: 'g_nWanLiTable' : undeclared identifier	y:\develop\github\backmir\bmclient\gamescene\GamePlayer.h	135	1	BackMirClient
Error	4571	error C2146: syntax error : missing ';' before identifier 'm_indexs'	y:\develop\github\backmir\bmclient\gamescene\GameMonster.h	114	1	BackMirClient
Error	4572	error C4430: missing type specifier - int assumed. Note: C++ does not support default-int	y:\develop\github\backmir\bmclient\gamescene\GameMonster.h	114	1	BackMirClient
Error	4573	error C2146: syntax error : missing ';' before identifier 'm_eEndStatus'	y:\develop\github\backmir\bmclient\gamescene\GameMonster.h	812	1	BackMirClient
Error	4574	error C4430: missing type specifier - int assumed. Note: C++ does not support default-int	y:\develop\github\backmir\bmclient\gamescene\GameMonster.h	812	1	BackMirClient
Error	4575	error C2146: syntax error : missing ';' before identifier 'm_xShowItems'	y:\develop\github\backmir\bmclient\GameScene\GameMapManager.h	137	1	BackMirClient
Error	4576	error C4430: missing type specifier - int assumed. Note: C++ does not support default-int	y:\develop\github\backmir\bmclient\GameScene\GameMapManager.h	137	1	BackMirClient
Error	4577	error C2146: syntax error : missing ';' before identifier 'm_xMouseItems'	y:\develop\github\backmir\bmclient\GameScene\GameMapManager.h	138	1	BackMirClient
Error	4578	error C4430: missing type specifier - int assumed. Note: C++ does not support default-int	y:\develop\github\backmir\bmclient\GameScene\GameMapManager.h	138	1	BackMirClient
Error	4579	error C2065: 'm_xMouseItems' : undeclared identifier	y:\develop\github\backmir\bmclient\GameScene\GameMapManager.h	80	1	BackMirClient
Error	4580	error C2228: left of '.push_back' must have class/struct/union	y:\develop\github\backmir\bmclient\GameScene\GameMapManager.h	80	1	BackMirClient
Error	4581	error C1083: Cannot open include file: 'FastDelegateBind.h': No such file or directory	y:\develop\github\backmir\bmclient\GameDialog\GameCommonDlg.h	9	1	BackMirClient
Warning	4582	warning C4819: The file contains a character that cannot be represented in the current code page (936). Save the file in Unicode format to prevent data loss	y:\develop\github\backmir\bmclient\Common\GlobalDefine.h	1	1	BackMirClient
Error	4583	error C2447: '{' : missing function header (old-style formal list?)	y:\develop\github\backmir\bmclient\Common\GlobalDefine.h	91	1	BackMirClient
Error	4584	error C2447: '{' : missing function header (old-style formal list?)	y:\develop\github\backmir\bmclient\Common\GlobalDefine.h	103	1	BackMirClient
Error	4585	error C2447: '{' : missing function header (old-style formal list?)	y:\develop\github\backmir\bmclient\Common\GlobalDefine.h	128	1	BackMirClient
Error	4586	error C2146: syntax error : missing ';' before identifier 'GetAngle'	y:\develop\github\backmir\bmclient\Common\GlobalFunction.h	26	1	BackMirClient
Error	4587	error C4430: missing type specifier - int assumed. Note: C++ does not support default-int	y:\develop\github\backmir\bmclient\Common\GlobalFunction.h	26	1	BackMirClient
Error	4588	error C4430: missing type specifier - int assumed. Note: C++ does not support default-int	y:\develop\github\backmir\bmclient\net\PacketHandler.h	71	1	BackMirClient
Error	4589	error C2143: syntax error : missing ',' before '&'	y:\develop\github\backmir\bmclient\net\PacketHandler.h	71	1	BackMirClient
Warning	4590	warning C4819: The file contains a character that cannot be represented in the current code page (936). Save the file in Unicode format to prevent data loss	y:\develop\github\backmir\CommonModule\MagicEffectID.h	1	1	BackMirClient
Error	4591	error C2061: syntax error : identifier 'PLAYER_DIRECTION'	y:\develop\github\backmir\bmclient\Common\GameRenderObject.h	308	1	BackMirClient
Error	4592	error C2146: syntax error : missing ';' before identifier 'GetDirection'	y:\develop\github\backmir\bmclient\Common\GameRenderObject.h	312	1	BackMirClient
Error	4593	error C2433: 'GameObject::PLAYER_DIRECTION' : 'inline' not permitted on data declarations	y:\develop\github\backmir\bmclient\Common\GameRenderObject.h	312	1	BackMirClient
Error	4594	error C4430: missing type specifier - int assumed. Note: C++ does not support default-int	y:\develop\github\backmir\bmclient\Common\GameRenderObject.h	312	1	BackMirClient
Error	4595	error C4430: missing type specifier - int assumed. Note: C++ does not support default-int	y:\develop\github\backmir\bmclient\Common\GameRenderObject.h	313	1	BackMirClient
Warning	4596	warning C4183: 'GetDirection': missing return type; assumed to be a member function returning 'int'	y:\develop\github\backmir\bmclient\Common\GameRenderObject.h	315	1	BackMirClient
Error	4597	error C2061: syntax error : identifier 'PLAYER_STATUS'	y:\develop\github\backmir\bmclient\Common\GameRenderObject.h	316	1	BackMirClient
Error	4598	error C2146: syntax error : missing ';' before identifier 'GetStatus'	y:\develop\github\backmir\bmclient\Common\GameRenderObject.h	326	1	BackMirClient
Error	4599	error C2433: 'GameObject::PLAYER_STATUS' : 'inline' not permitted on data declarations	y:\develop\github\backmir\bmclient\Common\GameRenderObject.h	326	1	BackMirClient
Error	4600	error C4430: missing type specifier - int assumed. Note: C++ does not support default-int	y:\develop\github\backmir\bmclient\Common\GameRenderObject.h	326	1	BackMirClient
Error	4601	error C4430: missing type specifier - int assumed. Note: C++ does not support default-int	y:\develop\github\backmir\bmclient\Common\GameRenderObject.h	327	1	BackMirClient
Warning	4602	warning C4183: 'GetStatus': missing return type; assumed to be a member function returning 'int'	y:\develop\github\backmir\bmclient\Common\GameRenderObject.h	329	1	BackMirClient
Error	4603	error C2146: syntax error : missing ';' before identifier 'GetPreStatus'	y:\develop\github\backmir\bmclient\Common\GameRenderObject.h	330	1	BackMirClient
Error	4604	error C2433: 'GameObject::PLAYER_STATUS' : 'inline' not permitted on data declarations	y:\develop\github\backmir\bmclient\Common\GameRenderObject.h	330	1	BackMirClient
Error	4605	error C4430: missing type specifier - int assumed. Note: C++ does not support default-int	y:\develop\github\backmir\bmclient\Common\GameRenderObject.h	330	1	BackMirClient
Error	4606	error C4430: missing type specifier - int assumed. Note: C++ does not support default-int	y:\develop\github\backmir\bmclient\Common\GameRenderObject.h	331	1	BackMirClient
Warning	4607	warning C4183: 'GetPreStatus': missing return type; assumed to be a member function returning 'int'	y:\develop\github\backmir\bmclient\Common\GameRenderObject.h	333	1	BackMirClient
Error	4608	error C2061: syntax error : identifier 'PLAYER_SEX'	y:\develop\github\backmir\bmclient\Common\GameRenderObject.h	354	1	BackMirClient
Error	4609	error C2146: syntax error : missing ';' before identifier 'GetPlayerSex'	y:\develop\github\backmir\bmclient\Common\GameRenderObject.h	358	1	BackMirClient
Error	4610	error C2433: 'GameObject::PLAYER_SEX' : 'inline' not permitted on data declarations	y:\develop\github\backmir\bmclient\Common\GameRenderObject.h	358	1	BackMirClient
Error	4611	error C4430: missing type specifier - int assumed. Note: C++ does not support default-int	y:\develop\github\backmir\bmclient\Common\GameRenderObject.h	358	1	BackMirClient
Error	4612	error C4430: missing type specifier - int assumed. Note: C++ does not support default-int	y:\develop\github\backmir\bmclient\Common\GameRenderObject.h	359	1	BackMirClient
Warning	4613	warning C4183: 'GetPlayerSex': missing return type; assumed to be a member function returning 'int'	y:\develop\github\backmir\bmclient\Common\GameRenderObject.h	361	1	BackMirClient
Error	4614	error C4430: missing type specifier - int assumed. Note: C++ does not support default-int	y:\develop\github\backmir\bmclient\Common\GameRenderObject.h	503	1	BackMirClient
Error	4615	error C2143: syntax error : missing ',' before '&'	y:\develop\github\backmir\bmclient\Common\GameRenderObject.h	503	1	BackMirClient
Error	4616	error C4430: missing type specifier - int assumed. Note: C++ does not support default-int	y:\develop\github\backmir\bmclient\Common\GameRenderObject.h	504	1	BackMirClient
Error	4617	error C2143: syntax error : missing ',' before '&'	y:\develop\github\backmir\bmclient\Common\GameRenderObject.h	504	1	BackMirClient
Error	4618	error C2535: 'void GameObject::DoPacket(const int)' : member function already defined or declared	y:\develop\github\backmir\bmclient\Common\GameRenderObject.h	504	1	BackMirClient
Error	4619	error C4430: missing type specifier - int assumed. Note: C++ does not support default-int	y:\develop\github\backmir\bmclient\Common\GameRenderObject.h	505	1	BackMirClient
Error	4620	error C2143: syntax error : missing ',' before '&'	y:\develop\github\backmir\bmclient\Common\GameRenderObject.h	505	1	BackMirClient
Error	4621	error C2535: 'void GameObject::DoPacket(const int)' : member function already defined or declared	y:\develop\github\backmir\bmclient\Common\GameRenderObject.h	505	1	BackMirClient
Error	4622	error C2061: syntax error : identifier 'PLAYER_STATUS'	y:\develop\github\backmir\bmclient\Common\GameRenderObject.h	513	1	BackMirClient
Error	4623	error C2146: syntax error : missing ';' before identifier 'm_drt'	y:\develop\github\backmir\bmclient\Common\GameRenderObject.h	554	1	BackMirClient
Error	4624	error C4430: missing type specifier - int assumed. Note: C++ does not support default-int	y:\develop\github\backmir\bmclient\Common\GameRenderObject.h	554	1	BackMirClient
Error	4625	error C2146: syntax error : missing ';' before identifier 'm_sex'	y:\develop\github\backmir\bmclient\Common\GameRenderObject.h	555	1	BackMirClient
Error	4626	error C4430: missing type specifier - int assumed. Note: C++ does not support default-int	y:\develop\github\backmir\bmclient\Common\GameRenderObject.h	555	1	BackMirClient
Error	4627	error C2146: syntax error : missing ';' before identifier 'm_stat'	y:\develop\github\backmir\bmclient\Common\GameRenderObject.h	556	1	BackMirClient
Error	4628	error C4430: missing type specifier - int assumed. Note: C++ does not support default-int	y:\develop\github\backmir\bmclient\Common\GameRenderObject.h	556	1	BackMirClient
Error	4629	error C2146: syntax error : missing ';' before identifier 'm_preStat'	y:\develop\github\backmir\bmclient\Common\GameRenderObject.h	557	1	BackMirClient
Error	4630	error C4430: missing type specifier - int assumed. Note: C++ does not support default-int	y:\develop\github\backmir\bmclient\Common\GameRenderObject.h	557	1	BackMirClient
Error	4631	error C2065: 'm_drt' : undeclared identifier	y:\develop\github\backmir\bmclient\Common\GameRenderObject.h	253	1	BackMirClient
Error	4632	error C2065: 'PDT_DOWN' : undeclared identifier	y:\develop\github\backmir\bmclient\Common\GameRenderObject.h	253	1	BackMirClient
Error	4633	error C2065: 'm_sex' : undeclared identifier	y:\develop\github\backmir\bmclient\Common\GameRenderObject.h	254	1	BackMirClient
Error	4634	error C2065: 'PSX_MAN' : undeclared identifier	y:\develop\github\backmir\bmclient\Common\GameRenderObject.h	254	1	BackMirClient
Error	4635	error C2065: 'm_preStat' : undeclared identifier	y:\develop\github\backmir\bmclient\Common\GameRenderObject.h	255	1	BackMirClient
Error	4636	error C2065: 'm_stat' : undeclared identifier	y:\develop\github\backmir\bmclient\Common\GameRenderObject.h	255	1	BackMirClient
Error	4637	error C2065: 'PST_STAND' : undeclared identifier	y:\develop\github\backmir\bmclient\Common\GameRenderObject.h	255	1	BackMirClient
Error	4638	error C2065: 'm_drt' : undeclared identifier	y:\develop\github\backmir\bmclient\Common\GameRenderObject.h	310	1	BackMirClient
Error	4639	error C2065: '_pd' : undeclared identifier	y:\develop\github\backmir\bmclient\Common\GameRenderObject.h	310	1	BackMirClient
Error	4640	error C2065: 'm_drt' : undeclared identifier	y:\develop\github\backmir\bmclient\Common\GameRenderObject.h	314	1	BackMirClient
Error	4641	error C2065: 'm_stat' : undeclared identifier	y:\develop\github\backmir\bmclient\Common\GameRenderObject.h	318	1	BackMirClient
Error	4642	error C2065: '_ps' : undeclared identifier	y:\develop\github\backmir\bmclient\Common\GameRenderObject.h	318	1	BackMirClient
Error	4643	error C2065: '_ps' : undeclared identifier	y:\develop\github\backmir\bmclient\Common\GameRenderObject.h	320	1	BackMirClient
Error	4644	error C2065: 'PST_STAND' : undeclared identifier	y:\develop\github\backmir\bmclient\Common\GameRenderObject.h	320	1	BackMirClient
Error	4645	error C2065: '_ps' : undeclared identifier	y:\develop\github\backmir\bmclient\Common\GameRenderObject.h	324	1	BackMirClient
Error	4646	error C2065: 'm_stat' : undeclared identifier	y:\develop\github\backmir\bmclient\Common\GameRenderObject.h	328	1	BackMirClient
Error	4647	error C2065: 'm_preStat' : undeclared identifier	y:\develop\github\backmir\bmclient\Common\GameRenderObject.h	332	1	BackMirClient
Error	4648	error C2065: 'm_sex' : undeclared identifier	y:\develop\github\backmir\bmclient\Common\GameRenderObject.h	356	1	BackMirClient
Error	4649	error C2065: '_ps' : undeclared identifier	y:\develop\github\backmir\bmclient\Common\GameRenderObject.h	356	1	BackMirClient
Error	4650	error C2065: 'm_sex' : undeclared identifier	y:\develop\github\backmir\bmclient\Common\GameRenderObject.h	360	1	BackMirClient
Error	4651	error C2065: 'PST_DEAD' : undeclared identifier	y:\develop\github\backmir\bmclient\Common\GameRenderObject.h	429	1	BackMirClient
Warning	4652	warning C4819: The file contains a character that cannot be represented in the current code page (936). Save the file in Unicode format to prevent data loss	y:\develop\github\backmir\CommonModule\ShareDefine.h	1	1	BackMirClient
Error	4653	error C2365: 'RES_ITEMS' : redefinition; previous definition was 'enumerator'	y:\develop\github\backmir\CommonModule\ShareDefine.h	79	1	BackMirClient
Error	4654	error C2365: 'RES_STATUS' : redefinition; previous definition was 'enumerator'	y:\develop\github\backmir\CommonModule\ShareDefine.h	80	1	BackMirClient
Error	4655	error C2365: 'RES_CUSTOM' : redefinition; previous definition was 'enumerator'	y:\develop\github\backmir\CommonModule\ShareDefine.h	81	1	BackMirClient
Error	4656	error C2365: 'RES_TOTAL' : redefinition; previous definition was 'enumerator'	y:\develop\github\backmir\CommonModule\ShareDefine.h	82	1	BackMirClient
Error	4657	error C2065: 'MEFF_USERTOTAL' : undeclared identifier	y:\develop\github\backmir\bmclient\GameScene\MagicEffect.h	8	1	BackMirClient
Error	4658	error C2061: syntax error : identifier 'PLAYER_STATUS'	y:\develop\github\backmir\bmclient\gamescene\GameOtherPlayer.h	29	1	BackMirClient
Error	4659	error C2061: syntax error : identifier 'MAGICEFFECT_TYPE'	y:\develop\github\backmir\bmclient\gamescene\GameOtherPlayer.h	52	1	BackMirClient
Error	4660	error C2061: syntax error : identifier 'MAGICEFFECT_TYPE'	y:\develop\github\backmir\bmclient\gamescene\GameOtherPlayer.h	53	1	BackMirClient
Error	4661	error C4430: missing type specifier - int assumed. Note: C++ does not support default-int	y:\develop\github\backmir\bmclient\gamescene\GameOtherPlayer.h	157	1	BackMirClient
Error	4662	error C2143: syntax error : missing ',' before '&'	y:\develop\github\backmir\bmclient\gamescene\GameOtherPlayer.h	157	1	BackMirClient
Error	4663	error C4430: missing type specifier - int assumed. Note: C++ does not support default-int	y:\develop\github\backmir\bmclient\gamescene\GameOtherPlayer.h	201	1	BackMirClient
Error	4664	error C2143: syntax error : missing ',' before '&'	y:\develop\github\backmir\bmclient\gamescene\GameOtherPlayer.h	201	1	BackMirClient
Error	4665	error C2535: 'void GameOtherPlayer::DoPacket(const int)' : member function already defined or declared	y:\develop\github\backmir\bmclient\gamescene\GameOtherPlayer.h	201	1	BackMirClient
Error	4666	error C2146: syntax error : missing ';' before identifier 'm_eEffect'	y:\develop\github\backmir\bmclient\gamescene\GameOtherPlayer.h	228	1	BackMirClient
Error	4667	error C4430: missing type specifier - int assumed. Note: C++ does not support default-int	y:\develop\github\backmir\bmclient\gamescene\GameOtherPlayer.h	228	1	BackMirClient
Error	4668	error C2065: 'MAGICEFFECT_TOTAL' : undeclared identifier	y:\develop\github\backmir\bmclient\gamescene\GameOtherPlayer.h	228	1	BackMirClient
Warning	4669	warning C4819: The file contains a character that cannot be represented in the current code page (936). Save the file in Unicode format to prevent data loss	y:\develop\github\backmir\CommonModule\RandGenerator.h	1	1	BackMirClient
Warning	4670	warning C4819: The file contains a character that cannot be represented in the current code page (936). Save the file in Unicode format to prevent data loss	y:\develop\github\backmir\CommonModule\CollDownController.h	1	1	BackMirClient
Error	4671	error C2061: syntax error : identifier 'PLAYER_DIRECTION'	y:\develop\github\backmir\bmclient\gamescene\GamePlayer.h	57	1	BackMirClient
Error	4672	error C2061: syntax error : identifier 'PLAYER_DIRECTION'	y:\develop\github\backmir\bmclient\gamescene\GamePlayer.h	58	1	BackMirClient
Error	4673	error C2143: syntax error : missing ';' before '*'	y:\develop\github\backmir\bmclient\gamescene\GamePlayer.h	73	1	BackMirClient
Error	4674	error C4430: missing type specifier - int assumed. Note: C++ does not support default-int	y:\develop\github\backmir\bmclient\gamescene\GamePlayer.h	73	1	BackMirClient
Error	4675	error C4430: missing type specifier - int assumed. Note: C++ does not support default-int	y:\develop\github\backmir\bmclient\gamescene\GamePlayer.h	74	1	BackMirClient
Warning	4676	warning C4183: 'GetEquip': missing return type; assumed to be a member function returning 'int'	y:\develop\github\backmir\bmclient\gamescene\GamePlayer.h	76	1	BackMirClient
Error	4677	error C2146: syntax error : missing ';' before identifier 'm_equipAttrib'	y:\develop\github\backmir\bmclient\gamescene\GamePlayer.h	350	1	BackMirClient
Error	4678	error C4430: missing type specifier - int assumed. Note: C++ does not support default-int	y:\develop\github\backmir\bmclient\gamescene\GamePlayer.h	350	1	BackMirClient
Error	4679	error C2146: syntax error : missing ';' before identifier 'm_indexs'	y:\develop\github\backmir\bmclient\gamescene\GamePlayer.h	361	1	BackMirClient
Error	4680	error C4430: missing type specifier - int assumed. Note: C++ does not support default-int	y:\develop\github\backmir\bmclient\gamescene\GamePlayer.h	361	1	BackMirClient
Error	4681	error C2065: 'ADD_NORMAL' : undeclared identifier	y:\develop\github\backmir\bmclient\gamescene\GamePlayer.h	182	1	BackMirClient
Error	4682	error C2065: 'ADD_NORMAL' : undeclared identifier	y:\develop\github\backmir\bmclient\gamescene\GamePlayer.h	183	1	BackMirClient
Error	4683	error C2065: 'm_equipAttrib' : undeclared identifier	y:\develop\github\backmir\bmclient\gamescene\GamePlayer.h	75	1	BackMirClient
Error	4684	error C2065: 'PST_NONE' : undeclared identifier	y:\develop\github\backmir\bmclient\gamescene\GamePlayer.h	84	1	BackMirClient
Error	4685	error C2065: 'g_nWanLiTable' : undeclared identifier	y:\develop\github\backmir\bmclient\gamescene\GamePlayer.h	135	1	BackMirClient
Error	4686	error C2146: syntax error : missing ';' before identifier 'm_indexs'	y:\develop\github\backmir\bmclient\gamescene\GameMonster.h	114	1	BackMirClient
Error	4687	error C4430: missing type specifier - int assumed. Note: C++ does not support default-int	y:\develop\github\backmir\bmclient\gamescene\GameMonster.h	114	1	BackMirClient
Error	4688	error C2146: syntax error : missing ';' before identifier 'm_eEndStatus'	y:\develop\github\backmir\bmclient\gamescene\GameMonster.h	812	1	BackMirClient
Error	4689	error C4430: missing type specifier - int assumed. Note: C++ does not support default-int	y:\develop\github\backmir\bmclient\gamescene\GameMonster.h	812	1	BackMirClient
Error	4690	error C2146: syntax error : missing ';' before identifier 'm_xShowItems'	y:\develop\github\backmir\bmclient\GameScene\GameMapManager.h	137	1	BackMirClient
Error	4691	error C4430: missing type specifier - int assumed. Note: C++ does not support default-int	y:\develop\github\backmir\bmclient\GameScene\GameMapManager.h	137	1	BackMirClient
Error	4692	error C2146: syntax error : missing ';' before identifier 'm_xMouseItems'	y:\develop\github\backmir\bmclient\GameScene\GameMapManager.h	138	1	BackMirClient
Error	4693	error C4430: missing type specifier - int assumed. Note: C++ does not support default-int	y:\develop\github\backmir\bmclient\GameScene\GameMapManager.h	138	1	BackMirClient
Error	4694	error C2065: 'm_xMouseItems' : undeclared identifier	y:\develop\github\backmir\bmclient\GameScene\GameMapManager.h	80	1	BackMirClient
Error	4695	error C2228: left of '.push_back' must have class/struct/union	y:\develop\github\backmir\bmclient\GameScene\GameMapManager.h	80	1	BackMirClient
Error	4696	error C1083: Cannot open include file: 'FastDelegateBind.h': No such file or directory	y:\develop\github\backmir\bmclient\GameDialog\GameCommonDlg.h	9	1	BackMirClient
Warning	4697	warning C4819: The file contains a character that cannot be represented in the current code page (936). Save the file in Unicode format to prevent data loss	y:\develop\github\backmir\bmclient\Common\GlobalDefine.h	1	1	BackMirClient
Error	4698	error C2447: '{' : missing function header (old-style formal list?)	y:\develop\github\backmir\bmclient\Common\GlobalDefine.h	91	1	BackMirClient
Error	4699	error C2447: '{' : missing function header (old-style formal list?)	y:\develop\github\backmir\bmclient\Common\GlobalDefine.h	103	1	BackMirClient
Error	4700	error C2447: '{' : missing function header (old-style formal list?)	y:\develop\github\backmir\bmclient\Common\GlobalDefine.h	128	1	BackMirClient
Error	4701	error C2146: syntax error : missing ';' before identifier 'GetAngle'	y:\develop\github\backmir\bmclient\Common\GlobalFunction.h	26	1	BackMirClient
Error	4702	error C4430: missing type specifier - int assumed. Note: C++ does not support default-int	y:\develop\github\backmir\bmclient\Common\GlobalFunction.h	26	1	BackMirClient
Error	4703	error C4430: missing type specifier - int assumed. Note: C++ does not support default-int	y:\develop\github\backmir\bmclient\net\PacketHandler.h	71	1	BackMirClient
Error	4704	error C2143: syntax error : missing ',' before '&'	y:\develop\github\backmir\bmclient\net\PacketHandler.h	71	1	BackMirClient
Warning	4705	warning C4819: The file contains a character that cannot be represented in the current code page (936). Save the file in Unicode format to prevent data loss	y:\develop\github\backmir\CommonModule\MagicEffectID.h	1	1	BackMirClient
Error	4706	error C2061: syntax error : identifier 'PLAYER_DIRECTION'	y:\develop\github\backmir\bmclient\Common\GameRenderObject.h	308	1	BackMirClient
Error	4707	error C2146: syntax error : missing ';' before identifier 'GetDirection'	y:\develop\github\backmir\bmclient\Common\GameRenderObject.h	312	1	BackMirClient
Error	4708	error C2433: 'GameObject::PLAYER_DIRECTION' : 'inline' not permitted on data declarations	y:\develop\github\backmir\bmclient\Common\GameRenderObject.h	312	1	BackMirClient
Error	4709	error C4430: missing type specifier - int assumed. Note: C++ does not support default-int	y:\develop\github\backmir\bmclient\Common\GameRenderObject.h	312	1	BackMirClient
Error	4710	error C4430: missing type specifier - int assumed. Note: C++ does not support default-int	y:\develop\github\backmir\bmclient\Common\GameRenderObject.h	313	1	BackMirClient
Warning	4711	warning C4183: 'GetDirection': missing return type; assumed to be a member function returning 'int'	y:\develop\github\backmir\bmclient\Common\GameRenderObject.h	315	1	BackMirClient
Error	4712	error C2061: syntax error : identifier 'PLAYER_STATUS'	y:\develop\github\backmir\bmclient\Common\GameRenderObject.h	316	1	BackMirClient
Error	4713	error C2146: syntax error : missing ';' before identifier 'GetStatus'	y:\develop\github\backmir\bmclient\Common\GameRenderObject.h	326	1	BackMirClient
Error	4714	error C2433: 'GameObject::PLAYER_STATUS' : 'inline' not permitted on data declarations	y:\develop\github\backmir\bmclient\Common\GameRenderObject.h	326	1	BackMirClient
Error	4715	error C4430: missing type specifier - int assumed. Note: C++ does not support default-int	y:\develop\github\backmir\bmclient\Common\GameRenderObject.h	326	1	BackMirClient
Error	4716	error C4430: missing type specifier - int assumed. Note: C++ does not support default-int	y:\develop\github\backmir\bmclient\Common\GameRenderObject.h	327	1	BackMirClient
Warning	4717	warning C4183: 'GetStatus': missing return type; assumed to be a member function returning 'int'	y:\develop\github\backmir\bmclient\Common\GameRenderObject.h	329	1	BackMirClient
Error	4718	error C2146: syntax error : missing ';' before identifier 'GetPreStatus'	y:\develop\github\backmir\bmclient\Common\GameRenderObject.h	330	1	BackMirClient
Error	4719	error C2433: 'GameObject::PLAYER_STATUS' : 'inline' not permitted on data declarations	y:\develop\github\backmir\bmclient\Common\GameRenderObject.h	330	1	BackMirClient
Error	4720	error C4430: missing type specifier - int assumed. Note: C++ does not support default-int	y:\develop\github\backmir\bmclient\Common\GameRenderObject.h	330	1	BackMirClient
Error	4721	error C4430: missing type specifier - int assumed. Note: C++ does not support default-int	y:\develop\github\backmir\bmclient\Common\GameRenderObject.h	331	1	BackMirClient
Warning	4722	warning C4183: 'GetPreStatus': missing return type; assumed to be a member function returning 'int'	y:\develop\github\backmir\bmclient\Common\GameRenderObject.h	333	1	BackMirClient
Error	4723	error C2061: syntax error : identifier 'PLAYER_SEX'	y:\develop\github\backmir\bmclient\Common\GameRenderObject.h	354	1	BackMirClient
Error	4724	error C2146: syntax error : missing ';' before identifier 'GetPlayerSex'	y:\develop\github\backmir\bmclient\Common\GameRenderObject.h	358	1	BackMirClient
Error	4725	error C2433: 'GameObject::PLAYER_SEX' : 'inline' not permitted on data declarations	y:\develop\github\backmir\bmclient\Common\GameRenderObject.h	358	1	BackMirClient
Error	4726	error C4430: missing type specifier - int assumed. Note: C++ does not support default-int	y:\develop\github\backmir\bmclient\Common\GameRenderObject.h	358	1	BackMirClient
Error	4727	error C4430: missing type specifier - int assumed. Note: C++ does not support default-int	y:\develop\github\backmir\bmclient\Common\GameRenderObject.h	359	1	BackMirClient
Warning	4728	warning C4183: 'GetPlayerSex': missing return type; assumed to be a member function returning 'int'	y:\develop\github\backmir\bmclient\Common\GameRenderObject.h	361	1	BackMirClient
Error	4729	error C4430: missing type specifier - int assumed. Note: C++ does not support default-int	y:\develop\github\backmir\bmclient\Common\GameRenderObject.h	503	1	BackMirClient
Error	4730	error C2143: syntax error : missing ',' before '&'	y:\develop\github\backmir\bmclient\Common\GameRenderObject.h	503	1	BackMirClient
Error	4731	error C4430: missing type specifier - int assumed. Note: C++ does not support default-int	y:\develop\github\backmir\bmclient\Common\GameRenderObject.h	504	1	BackMirClient
Error	4732	error C2143: syntax error : missing ',' before '&'	y:\develop\github\backmir\bmclient\Common\GameRenderObject.h	504	1	BackMirClient
Error	4733	error C2535: 'void GameObject::DoPacket(const int)' : member function already defined or declared	y:\develop\github\backmir\bmclient\Common\GameRenderObject.h	504	1	BackMirClient
Error	4734	error C4430: missing type specifier - int assumed. Note: C++ does not support default-int	y:\develop\github\backmir\bmclient\Common\GameRenderObject.h	505	1	BackMirClient
Error	4735	error C2143: syntax error : missing ',' before '&'	y:\develop\github\backmir\bmclient\Common\GameRenderObject.h	505	1	BackMirClient
Error	4736	error C2535: 'void GameObject::DoPacket(const int)' : member function already defined or declared	y:\develop\github\backmir\bmclient\Common\GameRenderObject.h	505	1	BackMirClient
Error	4737	error C2061: syntax error : identifier 'PLAYER_STATUS'	y:\develop\github\backmir\bmclient\Common\GameRenderObject.h	513	1	BackMirClient
Error	4738	error C2146: syntax error : missing ';' before identifier 'm_drt'	y:\develop\github\backmir\bmclient\Common\GameRenderObject.h	554	1	BackMirClient
Error	4739	error C4430: missing type specifier - int assumed. Note: C++ does not support default-int	y:\develop\github\backmir\bmclient\Common\GameRenderObject.h	554	1	BackMirClient
Error	4740	error C2146: syntax error : missing ';' before identifier 'm_sex'	y:\develop\github\backmir\bmclient\Common\GameRenderObject.h	555	1	BackMirClient
Error	4741	error C4430: missing type specifier - int assumed. Note: C++ does not support default-int	y:\develop\github\backmir\bmclient\Common\GameRenderObject.h	555	1	BackMirClient
Error	4742	error C2146: syntax error : missing ';' before identifier 'm_stat'	y:\develop\github\backmir\bmclient\Common\GameRenderObject.h	556	1	BackMirClient
Error	4743	error C4430: missing type specifier - int assumed. Note: C++ does not support default-int	y:\develop\github\backmir\bmclient\Common\GameRenderObject.h	556	1	BackMirClient
Error	4744	error C2146: syntax error : missing ';' before identifier 'm_preStat'	y:\develop\github\backmir\bmclient\Common\GameRenderObject.h	557	1	BackMirClient
Error	4745	error C4430: missing type specifier - int assumed. Note: C++ does not support default-int	y:\develop\github\backmir\bmclient\Common\GameRenderObject.h	557	1	BackMirClient
Error	4746	error C2065: 'm_drt' : undeclared identifier	y:\develop\github\backmir\bmclient\Common\GameRenderObject.h	253	1	BackMirClient
Error	4747	error C2065: 'PDT_DOWN' : undeclared identifier	y:\develop\github\backmir\bmclient\Common\GameRenderObject.h	253	1	BackMirClient
Error	4748	error C2065: 'm_sex' : undeclared identifier	y:\develop\github\backmir\bmclient\Common\GameRenderObject.h	254	1	BackMirClient
Error	4749	error C2065: 'PSX_MAN' : undeclared identifier	y:\develop\github\backmir\bmclient\Common\GameRenderObject.h	254	1	BackMirClient
Error	4750	error C2065: 'm_preStat' : undeclared identifier	y:\develop\github\backmir\bmclient\Common\GameRenderObject.h	255	1	BackMirClient
Error	4751	error C2065: 'm_stat' : undeclared identifier	y:\develop\github\backmir\bmclient\Common\GameRenderObject.h	255	1	BackMirClient
Error	4752	error C2065: 'PST_STAND' : undeclared identifier	y:\develop\github\backmir\bmclient\Common\GameRenderObject.h	255	1	BackMirClient
Error	4753	error C2065: 'm_drt' : undeclared identifier	y:\develop\github\backmir\bmclient\Common\GameRenderObject.h	310	1	BackMirClient
Error	4754	error C2065: '_pd' : undeclared identifier	y:\develop\github\backmir\bmclient\Common\GameRenderObject.h	310	1	BackMirClient
Error	4755	error C2065: 'm_drt' : undeclared identifier	y:\develop\github\backmir\bmclient\Common\GameRenderObject.h	314	1	BackMirClient
Error	4756	error C2065: 'm_stat' : undeclared identifier	y:\develop\github\backmir\bmclient\Common\GameRenderObject.h	318	1	BackMirClient
Error	4757	error C2065: '_ps' : undeclared identifier	y:\develop\github\backmir\bmclient\Common\GameRenderObject.h	318	1	BackMirClient
Error	4758	error C2065: '_ps' : undeclared identifier	y:\develop\github\backmir\bmclient\Common\GameRenderObject.h	320	1	BackMirClient
Error	4759	error C2065: 'PST_STAND' : undeclared identifier	y:\develop\github\backmir\bmclient\Common\GameRenderObject.h	320	1	BackMirClient
Error	4760	error C2065: '_ps' : undeclared identifier	y:\develop\github\backmir\bmclient\Common\GameRenderObject.h	324	1	BackMirClient
Error	4761	error C2065: 'm_stat' : undeclared identifier	y:\develop\github\backmir\bmclient\Common\GameRenderObject.h	328	1	BackMirClient
Error	4762	error C2065: 'm_preStat' : undeclared identifier	y:\develop\github\backmir\bmclient\Common\GameRenderObject.h	332	1	BackMirClient
Error	4763	error C2065: 'm_sex' : undeclared identifier	y:\develop\github\backmir\bmclient\Common\GameRenderObject.h	356	1	BackMirClient
Error	4764	error C2065: '_ps' : undeclared identifier	y:\develop\github\backmir\bmclient\Common\GameRenderObject.h	356	1	BackMirClient
Error	4765	error C2065: 'm_sex' : undeclared identifier	y:\develop\github\backmir\bmclient\Common\GameRenderObject.h	360	1	BackMirClient
Error	4766	error C2065: 'PST_DEAD' : undeclared identifier	y:\develop\github\backmir\bmclient\Common\GameRenderObject.h	429	1	BackMirClient
Warning	4767	warning C4819: The file contains a character that cannot be represented in the current code page (936). Save the file in Unicode format to prevent data loss	y:\develop\github\backmir\CommonModule\ShareDefine.h	1	1	BackMirClient
Error	4768	error C2365: 'RES_ITEMS' : redefinition; previous definition was 'enumerator'	y:\develop\github\backmir\CommonModule\ShareDefine.h	79	1	BackMirClient
Error	4769	error C2365: 'RES_STATUS' : redefinition; previous definition was 'enumerator'	y:\develop\github\backmir\CommonModule\ShareDefine.h	80	1	BackMirClient
Error	4770	error C2365: 'RES_CUSTOM' : redefinition; previous definition was 'enumerator'	y:\develop\github\backmir\CommonModule\ShareDefine.h	81	1	BackMirClient
Error	4771	error C2365: 'RES_TOTAL' : redefinition; previous definition was 'enumerator'	y:\develop\github\backmir\CommonModule\ShareDefine.h	82	1	BackMirClient
Error	4772	error C2065: 'MEFF_USERTOTAL' : undeclared identifier	y:\develop\github\backmir\bmclient\GameScene\MagicEffect.h	8	1	BackMirClient
Error	4773	error C2061: syntax error : identifier 'PLAYER_STATUS'	y:\develop\github\backmir\bmclient\gamescene\GameOtherPlayer.h	29	1	BackMirClient
Error	4774	error C2061: syntax error : identifier 'MAGICEFFECT_TYPE'	y:\develop\github\backmir\bmclient\gamescene\GameOtherPlayer.h	52	1	BackMirClient
Error	4775	error C2061: syntax error : identifier 'MAGICEFFECT_TYPE'	y:\develop\github\backmir\bmclient\gamescene\GameOtherPlayer.h	53	1	BackMirClient
Error	4776	error C4430: missing type specifier - int assumed. Note: C++ does not support default-int	y:\develop\github\backmir\bmclient\gamescene\GameOtherPlayer.h	157	1	BackMirClient
Error	4777	error C2143: syntax error : missing ',' before '&'	y:\develop\github\backmir\bmclient\gamescene\GameOtherPlayer.h	157	1	BackMirClient
Error	4778	error C4430: missing type specifier - int assumed. Note: C++ does not support default-int	y:\develop\github\backmir\bmclient\gamescene\GameOtherPlayer.h	201	1	BackMirClient
Error	4779	error C2143: syntax error : missing ',' before '&'	y:\develop\github\backmir\bmclient\gamescene\GameOtherPlayer.h	201	1	BackMirClient
Error	4780	error C2535: 'void GameOtherPlayer::DoPacket(const int)' : member function already defined or declared	y:\develop\github\backmir\bmclient\gamescene\GameOtherPlayer.h	201	1	BackMirClient
Error	4781	error C2146: syntax error : missing ';' before identifier 'm_eEffect'	y:\develop\github\backmir\bmclient\gamescene\GameOtherPlayer.h	228	1	BackMirClient
Error	4782	error C4430: missing type specifier - int assumed. Note: C++ does not support default-int	y:\develop\github\backmir\bmclient\gamescene\GameOtherPlayer.h	228	1	BackMirClient
Error	4783	error C2065: 'MAGICEFFECT_TOTAL' : undeclared identifier	y:\develop\github\backmir\bmclient\gamescene\GameOtherPlayer.h	228	1	BackMirClient
Warning	4784	warning C4819: The file contains a character that cannot be represented in the current code page (936). Save the file in Unicode format to prevent data loss	y:\develop\github\backmir\CommonModule\RandGenerator.h	1	1	BackMirClient
Warning	4785	warning C4819: The file contains a character that cannot be represented in the current code page (936). Save the file in Unicode format to prevent data loss	y:\develop\github\backmir\CommonModule\CollDownController.h	1	1	BackMirClient
Error	4786	error C2061: syntax error : identifier 'PLAYER_DIRECTION'	y:\develop\github\backmir\bmclient\gamescene\GamePlayer.h	57	1	BackMirClient
Error	4787	error C2061: syntax error : identifier 'PLAYER_DIRECTION'	y:\develop\github\backmir\bmclient\gamescene\GamePlayer.h	58	1	BackMirClient
Error	4788	error C2143: syntax error : missing ';' before '*'	y:\develop\github\backmir\bmclient\gamescene\GamePlayer.h	73	1	BackMirClient
Error	4789	error C4430: missing type specifier - int assumed. Note: C++ does not support default-int	y:\develop\github\backmir\bmclient\gamescene\GamePlayer.h	73	1	BackMirClient
Error	4790	error C4430: missing type specifier - int assumed. Note: C++ does not support default-int	y:\develop\github\backmir\bmclient\gamescene\GamePlayer.h	74	1	BackMirClient
Warning	4791	warning C4183: 'GetEquip': missing return type; assumed to be a member function returning 'int'	y:\develop\github\backmir\bmclient\gamescene\GamePlayer.h	76	1	BackMirClient
Error	4792	error C2146: syntax error : missing ';' before identifier 'm_equipAttrib'	y:\develop\github\backmir\bmclient\gamescene\GamePlayer.h	350	1	BackMirClient
Error	4793	error C4430: missing type specifier - int assumed. Note: C++ does not support default-int	y:\develop\github\backmir\bmclient\gamescene\GamePlayer.h	350	1	BackMirClient
Error	4794	error C2146: syntax error : missing ';' before identifier 'm_indexs'	y:\develop\github\backmir\bmclient\gamescene\GamePlayer.h	361	1	BackMirClient
Error	4795	error C4430: missing type specifier - int assumed. Note: C++ does not support default-int	y:\develop\github\backmir\bmclient\gamescene\GamePlayer.h	361	1	BackMirClient
Error	4796	error C2065: 'ADD_NORMAL' : undeclared identifier	y:\develop\github\backmir\bmclient\gamescene\GamePlayer.h	182	1	BackMirClient
Error	4797	error C2065: 'ADD_NORMAL' : undeclared identifier	y:\develop\github\backmir\bmclient\gamescene\GamePlayer.h	183	1	BackMirClient
Error	4798	error C2065: 'm_equipAttrib' : undeclared identifier	y:\develop\github\backmir\bmclient\gamescene\GamePlayer.h	75	1	BackMirClient
Error	4799	error C2065: 'PST_NONE' : undeclared identifier	y:\develop\github\backmir\bmclient\gamescene\GamePlayer.h	84	1	BackMirClient
Error	4800	error C2065: 'g_nWanLiTable' : undeclared identifier	y:\develop\github\backmir\bmclient\gamescene\GamePlayer.h	135	1	BackMirClient
Error	4801	error C2146: syntax error : missing ';' before identifier 'm_indexs'	y:\develop\github\backmir\bmclient\gamescene\GameMonster.h	114	1	BackMirClient
Error	4802	error C4430: missing type specifier - int assumed. Note: C++ does not support default-int	y:\develop\github\backmir\bmclient\gamescene\GameMonster.h	114	1	BackMirClient
Error	4803	error C2146: syntax error : missing ';' before identifier 'm_eEndStatus'	y:\develop\github\backmir\bmclient\gamescene\GameMonster.h	812	1	BackMirClient
Error	4804	error C4430: missing type specifier - int assumed. Note: C++ does not support default-int	y:\develop\github\backmir\bmclient\gamescene\GameMonster.h	812	1	BackMirClient
Error	4805	error C2146: syntax error : missing ';' before identifier 'm_xShowItems'	y:\develop\github\backmir\bmclient\GameScene\GameMapManager.h	137	1	BackMirClient
Error	4806	error C4430: missing type specifier - int assumed. Note: C++ does not support default-int	y:\develop\github\backmir\bmclient\GameScene\GameMapManager.h	137	1	BackMirClient
Error	4807	error C2146: syntax error : missing ';' before identifier 'm_xMouseItems'	y:\develop\github\backmir\bmclient\GameScene\GameMapManager.h	138	1	BackMirClient
Error	4808	error C4430: missing type specifier - int assumed. Note: C++ does not support default-int	y:\develop\github\backmir\bmclient\GameScene\GameMapManager.h	138	1	BackMirClient
Error	4809	error C2065: 'm_xMouseItems' : undeclared identifier	y:\develop\github\backmir\bmclient\GameScene\GameMapManager.h	80	1	BackMirClient
Error	4810	error C2228: left of '.push_back' must have class/struct/union	y:\develop\github\backmir\bmclient\GameScene\GameMapManager.h	80	1	BackMirClient
Error	4811	error C1083: Cannot open include file: 'FastDelegateBind.h': No such file or directory	y:\develop\github\backmir\bmclient\GameDialog\GameCommonDlg.h	9	1	BackMirClient
Warning	4812	warning C4819: The file contains a character that cannot be represented in the current code page (936). Save the file in Unicode format to prevent data loss	y:\develop\github\backmir\bmclient\Common\GlobalDefine.h	1	1	BackMirClient
Error	4813	error C2447: '{' : missing function header (old-style formal list?)	y:\develop\github\backmir\bmclient\Common\GlobalDefine.h	91	1	BackMirClient
Error	4814	error C2447: '{' : missing function header (old-style formal list?)	y:\develop\github\backmir\bmclient\Common\GlobalDefine.h	103	1	BackMirClient
Error	4815	error C2447: '{' : missing function header (old-style formal list?)	y:\develop\github\backmir\bmclient\Common\GlobalDefine.h	128	1	BackMirClient
Error	4816	error C2146: syntax error : missing ';' before identifier 'GetAngle'	y:\develop\github\backmir\bmclient\Common\GlobalFunction.h	26	1	BackMirClient
Error	4817	error C4430: missing type specifier - int assumed. Note: C++ does not support default-int	y:\develop\github\backmir\bmclient\Common\GlobalFunction.h	26	1	BackMirClient
Error	4818	error C4430: missing type specifier - int assumed. Note: C++ does not support default-int	y:\develop\github\backmir\bmclient\net\PacketHandler.h	71	1	BackMirClient
Error	4819	error C2143: syntax error : missing ',' before '&'	y:\develop\github\backmir\bmclient\net\PacketHandler.h	71	1	BackMirClient
Warning	4820	warning C4819: The file contains a character that cannot be represented in the current code page (936). Save the file in Unicode format to prevent data loss	y:\develop\github\backmir\CommonModule\MagicEffectID.h	1	1	BackMirClient
Error	4821	error C2061: syntax error : identifier 'PLAYER_DIRECTION'	y:\develop\github\backmir\bmclient\Common\GameRenderObject.h	308	1	BackMirClient
Error	4822	error C2146: syntax error : missing ';' before identifier 'GetDirection'	y:\develop\github\backmir\bmclient\Common\GameRenderObject.h	312	1	BackMirClient
Error	4823	error C2433: 'GameObject::PLAYER_DIRECTION' : 'inline' not permitted on data declarations	y:\develop\github\backmir\bmclient\Common\GameRenderObject.h	312	1	BackMirClient
Error	4824	error C4430: missing type specifier - int assumed. Note: C++ does not support default-int	y:\develop\github\backmir\bmclient\Common\GameRenderObject.h	312	1	BackMirClient
Error	4825	error C4430: missing type specifier - int assumed. Note: C++ does not support default-int	y:\develop\github\backmir\bmclient\Common\GameRenderObject.h	313	1	BackMirClient
Warning	4826	warning C4183: 'GetDirection': missing return type; assumed to be a member function returning 'int'	y:\develop\github\backmir\bmclient\Common\GameRenderObject.h	315	1	BackMirClient
Error	4827	error C2061: syntax error : identifier 'PLAYER_STATUS'	y:\develop\github\backmir\bmclient\Common\GameRenderObject.h	316	1	BackMirClient
Error	4828	error C2146: syntax error : missing ';' before identifier 'GetStatus'	y:\develop\github\backmir\bmclient\Common\GameRenderObject.h	326	1	BackMirClient
Error	4829	error C2433: 'GameObject::PLAYER_STATUS' : 'inline' not permitted on data declarations	y:\develop\github\backmir\bmclient\Common\GameRenderObject.h	326	1	BackMirClient
Error	4830	error C4430: missing type specifier - int assumed. Note: C++ does not support default-int	y:\develop\github\backmir\bmclient\Common\GameRenderObject.h	326	1	BackMirClient
Error	4831	error C4430: missing type specifier - int assumed. Note: C++ does not support default-int	y:\develop\github\backmir\bmclient\Common\GameRenderObject.h	327	1	BackMirClient
Warning	4832	warning C4183: 'GetStatus': missing return type; assumed to be a member function returning 'int'	y:\develop\github\backmir\bmclient\Common\GameRenderObject.h	329	1	BackMirClient
Error	4833	error C2146: syntax error : missing ';' before identifier 'GetPreStatus'	y:\develop\github\backmir\bmclient\Common\GameRenderObject.h	330	1	BackMirClient
Error	4834	error C2433: 'GameObject::PLAYER_STATUS' : 'inline' not permitted on data declarations	y:\develop\github\backmir\bmclient\Common\GameRenderObject.h	330	1	BackMirClient
Error	4835	error C4430: missing type specifier - int assumed. Note: C++ does not support default-int	y:\develop\github\backmir\bmclient\Common\GameRenderObject.h	330	1	BackMirClient
Error	4836	error C4430: missing type specifier - int assumed. Note: C++ does not support default-int	y:\develop\github\backmir\bmclient\Common\GameRenderObject.h	331	1	BackMirClient
Warning	4837	warning C4183: 'GetPreStatus': missing return type; assumed to be a member function returning 'int'	y:\develop\github\backmir\bmclient\Common\GameRenderObject.h	333	1	BackMirClient
Error	4838	error C2061: syntax error : identifier 'PLAYER_SEX'	y:\develop\github\backmir\bmclient\Common\GameRenderObject.h	354	1	BackMirClient
Error	4839	error C2146: syntax error : missing ';' before identifier 'GetPlayerSex'	y:\develop\github\backmir\bmclient\Common\GameRenderObject.h	358	1	BackMirClient
Error	4840	error C2433: 'GameObject::PLAYER_SEX' : 'inline' not permitted on data declarations	y:\develop\github\backmir\bmclient\Common\GameRenderObject.h	358	1	BackMirClient
Error	4841	error C4430: missing type specifier - int assumed. Note: C++ does not support default-int	y:\develop\github\backmir\bmclient\Common\GameRenderObject.h	358	1	BackMirClient
Error	4842	error C4430: missing type specifier - int assumed. Note: C++ does not support default-int	y:\develop\github\backmir\bmclient\Common\GameRenderObject.h	359	1	BackMirClient
Warning	4843	warning C4183: 'GetPlayerSex': missing return type; assumed to be a member function returning 'int'	y:\develop\github\backmir\bmclient\Common\GameRenderObject.h	361	1	BackMirClient
Error	4844	error C4430: missing type specifier - int assumed. Note: C++ does not support default-int	y:\develop\github\backmir\bmclient\Common\GameRenderObject.h	503	1	BackMirClient
Error	4845	error C2143: syntax error : missing ',' before '&'	y:\develop\github\backmir\bmclient\Common\GameRenderObject.h	503	1	BackMirClient
Error	4846	error C4430: missing type specifier - int assumed. Note: C++ does not support default-int	y:\develop\github\backmir\bmclient\Common\GameRenderObject.h	504	1	BackMirClient
Error	4847	error C2143: syntax error : missing ',' before '&'	y:\develop\github\backmir\bmclient\Common\GameRenderObject.h	504	1	BackMirClient
Error	4848	error C2535: 'void GameObject::DoPacket(const int)' : member function already defined or declared	y:\develop\github\backmir\bmclient\Common\GameRenderObject.h	504	1	BackMirClient
Error	4849	error C4430: missing type specifier - int assumed. Note: C++ does not support default-int	y:\develop\github\backmir\bmclient\Common\GameRenderObject.h	505	1	BackMirClient
Error	4850	error C2143: syntax error : missing ',' before '&'	y:\develop\github\backmir\bmclient\Common\GameRenderObject.h	505	1	BackMirClient
Error	4851	error C2535: 'void GameObject::DoPacket(const int)' : member function already defined or declared	y:\develop\github\backmir\bmclient\Common\GameRenderObject.h	505	1	BackMirClient
Error	4852	error C2061: syntax error : identifier 'PLAYER_STATUS'	y:\develop\github\backmir\bmclient\Common\GameRenderObject.h	513	1	BackMirClient
Error	4853	error C2146: syntax error : missing ';' before identifier 'm_drt'	y:\develop\github\backmir\bmclient\Common\GameRenderObject.h	554	1	BackMirClient
Error	4854	error C4430: missing type specifier - int assumed. Note: C++ does not support default-int	y:\develop\github\backmir\bmclient\Common\GameRenderObject.h	554	1	BackMirClient
Error	4855	error C2146: syntax error : missing ';' before identifier 'm_sex'	y:\develop\github\backmir\bmclient\Common\GameRenderObject.h	555	1	BackMirClient
Error	4856	error C4430: missing type specifier - int assumed. Note: C++ does not support default-int	y:\develop\github\backmir\bmclient\Common\GameRenderObject.h	555	1	BackMirClient
Error	4857	error C2146: syntax error : missing ';' before identifier 'm_stat'	y:\develop\github\backmir\bmclient\Common\GameRenderObject.h	556	1	BackMirClient
Error	4858	error C4430: missing type specifier - int assumed. Note: C++ does not support default-int	y:\develop\github\backmir\bmclient\Common\GameRenderObject.h	556	1	BackMirClient
Error	4859	error C2146: syntax error : missing ';' before identifier 'm_preStat'	y:\develop\github\backmir\bmclient\Common\GameRenderObject.h	557	1	BackMirClient
Error	4860	error C4430: missing type specifier - int assumed. Note: C++ does not support default-int	y:\develop\github\backmir\bmclient\Common\GameRenderObject.h	557	1	BackMirClient
Error	4861	error C2065: 'm_drt' : undeclared identifier	y:\develop\github\backmir\bmclient\Common\GameRenderObject.h	253	1	BackMirClient
Error	4862	error C2065: 'PDT_DOWN' : undeclared identifier	y:\develop\github\backmir\bmclient\Common\GameRenderObject.h	253	1	BackMirClient
Error	4863	error C2065: 'm_sex' : undeclared identifier	y:\develop\github\backmir\bmclient\Common\GameRenderObject.h	254	1	BackMirClient
Error	4864	error C2065: 'PSX_MAN' : undeclared identifier	y:\develop\github\backmir\bmclient\Common\GameRenderObject.h	254	1	BackMirClient
Error	4865	error C2065: 'm_preStat' : undeclared identifier	y:\develop\github\backmir\bmclient\Common\GameRenderObject.h	255	1	BackMirClient
Error	4866	error C2065: 'm_stat' : undeclared identifier	y:\develop\github\backmir\bmclient\Common\GameRenderObject.h	255	1	BackMirClient
Error	4867	error C2065: 'PST_STAND' : undeclared identifier	y:\develop\github\backmir\bmclient\Common\GameRenderObject.h	255	1	BackMirClient
Error	4868	error C2065: 'm_drt' : undeclared identifier	y:\develop\github\backmir\bmclient\Common\GameRenderObject.h	310	1	BackMirClient
Error	4869	error C2065: '_pd' : undeclared identifier	y:\develop\github\backmir\bmclient\Common\GameRenderObject.h	310	1	BackMirClient
Error	4870	error C2065: 'm_drt' : undeclared identifier	y:\develop\github\backmir\bmclient\Common\GameRenderObject.h	314	1	BackMirClient
Error	4871	error C2065: 'm_stat' : undeclared identifier	y:\develop\github\backmir\bmclient\Common\GameRenderObject.h	318	1	BackMirClient
Error	4872	error C2065: '_ps' : undeclared identifier	y:\develop\github\backmir\bmclient\Common\GameRenderObject.h	318	1	BackMirClient
Error	4873	error C2065: '_ps' : undeclared identifier	y:\develop\github\backmir\bmclient\Common\GameRenderObject.h	320	1	BackMirClient
Error	4874	error C2065: 'PST_STAND' : undeclared identifier	y:\develop\github\backmir\bmclient\Common\GameRenderObject.h	320	1	BackMirClient
Error	4875	error C2065: '_ps' : undeclared identifier	y:\develop\github\backmir\bmclient\Common\GameRenderObject.h	324	1	BackMirClient
Error	4876	error C2065: 'm_stat' : undeclared identifier	y:\develop\github\backmir\bmclient\Common\GameRenderObject.h	328	1	BackMirClient
Error	4877	error C2065: 'm_preStat' : undeclared identifier	y:\develop\github\backmir\bmclient\Common\GameRenderObject.h	332	1	BackMirClient
Error	4878	error C2065: 'm_sex' : undeclared identifier	y:\develop\github\backmir\bmclient\Common\GameRenderObject.h	356	1	BackMirClient
Error	4879	error C2065: '_ps' : undeclared identifier	y:\develop\github\backmir\bmclient\Common\GameRenderObject.h	356	1	BackMirClient
Error	4880	error C2065: 'm_sex' : undeclared identifier	y:\develop\github\backmir\bmclient\Common\GameRenderObject.h	360	1	BackMirClient
Error	4881	error C2065: 'PST_DEAD' : undeclared identifier	y:\develop\github\backmir\bmclient\Common\GameRenderObject.h	429	1	BackMirClient
Warning	4882	warning C4819: The file contains a character that cannot be represented in the current code page (936). Save the file in Unicode format to prevent data loss	y:\develop\github\backmir\CommonModule\ShareDefine.h	1	1	BackMirClient
Error	4883	error C2365: 'RES_ITEMS' : redefinition; previous definition was 'enumerator'	y:\develop\github\backmir\CommonModule\ShareDefine.h	79	1	BackMirClient
Error	4884	error C2365: 'RES_STATUS' : redefinition; previous definition was 'enumerator'	y:\develop\github\backmir\CommonModule\ShareDefine.h	80	1	BackMirClient
Error	4885	error C2365: 'RES_CUSTOM' : redefinition; previous definition was 'enumerator'	y:\develop\github\backmir\CommonModule\ShareDefine.h	81	1	BackMirClient
Error	4886	error C2365: 'RES_TOTAL' : redefinition; previous definition was 'enumerator'	y:\develop\github\backmir\CommonModule\ShareDefine.h	82	1	BackMirClient
Error	4887	error C2065: 'MEFF_USERTOTAL' : undeclared identifier	y:\develop\github\backmir\bmclient\GameScene\MagicEffect.h	8	1	BackMirClient
Error	4888	error C2061: syntax error : identifier 'PLAYER_STATUS'	y:\develop\github\backmir\bmclient\gamescene\GameOtherPlayer.h	29	1	BackMirClient
Error	4889	error C2061: syntax error : identifier 'MAGICEFFECT_TYPE'	y:\develop\github\backmir\bmclient\gamescene\GameOtherPlayer.h	52	1	BackMirClient
Error	4890	error C2061: syntax error : identifier 'MAGICEFFECT_TYPE'	y:\develop\github\backmir\bmclient\gamescene\GameOtherPlayer.h	53	1	BackMirClient
Error	4891	error C4430: missing type specifier - int assumed. Note: C++ does not support default-int	y:\develop\github\backmir\bmclient\gamescene\GameOtherPlayer.h	157	1	BackMirClient
Error	4892	error C2143: syntax error : missing ',' before '&'	y:\develop\github\backmir\bmclient\gamescene\GameOtherPlayer.h	157	1	BackMirClient
Error	4893	error C4430: missing type specifier - int assumed. Note: C++ does not support default-int	y:\develop\github\backmir\bmclient\gamescene\GameOtherPlayer.h	201	1	BackMirClient
Error	4894	error C2143: syntax error : missing ',' before '&'	y:\develop\github\backmir\bmclient\gamescene\GameOtherPlayer.h	201	1	BackMirClient
Error	4895	error C2535: 'void GameOtherPlayer::DoPacket(const int)' : member function already defined or declared	y:\develop\github\backmir\bmclient\gamescene\GameOtherPlayer.h	201	1	BackMirClient
Error	4896	error C2146: syntax error : missing ';' before identifier 'm_eEffect'	y:\develop\github\backmir\bmclient\gamescene\GameOtherPlayer.h	228	1	BackMirClient
Error	4897	error C4430: missing type specifier - int assumed. Note: C++ does not support default-int	y:\develop\github\backmir\bmclient\gamescene\GameOtherPlayer.h	228	1	BackMirClient
Error	4898	error C2065: 'MAGICEFFECT_TOTAL' : undeclared identifier	y:\develop\github\backmir\bmclient\gamescene\GameOtherPlayer.h	228	1	BackMirClient
Warning	4899	warning C4819: The file contains a character that cannot be represented in the current code page (936). Save the file in Unicode format to prevent data loss	y:\develop\github\backmir\CommonModule\RandGenerator.h	1	1	BackMirClient
Warning	4900	warning C4819: The file contains a character that cannot be represented in the current code page (936). Save the file in Unicode format to prevent data loss	y:\develop\github\backmir\CommonModule\CollDownController.h	1	1	BackMirClient
Error	4901	error C2061: syntax error : identifier 'PLAYER_DIRECTION'	y:\develop\github\backmir\bmclient\gamescene\GamePlayer.h	57	1	BackMirClient
Error	4902	error C2061: syntax error : identifier 'PLAYER_DIRECTION'	y:\develop\github\backmir\bmclient\gamescene\GamePlayer.h	58	1	BackMirClient
Error	4903	error C2143: syntax error : missing ';' before '*'	y:\develop\github\backmir\bmclient\gamescene\GamePlayer.h	73	1	BackMirClient
Error	4904	error C4430: missing type specifier - int assumed. Note: C++ does not support default-int	y:\develop\github\backmir\bmclient\gamescene\GamePlayer.h	73	1	BackMirClient
Error	4905	error C4430: missing type specifier - int assumed. Note: C++ does not support default-int	y:\develop\github\backmir\bmclient\gamescene\GamePlayer.h	74	1	BackMirClient
Warning	4906	warning C4183: 'GetEquip': missing return type; assumed to be a member function returning 'int'	y:\develop\github\backmir\bmclient\gamescene\GamePlayer.h	76	1	BackMirClient
Error	4907	error C2146: syntax error : missing ';' before identifier 'm_equipAttrib'	y:\develop\github\backmir\bmclient\gamescene\GamePlayer.h	350	1	BackMirClient
Error	4908	error C4430: missing type specifier - int assumed. Note: C++ does not support default-int	y:\develop\github\backmir\bmclient\gamescene\GamePlayer.h	350	1	BackMirClient
Error	4909	error C2146: syntax error : missing ';' before identifier 'm_indexs'	y:\develop\github\backmir\bmclient\gamescene\GamePlayer.h	361	1	BackMirClient
Error	4910	error C4430: missing type specifier - int assumed. Note: C++ does not support default-int	y:\develop\github\backmir\bmclient\gamescene\GamePlayer.h	361	1	BackMirClient
Error	4911	error C2065: 'ADD_NORMAL' : undeclared identifier	y:\develop\github\backmir\bmclient\gamescene\GamePlayer.h	182	1	BackMirClient
Error	4912	error C2065: 'ADD_NORMAL' : undeclared identifier	y:\develop\github\backmir\bmclient\gamescene\GamePlayer.h	183	1	BackMirClient
Error	4913	error C2065: 'm_equipAttrib' : undeclared identifier	y:\develop\github\backmir\bmclient\gamescene\GamePlayer.h	75	1	BackMirClient
Error	4914	error C2065: 'PST_NONE' : undeclared identifier	y:\develop\github\backmir\bmclient\gamescene\GamePlayer.h	84	1	BackMirClient
Error	4915	error C2065: 'g_nWanLiTable' : undeclared identifier	y:\develop\github\backmir\bmclient\gamescene\GamePlayer.h	135	1	BackMirClient
Error	4916	error C2146: syntax error : missing ';' before identifier 'm_indexs'	y:\develop\github\backmir\bmclient\gamescene\GameMonster.h	114	1	BackMirClient
Error	4917	error C4430: missing type specifier - int assumed. Note: C++ does not support default-int	y:\develop\github\backmir\bmclient\gamescene\GameMonster.h	114	1	BackMirClient
Error	4918	error C2146: syntax error : missing ';' before identifier 'm_eEndStatus'	y:\develop\github\backmir\bmclient\gamescene\GameMonster.h	812	1	BackMirClient
Error	4919	error C4430: missing type specifier - int assumed. Note: C++ does not support default-int	y:\develop\github\backmir\bmclient\gamescene\GameMonster.h	812	1	BackMirClient
Error	4920	error C2146: syntax error : missing ';' before identifier 'm_xShowItems'	y:\develop\github\backmir\bmclient\GameScene\GameMapManager.h	137	1	BackMirClient
Error	4921	error C4430: missing type specifier - int assumed. Note: C++ does not support default-int	y:\develop\github\backmir\bmclient\GameScene\GameMapManager.h	137	1	BackMirClient
Error	4922	error C2146: syntax error : missing ';' before identifier 'm_xMouseItems'	y:\develop\github\backmir\bmclient\GameScene\GameMapManager.h	138	1	BackMirClient
Error	4923	error C4430: missing type specifier - int assumed. Note: C++ does not support default-int	y:\develop\github\backmir\bmclient\GameScene\GameMapManager.h	138	1	BackMirClient
Error	4924	error C2065: 'm_xMouseItems' : undeclared identifier	y:\develop\github\backmir\bmclient\GameScene\GameMapManager.h	80	1	BackMirClient
Error	4925	error C2228: left of '.push_back' must have class/struct/union	y:\develop\github\backmir\bmclient\GameScene\GameMapManager.h	80	1	BackMirClient
Error	4926	error C1083: Cannot open include file: 'FastDelegateBind.h': No such file or directory	y:\develop\github\backmir\bmclient\GameDialog\GameCommonDlg.h	9	1	BackMirClient
Warning	4927	warning C4819: The file contains a character that cannot be represented in the current code page (936). Save the file in Unicode format to prevent data loss	y:\develop\github\backmir\bmclient\Common\GlobalDefine.h	1	1	BackMirClient
Error	4928	error C2447: '{' : missing function header (old-style formal list?)	y:\develop\github\backmir\bmclient\Common\GlobalDefine.h	91	1	BackMirClient
Error	4929	error C2447: '{' : missing function header (old-style formal list?)	y:\develop\github\backmir\bmclient\Common\GlobalDefine.h	103	1	BackMirClient
Error	4930	error C2447: '{' : missing function header (old-style formal list?)	y:\develop\github\backmir\bmclient\Common\GlobalDefine.h	128	1	BackMirClient
Error	4931	error C2146: syntax error : missing ';' before identifier 'GetAngle'	y:\develop\github\backmir\bmclient\Common\GlobalFunction.h	26	1	BackMirClient
Error	4932	error C4430: missing type specifier - int assumed. Note: C++ does not support default-int	y:\develop\github\backmir\bmclient\Common\GlobalFunction.h	26	1	BackMirClient
Error	4933	error C4430: missing type specifier - int assumed. Note: C++ does not support default-int	y:\develop\github\backmir\bmclient\net\PacketHandler.h	71	1	BackMirClient
Error	4934	error C2143: syntax error : missing ',' before '&'	y:\develop\github\backmir\bmclient\net\PacketHandler.h	71	1	BackMirClient
Warning	4935	warning C4819: The file contains a character that cannot be represented in the current code page (936). Save the file in Unicode format to prevent data loss	y:\develop\github\backmir\CommonModule\MagicEffectID.h	1	1	BackMirClient
Error	4936	error C2061: syntax error : identifier 'PLAYER_DIRECTION'	y:\develop\github\backmir\bmclient\Common\GameRenderObject.h	308	1	BackMirClient
Error	4937	error C2146: syntax error : missing ';' before identifier 'GetDirection'	y:\develop\github\backmir\bmclient\Common\GameRenderObject.h	312	1	BackMirClient
Error	4938	error C2433: 'GameObject::PLAYER_DIRECTION' : 'inline' not permitted on data declarations	y:\develop\github\backmir\bmclient\Common\GameRenderObject.h	312	1	BackMirClient
Error	4939	error C4430: missing type specifier - int assumed. Note: C++ does not support default-int	y:\develop\github\backmir\bmclient\Common\GameRenderObject.h	312	1	BackMirClient
Error	4940	error C4430: missing type specifier - int assumed. Note: C++ does not support default-int	y:\develop\github\backmir\bmclient\Common\GameRenderObject.h	313	1	BackMirClient
Warning	4941	warning C4183: 'GetDirection': missing return type; assumed to be a member function returning 'int'	y:\develop\github\backmir\bmclient\Common\GameRenderObject.h	315	1	BackMirClient
Error	4942	error C2061: syntax error : identifier 'PLAYER_STATUS'	y:\develop\github\backmir\bmclient\Common\GameRenderObject.h	316	1	BackMirClient
Error	4943	error C2146: syntax error : missing ';' before identifier 'GetStatus'	y:\develop\github\backmir\bmclient\Common\GameRenderObject.h	326	1	BackMirClient
Error	4944	error C2433: 'GameObject::PLAYER_STATUS' : 'inline' not permitted on data declarations	y:\develop\github\backmir\bmclient\Common\GameRenderObject.h	326	1	BackMirClient
Error	4945	error C4430: missing type specifier - int assumed. Note: C++ does not support default-int	y:\develop\github\backmir\bmclient\Common\GameRenderObject.h	326	1	BackMirClient
Error	4946	error C4430: missing type specifier - int assumed. Note: C++ does not support default-int	y:\develop\github\backmir\bmclient\Common\GameRenderObject.h	327	1	BackMirClient
Warning	4947	warning C4183: 'GetStatus': missing return type; assumed to be a member function returning 'int'	y:\develop\github\backmir\bmclient\Common\GameRenderObject.h	329	1	BackMirClient
Error	4948	error C2146: syntax error : missing ';' before identifier 'GetPreStatus'	y:\develop\github\backmir\bmclient\Common\GameRenderObject.h	330	1	BackMirClient
Error	4949	error C2433: 'GameObject::PLAYER_STATUS' : 'inline' not permitted on data declarations	y:\develop\github\backmir\bmclient\Common\GameRenderObject.h	330	1	BackMirClient
Error	4950	error C4430: missing type specifier - int assumed. Note: C++ does not support default-int	y:\develop\github\backmir\bmclient\Common\GameRenderObject.h	330	1	BackMirClient
Error	4951	error C4430: missing type specifier - int assumed. Note: C++ does not support default-int	y:\develop\github\backmir\bmclient\Common\GameRenderObject.h	331	1	BackMirClient
Warning	4952	warning C4183: 'GetPreStatus': missing return type; assumed to be a member function returning 'int'	y:\develop\github\backmir\bmclient\Common\GameRenderObject.h	333	1	BackMirClient
Error	4953	error C2061: syntax error : identifier 'PLAYER_SEX'	y:\develop\github\backmir\bmclient\Common\GameRenderObject.h	354	1	BackMirClient
Error	4954	error C2146: syntax error : missing ';' before identifier 'GetPlayerSex'	y:\develop\github\backmir\bmclient\Common\GameRenderObject.h	358	1	BackMirClient
Error	4955	error C2433: 'GameObject::PLAYER_SEX' : 'inline' not permitted on data declarations	y:\develop\github\backmir\bmclient\Common\GameRenderObject.h	358	1	BackMirClient
Error	4956	error C4430: missing type specifier - int assumed. Note: C++ does not support default-int	y:\develop\github\backmir\bmclient\Common\GameRenderObject.h	358	1	BackMirClient
Error	4957	error C4430: missing type specifier - int assumed. Note: C++ does not support default-int	y:\develop\github\backmir\bmclient\Common\GameRenderObject.h	359	1	BackMirClient
Warning	4958	warning C4183: 'GetPlayerSex': missing return type; assumed to be a member function returning 'int'	y:\develop\github\backmir\bmclient\Common\GameRenderObject.h	361	1	BackMirClient
Error	4959	error C4430: missing type specifier - int assumed. Note: C++ does not support default-int	y:\develop\github\backmir\bmclient\Common\GameRenderObject.h	503	1	BackMirClient
Error	4960	error C2143: syntax error : missing ',' before '&'	y:\develop\github\backmir\bmclient\Common\GameRenderObject.h	503	1	BackMirClient
Error	4961	error C4430: missing type specifier - int assumed. Note: C++ does not support default-int	y:\develop\github\backmir\bmclient\Common\GameRenderObject.h	504	1	BackMirClient
Error	4962	error C2143: syntax error : missing ',' before '&'	y:\develop\github\backmir\bmclient\Common\GameRenderObject.h	504	1	BackMirClient
Error	4963	error C2535: 'void GameObject::DoPacket(const int)' : member function already defined or declared	y:\develop\github\backmir\bmclient\Common\GameRenderObject.h	504	1	BackMirClient
Error	4964	error C4430: missing type specifier - int assumed. Note: C++ does not support default-int	y:\develop\github\backmir\bmclient\Common\GameRenderObject.h	505	1	BackMirClient
Error	4965	error C2143: syntax error : missing ',' before '&'	y:\develop\github\backmir\bmclient\Common\GameRenderObject.h	505	1	BackMirClient
Error	4966	error C2535: 'void GameObject::DoPacket(const int)' : member function already defined or declared	y:\develop\github\backmir\bmclient\Common\GameRenderObject.h	505	1	BackMirClient
Error	4967	error C2061: syntax error : identifier 'PLAYER_STATUS'	y:\develop\github\backmir\bmclient\Common\GameRenderObject.h	513	1	BackMirClient
Error	4968	error C2146: syntax error : missing ';' before identifier 'm_drt'	y:\develop\github\backmir\bmclient\Common\GameRenderObject.h	554	1	BackMirClient
Error	4969	error C4430: missing type specifier - int assumed. Note: C++ does not support default-int	y:\develop\github\backmir\bmclient\Common\GameRenderObject.h	554	1	BackMirClient
Error	4970	error C2146: syntax error : missing ';' before identifier 'm_sex'	y:\develop\github\backmir\bmclient\Common\GameRenderObject.h	555	1	BackMirClient
Error	4971	error C4430: missing type specifier - int assumed. Note: C++ does not support default-int	y:\develop\github\backmir\bmclient\Common\GameRenderObject.h	555	1	BackMirClient
Error	4972	error C2146: syntax error : missing ';' before identifier 'm_stat'	y:\develop\github\backmir\bmclient\Common\GameRenderObject.h	556	1	BackMirClient
Error	4973	error C4430: missing type specifier - int assumed. Note: C++ does not support default-int	y:\develop\github\backmir\bmclient\Common\GameRenderObject.h	556	1	BackMirClient
Error	4974	error C2146: syntax error : missing ';' before identifier 'm_preStat'	y:\develop\github\backmir\bmclient\Common\GameRenderObject.h	557	1	BackMirClient
Error	4975	error C4430: missing type specifier - int assumed. Note: C++ does not support default-int	y:\develop\github\backmir\bmclient\Common\GameRenderObject.h	557	1	BackMirClient
Error	4976	error C2065: 'm_drt' : undeclared identifier	y:\develop\github\backmir\bmclient\Common\GameRenderObject.h	253	1	BackMirClient
Error	4977	error C2065: 'PDT_DOWN' : undeclared identifier	y:\develop\github\backmir\bmclient\Common\GameRenderObject.h	253	1	BackMirClient
Error	4978	error C2065: 'm_sex' : undeclared identifier	y:\develop\github\backmir\bmclient\Common\GameRenderObject.h	254	1	BackMirClient
Error	4979	error C2065: 'PSX_MAN' : undeclared identifier	y:\develop\github\backmir\bmclient\Common\GameRenderObject.h	254	1	BackMirClient
Error	4980	error C2065: 'm_preStat' : undeclared identifier	y:\develop\github\backmir\bmclient\Common\GameRenderObject.h	255	1	BackMirClient
Error	4981	error C2065: 'm_stat' : undeclared identifier	y:\develop\github\backmir\bmclient\Common\GameRenderObject.h	255	1	BackMirClient
Error	4982	error C2065: 'PST_STAND' : undeclared identifier	y:\develop\github\backmir\bmclient\Common\GameRenderObject.h	255	1	BackMirClient
Error	4983	error C2065: 'm_drt' : undeclared identifier	y:\develop\github\backmir\bmclient\Common\GameRenderObject.h	310	1	BackMirClient
Error	4984	error C2065: '_pd' : undeclared identifier	y:\develop\github\backmir\bmclient\Common\GameRenderObject.h	310	1	BackMirClient
Error	4985	error C2065: 'm_drt' : undeclared identifier	y:\develop\github\backmir\bmclient\Common\GameRenderObject.h	314	1	BackMirClient
Error	4986	error C2065: 'm_stat' : undeclared identifier	y:\develop\github\backmir\bmclient\Common\GameRenderObject.h	318	1	BackMirClient
Error	4987	error C2065: '_ps' : undeclared identifier	y:\develop\github\backmir\bmclient\Common\GameRenderObject.h	318	1	BackMirClient
Error	4988	error C2065: '_ps' : undeclared identifier	y:\develop\github\backmir\bmclient\Common\GameRenderObject.h	320	1	BackMirClient
Error	4989	error C2065: 'PST_STAND' : undeclared identifier	y:\develop\github\backmir\bmclient\Common\GameRenderObject.h	320	1	BackMirClient
Error	4990	error C2065: '_ps' : undeclared identifier	y:\develop\github\backmir\bmclient\Common\GameRenderObject.h	324	1	BackMirClient
Error	4991	error C2065: 'm_stat' : undeclared identifier	y:\develop\github\backmir\bmclient\Common\GameRenderObject.h	328	1	BackMirClient
Error	4992	error C2065: 'm_preStat' : undeclared identifier	y:\develop\github\backmir\bmclient\Common\GameRenderObject.h	332	1	BackMirClient
Error	4993	error C2065: 'm_sex' : undeclared identifier	y:\develop\github\backmir\bmclient\Common\GameRenderObject.h	356	1	BackMirClient
Error	4994	error C2065: '_ps' : undeclared identifier	y:\develop\github\backmir\bmclient\Common\GameRenderObject.h	356	1	BackMirClient
Error	4995	error C2065: 'm_sex' : undeclared identifier	y:\develop\github\backmir\bmclient\Common\GameRenderObject.h	360	1	BackMirClient
Error	4996	error C2065: 'PST_DEAD' : undeclared identifier	y:\develop\github\backmir\bmclient\Common\GameRenderObject.h	429	1	BackMirClient
Warning	4997	warning C4819: The file contains a character that cannot be represented in the current code page (936). Save the file in Unicode format to prevent data loss	y:\develop\github\backmir\CommonModule\ShareDefine.h	1	1	BackMirClient
Error	4998	error C2365: 'RES_ITEMS' : redefinition; previous definition was 'enumerator'	y:\develop\github\backmir\CommonModule\ShareDefine.h	79	1	BackMirClient
Error	4999	error C2365: 'RES_STATUS' : redefinition; previous definition was 'enumerator'	y:\develop\github\backmir\CommonModule\ShareDefine.h	80	1	BackMirClient
Error	5000	error C2365: 'RES_CUSTOM' : redefinition; previous definition was 'enumerator'	y:\develop\github\backmir\CommonModule\ShareDefine.h	81	1	BackMirClient
Error	5001	error C2365: 'RES_TOTAL' : redefinition; previous definition was 'enumerator'	y:\develop\github\backmir\CommonModule\ShareDefine.h	82	1	BackMirClient
Error	5002	error C2065: 'MEFF_USERTOTAL' : undeclared identifier	y:\develop\github\backmir\bmclient\GameScene\MagicEffect.h	8	1	BackMirClient
Error	5003	error C2061: syntax error : identifier 'PLAYER_STATUS'	y:\develop\github\backmir\bmclient\gamescene\GameOtherPlayer.h	29	1	BackMirClient
Error	5004	error C2061: syntax error : identifier 'MAGICEFFECT_TYPE'	y:\develop\github\backmir\bmclient\gamescene\GameOtherPlayer.h	52	1	BackMirClient
Error	5005	error C2061: syntax error : identifier 'MAGICEFFECT_TYPE'	y:\develop\github\backmir\bmclient\gamescene\GameOtherPlayer.h	53	1	BackMirClient
Error	5006	error C4430: missing type specifier - int assumed. Note: C++ does not support default-int	y:\develop\github\backmir\bmclient\gamescene\GameOtherPlayer.h	157	1	BackMirClient
Error	5007	error C2143: syntax error : missing ',' before '&'	y:\develop\github\backmir\bmclient\gamescene\GameOtherPlayer.h	157	1	BackMirClient
Error	5008	error C4430: missing type specifier - int assumed. Note: C++ does not support default-int	y:\develop\github\backmir\bmclient\gamescene\GameOtherPlayer.h	201	1	BackMirClient
Error	5009	error C2143: syntax error : missing ',' before '&'	y:\develop\github\backmir\bmclient\gamescene\GameOtherPlayer.h	201	1	BackMirClient
Error	5010	error C2535: 'void GameOtherPlayer::DoPacket(const int)' : member function already defined or declared	y:\develop\github\backmir\bmclient\gamescene\GameOtherPlayer.h	201	1	BackMirClient
Error	5011	error C2146: syntax error : missing ';' before identifier 'm_eEffect'	y:\develop\github\backmir\bmclient\gamescene\GameOtherPlayer.h	228	1	BackMirClient
Error	5012	error C4430: missing type specifier - int assumed. Note: C++ does not support default-int	y:\develop\github\backmir\bmclient\gamescene\GameOtherPlayer.h	228	1	BackMirClient
Error	5013	error C2065: 'MAGICEFFECT_TOTAL' : undeclared identifier	y:\develop\github\backmir\bmclient\gamescene\GameOtherPlayer.h	228	1	BackMirClient
Warning	5014	warning C4819: The file contains a character that cannot be represented in the current code page (936). Save the file in Unicode format to prevent data loss	y:\develop\github\backmir\CommonModule\RandGenerator.h	1	1	BackMirClient
Warning	5015	warning C4819: The file contains a character that cannot be represented in the current code page (936). Save the file in Unicode format to prevent data loss	y:\develop\github\backmir\CommonModule\CollDownController.h	1	1	BackMirClient
Error	5016	error C2061: syntax error : identifier 'PLAYER_DIRECTION'	y:\develop\github\backmir\bmclient\gamescene\GamePlayer.h	57	1	BackMirClient
Error	5017	error C2061: syntax error : identifier 'PLAYER_DIRECTION'	y:\develop\github\backmir\bmclient\gamescene\GamePlayer.h	58	1	BackMirClient
Error	5018	error C2143: syntax error : missing ';' before '*'	y:\develop\github\backmir\bmclient\gamescene\GamePlayer.h	73	1	BackMirClient
Error	5019	error C4430: missing type specifier - int assumed. Note: C++ does not support default-int	y:\develop\github\backmir\bmclient\gamescene\GamePlayer.h	73	1	BackMirClient
Error	5020	error C4430: missing type specifier - int assumed. Note: C++ does not support default-int	y:\develop\github\backmir\bmclient\gamescene\GamePlayer.h	74	1	BackMirClient
Warning	5021	warning C4183: 'GetEquip': missing return type; assumed to be a member function returning 'int'	y:\develop\github\backmir\bmclient\gamescene\GamePlayer.h	76	1	BackMirClient
Error	5022	error C2146: syntax error : missing ';' before identifier 'm_equipAttrib'	y:\develop\github\backmir\bmclient\gamescene\GamePlayer.h	350	1	BackMirClient
Error	5023	error C4430: missing type specifier - int assumed. Note: C++ does not support default-int	y:\develop\github\backmir\bmclient\gamescene\GamePlayer.h	350	1	BackMirClient
Error	5024	error C2146: syntax error : missing ';' before identifier 'm_indexs'	y:\develop\github\backmir\bmclient\gamescene\GamePlayer.h	361	1	BackMirClient
Error	5025	error C4430: missing type specifier - int assumed. Note: C++ does not support default-int	y:\develop\github\backmir\bmclient\gamescene\GamePlayer.h	361	1	BackMirClient
Error	5026	error C2065: 'ADD_NORMAL' : undeclared identifier	y:\develop\github\backmir\bmclient\gamescene\GamePlayer.h	182	1	BackMirClient
Error	5027	error C2065: 'ADD_NORMAL' : undeclared identifier	y:\develop\github\backmir\bmclient\gamescene\GamePlayer.h	183	1	BackMirClient
Error	5028	error C2065: 'm_equipAttrib' : undeclared identifier	y:\develop\github\backmir\bmclient\gamescene\GamePlayer.h	75	1	BackMirClient
Error	5029	error C2065: 'PST_NONE' : undeclared identifier	y:\develop\github\backmir\bmclient\gamescene\GamePlayer.h	84	1	BackMirClient
Error	5030	error C2065: 'g_nWanLiTable' : undeclared identifier	y:\develop\github\backmir\bmclient\gamescene\GamePlayer.h	135	1	BackMirClient
Error	5031	error C2146: syntax error : missing ';' before identifier 'm_indexs'	y:\develop\github\backmir\bmclient\gamescene\GameMonster.h	114	1	BackMirClient
Error	5032	error C4430: missing type specifier - int assumed. Note: C++ does not support default-int	y:\develop\github\backmir\bmclient\gamescene\GameMonster.h	114	1	BackMirClient
Error	5033	error C2146: syntax error : missing ';' before identifier 'm_eEndStatus'	y:\develop\github\backmir\bmclient\gamescene\GameMonster.h	812	1	BackMirClient
Error	5034	error C4430: missing type specifier - int assumed. Note: C++ does not support default-int	y:\develop\github\backmir\bmclient\gamescene\GameMonster.h	812	1	BackMirClient
Error	5035	error C2146: syntax error : missing ';' before identifier 'm_xShowItems'	y:\develop\github\backmir\bmclient\GameScene\GameMapManager.h	137	1	BackMirClient
Error	5036	error C4430: missing type specifier - int assumed. Note: C++ does not support default-int	y:\develop\github\backmir\bmclient\GameScene\GameMapManager.h	137	1	BackMirClient
Error	5037	error C2146: syntax error : missing ';' before identifier 'm_xMouseItems'	y:\develop\github\backmir\bmclient\GameScene\GameMapManager.h	138	1	BackMirClient
Error	5038	error C4430: missing type specifier - int assumed. Note: C++ does not support default-int	y:\develop\github\backmir\bmclient\GameScene\GameMapManager.h	138	1	BackMirClient
Error	5039	error C2065: 'm_xMouseItems' : undeclared identifier	y:\develop\github\backmir\bmclient\GameScene\GameMapManager.h	80	1	BackMirClient
Error	5040	error C2228: left of '.push_back' must have class/struct/union	y:\develop\github\backmir\bmclient\GameScene\GameMapManager.h	80	1	BackMirClient
Error	5041	error C1083: Cannot open include file: 'FastDelegateBind.h': No such file or directory	y:\develop\github\backmir\bmclient\GameDialog\GameCommonDlg.h	9	1	BackMirClient
Warning	5042	warning C4819: The file contains a character that cannot be represented in the current code page (936). Save the file in Unicode format to prevent data loss	y:\develop\github\backmir\bmclient\Common\GlobalDefine.h	1	1	BackMirClient
Error	5043	error C2447: '{' : missing function header (old-style formal list?)	y:\develop\github\backmir\bmclient\Common\GlobalDefine.h	91	1	BackMirClient
Error	5044	error C2447: '{' : missing function header (old-style formal list?)	y:\develop\github\backmir\bmclient\Common\GlobalDefine.h	103	1	BackMirClient
Error	5045	error C2447: '{' : missing function header (old-style formal list?)	y:\develop\github\backmir\bmclient\Common\GlobalDefine.h	128	1	BackMirClient
Error	5046	error C2146: syntax error : missing ';' before identifier 'GetAngle'	y:\develop\github\backmir\bmclient\Common\GlobalFunction.h	26	1	BackMirClient
Error	5047	error C4430: missing type specifier - int assumed. Note: C++ does not support default-int	y:\develop\github\backmir\bmclient\Common\GlobalFunction.h	26	1	BackMirClient
Error	5048	error C4430: missing type specifier - int assumed. Note: C++ does not support default-int	y:\develop\github\backmir\bmclient\net\PacketHandler.h	71	1	BackMirClient
Error	5049	error C2143: syntax error : missing ',' before '&'	y:\develop\github\backmir\bmclient\net\PacketHandler.h	71	1	BackMirClient
Warning	5050	warning C4819: The file contains a character that cannot be represented in the current code page (936). Save the file in Unicode format to prevent data loss	y:\develop\github\backmir\CommonModule\MagicEffectID.h	1	1	BackMirClient
Error	5051	error C2061: syntax error : identifier 'PLAYER_DIRECTION'	y:\develop\github\backmir\bmclient\Common\GameRenderObject.h	308	1	BackMirClient
Error	5052	error C2146: syntax error : missing ';' before identifier 'GetDirection'	y:\develop\github\backmir\bmclient\Common\GameRenderObject.h	312	1	BackMirClient
Error	5053	error C2433: 'GameObject::PLAYER_DIRECTION' : 'inline' not permitted on data declarations	y:\develop\github\backmir\bmclient\Common\GameRenderObject.h	312	1	BackMirClient
Error	5054	error C4430: missing type specifier - int assumed. Note: C++ does not support default-int	y:\develop\github\backmir\bmclient\Common\GameRenderObject.h	312	1	BackMirClient
Error	5055	error C4430: missing type specifier - int assumed. Note: C++ does not support default-int	y:\develop\github\backmir\bmclient\Common\GameRenderObject.h	313	1	BackMirClient
Warning	5056	warning C4183: 'GetDirection': missing return type; assumed to be a member function returning 'int'	y:\develop\github\backmir\bmclient\Common\GameRenderObject.h	315	1	BackMirClient
Error	5057	error C2061: syntax error : identifier 'PLAYER_STATUS'	y:\develop\github\backmir\bmclient\Common\GameRenderObject.h	316	1	BackMirClient
Error	5058	error C2146: syntax error : missing ';' before identifier 'GetStatus'	y:\develop\github\backmir\bmclient\Common\GameRenderObject.h	326	1	BackMirClient
Error	5059	error C2433: 'GameObject::PLAYER_STATUS' : 'inline' not permitted on data declarations	y:\develop\github\backmir\bmclient\Common\GameRenderObject.h	326	1	BackMirClient
Error	5060	error C4430: missing type specifier - int assumed. Note: C++ does not support default-int	y:\develop\github\backmir\bmclient\Common\GameRenderObject.h	326	1	BackMirClient
Error	5061	error C4430: missing type specifier - int assumed. Note: C++ does not support default-int	y:\develop\github\backmir\bmclient\Common\GameRenderObject.h	327	1	BackMirClient
Warning	5062	warning C4183: 'GetStatus': missing return type; assumed to be a member function returning 'int'	y:\develop\github\backmir\bmclient\Common\GameRenderObject.h	329	1	BackMirClient
Error	5063	error C2146: syntax error : missing ';' before identifier 'GetPreStatus'	y:\develop\github\backmir\bmclient\Common\GameRenderObject.h	330	1	BackMirClient
Error	5064	error C2433: 'GameObject::PLAYER_STATUS' : 'inline' not permitted on data declarations	y:\develop\github\backmir\bmclient\Common\GameRenderObject.h	330	1	BackMirClient
Error	5065	error C4430: missing type specifier - int assumed. Note: C++ does not support default-int	y:\develop\github\backmir\bmclient\Common\GameRenderObject.h	330	1	BackMirClient
Error	5066	error C4430: missing type specifier - int assumed. Note: C++ does not support default-int	y:\develop\github\backmir\bmclient\Common\GameRenderObject.h	331	1	BackMirClient
Warning	5067	warning C4183: 'GetPreStatus': missing return type; assumed to be a member function returning 'int'	y:\develop\github\backmir\bmclient\Common\GameRenderObject.h	333	1	BackMirClient
Error	5068	error C2061: syntax error : identifier 'PLAYER_SEX'	y:\develop\github\backmir\bmclient\Common\GameRenderObject.h	354	1	BackMirClient
Error	5069	error C2146: syntax error : missing ';' before identifier 'GetPlayerSex'	y:\develop\github\backmir\bmclient\Common\GameRenderObject.h	358	1	BackMirClient
Error	5070	error C2433: 'GameObject::PLAYER_SEX' : 'inline' not permitted on data declarations	y:\develop\github\backmir\bmclient\Common\GameRenderObject.h	358	1	BackMirClient
Error	5071	error C4430: missing type specifier - int assumed. Note: C++ does not support default-int	y:\develop\github\backmir\bmclient\Common\GameRenderObject.h	358	1	BackMirClient
Error	5072	error C4430: missing type specifier - int assumed. Note: C++ does not support default-int	y:\develop\github\backmir\bmclient\Common\GameRenderObject.h	359	1	BackMirClient
Warning	5073	warning C4183: 'GetPlayerSex': missing return type; assumed to be a member function returning 'int'	y:\develop\github\backmir\bmclient\Common\GameRenderObject.h	361	1	BackMirClient
Error	5074	error C4430: missing type specifier - int assumed. Note: C++ does not support default-int	y:\develop\github\backmir\bmclient\Common\GameRenderObject.h	503	1	BackMirClient
Error	5075	error C2143: syntax error : missing ',' before '&'	y:\develop\github\backmir\bmclient\Common\GameRenderObject.h	503	1	BackMirClient
Error	5076	error C4430: missing type specifier - int assumed. Note: C++ does not support default-int	y:\develop\github\backmir\bmclient\Common\GameRenderObject.h	504	1	BackMirClient
Error	5077	error C2143: syntax error : missing ',' before '&'	y:\develop\github\backmir\bmclient\Common\GameRenderObject.h	504	1	BackMirClient
Error	5078	error C2535: 'void GameObject::DoPacket(const int)' : member function already defined or declared	y:\develop\github\backmir\bmclient\Common\GameRenderObject.h	504	1	BackMirClient
Error	5079	error C4430: missing type specifier - int assumed. Note: C++ does not support default-int	y:\develop\github\backmir\bmclient\Common\GameRenderObject.h	505	1	BackMirClient
Error	5080	error C2143: syntax error : missing ',' before '&'	y:\develop\github\backmir\bmclient\Common\GameRenderObject.h	505	1	BackMirClient
Error	5081	error C2535: 'void GameObject::DoPacket(const int)' : member function already defined or declared	y:\develop\github\backmir\bmclient\Common\GameRenderObject.h	505	1	BackMirClient
Error	5082	error C2061: syntax error : identifier 'PLAYER_STATUS'	y:\develop\github\backmir\bmclient\Common\GameRenderObject.h	513	1	BackMirClient
Error	5083	error C2146: syntax error : missing ';' before identifier 'm_drt'	y:\develop\github\backmir\bmclient\Common\GameRenderObject.h	554	1	BackMirClient
Error	5084	error C4430: missing type specifier - int assumed. Note: C++ does not support default-int	y:\develop\github\backmir\bmclient\Common\GameRenderObject.h	554	1	BackMirClient
Error	5085	error C2146: syntax error : missing ';' before identifier 'm_sex'	y:\develop\github\backmir\bmclient\Common\GameRenderObject.h	555	1	BackMirClient
Error	5086	error C4430: missing type specifier - int assumed. Note: C++ does not support default-int	y:\develop\github\backmir\bmclient\Common\GameRenderObject.h	555	1	BackMirClient
Error	5087	error C2146: syntax error : missing ';' before identifier 'm_stat'	y:\develop\github\backmir\bmclient\Common\GameRenderObject.h	556	1	BackMirClient
Error	5088	error C4430: missing type specifier - int assumed. Note: C++ does not support default-int	y:\develop\github\backmir\bmclient\Common\GameRenderObject.h	556	1	BackMirClient
Error	5089	error C2146: syntax error : missing ';' before identifier 'm_preStat'	y:\develop\github\backmir\bmclient\Common\GameRenderObject.h	557	1	BackMirClient
Error	5090	error C4430: missing type specifier - int assumed. Note: C++ does not support default-int	y:\develop\github\backmir\bmclient\Common\GameRenderObject.h	557	1	BackMirClient
Error	5091	error C2065: 'm_drt' : undeclared identifier	y:\develop\github\backmir\bmclient\Common\GameRenderObject.h	253	1	BackMirClient
Error	5092	error C2065: 'PDT_DOWN' : undeclared identifier	y:\develop\github\backmir\bmclient\Common\GameRenderObject.h	253	1	BackMirClient
Error	5093	error C2065: 'm_sex' : undeclared identifier	y:\develop\github\backmir\bmclient\Common\GameRenderObject.h	254	1	BackMirClient
Error	5094	error C2065: 'PSX_MAN' : undeclared identifier	y:\develop\github\backmir\bmclient\Common\GameRenderObject.h	254	1	BackMirClient
Error	5095	error C2065: 'm_preStat' : undeclared identifier	y:\develop\github\backmir\bmclient\Common\GameRenderObject.h	255	1	BackMirClient
Error	5096	error C2065: 'm_stat' : undeclared identifier	y:\develop\github\backmir\bmclient\Common\GameRenderObject.h	255	1	BackMirClient
Error	5097	error C2065: 'PST_STAND' : undeclared identifier	y:\develop\github\backmir\bmclient\Common\GameRenderObject.h	255	1	BackMirClient
Error	5098	error C2065: 'm_drt' : undeclared identifier	y:\develop\github\backmir\bmclient\Common\GameRenderObject.h	310	1	BackMirClient
Error	5099	error C2065: '_pd' : undeclared identifier	y:\develop\github\backmir\bmclient\Common\GameRenderObject.h	310	1	BackMirClient
Error	5100	error C2065: 'm_drt' : undeclared identifier	y:\develop\github\backmir\bmclient\Common\GameRenderObject.h	314	1	BackMirClient
Error	5101	error C2065: 'm_stat' : undeclared identifier	y:\develop\github\backmir\bmclient\Common\GameRenderObject.h	318	1	BackMirClient
Error	5102	error C2065: '_ps' : undeclared identifier	y:\develop\github\backmir\bmclient\Common\GameRenderObject.h	318	1	BackMirClient
Error	5103	error C2065: '_ps' : undeclared identifier	y:\develop\github\backmir\bmclient\Common\GameRenderObject.h	320	1	BackMirClient
Error	5104	error C2065: 'PST_STAND' : undeclared identifier	y:\develop\github\backmir\bmclient\Common\GameRenderObject.h	320	1	BackMirClient
Error	5105	error C2065: '_ps' : undeclared identifier	y:\develop\github\backmir\bmclient\Common\GameRenderObject.h	324	1	BackMirClient
Error	5106	error C2065: 'm_stat' : undeclared identifier	y:\develop\github\backmir\bmclient\Common\GameRenderObject.h	328	1	BackMirClient
Error	5107	error C2065: 'm_preStat' : undeclared identifier	y:\develop\github\backmir\bmclient\Common\GameRenderObject.h	332	1	BackMirClient
Error	5108	error C2065: 'm_sex' : undeclared identifier	y:\develop\github\backmir\bmclient\Common\GameRenderObject.h	356	1	BackMirClient
Error	5109	error C2065: '_ps' : undeclared identifier	y:\develop\github\backmir\bmclient\Common\GameRenderObject.h	356	1	BackMirClient
Error	5110	error C2065: 'm_sex' : undeclared identifier	y:\develop\github\backmir\bmclient\Common\GameRenderObject.h	360	1	BackMirClient
Error	5111	error C2065: 'PST_DEAD' : undeclared identifier	y:\develop\github\backmir\bmclient\Common\GameRenderObject.h	429	1	BackMirClient
Warning	5112	warning C4819: The file contains a character that cannot be represented in the current code page (936). Save the file in Unicode format to prevent data loss	y:\develop\github\backmir\CommonModule\ShareDefine.h	1	1	BackMirClient
Error	5113	error C2365: 'RES_ITEMS' : redefinition; previous definition was 'enumerator'	y:\develop\github\backmir\CommonModule\ShareDefine.h	79	1	BackMirClient
Error	5114	error C2365: 'RES_STATUS' : redefinition; previous definition was 'enumerator'	y:\develop\github\backmir\CommonModule\ShareDefine.h	80	1	BackMirClient
Error	5115	error C2365: 'RES_CUSTOM' : redefinition; previous definition was 'enumerator'	y:\develop\github\backmir\CommonModule\ShareDefine.h	81	1	BackMirClient
Error	5116	error C2365: 'RES_TOTAL' : redefinition; previous definition was 'enumerator'	y:\develop\github\backmir\CommonModule\ShareDefine.h	82	1	BackMirClient
Error	5117	error C2065: 'MEFF_USERTOTAL' : undeclared identifier	y:\develop\github\backmir\bmclient\GameScene\MagicEffect.h	8	1	BackMirClient
Error	5118	error C2061: syntax error : identifier 'PLAYER_STATUS'	y:\develop\github\backmir\bmclient\gamescene\GameOtherPlayer.h	29	1	BackMirClient
Error	5119	error C2061: syntax error : identifier 'MAGICEFFECT_TYPE'	y:\develop\github\backmir\bmclient\gamescene\GameOtherPlayer.h	52	1	BackMirClient
Error	5120	error C2061: syntax error : identifier 'MAGICEFFECT_TYPE'	y:\develop\github\backmir\bmclient\gamescene\GameOtherPlayer.h	53	1	BackMirClient
Error	5121	error C4430: missing type specifier - int assumed. Note: C++ does not support default-int	y:\develop\github\backmir\bmclient\gamescene\GameOtherPlayer.h	157	1	BackMirClient
Error	5122	error C2143: syntax error : missing ',' before '&'	y:\develop\github\backmir\bmclient\gamescene\GameOtherPlayer.h	157	1	BackMirClient
Error	5123	error C4430: missing type specifier - int assumed. Note: C++ does not support default-int	y:\develop\github\backmir\bmclient\gamescene\GameOtherPlayer.h	201	1	BackMirClient
Error	5124	error C2143: syntax error : missing ',' before '&'	y:\develop\github\backmir\bmclient\gamescene\GameOtherPlayer.h	201	1	BackMirClient
Error	5125	error C2535: 'void GameOtherPlayer::DoPacket(const int)' : member function already defined or declared	y:\develop\github\backmir\bmclient\gamescene\GameOtherPlayer.h	201	1	BackMirClient
Error	5126	error C2146: syntax error : missing ';' before identifier 'm_eEffect'	y:\develop\github\backmir\bmclient\gamescene\GameOtherPlayer.h	228	1	BackMirClient
Error	5127	error C4430: missing type specifier - int assumed. Note: C++ does not support default-int	y:\develop\github\backmir\bmclient\gamescene\GameOtherPlayer.h	228	1	BackMirClient
Error	5128	error C2065: 'MAGICEFFECT_TOTAL' : undeclared identifier	y:\develop\github\backmir\bmclient\gamescene\GameOtherPlayer.h	228	1	BackMirClient
Warning	5129	warning C4819: The file contains a character that cannot be represented in the current code page (936). Save the file in Unicode format to prevent data loss	y:\develop\github\backmir\CommonModule\RandGenerator.h	1	1	BackMirClient
Warning	5130	warning C4819: The file contains a character that cannot be represented in the current code page (936). Save the file in Unicode format to prevent data loss	y:\develop\github\backmir\CommonModule\CollDownController.h	1	1	BackMirClient
Error	5131	error C2061: syntax error : identifier 'PLAYER_DIRECTION'	y:\develop\github\backmir\bmclient\gamescene\GamePlayer.h	57	1	BackMirClient
Error	5132	error C2061: syntax error : identifier 'PLAYER_DIRECTION'	y:\develop\github\backmir\bmclient\gamescene\GamePlayer.h	58	1	BackMirClient
Error	5133	error C2143: syntax error : missing ';' before '*'	y:\develop\github\backmir\bmclient\gamescene\GamePlayer.h	73	1	BackMirClient
Error	5134	error C4430: missing type specifier - int assumed. Note: C++ does not support default-int	y:\develop\github\backmir\bmclient\gamescene\GamePlayer.h	73	1	BackMirClient
Error	5135	error C4430: missing type specifier - int assumed. Note: C++ does not support default-int	y:\develop\github\backmir\bmclient\gamescene\GamePlayer.h	74	1	BackMirClient
Warning	5136	warning C4183: 'GetEquip': missing return type; assumed to be a member function returning 'int'	y:\develop\github\backmir\bmclient\gamescene\GamePlayer.h	76	1	BackMirClient
Error	5137	error C2146: syntax error : missing ';' before identifier 'm_equipAttrib'	y:\develop\github\backmir\bmclient\gamescene\GamePlayer.h	350	1	BackMirClient
Error	5138	error C4430: missing type specifier - int assumed. Note: C++ does not support default-int	y:\develop\github\backmir\bmclient\gamescene\GamePlayer.h	350	1	BackMirClient
Error	5139	error C2146: syntax error : missing ';' before identifier 'm_indexs'	y:\develop\github\backmir\bmclient\gamescene\GamePlayer.h	361	1	BackMirClient
Error	5140	error C4430: missing type specifier - int assumed. Note: C++ does not support default-int	y:\develop\github\backmir\bmclient\gamescene\GamePlayer.h	361	1	BackMirClient
Error	5141	error C2065: 'ADD_NORMAL' : undeclared identifier	y:\develop\github\backmir\bmclient\gamescene\GamePlayer.h	182	1	BackMirClient
Error	5142	error C2065: 'ADD_NORMAL' : undeclared identifier	y:\develop\github\backmir\bmclient\gamescene\GamePlayer.h	183	1	BackMirClient
Error	5143	error C2065: 'm_equipAttrib' : undeclared identifier	y:\develop\github\backmir\bmclient\gamescene\GamePlayer.h	75	1	BackMirClient
Error	5144	error C2065: 'PST_NONE' : undeclared identifier	y:\develop\github\backmir\bmclient\gamescene\GamePlayer.h	84	1	BackMirClient
Error	5145	error C2065: 'g_nWanLiTable' : undeclared identifier	y:\develop\github\backmir\bmclient\gamescene\GamePlayer.h	135	1	BackMirClient
Error	5146	error C2146: syntax error : missing ';' before identifier 'm_indexs'	y:\develop\github\backmir\bmclient\gamescene\GameMonster.h	114	1	BackMirClient
Error	5147	error C4430: missing type specifier - int assumed. Note: C++ does not support default-int	y:\develop\github\backmir\bmclient\gamescene\GameMonster.h	114	1	BackMirClient
Error	5148	error C2146: syntax error : missing ';' before identifier 'm_eEndStatus'	y:\develop\github\backmir\bmclient\gamescene\GameMonster.h	812	1	BackMirClient
Error	5149	error C4430: missing type specifier - int assumed. Note: C++ does not support default-int	y:\develop\github\backmir\bmclient\gamescene\GameMonster.h	812	1	BackMirClient
Error	5150	error C2146: syntax error : missing ';' before identifier 'm_xShowItems'	y:\develop\github\backmir\bmclient\GameScene\GameMapManager.h	137	1	BackMirClient
Error	5151	error C4430: missing type specifier - int assumed. Note: C++ does not support default-int	y:\develop\github\backmir\bmclient\GameScene\GameMapManager.h	137	1	BackMirClient
Error	5152	error C2146: syntax error : missing ';' before identifier 'm_xMouseItems'	y:\develop\github\backmir\bmclient\GameScene\GameMapManager.h	138	1	BackMirClient
Error	5153	error C4430: missing type specifier - int assumed. Note: C++ does not support default-int	y:\develop\github\backmir\bmclient\GameScene\GameMapManager.h	138	1	BackMirClient
Error	5154	error C2065: 'm_xMouseItems' : undeclared identifier	y:\develop\github\backmir\bmclient\GameScene\GameMapManager.h	80	1	BackMirClient
Error	5155	error C2228: left of '.push_back' must have class/struct/union	y:\develop\github\backmir\bmclient\GameScene\GameMapManager.h	80	1	BackMirClient
Error	5156	error C1083: Cannot open include file: 'FastDelegateBind.h': No such file or directory	y:\develop\github\backmir\bmclient\GameDialog\GameCommonDlg.h	9	1	BackMirClient
Warning	5157	warning C4819: The file contains a character that cannot be represented in the current code page (936). Save the file in Unicode format to prevent data loss	y:\develop\github\backmir\bmclient\Common\GlobalDefine.h	1	1	BackMirClient
Error	5158	error C2447: '{' : missing function header (old-style formal list?)	y:\develop\github\backmir\bmclient\Common\GlobalDefine.h	91	1	BackMirClient
Error	5159	error C2447: '{' : missing function header (old-style formal list?)	y:\develop\github\backmir\bmclient\Common\GlobalDefine.h	103	1	BackMirClient
Error	5160	error C2447: '{' : missing function header (old-style formal list?)	y:\develop\github\backmir\bmclient\Common\GlobalDefine.h	128	1	BackMirClient
Error	5161	error C2146: syntax error : missing ';' before identifier 'GetAngle'	y:\develop\github\backmir\bmclient\Common\GlobalFunction.h	26	1	BackMirClient
Error	5162	error C4430: missing type specifier - int assumed. Note: C++ does not support default-int	y:\develop\github\backmir\bmclient\Common\GlobalFunction.h	26	1	BackMirClient
Error	5163	error C4430: missing type specifier - int assumed. Note: C++ does not support default-int	y:\develop\github\backmir\bmclient\net\PacketHandler.h	71	1	BackMirClient
Error	5164	error C2143: syntax error : missing ',' before '&'	y:\develop\github\backmir\bmclient\net\PacketHandler.h	71	1	BackMirClient
Warning	5165	warning C4819: The file contains a character that cannot be represented in the current code page (936). Save the file in Unicode format to prevent data loss	y:\develop\github\backmir\CommonModule\MagicEffectID.h	1	1	BackMirClient
Error	5166	error C2061: syntax error : identifier 'PLAYER_DIRECTION'	y:\develop\github\backmir\bmclient\Common\GameRenderObject.h	308	1	BackMirClient
Error	5167	error C2146: syntax error : missing ';' before identifier 'GetDirection'	y:\develop\github\backmir\bmclient\Common\GameRenderObject.h	312	1	BackMirClient
Error	5168	error C2433: 'GameObject::PLAYER_DIRECTION' : 'inline' not permitted on data declarations	y:\develop\github\backmir\bmclient\Common\GameRenderObject.h	312	1	BackMirClient
Error	5169	error C4430: missing type specifier - int assumed. Note: C++ does not support default-int	y:\develop\github\backmir\bmclient\Common\GameRenderObject.h	312	1	BackMirClient
Error	5170	error C4430: missing type specifier - int assumed. Note: C++ does not support default-int	y:\develop\github\backmir\bmclient\Common\GameRenderObject.h	313	1	BackMirClient
Warning	5171	warning C4183: 'GetDirection': missing return type; assumed to be a member function returning 'int'	y:\develop\github\backmir\bmclient\Common\GameRenderObject.h	315	1	BackMirClient
Error	5172	error C2061: syntax error : identifier 'PLAYER_STATUS'	y:\develop\github\backmir\bmclient\Common\GameRenderObject.h	316	1	BackMirClient
Error	5173	error C2146: syntax error : missing ';' before identifier 'GetStatus'	y:\develop\github\backmir\bmclient\Common\GameRenderObject.h	326	1	BackMirClient
Error	5174	error C2433: 'GameObject::PLAYER_STATUS' : 'inline' not permitted on data declarations	y:\develop\github\backmir\bmclient\Common\GameRenderObject.h	326	1	BackMirClient
Error	5175	error C4430: missing type specifier - int assumed. Note: C++ does not support default-int	y:\develop\github\backmir\bmclient\Common\GameRenderObject.h	326	1	BackMirClient
Error	5176	error C4430: missing type specifier - int assumed. Note: C++ does not support default-int	y:\develop\github\backmir\bmclient\Common\GameRenderObject.h	327	1	BackMirClient
Warning	5177	warning C4183: 'GetStatus': missing return type; assumed to be a member function returning 'int'	y:\develop\github\backmir\bmclient\Common\GameRenderObject.h	329	1	BackMirClient
Error	5178	error C2146: syntax error : missing ';' before identifier 'GetPreStatus'	y:\develop\github\backmir\bmclient\Common\GameRenderObject.h	330	1	BackMirClient
Error	5179	error C2433: 'GameObject::PLAYER_STATUS' : 'inline' not permitted on data declarations	y:\develop\github\backmir\bmclient\Common\GameRenderObject.h	330	1	BackMirClient
Error	5180	error C4430: missing type specifier - int assumed. Note: C++ does not support default-int	y:\develop\github\backmir\bmclient\Common\GameRenderObject.h	330	1	BackMirClient
Error	5181	error C4430: missing type specifier - int assumed. Note: C++ does not support default-int	y:\develop\github\backmir\bmclient\Common\GameRenderObject.h	331	1	BackMirClient
Warning	5182	warning C4183: 'GetPreStatus': missing return type; assumed to be a member function returning 'int'	y:\develop\github\backmir\bmclient\Common\GameRenderObject.h	333	1	BackMirClient
Error	5183	error C2061: syntax error : identifier 'PLAYER_SEX'	y:\develop\github\backmir\bmclient\Common\GameRenderObject.h	354	1	BackMirClient
Error	5184	error C2146: syntax error : missing ';' before identifier 'GetPlayerSex'	y:\develop\github\backmir\bmclient\Common\GameRenderObject.h	358	1	BackMirClient
Error	5185	error C2433: 'GameObject::PLAYER_SEX' : 'inline' not permitted on data declarations	y:\develop\github\backmir\bmclient\Common\GameRenderObject.h	358	1	BackMirClient
Error	5186	error C4430: missing type specifier - int assumed. Note: C++ does not support default-int	y:\develop\github\backmir\bmclient\Common\GameRenderObject.h	358	1	BackMirClient
Error	5187	error C4430: missing type specifier - int assumed. Note: C++ does not support default-int	y:\develop\github\backmir\bmclient\Common\GameRenderObject.h	359	1	BackMirClient
Warning	5188	warning C4183: 'GetPlayerSex': missing return type; assumed to be a member function returning 'int'	y:\develop\github\backmir\bmclient\Common\GameRenderObject.h	361	1	BackMirClient
Error	5189	error C4430: missing type specifier - int assumed. Note: C++ does not support default-int	y:\develop\github\backmir\bmclient\Common\GameRenderObject.h	503	1	BackMirClient
Error	5190	error C2143: syntax error : missing ',' before '&'	y:\develop\github\backmir\bmclient\Common\GameRenderObject.h	503	1	BackMirClient
Error	5191	error C4430: missing type specifier - int assumed. Note: C++ does not support default-int	y:\develop\github\backmir\bmclient\Common\GameRenderObject.h	504	1	BackMirClient
Error	5192	error C2143: syntax error : missing ',' before '&'	y:\develop\github\backmir\bmclient\Common\GameRenderObject.h	504	1	BackMirClient
Error	5193	error C2535: 'void GameObject::DoPacket(const int)' : member function already defined or declared	y:\develop\github\backmir\bmclient\Common\GameRenderObject.h	504	1	BackMirClient
Error	5194	error C4430: missing type specifier - int assumed. Note: C++ does not support default-int	y:\develop\github\backmir\bmclient\Common\GameRenderObject.h	505	1	BackMirClient
Error	5195	error C2143: syntax error : missing ',' before '&'	y:\develop\github\backmir\bmclient\Common\GameRenderObject.h	505	1	BackMirClient
Error	5196	error C2535: 'void GameObject::DoPacket(const int)' : member function already defined or declared	y:\develop\github\backmir\bmclient\Common\GameRenderObject.h	505	1	BackMirClient
Error	5197	error C2061: syntax error : identifier 'PLAYER_STATUS'	y:\develop\github\backmir\bmclient\Common\GameRenderObject.h	513	1	BackMirClient
Error	5198	error C2146: syntax error : missing ';' before identifier 'm_drt'	y:\develop\github\backmir\bmclient\Common\GameRenderObject.h	554	1	BackMirClient
Error	5199	error C4430: missing type specifier - int assumed. Note: C++ does not support default-int	y:\develop\github\backmir\bmclient\Common\GameRenderObject.h	554	1	BackMirClient
Error	5200	error C2146: syntax error : missing ';' before identifier 'm_sex'	y:\develop\github\backmir\bmclient\Common\GameRenderObject.h	555	1	BackMirClient
Error	5201	error C4430: missing type specifier - int assumed. Note: C++ does not support default-int	y:\develop\github\backmir\bmclient\Common\GameRenderObject.h	555	1	BackMirClient
Error	5202	error C2146: syntax error : missing ';' before identifier 'm_stat'	y:\develop\github\backmir\bmclient\Common\GameRenderObject.h	556	1	BackMirClient
Error	5203	error C4430: missing type specifier - int assumed. Note: C++ does not support default-int	y:\develop\github\backmir\bmclient\Common\GameRenderObject.h	556	1	BackMirClient
Error	5204	error C2146: syntax error : missing ';' before identifier 'm_preStat'	y:\develop\github\backmir\bmclient\Common\GameRenderObject.h	557	1	BackMirClient
Error	5205	error C4430: missing type specifier - int assumed. Note: C++ does not support default-int	y:\develop\github\backmir\bmclient\Common\GameRenderObject.h	557	1	BackMirClient
Error	5206	error C2065: 'm_drt' : undeclared identifier	y:\develop\github\backmir\bmclient\Common\GameRenderObject.h	253	1	BackMirClient
Error	5207	error C2065: 'PDT_DOWN' : undeclared identifier	y:\develop\github\backmir\bmclient\Common\GameRenderObject.h	253	1	BackMirClient
Error	5208	error C2065: 'm_sex' : undeclared identifier	y:\develop\github\backmir\bmclient\Common\GameRenderObject.h	254	1	BackMirClient
Error	5209	error C2065: 'PSX_MAN' : undeclared identifier	y:\develop\github\backmir\bmclient\Common\GameRenderObject.h	254	1	BackMirClient
Error	5210	error C2065: 'm_preStat' : undeclared identifier	y:\develop\github\backmir\bmclient\Common\GameRenderObject.h	255	1	BackMirClient
Error	5211	error C2065: 'm_stat' : undeclared identifier	y:\develop\github\backmir\bmclient\Common\GameRenderObject.h	255	1	BackMirClient
Error	5212	error C2065: 'PST_STAND' : undeclared identifier	y:\develop\github\backmir\bmclient\Common\GameRenderObject.h	255	1	BackMirClient
Error	5213	error C2065: 'm_drt' : undeclared identifier	y:\develop\github\backmir\bmclient\Common\GameRenderObject.h	310	1	BackMirClient
Error	5214	error C2065: '_pd' : undeclared identifier	y:\develop\github\backmir\bmclient\Common\GameRenderObject.h	310	1	BackMirClient
Error	5215	error C2065: 'm_drt' : undeclared identifier	y:\develop\github\backmir\bmclient\Common\GameRenderObject.h	314	1	BackMirClient
Error	5216	error C2065: 'm_stat' : undeclared identifier	y:\develop\github\backmir\bmclient\Common\GameRenderObject.h	318	1	BackMirClient
Error	5217	error C2065: '_ps' : undeclared identifier	y:\develop\github\backmir\bmclient\Common\GameRenderObject.h	318	1	BackMirClient
Error	5218	error C2065: '_ps' : undeclared identifier	y:\develop\github\backmir\bmclient\Common\GameRenderObject.h	320	1	BackMirClient
Error	5219	error C2065: 'PST_STAND' : undeclared identifier	y:\develop\github\backmir\bmclient\Common\GameRenderObject.h	320	1	BackMirClient
Error	5220	error C2065: '_ps' : undeclared identifier	y:\develop\github\backmir\bmclient\Common\GameRenderObject.h	324	1	BackMirClient
Error	5221	error C2065: 'm_stat' : undeclared identifier	y:\develop\github\backmir\bmclient\Common\GameRenderObject.h	328	1	BackMirClient
Error	5222	error C2065: 'm_preStat' : undeclared identifier	y:\develop\github\backmir\bmclient\Common\GameRenderObject.h	332	1	BackMirClient
Error	5223	error C2065: 'm_sex' : undeclared identifier	y:\develop\github\backmir\bmclient\Common\GameRenderObject.h	356	1	BackMirClient
Error	5224	error C2065: '_ps' : undeclared identifier	y:\develop\github\backmir\bmclient\Common\GameRenderObject.h	356	1	BackMirClient
Error	5225	error C2065: 'm_sex' : undeclared identifier	y:\develop\github\backmir\bmclient\Common\GameRenderObject.h	360	1	BackMirClient
Error	5226	error C2065: 'PST_DEAD' : undeclared identifier	y:\develop\github\backmir\bmclient\Common\GameRenderObject.h	429	1	BackMirClient
Warning	5227	warning C4819: The file contains a character that cannot be represented in the current code page (936). Save the file in Unicode format to prevent data loss	y:\develop\github\backmir\CommonModule\ShareDefine.h	1	1	BackMirClient
Error	5228	error C2365: 'RES_ITEMS' : redefinition; previous definition was 'enumerator'	y:\develop\github\backmir\CommonModule\ShareDefine.h	79	1	BackMirClient
Error	5229	error C2365: 'RES_STATUS' : redefinition; previous definition was 'enumerator'	y:\develop\github\backmir\CommonModule\ShareDefine.h	80	1	BackMirClient
Error	5230	error C2365: 'RES_CUSTOM' : redefinition; previous definition was 'enumerator'	y:\develop\github\backmir\CommonModule\ShareDefine.h	81	1	BackMirClient
Error	5231	error C2365: 'RES_TOTAL' : redefinition; previous definition was 'enumerator'	y:\develop\github\backmir\CommonModule\ShareDefine.h	82	1	BackMirClient
Error	5232	error C2065: 'MEFF_USERTOTAL' : undeclared identifier	y:\develop\github\backmir\bmclient\GameScene\MagicEffect.h	8	1	BackMirClient
Error	5233	error C2061: syntax error : identifier 'PLAYER_STATUS'	y:\develop\github\backmir\bmclient\gamescene\GameOtherPlayer.h	29	1	BackMirClient
Error	5234	error C2061: syntax error : identifier 'MAGICEFFECT_TYPE'	y:\develop\github\backmir\bmclient\gamescene\GameOtherPlayer.h	52	1	BackMirClient
Error	5235	error C2061: syntax error : identifier 'MAGICEFFECT_TYPE'	y:\develop\github\backmir\bmclient\gamescene\GameOtherPlayer.h	53	1	BackMirClient
Error	5236	error C4430: missing type specifier - int assumed. Note: C++ does not support default-int	y:\develop\github\backmir\bmclient\gamescene\GameOtherPlayer.h	157	1	BackMirClient
Error	5237	error C2143: syntax error : missing ',' before '&'	y:\develop\github\backmir\bmclient\gamescene\GameOtherPlayer.h	157	1	BackMirClient
Error	5238	error C4430: missing type specifier - int assumed. Note: C++ does not support default-int	y:\develop\github\backmir\bmclient\gamescene\GameOtherPlayer.h	201	1	BackMirClient
Error	5239	error C2143: syntax error : missing ',' before '&'	y:\develop\github\backmir\bmclient\gamescene\GameOtherPlayer.h	201	1	BackMirClient
Error	5240	error C2535: 'void GameOtherPlayer::DoPacket(const int)' : member function already defined or declared	y:\develop\github\backmir\bmclient\gamescene\GameOtherPlayer.h	201	1	BackMirClient
Error	5241	error C2146: syntax error : missing ';' before identifier 'm_eEffect'	y:\develop\github\backmir\bmclient\gamescene\GameOtherPlayer.h	228	1	BackMirClient
Error	5242	error C4430: missing type specifier - int assumed. Note: C++ does not support default-int	y:\develop\github\backmir\bmclient\gamescene\GameOtherPlayer.h	228	1	BackMirClient
Error	5243	error C2065: 'MAGICEFFECT_TOTAL' : undeclared identifier	y:\develop\github\backmir\bmclient\gamescene\GameOtherPlayer.h	228	1	BackMirClient
Warning	5244	warning C4819: The file contains a character that cannot be represented in the current code page (936). Save the file in Unicode format to prevent data loss	y:\develop\github\backmir\CommonModule\RandGenerator.h	1	1	BackMirClient
Warning	5245	warning C4819: The file contains a character that cannot be represented in the current code page (936). Save the file in Unicode format to prevent data loss	y:\develop\github\backmir\CommonModule\CollDownController.h	1	1	BackMirClient
Error	5246	error C2061: syntax error : identifier 'PLAYER_DIRECTION'	y:\develop\github\backmir\bmclient\gamescene\GamePlayer.h	57	1	BackMirClient
Error	5247	error C2061: syntax error : identifier 'PLAYER_DIRECTION'	y:\develop\github\backmir\bmclient\gamescene\GamePlayer.h	58	1	BackMirClient
Error	5248	error C2143: syntax error : missing ';' before '*'	y:\develop\github\backmir\bmclient\gamescene\GamePlayer.h	73	1	BackMirClient
Error	5249	error C4430: missing type specifier - int assumed. Note: C++ does not support default-int	y:\develop\github\backmir\bmclient\gamescene\GamePlayer.h	73	1	BackMirClient
Error	5250	error C4430: missing type specifier - int assumed. Note: C++ does not support default-int	y:\develop\github\backmir\bmclient\gamescene\GamePlayer.h	74	1	BackMirClient
Warning	5251	warning C4183: 'GetEquip': missing return type; assumed to be a member function returning 'int'	y:\develop\github\backmir\bmclient\gamescene\GamePlayer.h	76	1	BackMirClient
Error	5252	error C2146: syntax error : missing ';' before identifier 'm_equipAttrib'	y:\develop\github\backmir\bmclient\gamescene\GamePlayer.h	350	1	BackMirClient
Error	5253	error C4430: missing type specifier - int assumed. Note: C++ does not support default-int	y:\develop\github\backmir\bmclient\gamescene\GamePlayer.h	350	1	BackMirClient
Error	5254	error C2146: syntax error : missing ';' before identifier 'm_indexs'	y:\develop\github\backmir\bmclient\gamescene\GamePlayer.h	361	1	BackMirClient
Error	5255	error C4430: missing type specifier - int assumed. Note: C++ does not support default-int	y:\develop\github\backmir\bmclient\gamescene\GamePlayer.h	361	1	BackMirClient
Error	5256	error C2065: 'ADD_NORMAL' : undeclared identifier	y:\develop\github\backmir\bmclient\gamescene\GamePlayer.h	182	1	BackMirClient
Error	5257	error C2065: 'ADD_NORMAL' : undeclared identifier	y:\develop\github\backmir\bmclient\gamescene\GamePlayer.h	183	1	BackMirClient
Error	5258	error C2065: 'm_equipAttrib' : undeclared identifier	y:\develop\github\backmir\bmclient\gamescene\GamePlayer.h	75	1	BackMirClient
Error	5259	error C2065: 'PST_NONE' : undeclared identifier	y:\develop\github\backmir\bmclient\gamescene\GamePlayer.h	84	1	BackMirClient
Error	5260	error C2065: 'g_nWanLiTable' : undeclared identifier	y:\develop\github\backmir\bmclient\gamescene\GamePlayer.h	135	1	BackMirClient
Error	5261	error C2146: syntax error : missing ';' before identifier 'm_indexs'	y:\develop\github\backmir\bmclient\gamescene\GameMonster.h	114	1	BackMirClient
Error	5262	error C4430: missing type specifier - int assumed. Note: C++ does not support default-int	y:\develop\github\backmir\bmclient\gamescene\GameMonster.h	114	1	BackMirClient
Error	5263	error C2146: syntax error : missing ';' before identifier 'm_eEndStatus'	y:\develop\github\backmir\bmclient\gamescene\GameMonster.h	812	1	BackMirClient
Error	5264	error C4430: missing type specifier - int assumed. Note: C++ does not support default-int	y:\develop\github\backmir\bmclient\gamescene\GameMonster.h	812	1	BackMirClient
Error	5265	error C2146: syntax error : missing ';' before identifier 'm_xShowItems'	y:\develop\github\backmir\bmclient\GameScene\GameMapManager.h	137	1	BackMirClient
Error	5266	error C4430: missing type specifier - int assumed. Note: C++ does not support default-int	y:\develop\github\backmir\bmclient\GameScene\GameMapManager.h	137	1	BackMirClient
Error	5267	error C2146: syntax error : missing ';' before identifier 'm_xMouseItems'	y:\develop\github\backmir\bmclient\GameScene\GameMapManager.h	138	1	BackMirClient
Error	5268	error C4430: missing type specifier - int assumed. Note: C++ does not support default-int	y:\develop\github\backmir\bmclient\GameScene\GameMapManager.h	138	1	BackMirClient
Error	5269	error C2065: 'm_xMouseItems' : undeclared identifier	y:\develop\github\backmir\bmclient\GameScene\GameMapManager.h	80	1	BackMirClient
Error	5270	error C2228: left of '.push_back' must have class/struct/union	y:\develop\github\backmir\bmclient\GameScene\GameMapManager.h	80	1	BackMirClient
Error	5271	error C1083: Cannot open include file: 'FastDelegateBind.h': No such file or directory	y:\develop\github\backmir\bmclient\GameDialog\GameCommonDlg.h	9	1	BackMirClient
Warning	5272	warning C4819: The file contains a character that cannot be represented in the current code page (936). Save the file in Unicode format to prevent data loss	y:\develop\github\backmir\bmclient\Common\GlobalDefine.h	1	1	BackMirClient
Error	5273	error C2447: '{' : missing function header (old-style formal list?)	y:\develop\github\backmir\bmclient\Common\GlobalDefine.h	91	1	BackMirClient
Error	5274	error C2447: '{' : missing function header (old-style formal list?)	y:\develop\github\backmir\bmclient\Common\GlobalDefine.h	103	1	BackMirClient
Error	5275	error C2447: '{' : missing function header (old-style formal list?)	y:\develop\github\backmir\bmclient\Common\GlobalDefine.h	128	1	BackMirClient
Error	5276	error C2146: syntax error : missing ';' before identifier 'GetAngle'	y:\develop\github\backmir\bmclient\Common\GlobalFunction.h	26	1	BackMirClient
Error	5277	error C4430: missing type specifier - int assumed. Note: C++ does not support default-int	y:\develop\github\backmir\bmclient\Common\GlobalFunction.h	26	1	BackMirClient
Error	5278	error C4430: missing type specifier - int assumed. Note: C++ does not support default-int	y:\develop\github\backmir\bmclient\net\PacketHandler.h	71	1	BackMirClient
Error	5279	error C2143: syntax error : missing ',' before '&'	y:\develop\github\backmir\bmclient\net\PacketHandler.h	71	1	BackMirClient
Warning	5280	warning C4819: The file contains a character that cannot be represented in the current code page (936). Save the file in Unicode format to prevent data loss	y:\develop\github\backmir\CommonModule\MagicEffectID.h	1	1	BackMirClient
Error	5281	error C2061: syntax error : identifier 'PLAYER_DIRECTION'	y:\develop\github\backmir\bmclient\Common\GameRenderObject.h	308	1	BackMirClient
Error	5282	error C2146: syntax error : missing ';' before identifier 'GetDirection'	y:\develop\github\backmir\bmclient\Common\GameRenderObject.h	312	1	BackMirClient
Error	5283	error C2433: 'GameObject::PLAYER_DIRECTION' : 'inline' not permitted on data declarations	y:\develop\github\backmir\bmclient\Common\GameRenderObject.h	312	1	BackMirClient
Error	5284	error C4430: missing type specifier - int assumed. Note: C++ does not support default-int	y:\develop\github\backmir\bmclient\Common\GameRenderObject.h	312	1	BackMirClient
Error	5285	error C4430: missing type specifier - int assumed. Note: C++ does not support default-int	y:\develop\github\backmir\bmclient\Common\GameRenderObject.h	313	1	BackMirClient
Warning	5286	warning C4183: 'GetDirection': missing return type; assumed to be a member function returning 'int'	y:\develop\github\backmir\bmclient\Common\GameRenderObject.h	315	1	BackMirClient
Error	5287	error C2061: syntax error : identifier 'PLAYER_STATUS'	y:\develop\github\backmir\bmclient\Common\GameRenderObject.h	316	1	BackMirClient
Error	5288	error C2146: syntax error : missing ';' before identifier 'GetStatus'	y:\develop\github\backmir\bmclient\Common\GameRenderObject.h	326	1	BackMirClient
Error	5289	error C2433: 'GameObject::PLAYER_STATUS' : 'inline' not permitted on data declarations	y:\develop\github\backmir\bmclient\Common\GameRenderObject.h	326	1	BackMirClient
Error	5290	error C4430: missing type specifier - int assumed. Note: C++ does not support default-int	y:\develop\github\backmir\bmclient\Common\GameRenderObject.h	326	1	BackMirClient
Error	5291	error C4430: missing type specifier - int assumed. Note: C++ does not support default-int	y:\develop\github\backmir\bmclient\Common\GameRenderObject.h	327	1	BackMirClient
Warning	5292	warning C4183: 'GetStatus': missing return type; assumed to be a member function returning 'int'	y:\develop\github\backmir\bmclient\Common\GameRenderObject.h	329	1	BackMirClient
Error	5293	error C2146: syntax error : missing ';' before identifier 'GetPreStatus'	y:\develop\github\backmir\bmclient\Common\GameRenderObject.h	330	1	BackMirClient
Error	5294	error C2433: 'GameObject::PLAYER_STATUS' : 'inline' not permitted on data declarations	y:\develop\github\backmir\bmclient\Common\GameRenderObject.h	330	1	BackMirClient
Error	5295	error C4430: missing type specifier - int assumed. Note: C++ does not support default-int	y:\develop\github\backmir\bmclient\Common\GameRenderObject.h	330	1	BackMirClient
Error	5296	error C4430: missing type specifier - int assumed. Note: C++ does not support default-int	y:\develop\github\backmir\bmclient\Common\GameRenderObject.h	331	1	BackMirClient
Warning	5297	warning C4183: 'GetPreStatus': missing return type; assumed to be a member function returning 'int'	y:\develop\github\backmir\bmclient\Common\GameRenderObject.h	333	1	BackMirClient
Error	5298	error C2061: syntax error : identifier 'PLAYER_SEX'	y:\develop\github\backmir\bmclient\Common\GameRenderObject.h	354	1	BackMirClient
Error	5299	error C2146: syntax error : missing ';' before identifier 'GetPlayerSex'	y:\develop\github\backmir\bmclient\Common\GameRenderObject.h	358	1	BackMirClient
Error	5300	error C2433: 'GameObject::PLAYER_SEX' : 'inline' not permitted on data declarations	y:\develop\github\backmir\bmclient\Common\GameRenderObject.h	358	1	BackMirClient
Error	5301	error C4430: missing type specifier - int assumed. Note: C++ does not support default-int	y:\develop\github\backmir\bmclient\Common\GameRenderObject.h	358	1	BackMirClient
Error	5302	error C4430: missing type specifier - int assumed. Note: C++ does not support default-int	y:\develop\github\backmir\bmclient\Common\GameRenderObject.h	359	1	BackMirClient
Warning	5303	warning C4183: 'GetPlayerSex': missing return type; assumed to be a member function returning 'int'	y:\develop\github\backmir\bmclient\Common\GameRenderObject.h	361	1	BackMirClient
Error	5304	error C4430: missing type specifier - int assumed. Note: C++ does not support default-int	y:\develop\github\backmir\bmclient\Common\GameRenderObject.h	503	1	BackMirClient
Error	5305	error C2143: syntax error : missing ',' before '&'	y:\develop\github\backmir\bmclient\Common\GameRenderObject.h	503	1	BackMirClient
Error	5306	error C4430: missing type specifier - int assumed. Note: C++ does not support default-int	y:\develop\github\backmir\bmclient\Common\GameRenderObject.h	504	1	BackMirClient
Error	5307	error C2143: syntax error : missing ',' before '&'	y:\develop\github\backmir\bmclient\Common\GameRenderObject.h	504	1	BackMirClient
Error	5308	error C2535: 'void GameObject::DoPacket(const int)' : member function already defined or declared	y:\develop\github\backmir\bmclient\Common\GameRenderObject.h	504	1	BackMirClient
Error	5309	error C4430: missing type specifier - int assumed. Note: C++ does not support default-int	y:\develop\github\backmir\bmclient\Common\GameRenderObject.h	505	1	BackMirClient
Error	5310	error C2143: syntax error : missing ',' before '&'	y:\develop\github\backmir\bmclient\Common\GameRenderObject.h	505	1	BackMirClient
Error	5311	error C2535: 'void GameObject::DoPacket(const int)' : member function already defined or declared	y:\develop\github\backmir\bmclient\Common\GameRenderObject.h	505	1	BackMirClient
Error	5312	error C2061: syntax error : identifier 'PLAYER_STATUS'	y:\develop\github\backmir\bmclient\Common\GameRenderObject.h	513	1	BackMirClient
Error	5313	error C2146: syntax error : missing ';' before identifier 'm_drt'	y:\develop\github\backmir\bmclient\Common\GameRenderObject.h	554	1	BackMirClient
Error	5314	error C4430: missing type specifier - int assumed. Note: C++ does not support default-int	y:\develop\github\backmir\bmclient\Common\GameRenderObject.h	554	1	BackMirClient
Error	5315	error C2146: syntax error : missing ';' before identifier 'm_sex'	y:\develop\github\backmir\bmclient\Common\GameRenderObject.h	555	1	BackMirClient
Error	5316	error C4430: missing type specifier - int assumed. Note: C++ does not support default-int	y:\develop\github\backmir\bmclient\Common\GameRenderObject.h	555	1	BackMirClient
Error	5317	error C2146: syntax error : missing ';' before identifier 'm_stat'	y:\develop\github\backmir\bmclient\Common\GameRenderObject.h	556	1	BackMirClient
Error	5318	error C4430: missing type specifier - int assumed. Note: C++ does not support default-int	y:\develop\github\backmir\bmclient\Common\GameRenderObject.h	556	1	BackMirClient
Error	5319	error C2146: syntax error : missing ';' before identifier 'm_preStat'	y:\develop\github\backmir\bmclient\Common\GameRenderObject.h	557	1	BackMirClient
Error	5320	error C4430: missing type specifier - int assumed. Note: C++ does not support default-int	y:\develop\github\backmir\bmclient\Common\GameRenderObject.h	557	1	BackMirClient
Error	5321	error C2065: 'm_drt' : undeclared identifier	y:\develop\github\backmir\bmclient\Common\GameRenderObject.h	253	1	BackMirClient
Error	5322	error C2065: 'PDT_DOWN' : undeclared identifier	y:\develop\github\backmir\bmclient\Common\GameRenderObject.h	253	1	BackMirClient
Error	5323	error C2065: 'm_sex' : undeclared identifier	y:\develop\github\backmir\bmclient\Common\GameRenderObject.h	254	1	BackMirClient
Error	5324	error C2065: 'PSX_MAN' : undeclared identifier	y:\develop\github\backmir\bmclient\Common\GameRenderObject.h	254	1	BackMirClient
Error	5325	error C2065: 'm_preStat' : undeclared identifier	y:\develop\github\backmir\bmclient\Common\GameRenderObject.h	255	1	BackMirClient
Error	5326	error C2065: 'm_stat' : undeclared identifier	y:\develop\github\backmir\bmclient\Common\GameRenderObject.h	255	1	BackMirClient
Error	5327	error C2065: 'PST_STAND' : undeclared identifier	y:\develop\github\backmir\bmclient\Common\GameRenderObject.h	255	1	BackMirClient
Error	5328	error C2065: 'm_drt' : undeclared identifier	y:\develop\github\backmir\bmclient\Common\GameRenderObject.h	310	1	BackMirClient
Error	5329	error C2065: '_pd' : undeclared identifier	y:\develop\github\backmir\bmclient\Common\GameRenderObject.h	310	1	BackMirClient
Error	5330	error C2065: 'm_drt' : undeclared identifier	y:\develop\github\backmir\bmclient\Common\GameRenderObject.h	314	1	BackMirClient
Error	5331	error C2065: 'm_stat' : undeclared identifier	y:\develop\github\backmir\bmclient\Common\GameRenderObject.h	318	1	BackMirClient
Error	5332	error C2065: '_ps' : undeclared identifier	y:\develop\github\backmir\bmclient\Common\GameRenderObject.h	318	1	BackMirClient
Error	5333	error C2065: '_ps' : undeclared identifier	y:\develop\github\backmir\bmclient\Common\GameRenderObject.h	320	1	BackMirClient
Error	5334	error C2065: 'PST_STAND' : undeclared identifier	y:\develop\github\backmir\bmclient\Common\GameRenderObject.h	320	1	BackMirClient
Error	5335	error C2065: '_ps' : undeclared identifier	y:\develop\github\backmir\bmclient\Common\GameRenderObject.h	324	1	BackMirClient
Error	5336	error C2065: 'm_stat' : undeclared identifier	y:\develop\github\backmir\bmclient\Common\GameRenderObject.h	328	1	BackMirClient
Error	5337	error C2065: 'm_preStat' : undeclared identifier	y:\develop\github\backmir\bmclient\Common\GameRenderObject.h	332	1	BackMirClient
Error	5338	error C2065: 'm_sex' : undeclared identifier	y:\develop\github\backmir\bmclient\Common\GameRenderObject.h	356	1	BackMirClient
Error	5339	error C2065: '_ps' : undeclared identifier	y:\develop\github\backmir\bmclient\Common\GameRenderObject.h	356	1	BackMirClient
Error	5340	error C2065: 'm_sex' : undeclared identifier	y:\develop\github\backmir\bmclient\Common\GameRenderObject.h	360	1	BackMirClient
Error	5341	error C2065: 'PST_DEAD' : undeclared identifier	y:\develop\github\backmir\bmclient\Common\GameRenderObject.h	429	1	BackMirClient
Warning	5342	warning C4819: The file contains a character that cannot be represented in the current code page (936). Save the file in Unicode format to prevent data loss	y:\develop\github\backmir\CommonModule\ShareDefine.h	1	1	BackMirClient
Error	5343	error C2365: 'RES_ITEMS' : redefinition; previous definition was 'enumerator'	y:\develop\github\backmir\CommonModule\ShareDefine.h	79	1	BackMirClient
Error	5344	error C2365: 'RES_STATUS' : redefinition; previous definition was 'enumerator'	y:\develop\github\backmir\CommonModule\ShareDefine.h	80	1	BackMirClient
Error	5345	error C2365: 'RES_CUSTOM' : redefinition; previous definition was 'enumerator'	y:\develop\github\backmir\CommonModule\ShareDefine.h	81	1	BackMirClient
Error	5346	error C2365: 'RES_TOTAL' : redefinition; previous definition was 'enumerator'	y:\develop\github\backmir\CommonModule\ShareDefine.h	82	1	BackMirClient
Error	5347	error C2065: 'MEFF_USERTOTAL' : undeclared identifier	y:\develop\github\backmir\bmclient\GameScene\MagicEffect.h	8	1	BackMirClient
Error	5348	error C2061: syntax error : identifier 'PLAYER_STATUS'	y:\develop\github\backmir\bmclient\gamescene\GameOtherPlayer.h	29	1	BackMirClient
Error	5349	error C2061: syntax error : identifier 'MAGICEFFECT_TYPE'	y:\develop\github\backmir\bmclient\gamescene\GameOtherPlayer.h	52	1	BackMirClient
Error	5350	error C2061: syntax error : identifier 'MAGICEFFECT_TYPE'	y:\develop\github\backmir\bmclient\gamescene\GameOtherPlayer.h	53	1	BackMirClient
Error	5351	error C4430: missing type specifier - int assumed. Note: C++ does not support default-int	y:\develop\github\backmir\bmclient\gamescene\GameOtherPlayer.h	157	1	BackMirClient
Error	5352	error C2143: syntax error : missing ',' before '&'	y:\develop\github\backmir\bmclient\gamescene\GameOtherPlayer.h	157	1	BackMirClient
Error	5353	error C4430: missing type specifier - int assumed. Note: C++ does not support default-int	y:\develop\github\backmir\bmclient\gamescene\GameOtherPlayer.h	201	1	BackMirClient
Error	5354	error C2143: syntax error : missing ',' before '&'	y:\develop\github\backmir\bmclient\gamescene\GameOtherPlayer.h	201	1	BackMirClient
Error	5355	error C2535: 'void GameOtherPlayer::DoPacket(const int)' : member function already defined or declared	y:\develop\github\backmir\bmclient\gamescene\GameOtherPlayer.h	201	1	BackMirClient
Error	5356	error C2146: syntax error : missing ';' before identifier 'm_eEffect'	y:\develop\github\backmir\bmclient\gamescene\GameOtherPlayer.h	228	1	BackMirClient
Error	5357	error C4430: missing type specifier - int assumed. Note: C++ does not support default-int	y:\develop\github\backmir\bmclient\gamescene\GameOtherPlayer.h	228	1	BackMirClient
Error	5358	error C2065: 'MAGICEFFECT_TOTAL' : undeclared identifier	y:\develop\github\backmir\bmclient\gamescene\GameOtherPlayer.h	228	1	BackMirClient
Warning	5359	warning C4819: The file contains a character that cannot be represented in the current code page (936). Save the file in Unicode format to prevent data loss	y:\develop\github\backmir\CommonModule\RandGenerator.h	1	1	BackMirClient
Warning	5360	warning C4819: The file contains a character that cannot be represented in the current code page (936). Save the file in Unicode format to prevent data loss	y:\develop\github\backmir\CommonModule\CollDownController.h	1	1	BackMirClient
Error	5361	error C2061: syntax error : identifier 'PLAYER_DIRECTION'	y:\develop\github\backmir\bmclient\gamescene\GamePlayer.h	57	1	BackMirClient
Error	5362	error C2061: syntax error : identifier 'PLAYER_DIRECTION'	y:\develop\github\backmir\bmclient\gamescene\GamePlayer.h	58	1	BackMirClient
Error	5363	error C2143: syntax error : missing ';' before '*'	y:\develop\github\backmir\bmclient\gamescene\GamePlayer.h	73	1	BackMirClient
Error	5364	error C4430: missing type specifier - int assumed. Note: C++ does not support default-int	y:\develop\github\backmir\bmclient\gamescene\GamePlayer.h	73	1	BackMirClient
Error	5365	error C4430: missing type specifier - int assumed. Note: C++ does not support default-int	y:\develop\github\backmir\bmclient\gamescene\GamePlayer.h	74	1	BackMirClient
Warning	5366	warning C4183: 'GetEquip': missing return type; assumed to be a member function returning 'int'	y:\develop\github\backmir\bmclient\gamescene\GamePlayer.h	76	1	BackMirClient
Error	5367	error C2146: syntax error : missing ';' before identifier 'm_equipAttrib'	y:\develop\github\backmir\bmclient\gamescene\GamePlayer.h	350	1	BackMirClient
Error	5368	error C4430: missing type specifier - int assumed. Note: C++ does not support default-int	y:\develop\github\backmir\bmclient\gamescene\GamePlayer.h	350	1	BackMirClient
Error	5369	error C2146: syntax error : missing ';' before identifier 'm_indexs'	y:\develop\github\backmir\bmclient\gamescene\GamePlayer.h	361	1	BackMirClient
Error	5370	error C4430: missing type specifier - int assumed. Note: C++ does not support default-int	y:\develop\github\backmir\bmclient\gamescene\GamePlayer.h	361	1	BackMirClient
Error	5371	error C2065: 'ADD_NORMAL' : undeclared identifier	y:\develop\github\backmir\bmclient\gamescene\GamePlayer.h	182	1	BackMirClient
Error	5372	error C2065: 'ADD_NORMAL' : undeclared identifier	y:\develop\github\backmir\bmclient\gamescene\GamePlayer.h	183	1	BackMirClient
Error	5373	error C2065: 'm_equipAttrib' : undeclared identifier	y:\develop\github\backmir\bmclient\gamescene\GamePlayer.h	75	1	BackMirClient
Error	5374	error C2065: 'PST_NONE' : undeclared identifier	y:\develop\github\backmir\bmclient\gamescene\GamePlayer.h	84	1	BackMirClient
Error	5375	error C2065: 'g_nWanLiTable' : undeclared identifier	y:\develop\github\backmir\bmclient\gamescene\GamePlayer.h	135	1	BackMirClient
Error	5376	error C2146: syntax error : missing ';' before identifier 'm_indexs'	y:\develop\github\backmir\bmclient\gamescene\GameMonster.h	114	1	BackMirClient
Error	5377	error C4430: missing type specifier - int assumed. Note: C++ does not support default-int	y:\develop\github\backmir\bmclient\gamescene\GameMonster.h	114	1	BackMirClient
Error	5378	error C2146: syntax error : missing ';' before identifier 'm_eEndStatus'	y:\develop\github\backmir\bmclient\gamescene\GameMonster.h	812	1	BackMirClient
Error	5379	error C4430: missing type specifier - int assumed. Note: C++ does not support default-int	y:\develop\github\backmir\bmclient\gamescene\GameMonster.h	812	1	BackMirClient
Error	5380	error C2146: syntax error : missing ';' before identifier 'm_xShowItems'	y:\develop\github\backmir\bmclient\GameScene\GameMapManager.h	137	1	BackMirClient
Error	5381	error C4430: missing type specifier - int assumed. Note: C++ does not support default-int	y:\develop\github\backmir\bmclient\GameScene\GameMapManager.h	137	1	BackMirClient
Error	5382	error C2146: syntax error : missing ';' before identifier 'm_xMouseItems'	y:\develop\github\backmir\bmclient\GameScene\GameMapManager.h	138	1	BackMirClient
Error	5383	error C4430: missing type specifier - int assumed. Note: C++ does not support default-int	y:\develop\github\backmir\bmclient\GameScene\GameMapManager.h	138	1	BackMirClient
Error	5384	error C2065: 'm_xMouseItems' : undeclared identifier	y:\develop\github\backmir\bmclient\GameScene\GameMapManager.h	80	1	BackMirClient
Error	5385	error C2228: left of '.push_back' must have class/struct/union	y:\develop\github\backmir\bmclient\GameScene\GameMapManager.h	80	1	BackMirClient
Error	5386	error C1083: Cannot open include file: 'FastDelegateBind.h': No such file or directory	y:\develop\github\backmir\bmclient\GameDialog\GameCommonDlg.h	9	1	BackMirClient
Warning	5387	warning C4819: The file contains a character that cannot be represented in the current code page (936). Save the file in Unicode format to prevent data loss	y:\develop\github\backmir\bmclient\Common\GlobalDefine.h	1	1	BackMirClient
Error	5388	error C2447: '{' : missing function header (old-style formal list?)	y:\develop\github\backmir\bmclient\Common\GlobalDefine.h	91	1	BackMirClient
Error	5389	error C2447: '{' : missing function header (old-style formal list?)	y:\develop\github\backmir\bmclient\Common\GlobalDefine.h	103	1	BackMirClient
Error	5390	error C2447: '{' : missing function header (old-style formal list?)	y:\develop\github\backmir\bmclient\Common\GlobalDefine.h	128	1	BackMirClient
Error	5391	error C2146: syntax error : missing ';' before identifier 'GetAngle'	y:\develop\github\backmir\bmclient\Common\GlobalFunction.h	26	1	BackMirClient
Error	5392	error C4430: missing type specifier - int assumed. Note: C++ does not support default-int	y:\develop\github\backmir\bmclient\Common\GlobalFunction.h	26	1	BackMirClient
Error	5393	error C4430: missing type specifier - int assumed. Note: C++ does not support default-int	y:\develop\github\backmir\bmclient\net\PacketHandler.h	71	1	BackMirClient
Error	5394	error C2143: syntax error : missing ',' before '&'	y:\develop\github\backmir\bmclient\net\PacketHandler.h	71	1	BackMirClient
Warning	5395	warning C4819: The file contains a character that cannot be represented in the current code page (936). Save the file in Unicode format to prevent data loss	y:\develop\github\backmir\CommonModule\MagicEffectID.h	1	1	BackMirClient
Error	5396	error C2061: syntax error : identifier 'PLAYER_DIRECTION'	y:\develop\github\backmir\bmclient\Common\GameRenderObject.h	308	1	BackMirClient
Error	5397	error C2146: syntax error : missing ';' before identifier 'GetDirection'	y:\develop\github\backmir\bmclient\Common\GameRenderObject.h	312	1	BackMirClient
Error	5398	error C2433: 'GameObject::PLAYER_DIRECTION' : 'inline' not permitted on data declarations	y:\develop\github\backmir\bmclient\Common\GameRenderObject.h	312	1	BackMirClient
Error	5399	error C4430: missing type specifier - int assumed. Note: C++ does not support default-int	y:\develop\github\backmir\bmclient\Common\GameRenderObject.h	312	1	BackMirClient
Error	5400	error C4430: missing type specifier - int assumed. Note: C++ does not support default-int	y:\develop\github\backmir\bmclient\Common\GameRenderObject.h	313	1	BackMirClient
Warning	5401	warning C4183: 'GetDirection': missing return type; assumed to be a member function returning 'int'	y:\develop\github\backmir\bmclient\Common\GameRenderObject.h	315	1	BackMirClient
Error	5402	error C2061: syntax error : identifier 'PLAYER_STATUS'	y:\develop\github\backmir\bmclient\Common\GameRenderObject.h	316	1	BackMirClient
Error	5403	error C2146: syntax error : missing ';' before identifier 'GetStatus'	y:\develop\github\backmir\bmclient\Common\GameRenderObject.h	326	1	BackMirClient
Error	5404	error C2433: 'GameObject::PLAYER_STATUS' : 'inline' not permitted on data declarations	y:\develop\github\backmir\bmclient\Common\GameRenderObject.h	326	1	BackMirClient
Error	5405	error C4430: missing type specifier - int assumed. Note: C++ does not support default-int	y:\develop\github\backmir\bmclient\Common\GameRenderObject.h	326	1	BackMirClient
Error	5406	error C4430: missing type specifier - int assumed. Note: C++ does not support default-int	y:\develop\github\backmir\bmclient\Common\GameRenderObject.h	327	1	BackMirClient
Warning	5407	warning C4183: 'GetStatus': missing return type; assumed to be a member function returning 'int'	y:\develop\github\backmir\bmclient\Common\GameRenderObject.h	329	1	BackMirClient
Error	5408	error C2146: syntax error : missing ';' before identifier 'GetPreStatus'	y:\develop\github\backmir\bmclient\Common\GameRenderObject.h	330	1	BackMirClient
Error	5409	error C2433: 'GameObject::PLAYER_STATUS' : 'inline' not permitted on data declarations	y:\develop\github\backmir\bmclient\Common\GameRenderObject.h	330	1	BackMirClient
Error	5410	error C4430: missing type specifier - int assumed. Note: C++ does not support default-int	y:\develop\github\backmir\bmclient\Common\GameRenderObject.h	330	1	BackMirClient
Error	5411	error C4430: missing type specifier - int assumed. Note: C++ does not support default-int	y:\develop\github\backmir\bmclient\Common\GameRenderObject.h	331	1	BackMirClient
Warning	5412	warning C4183: 'GetPreStatus': missing return type; assumed to be a member function returning 'int'	y:\develop\github\backmir\bmclient\Common\GameRenderObject.h	333	1	BackMirClient
Error	5413	error C2061: syntax error : identifier 'PLAYER_SEX'	y:\develop\github\backmir\bmclient\Common\GameRenderObject.h	354	1	BackMirClient
Error	5414	error C2146: syntax error : missing ';' before identifier 'GetPlayerSex'	y:\develop\github\backmir\bmclient\Common\GameRenderObject.h	358	1	BackMirClient
Error	5415	error C2433: 'GameObject::PLAYER_SEX' : 'inline' not permitted on data declarations	y:\develop\github\backmir\bmclient\Common\GameRenderObject.h	358	1	BackMirClient
Error	5416	error C4430: missing type specifier - int assumed. Note: C++ does not support default-int	y:\develop\github\backmir\bmclient\Common\GameRenderObject.h	358	1	BackMirClient
Error	5417	error C4430: missing type specifier - int assumed. Note: C++ does not support default-int	y:\develop\github\backmir\bmclient\Common\GameRenderObject.h	359	1	BackMirClient
Warning	5418	warning C4183: 'GetPlayerSex': missing return type; assumed to be a member function returning 'int'	y:\develop\github\backmir\bmclient\Common\GameRenderObject.h	361	1	BackMirClient
Error	5419	error C4430: missing type specifier - int assumed. Note: C++ does not support default-int	y:\develop\github\backmir\bmclient\Common\GameRenderObject.h	503	1	BackMirClient
Error	5420	error C2143: syntax error : missing ',' before '&'	y:\develop\github\backmir\bmclient\Common\GameRenderObject.h	503	1	BackMirClient
Error	5421	error C4430: missing type specifier - int assumed. Note: C++ does not support default-int	y:\develop\github\backmir\bmclient\Common\GameRenderObject.h	504	1	BackMirClient
Error	5422	error C2143: syntax error : missing ',' before '&'	y:\develop\github\backmir\bmclient\Common\GameRenderObject.h	504	1	BackMirClient
Error	5423	error C2535: 'void GameObject::DoPacket(const int)' : member function already defined or declared	y:\develop\github\backmir\bmclient\Common\GameRenderObject.h	504	1	BackMirClient
Error	5424	error C4430: missing type specifier - int assumed. Note: C++ does not support default-int	y:\develop\github\backmir\bmclient\Common\GameRenderObject.h	505	1	BackMirClient
Error	5425	error C2143: syntax error : missing ',' before '&'	y:\develop\github\backmir\bmclient\Common\GameRenderObject.h	505	1	BackMirClient
Error	5426	error C2535: 'void GameObject::DoPacket(const int)' : member function already defined or declared	y:\develop\github\backmir\bmclient\Common\GameRenderObject.h	505	1	BackMirClient
Error	5427	error C2061: syntax error : identifier 'PLAYER_STATUS'	y:\develop\github\backmir\bmclient\Common\GameRenderObject.h	513	1	BackMirClient
Error	5428	error C2146: syntax error : missing ';' before identifier 'm_drt'	y:\develop\github\backmir\bmclient\Common\GameRenderObject.h	554	1	BackMirClient
Error	5429	error C4430: missing type specifier - int assumed. Note: C++ does not support default-int	y:\develop\github\backmir\bmclient\Common\GameRenderObject.h	554	1	BackMirClient
Error	5430	error C2146: syntax error : missing ';' before identifier 'm_sex'	y:\develop\github\backmir\bmclient\Common\GameRenderObject.h	555	1	BackMirClient
Error	5431	error C4430: missing type specifier - int assumed. Note: C++ does not support default-int	y:\develop\github\backmir\bmclient\Common\GameRenderObject.h	555	1	BackMirClient
Error	5432	error C2146: syntax error : missing ';' before identifier 'm_stat'	y:\develop\github\backmir\bmclient\Common\GameRenderObject.h	556	1	BackMirClient
Error	5433	error C4430: missing type specifier - int assumed. Note: C++ does not support default-int	y:\develop\github\backmir\bmclient\Common\GameRenderObject.h	556	1	BackMirClient
Error	5434	error C2146: syntax error : missing ';' before identifier 'm_preStat'	y:\develop\github\backmir\bmclient\Common\GameRenderObject.h	557	1	BackMirClient
Error	5435	error C4430: missing type specifier - int assumed. Note: C++ does not support default-int	y:\develop\github\backmir\bmclient\Common\GameRenderObject.h	557	1	BackMirClient
Error	5436	error C2065: 'm_drt' : undeclared identifier	y:\develop\github\backmir\bmclient\Common\GameRenderObject.h	253	1	BackMirClient
Error	5437	error C2065: 'PDT_DOWN' : undeclared identifier	y:\develop\github\backmir\bmclient\Common\GameRenderObject.h	253	1	BackMirClient
Error	5438	error C2065: 'm_sex' : undeclared identifier	y:\develop\github\backmir\bmclient\Common\GameRenderObject.h	254	1	BackMirClient
Error	5439	error C2065: 'PSX_MAN' : undeclared identifier	y:\develop\github\backmir\bmclient\Common\GameRenderObject.h	254	1	BackMirClient
Error	5440	error C2065: 'm_preStat' : undeclared identifier	y:\develop\github\backmir\bmclient\Common\GameRenderObject.h	255	1	BackMirClient
Error	5441	error C2065: 'm_stat' : undeclared identifier	y:\develop\github\backmir\bmclient\Common\GameRenderObject.h	255	1	BackMirClient
Error	5442	error C2065: 'PST_STAND' : undeclared identifier	y:\develop\github\backmir\bmclient\Common\GameRenderObject.h	255	1	BackMirClient
Error	5443	error C2065: 'm_drt' : undeclared identifier	y:\develop\github\backmir\bmclient\Common\GameRenderObject.h	310	1	BackMirClient
Error	5444	error C2065: '_pd' : undeclared identifier	y:\develop\github\backmir\bmclient\Common\GameRenderObject.h	310	1	BackMirClient
Error	5445	error C2065: 'm_drt' : undeclared identifier	y:\develop\github\backmir\bmclient\Common\GameRenderObject.h	314	1	BackMirClient
Error	5446	error C2065: 'm_stat' : undeclared identifier	y:\develop\github\backmir\bmclient\Common\GameRenderObject.h	318	1	BackMirClient
Error	5447	error C2065: '_ps' : undeclared identifier	y:\develop\github\backmir\bmclient\Common\GameRenderObject.h	318	1	BackMirClient
Error	5448	error C2065: '_ps' : undeclared identifier	y:\develop\github\backmir\bmclient\Common\GameRenderObject.h	320	1	BackMirClient
Error	5449	error C2065: 'PST_STAND' : undeclared identifier	y:\develop\github\backmir\bmclient\Common\GameRenderObject.h	320	1	BackMirClient
Error	5450	error C2065: '_ps' : undeclared identifier	y:\develop\github\backmir\bmclient\Common\GameRenderObject.h	324	1	BackMirClient
Error	5451	error C2065: 'm_stat' : undeclared identifier	y:\develop\github\backmir\bmclient\Common\GameRenderObject.h	328	1	BackMirClient
Error	5452	error C2065: 'm_preStat' : undeclared identifier	y:\develop\github\backmir\bmclient\Common\GameRenderObject.h	332	1	BackMirClient
Error	5453	error C2065: 'm_sex' : undeclared identifier	y:\develop\github\backmir\bmclient\Common\GameRenderObject.h	356	1	BackMirClient
Error	5454	error C2065: '_ps' : undeclared identifier	y:\develop\github\backmir\bmclient\Common\GameRenderObject.h	356	1	BackMirClient
Error	5455	error C2065: 'm_sex' : undeclared identifier	y:\develop\github\backmir\bmclient\Common\GameRenderObject.h	360	1	BackMirClient
Error	5456	error C2065: 'PST_DEAD' : undeclared identifier	y:\develop\github\backmir\bmclient\Common\GameRenderObject.h	429	1	BackMirClient
Warning	5457	warning C4819: The file contains a character that cannot be represented in the current code page (936). Save the file in Unicode format to prevent data loss	y:\develop\github\backmir\CommonModule\ShareDefine.h	1	1	BackMirClient
Error	5458	error C2365: 'RES_ITEMS' : redefinition; previous definition was 'enumerator'	y:\develop\github\backmir\CommonModule\ShareDefine.h	79	1	BackMirClient
Error	5459	error C2365: 'RES_STATUS' : redefinition; previous definition was 'enumerator'	y:\develop\github\backmir\CommonModule\ShareDefine.h	80	1	BackMirClient
Error	5460	error C2365: 'RES_CUSTOM' : redefinition; previous definition was 'enumerator'	y:\develop\github\backmir\CommonModule\ShareDefine.h	81	1	BackMirClient
Error	5461	error C2365: 'RES_TOTAL' : redefinition; previous definition was 'enumerator'	y:\develop\github\backmir\CommonModule\ShareDefine.h	82	1	BackMirClient
Error	5462	error C2065: 'MEFF_USERTOTAL' : undeclared identifier	y:\develop\github\backmir\bmclient\GameScene\MagicEffect.h	8	1	BackMirClient
Error	5463	error C2061: syntax error : identifier 'PLAYER_STATUS'	y:\develop\github\backmir\bmclient\gamescene\GameOtherPlayer.h	29	1	BackMirClient
Error	5464	error C2061: syntax error : identifier 'MAGICEFFECT_TYPE'	y:\develop\github\backmir\bmclient\gamescene\GameOtherPlayer.h	52	1	BackMirClient
Error	5465	error C2061: syntax error : identifier 'MAGICEFFECT_TYPE'	y:\develop\github\backmir\bmclient\gamescene\GameOtherPlayer.h	53	1	BackMirClient
Error	5466	error C4430: missing type specifier - int assumed. Note: C++ does not support default-int	y:\develop\github\backmir\bmclient\gamescene\GameOtherPlayer.h	157	1	BackMirClient
Error	5467	error C2143: syntax error : missing ',' before '&'	y:\develop\github\backmir\bmclient\gamescene\GameOtherPlayer.h	157	1	BackMirClient
Error	5468	error C4430: missing type specifier - int assumed. Note: C++ does not support default-int	y:\develop\github\backmir\bmclient\gamescene\GameOtherPlayer.h	201	1	BackMirClient
Error	5469	error C2143: syntax error : missing ',' before '&'	y:\develop\github\backmir\bmclient\gamescene\GameOtherPlayer.h	201	1	BackMirClient
Error	5470	error C2535: 'void GameOtherPlayer::DoPacket(const int)' : member function already defined or declared	y:\develop\github\backmir\bmclient\gamescene\GameOtherPlayer.h	201	1	BackMirClient
Error	5471	error C2146: syntax error : missing ';' before identifier 'm_eEffect'	y:\develop\github\backmir\bmclient\gamescene\GameOtherPlayer.h	228	1	BackMirClient
Error	5472	error C4430: missing type specifier - int assumed. Note: C++ does not support default-int	y:\develop\github\backmir\bmclient\gamescene\GameOtherPlayer.h	228	1	BackMirClient
Error	5473	error C2065: 'MAGICEFFECT_TOTAL' : undeclared identifier	y:\develop\github\backmir\bmclient\gamescene\GameOtherPlayer.h	228	1	BackMirClient
Warning	5474	warning C4819: The file contains a character that cannot be represented in the current code page (936). Save the file in Unicode format to prevent data loss	y:\develop\github\backmir\CommonModule\RandGenerator.h	1	1	BackMirClient
Warning	5475	warning C4819: The file contains a character that cannot be represented in the current code page (936). Save the file in Unicode format to prevent data loss	y:\develop\github\backmir\CommonModule\CollDownController.h	1	1	BackMirClient
Error	5476	error C2061: syntax error : identifier 'PLAYER_DIRECTION'	y:\develop\github\backmir\bmclient\gamescene\GamePlayer.h	57	1	BackMirClient
Error	5477	error C2061: syntax error : identifier 'PLAYER_DIRECTION'	y:\develop\github\backmir\bmclient\gamescene\GamePlayer.h	58	1	BackMirClient
Error	5478	error C2143: syntax error : missing ';' before '*'	y:\develop\github\backmir\bmclient\gamescene\GamePlayer.h	73	1	BackMirClient
Error	5479	error C4430: missing type specifier - int assumed. Note: C++ does not support default-int	y:\develop\github\backmir\bmclient\gamescene\GamePlayer.h	73	1	BackMirClient
Error	5480	error C4430: missing type specifier - int assumed. Note: C++ does not support default-int	y:\develop\github\backmir\bmclient\gamescene\GamePlayer.h	74	1	BackMirClient
Warning	5481	warning C4183: 'GetEquip': missing return type; assumed to be a member function returning 'int'	y:\develop\github\backmir\bmclient\gamescene\GamePlayer.h	76	1	BackMirClient
Error	5482	error C2146: syntax error : missing ';' before identifier 'm_equipAttrib'	y:\develop\github\backmir\bmclient\gamescene\GamePlayer.h	350	1	BackMirClient
Error	5483	error C4430: missing type specifier - int assumed. Note: C++ does not support default-int	y:\develop\github\backmir\bmclient\gamescene\GamePlayer.h	350	1	BackMirClient
Error	5484	error C2146: syntax error : missing ';' before identifier 'm_indexs'	y:\develop\github\backmir\bmclient\gamescene\GamePlayer.h	361	1	BackMirClient
Error	5485	error C4430: missing type specifier - int assumed. Note: C++ does not support default-int	y:\develop\github\backmir\bmclient\gamescene\GamePlayer.h	361	1	BackMirClient
Error	5486	error C2065: 'ADD_NORMAL' : undeclared identifier	y:\develop\github\backmir\bmclient\gamescene\GamePlayer.h	182	1	BackMirClient
Error	5487	error C2065: 'ADD_NORMAL' : undeclared identifier	y:\develop\github\backmir\bmclient\gamescene\GamePlayer.h	183	1	BackMirClient
Error	5488	error C2065: 'm_equipAttrib' : undeclared identifier	y:\develop\github\backmir\bmclient\gamescene\GamePlayer.h	75	1	BackMirClient
Error	5489	error C2065: 'PST_NONE' : undeclared identifier	y:\develop\github\backmir\bmclient\gamescene\GamePlayer.h	84	1	BackMirClient
Error	5490	error C2065: 'g_nWanLiTable' : undeclared identifier	y:\develop\github\backmir\bmclient\gamescene\GamePlayer.h	135	1	BackMirClient
Error	5491	error C2146: syntax error : missing ';' before identifier 'm_indexs'	y:\develop\github\backmir\bmclient\gamescene\GameMonster.h	114	1	BackMirClient
Error	5492	error C4430: missing type specifier - int assumed. Note: C++ does not support default-int	y:\develop\github\backmir\bmclient\gamescene\GameMonster.h	114	1	BackMirClient
Error	5493	error C2146: syntax error : missing ';' before identifier 'm_eEndStatus'	y:\develop\github\backmir\bmclient\gamescene\GameMonster.h	812	1	BackMirClient
Error	5494	error C4430: missing type specifier - int assumed. Note: C++ does not support default-int	y:\develop\github\backmir\bmclient\gamescene\GameMonster.h	812	1	BackMirClient
Error	5495	error C2146: syntax error : missing ';' before identifier 'm_xShowItems'	y:\develop\github\backmir\bmclient\GameScene\GameMapManager.h	137	1	BackMirClient
Error	5496	error C4430: missing type specifier - int assumed. Note: C++ does not support default-int	y:\develop\github\backmir\bmclient\GameScene\GameMapManager.h	137	1	BackMirClient
Error	5497	error C2146: syntax error : missing ';' before identifier 'm_xMouseItems'	y:\develop\github\backmir\bmclient\GameScene\GameMapManager.h	138	1	BackMirClient
Error	5498	error C4430: missing type specifier - int assumed. Note: C++ does not support default-int	y:\develop\github\backmir\bmclient\GameScene\GameMapManager.h	138	1	BackMirClient
Error	5499	error C2065: 'm_xMouseItems' : undeclared identifier	y:\develop\github\backmir\bmclient\GameScene\GameMapManager.h	80	1	BackMirClient
Error	5500	error C2228: left of '.push_back' must have class/struct/union	y:\develop\github\backmir\bmclient\GameScene\GameMapManager.h	80	1	BackMirClient
Error	5501	error C1083: Cannot open include file: 'FastDelegateBind.h': No such file or directory	y:\develop\github\backmir\bmclient\GameDialog\GameCommonDlg.h	9	1	BackMirClient
Warning	5502	warning C4819: The file contains a character that cannot be represented in the current code page (936). Save the file in Unicode format to prevent data loss	y:\develop\github\backmir\bmclient\Common\GlobalDefine.h	1	1	BackMirClient
Error	5503	error C2447: '{' : missing function header (old-style formal list?)	y:\develop\github\backmir\bmclient\Common\GlobalDefine.h	91	1	BackMirClient
Error	5504	error C2447: '{' : missing function header (old-style formal list?)	y:\develop\github\backmir\bmclient\Common\GlobalDefine.h	103	1	BackMirClient
Error	5505	error C2447: '{' : missing function header (old-style formal list?)	y:\develop\github\backmir\bmclient\Common\GlobalDefine.h	128	1	BackMirClient
Error	5506	error C2146: syntax error : missing ';' before identifier 'GetAngle'	y:\develop\github\backmir\bmclient\Common\GlobalFunction.h	26	1	BackMirClient
Error	5507	error C4430: missing type specifier - int assumed. Note: C++ does not support default-int	y:\develop\github\backmir\bmclient\Common\GlobalFunction.h	26	1	BackMirClient
Error	5508	error C4430: missing type specifier - int assumed. Note: C++ does not support default-int	y:\develop\github\backmir\bmclient\net\PacketHandler.h	71	1	BackMirClient
Error	5509	error C2143: syntax error : missing ',' before '&'	y:\develop\github\backmir\bmclient\net\PacketHandler.h	71	1	BackMirClient
Warning	5510	warning C4819: The file contains a character that cannot be represented in the current code page (936). Save the file in Unicode format to prevent data loss	y:\develop\github\backmir\CommonModule\MagicEffectID.h	1	1	BackMirClient
Error	5511	error C2061: syntax error : identifier 'PLAYER_DIRECTION'	y:\develop\github\backmir\bmclient\Common\GameRenderObject.h	308	1	BackMirClient
Error	5512	error C2146: syntax error : missing ';' before identifier 'GetDirection'	y:\develop\github\backmir\bmclient\Common\GameRenderObject.h	312	1	BackMirClient
Error	5513	error C2433: 'GameObject::PLAYER_DIRECTION' : 'inline' not permitted on data declarations	y:\develop\github\backmir\bmclient\Common\GameRenderObject.h	312	1	BackMirClient
Error	5514	error C4430: missing type specifier - int assumed. Note: C++ does not support default-int	y:\develop\github\backmir\bmclient\Common\GameRenderObject.h	312	1	BackMirClient
Error	5515	error C4430: missing type specifier - int assumed. Note: C++ does not support default-int	y:\develop\github\backmir\bmclient\Common\GameRenderObject.h	313	1	BackMirClient
Warning	5516	warning C4183: 'GetDirection': missing return type; assumed to be a member function returning 'int'	y:\develop\github\backmir\bmclient\Common\GameRenderObject.h	315	1	BackMirClient
Error	5517	error C2061: syntax error : identifier 'PLAYER_STATUS'	y:\develop\github\backmir\bmclient\Common\GameRenderObject.h	316	1	BackMirClient
Error	5518	error C2146: syntax error : missing ';' before identifier 'GetStatus'	y:\develop\github\backmir\bmclient\Common\GameRenderObject.h	326	1	BackMirClient
Error	5519	error C2433: 'GameObject::PLAYER_STATUS' : 'inline' not permitted on data declarations	y:\develop\github\backmir\bmclient\Common\GameRenderObject.h	326	1	BackMirClient
Error	5520	error C4430: missing type specifier - int assumed. Note: C++ does not support default-int	y:\develop\github\backmir\bmclient\Common\GameRenderObject.h	326	1	BackMirClient
Error	5521	error C4430: missing type specifier - int assumed. Note: C++ does not support default-int	y:\develop\github\backmir\bmclient\Common\GameRenderObject.h	327	1	BackMirClient
Warning	5522	warning C4183: 'GetStatus': missing return type; assumed to be a member function returning 'int'	y:\develop\github\backmir\bmclient\Common\GameRenderObject.h	329	1	BackMirClient
Error	5523	error C2146: syntax error : missing ';' before identifier 'GetPreStatus'	y:\develop\github\backmir\bmclient\Common\GameRenderObject.h	330	1	BackMirClient
Error	5524	error C2433: 'GameObject::PLAYER_STATUS' : 'inline' not permitted on data declarations	y:\develop\github\backmir\bmclient\Common\GameRenderObject.h	330	1	BackMirClient
Error	5525	error C4430: missing type specifier - int assumed. Note: C++ does not support default-int	y:\develop\github\backmir\bmclient\Common\GameRenderObject.h	330	1	BackMirClient
Error	5526	error C4430: missing type specifier - int assumed. Note: C++ does not support default-int	y:\develop\github\backmir\bmclient\Common\GameRenderObject.h	331	1	BackMirClient
Warning	5527	warning C4183: 'GetPreStatus': missing return type; assumed to be a member function returning 'int'	y:\develop\github\backmir\bmclient\Common\GameRenderObject.h	333	1	BackMirClient
Error	5528	error C2061: syntax error : identifier 'PLAYER_SEX'	y:\develop\github\backmir\bmclient\Common\GameRenderObject.h	354	1	BackMirClient
Error	5529	error C2146: syntax error : missing ';' before identifier 'GetPlayerSex'	y:\develop\github\backmir\bmclient\Common\GameRenderObject.h	358	1	BackMirClient
Error	5530	error C2433: 'GameObject::PLAYER_SEX' : 'inline' not permitted on data declarations	y:\develop\github\backmir\bmclient\Common\GameRenderObject.h	358	1	BackMirClient
Error	5531	error C4430: missing type specifier - int assumed. Note: C++ does not support default-int	y:\develop\github\backmir\bmclient\Common\GameRenderObject.h	358	1	BackMirClient
Error	5532	error C4430: missing type specifier - int assumed. Note: C++ does not support default-int	y:\develop\github\backmir\bmclient\Common\GameRenderObject.h	359	1	BackMirClient
Warning	5533	warning C4183: 'GetPlayerSex': missing return type; assumed to be a member function returning 'int'	y:\develop\github\backmir\bmclient\Common\GameRenderObject.h	361	1	BackMirClient
Error	5534	error C4430: missing type specifier - int assumed. Note: C++ does not support default-int	y:\develop\github\backmir\bmclient\Common\GameRenderObject.h	503	1	BackMirClient
Error	5535	error C2143: syntax error : missing ',' before '&'	y:\develop\github\backmir\bmclient\Common\GameRenderObject.h	503	1	BackMirClient
Error	5536	error C4430: missing type specifier - int assumed. Note: C++ does not support default-int	y:\develop\github\backmir\bmclient\Common\GameRenderObject.h	504	1	BackMirClient
Error	5537	error C2143: syntax error : missing ',' before '&'	y:\develop\github\backmir\bmclient\Common\GameRenderObject.h	504	1	BackMirClient
Error	5538	error C2535: 'void GameObject::DoPacket(const int)' : member function already defined or declared	y:\develop\github\backmir\bmclient\Common\GameRenderObject.h	504	1	BackMirClient
Error	5539	error C4430: missing type specifier - int assumed. Note: C++ does not support default-int	y:\develop\github\backmir\bmclient\Common\GameRenderObject.h	505	1	BackMirClient
Error	5540	error C2143: syntax error : missing ',' before '&'	y:\develop\github\backmir\bmclient\Common\GameRenderObject.h	505	1	BackMirClient
Error	5541	error C2535: 'void GameObject::DoPacket(const int)' : member function already defined or declared	y:\develop\github\backmir\bmclient\Common\GameRenderObject.h	505	1	BackMirClient
Error	5542	error C2061: syntax error : identifier 'PLAYER_STATUS'	y:\develop\github\backmir\bmclient\Common\GameRenderObject.h	513	1	BackMirClient
Error	5543	error C2146: syntax error : missing ';' before identifier 'm_drt'	y:\develop\github\backmir\bmclient\Common\GameRenderObject.h	554	1	BackMirClient
Error	5544	error C4430: missing type specifier - int assumed. Note: C++ does not support default-int	y:\develop\github\backmir\bmclient\Common\GameRenderObject.h	554	1	BackMirClient
Error	5545	error C2146: syntax error : missing ';' before identifier 'm_sex'	y:\develop\github\backmir\bmclient\Common\GameRenderObject.h	555	1	BackMirClient
Error	5546	error C4430: missing type specifier - int assumed. Note: C++ does not support default-int	y:\develop\github\backmir\bmclient\Common\GameRenderObject.h	555	1	BackMirClient
Error	5547	error C2146: syntax error : missing ';' before identifier 'm_stat'	y:\develop\github\backmir\bmclient\Common\GameRenderObject.h	556	1	BackMirClient
Error	5548	error C4430: missing type specifier - int assumed. Note: C++ does not support default-int	y:\develop\github\backmir\bmclient\Common\GameRenderObject.h	556	1	BackMirClient
Error	5549	error C2146: syntax error : missing ';' before identifier 'm_preStat'	y:\develop\github\backmir\bmclient\Common\GameRenderObject.h	557	1	BackMirClient
Error	5550	error C4430: missing type specifier - int assumed. Note: C++ does not support default-int	y:\develop\github\backmir\bmclient\Common\GameRenderObject.h	557	1	BackMirClient
Error	5551	error C2065: 'm_drt' : undeclared identifier	y:\develop\github\backmir\bmclient\Common\GameRenderObject.h	253	1	BackMirClient
Error	5552	error C2065: 'PDT_DOWN' : undeclared identifier	y:\develop\github\backmir\bmclient\Common\GameRenderObject.h	253	1	BackMirClient
Error	5553	error C2065: 'm_sex' : undeclared identifier	y:\develop\github\backmir\bmclient\Common\GameRenderObject.h	254	1	BackMirClient
Error	5554	error C2065: 'PSX_MAN' : undeclared identifier	y:\develop\github\backmir\bmclient\Common\GameRenderObject.h	254	1	BackMirClient
Error	5555	error C2065: 'm_preStat' : undeclared identifier	y:\develop\github\backmir\bmclient\Common\GameRenderObject.h	255	1	BackMirClient
Error	5556	error C2065: 'm_stat' : undeclared identifier	y:\develop\github\backmir\bmclient\Common\GameRenderObject.h	255	1	BackMirClient
Error	5557	error C2065: 'PST_STAND' : undeclared identifier	y:\develop\github\backmir\bmclient\Common\GameRenderObject.h	255	1	BackMirClient
Error	5558	error C2065: 'm_drt' : undeclared identifier	y:\develop\github\backmir\bmclient\Common\GameRenderObject.h	310	1	BackMirClient
Error	5559	error C2065: '_pd' : undeclared identifier	y:\develop\github\backmir\bmclient\Common\GameRenderObject.h	310	1	BackMirClient
Error	5560	error C2065: 'm_drt' : undeclared identifier	y:\develop\github\backmir\bmclient\Common\GameRenderObject.h	314	1	BackMirClient
Error	5561	error C2065: 'm_stat' : undeclared identifier	y:\develop\github\backmir\bmclient\Common\GameRenderObject.h	318	1	BackMirClient
Error	5562	error C2065: '_ps' : undeclared identifier	y:\develop\github\backmir\bmclient\Common\GameRenderObject.h	318	1	BackMirClient
Error	5563	error C2065: '_ps' : undeclared identifier	y:\develop\github\backmir\bmclient\Common\GameRenderObject.h	320	1	BackMirClient
Error	5564	error C2065: 'PST_STAND' : undeclared identifier	y:\develop\github\backmir\bmclient\Common\GameRenderObject.h	320	1	BackMirClient
Error	5565	error C2065: '_ps' : undeclared identifier	y:\develop\github\backmir\bmclient\Common\GameRenderObject.h	324	1	BackMirClient
Error	5566	error C2065: 'm_stat' : undeclared identifier	y:\develop\github\backmir\bmclient\Common\GameRenderObject.h	328	1	BackMirClient
Error	5567	error C2065: 'm_preStat' : undeclared identifier	y:\develop\github\backmir\bmclient\Common\GameRenderObject.h	332	1	BackMirClient
Error	5568	error C2065: 'm_sex' : undeclared identifier	y:\develop\github\backmir\bmclient\Common\GameRenderObject.h	356	1	BackMirClient
Error	5569	error C2065: '_ps' : undeclared identifier	y:\develop\github\backmir\bmclient\Common\GameRenderObject.h	356	1	BackMirClient
Error	5570	error C2065: 'm_sex' : undeclared identifier	y:\develop\github\backmir\bmclient\Common\GameRenderObject.h	360	1	BackMirClient
Error	5571	error C2065: 'PST_DEAD' : undeclared identifier	y:\develop\github\backmir\bmclient\Common\GameRenderObject.h	429	1	BackMirClient
Warning	5572	warning C4819: The file contains a character that cannot be represented in the current code page (936). Save the file in Unicode format to prevent data loss	y:\develop\github\backmir\CommonModule\ShareDefine.h	1	1	BackMirClient
Error	5573	error C2365: 'RES_ITEMS' : redefinition; previous definition was 'enumerator'	y:\develop\github\backmir\CommonModule\ShareDefine.h	79	1	BackMirClient
Error	5574	error C2365: 'RES_STATUS' : redefinition; previous definition was 'enumerator'	y:\develop\github\backmir\CommonModule\ShareDefine.h	80	1	BackMirClient
Error	5575	error C2365: 'RES_CUSTOM' : redefinition; previous definition was 'enumerator'	y:\develop\github\backmir\CommonModule\ShareDefine.h	81	1	BackMirClient
Error	5576	error C2365: 'RES_TOTAL' : redefinition; previous definition was 'enumerator'	y:\develop\github\backmir\CommonModule\ShareDefine.h	82	1	BackMirClient
Error	5577	error C2065: 'MEFF_USERTOTAL' : undeclared identifier	y:\develop\github\backmir\bmclient\GameScene\MagicEffect.h	8	1	BackMirClient
Error	5578	error C2061: syntax error : identifier 'PLAYER_STATUS'	y:\develop\github\backmir\bmclient\gamescene\GameOtherPlayer.h	29	1	BackMirClient
Error	5579	error C2061: syntax error : identifier 'MAGICEFFECT_TYPE'	y:\develop\github\backmir\bmclient\gamescene\GameOtherPlayer.h	52	1	BackMirClient
Error	5580	error C2061: syntax error : identifier 'MAGICEFFECT_TYPE'	y:\develop\github\backmir\bmclient\gamescene\GameOtherPlayer.h	53	1	BackMirClient
Error	5581	error C4430: missing type specifier - int assumed. Note: C++ does not support default-int	y:\develop\github\backmir\bmclient\gamescene\GameOtherPlayer.h	157	1	BackMirClient
Error	5582	error C2143: syntax error : missing ',' before '&'	y:\develop\github\backmir\bmclient\gamescene\GameOtherPlayer.h	157	1	BackMirClient
Error	5583	error C4430: missing type specifier - int assumed. Note: C++ does not support default-int	y:\develop\github\backmir\bmclient\gamescene\GameOtherPlayer.h	201	1	BackMirClient
Error	5584	error C2143: syntax error : missing ',' before '&'	y:\develop\github\backmir\bmclient\gamescene\GameOtherPlayer.h	201	1	BackMirClient
Error	5585	error C2535: 'void GameOtherPlayer::DoPacket(const int)' : member function already defined or declared	y:\develop\github\backmir\bmclient\gamescene\GameOtherPlayer.h	201	1	BackMirClient
Error	5586	error C2146: syntax error : missing ';' before identifier 'm_eEffect'	y:\develop\github\backmir\bmclient\gamescene\GameOtherPlayer.h	228	1	BackMirClient
Error	5587	error C4430: missing type specifier - int assumed. Note: C++ does not support default-int	y:\develop\github\backmir\bmclient\gamescene\GameOtherPlayer.h	228	1	BackMirClient
Error	5588	error C2065: 'MAGICEFFECT_TOTAL' : undeclared identifier	y:\develop\github\backmir\bmclient\gamescene\GameOtherPlayer.h	228	1	BackMirClient
Warning	5589	warning C4819: The file contains a character that cannot be represented in the current code page (936). Save the file in Unicode format to prevent data loss	y:\develop\github\backmir\CommonModule\RandGenerator.h	1	1	BackMirClient
Warning	5590	warning C4819: The file contains a character that cannot be represented in the current code page (936). Save the file in Unicode format to prevent data loss	y:\develop\github\backmir\CommonModule\CollDownController.h	1	1	BackMirClient
Error	5591	error C2061: syntax error : identifier 'PLAYER_DIRECTION'	y:\develop\github\backmir\bmclient\gamescene\GamePlayer.h	57	1	BackMirClient
Error	5592	error C2061: syntax error : identifier 'PLAYER_DIRECTION'	y:\develop\github\backmir\bmclient\gamescene\GamePlayer.h	58	1	BackMirClient
Error	5593	error C2143: syntax error : missing ';' before '*'	y:\develop\github\backmir\bmclient\gamescene\GamePlayer.h	73	1	BackMirClient
Error	5594	error C4430: missing type specifier - int assumed. Note: C++ does not support default-int	y:\develop\github\backmir\bmclient\gamescene\GamePlayer.h	73	1	BackMirClient
Error	5595	error C4430: missing type specifier - int assumed. Note: C++ does not support default-int	y:\develop\github\backmir\bmclient\gamescene\GamePlayer.h	74	1	BackMirClient
Warning	5596	warning C4183: 'GetEquip': missing return type; assumed to be a member function returning 'int'	y:\develop\github\backmir\bmclient\gamescene\GamePlayer.h	76	1	BackMirClient
Error	5597	error C2146: syntax error : missing ';' before identifier 'm_equipAttrib'	y:\develop\github\backmir\bmclient\gamescene\GamePlayer.h	350	1	BackMirClient
Error	5598	error C4430: missing type specifier - int assumed. Note: C++ does not support default-int	y:\develop\github\backmir\bmclient\gamescene\GamePlayer.h	350	1	BackMirClient
Error	5599	error C2146: syntax error : missing ';' before identifier 'm_indexs'	y:\develop\github\backmir\bmclient\gamescene\GamePlayer.h	361	1	BackMirClient
Error	5600	error C4430: missing type specifier - int assumed. Note: C++ does not support default-int	y:\develop\github\backmir\bmclient\gamescene\GamePlayer.h	361	1	BackMirClient
Error	5601	error C2065: 'ADD_NORMAL' : undeclared identifier	y:\develop\github\backmir\bmclient\gamescene\GamePlayer.h	182	1	BackMirClient
Error	5602	error C2065: 'ADD_NORMAL' : undeclared identifier	y:\develop\github\backmir\bmclient\gamescene\GamePlayer.h	183	1	BackMirClient
Error	5603	error C2065: 'm_equipAttrib' : undeclared identifier	y:\develop\github\backmir\bmclient\gamescene\GamePlayer.h	75	1	BackMirClient
Error	5604	error C2065: 'PST_NONE' : undeclared identifier	y:\develop\github\backmir\bmclient\gamescene\GamePlayer.h	84	1	BackMirClient
Error	5605	error C2065: 'g_nWanLiTable' : undeclared identifier	y:\develop\github\backmir\bmclient\gamescene\GamePlayer.h	135	1	BackMirClient
Error	5606	error C2146: syntax error : missing ';' before identifier 'm_indexs'	y:\develop\github\backmir\bmclient\gamescene\GameMonster.h	114	1	BackMirClient
Error	5607	error C4430: missing type specifier - int assumed. Note: C++ does not support default-int	y:\develop\github\backmir\bmclient\gamescene\GameMonster.h	114	1	BackMirClient
Error	5608	error C2146: syntax error : missing ';' before identifier 'm_eEndStatus'	y:\develop\github\backmir\bmclient\gamescene\GameMonster.h	812	1	BackMirClient
Error	5609	error C4430: missing type specifier - int assumed. Note: C++ does not support default-int	y:\develop\github\backmir\bmclient\gamescene\GameMonster.h	812	1	BackMirClient
Error	5610	error C2146: syntax error : missing ';' before identifier 'm_xShowItems'	y:\develop\github\backmir\bmclient\GameScene\GameMapManager.h	137	1	BackMirClient
Error	5611	error C4430: missing type specifier - int assumed. Note: C++ does not support default-int	y:\develop\github\backmir\bmclient\GameScene\GameMapManager.h	137	1	BackMirClient
Error	5612	error C2146: syntax error : missing ';' before identifier 'm_xMouseItems'	y:\develop\github\backmir\bmclient\GameScene\GameMapManager.h	138	1	BackMirClient
Error	5613	error C4430: missing type specifier - int assumed. Note: C++ does not support default-int	y:\develop\github\backmir\bmclient\GameScene\GameMapManager.h	138	1	BackMirClient
Error	5614	error C2065: 'm_xMouseItems' : undeclared identifier	y:\develop\github\backmir\bmclient\GameScene\GameMapManager.h	80	1	BackMirClient
Error	5615	error C2228: left of '.push_back' must have class/struct/union	y:\develop\github\backmir\bmclient\GameScene\GameMapManager.h	80	1	BackMirClient
Error	5616	error C1083: Cannot open include file: 'FastDelegateBind.h': No such file or directory	y:\develop\github\backmir\bmclient\GameDialog\GameCommonDlg.h	9	1	BackMirClient
Warning	5617	warning C4819: The file contains a character that cannot be represented in the current code page (936). Save the file in Unicode format to prevent data loss	y:\develop\github\backmir\bmclient\Common\GlobalDefine.h	1	1	BackMirClient
Error	5618	error C2447: '{' : missing function header (old-style formal list?)	y:\develop\github\backmir\bmclient\Common\GlobalDefine.h	91	1	BackMirClient
Error	5619	error C2447: '{' : missing function header (old-style formal list?)	y:\develop\github\backmir\bmclient\Common\GlobalDefine.h	103	1	BackMirClient
Error	5620	error C2447: '{' : missing function header (old-style formal list?)	y:\develop\github\backmir\bmclient\Common\GlobalDefine.h	128	1	BackMirClient
Error	5621	error C2146: syntax error : missing ';' before identifier 'GetAngle'	y:\develop\github\backmir\bmclient\Common\GlobalFunction.h	26	1	BackMirClient
Error	5622	error C4430: missing type specifier - int assumed. Note: C++ does not support default-int	y:\develop\github\backmir\bmclient\Common\GlobalFunction.h	26	1	BackMirClient
Error	5623	error C4430: missing type specifier - int assumed. Note: C++ does not support default-int	y:\develop\github\backmir\bmclient\net\PacketHandler.h	71	1	BackMirClient
Error	5624	error C2143: syntax error : missing ',' before '&'	y:\develop\github\backmir\bmclient\net\PacketHandler.h	71	1	BackMirClient
Warning	5625	warning C4819: The file contains a character that cannot be represented in the current code page (936). Save the file in Unicode format to prevent data loss	y:\develop\github\backmir\CommonModule\MagicEffectID.h	1	1	BackMirClient
Error	5626	error C2061: syntax error : identifier 'PLAYER_DIRECTION'	y:\develop\github\backmir\bmclient\Common\GameRenderObject.h	308	1	BackMirClient
Error	5627	error C2146: syntax error : missing ';' before identifier 'GetDirection'	y:\develop\github\backmir\bmclient\Common\GameRenderObject.h	312	1	BackMirClient
Error	5628	error C2433: 'GameObject::PLAYER_DIRECTION' : 'inline' not permitted on data declarations	y:\develop\github\backmir\bmclient\Common\GameRenderObject.h	312	1	BackMirClient
Error	5629	error C4430: missing type specifier - int assumed. Note: C++ does not support default-int	y:\develop\github\backmir\bmclient\Common\GameRenderObject.h	312	1	BackMirClient
Error	5630	error C4430: missing type specifier - int assumed. Note: C++ does not support default-int	y:\develop\github\backmir\bmclient\Common\GameRenderObject.h	313	1	BackMirClient
Warning	5631	warning C4183: 'GetDirection': missing return type; assumed to be a member function returning 'int'	y:\develop\github\backmir\bmclient\Common\GameRenderObject.h	315	1	BackMirClient
Error	5632	error C2061: syntax error : identifier 'PLAYER_STATUS'	y:\develop\github\backmir\bmclient\Common\GameRenderObject.h	316	1	BackMirClient
Error	5633	error C2146: syntax error : missing ';' before identifier 'GetStatus'	y:\develop\github\backmir\bmclient\Common\GameRenderObject.h	326	1	BackMirClient
Error	5634	error C2433: 'GameObject::PLAYER_STATUS' : 'inline' not permitted on data declarations	y:\develop\github\backmir\bmclient\Common\GameRenderObject.h	326	1	BackMirClient
Error	5635	error C4430: missing type specifier - int assumed. Note: C++ does not support default-int	y:\develop\github\backmir\bmclient\Common\GameRenderObject.h	326	1	BackMirClient
Error	5636	error C4430: missing type specifier - int assumed. Note: C++ does not support default-int	y:\develop\github\backmir\bmclient\Common\GameRenderObject.h	327	1	BackMirClient
Warning	5637	warning C4183: 'GetStatus': missing return type; assumed to be a member function returning 'int'	y:\develop\github\backmir\bmclient\Common\GameRenderObject.h	329	1	BackMirClient
Error	5638	error C2146: syntax error : missing ';' before identifier 'GetPreStatus'	y:\develop\github\backmir\bmclient\Common\GameRenderObject.h	330	1	BackMirClient
Error	5639	error C2433: 'GameObject::PLAYER_STATUS' : 'inline' not permitted on data declarations	y:\develop\github\backmir\bmclient\Common\GameRenderObject.h	330	1	BackMirClient
Error	5640	error C4430: missing type specifier - int assumed. Note: C++ does not support default-int	y:\develop\github\backmir\bmclient\Common\GameRenderObject.h	330	1	BackMirClient
Error	5641	error C4430: missing type specifier - int assumed. Note: C++ does not support default-int	y:\develop\github\backmir\bmclient\Common\GameRenderObject.h	331	1	BackMirClient
Warning	5642	warning C4183: 'GetPreStatus': missing return type; assumed to be a member function returning 'int'	y:\develop\github\backmir\bmclient\Common\GameRenderObject.h	333	1	BackMirClient
Error	5643	error C2061: syntax error : identifier 'PLAYER_SEX'	y:\develop\github\backmir\bmclient\Common\GameRenderObject.h	354	1	BackMirClient
Error	5644	error C2146: syntax error : missing ';' before identifier 'GetPlayerSex'	y:\develop\github\backmir\bmclient\Common\GameRenderObject.h	358	1	BackMirClient
Error	5645	error C2433: 'GameObject::PLAYER_SEX' : 'inline' not permitted on data declarations	y:\develop\github\backmir\bmclient\Common\GameRenderObject.h	358	1	BackMirClient
Error	5646	error C4430: missing type specifier - int assumed. Note: C++ does not support default-int	y:\develop\github\backmir\bmclient\Common\GameRenderObject.h	358	1	BackMirClient
Error	5647	error C4430: missing type specifier - int assumed. Note: C++ does not support default-int	y:\develop\github\backmir\bmclient\Common\GameRenderObject.h	359	1	BackMirClient
Warning	5648	warning C4183: 'GetPlayerSex': missing return type; assumed to be a member function returning 'int'	y:\develop\github\backmir\bmclient\Common\GameRenderObject.h	361	1	BackMirClient
Error	5649	error C4430: missing type specifier - int assumed. Note: C++ does not support default-int	y:\develop\github\backmir\bmclient\Common\GameRenderObject.h	503	1	BackMirClient
Error	5650	error C2143: syntax error : missing ',' before '&'	y:\develop\github\backmir\bmclient\Common\GameRenderObject.h	503	1	BackMirClient
Error	5651	error C4430: missing type specifier - int assumed. Note: C++ does not support default-int	y:\develop\github\backmir\bmclient\Common\GameRenderObject.h	504	1	BackMirClient
Error	5652	error C2143: syntax error : missing ',' before '&'	y:\develop\github\backmir\bmclient\Common\GameRenderObject.h	504	1	BackMirClient
Error	5653	error C2535: 'void GameObject::DoPacket(const int)' : member function already defined or declared	y:\develop\github\backmir\bmclient\Common\GameRenderObject.h	504	1	BackMirClient
Error	5654	error C4430: missing type specifier - int assumed. Note: C++ does not support default-int	y:\develop\github\backmir\bmclient\Common\GameRenderObject.h	505	1	BackMirClient
Error	5655	error C2143: syntax error : missing ',' before '&'	y:\develop\github\backmir\bmclient\Common\GameRenderObject.h	505	1	BackMirClient
Error	5656	error C2535: 'void GameObject::DoPacket(const int)' : member function already defined or declared	y:\develop\github\backmir\bmclient\Common\GameRenderObject.h	505	1	BackMirClient
Error	5657	error C2061: syntax error : identifier 'PLAYER_STATUS'	y:\develop\github\backmir\bmclient\Common\GameRenderObject.h	513	1	BackMirClient
Error	5658	error C2146: syntax error : missing ';' before identifier 'm_drt'	y:\develop\github\backmir\bmclient\Common\GameRenderObject.h	554	1	BackMirClient
Error	5659	error C4430: missing type specifier - int assumed. Note: C++ does not support default-int	y:\develop\github\backmir\bmclient\Common\GameRenderObject.h	554	1	BackMirClient
Error	5660	error C2146: syntax error : missing ';' before identifier 'm_sex'	y:\develop\github\backmir\bmclient\Common\GameRenderObject.h	555	1	BackMirClient
Error	5661	error C4430: missing type specifier - int assumed. Note: C++ does not support default-int	y:\develop\github\backmir\bmclient\Common\GameRenderObject.h	555	1	BackMirClient
Error	5662	error C2146: syntax error : missing ';' before identifier 'm_stat'	y:\develop\github\backmir\bmclient\Common\GameRenderObject.h	556	1	BackMirClient
Error	5663	error C4430: missing type specifier - int assumed. Note: C++ does not support default-int	y:\develop\github\backmir\bmclient\Common\GameRenderObject.h	556	1	BackMirClient
Error	5664	error C2146: syntax error : missing ';' before identifier 'm_preStat'	y:\develop\github\backmir\bmclient\Common\GameRenderObject.h	557	1	BackMirClient
Error	5665	error C4430: missing type specifier - int assumed. Note: C++ does not support default-int	y:\develop\github\backmir\bmclient\Common\GameRenderObject.h	557	1	BackMirClient
Error	5666	error C2065: 'm_drt' : undeclared identifier	y:\develop\github\backmir\bmclient\Common\GameRenderObject.h	253	1	BackMirClient
Error	5667	error C2065: 'PDT_DOWN' : undeclared identifier	y:\develop\github\backmir\bmclient\Common\GameRenderObject.h	253	1	BackMirClient
Error	5668	error C2065: 'm_sex' : undeclared identifier	y:\develop\github\backmir\bmclient\Common\GameRenderObject.h	254	1	BackMirClient
Error	5669	error C2065: 'PSX_MAN' : undeclared identifier	y:\develop\github\backmir\bmclient\Common\GameRenderObject.h	254	1	BackMirClient
Error	5670	error C2065: 'm_preStat' : undeclared identifier	y:\develop\github\backmir\bmclient\Common\GameRenderObject.h	255	1	BackMirClient
Error	5671	error C2065: 'm_stat' : undeclared identifier	y:\develop\github\backmir\bmclient\Common\GameRenderObject.h	255	1	BackMirClient
Error	5672	error C2065: 'PST_STAND' : undeclared identifier	y:\develop\github\backmir\bmclient\Common\GameRenderObject.h	255	1	BackMirClient
Error	5673	error C2065: 'm_drt' : undeclared identifier	y:\develop\github\backmir\bmclient\Common\GameRenderObject.h	310	1	BackMirClient
Error	5674	error C2065: '_pd' : undeclared identifier	y:\develop\github\backmir\bmclient\Common\GameRenderObject.h	310	1	BackMirClient
Error	5675	error C2065: 'm_drt' : undeclared identifier	y:\develop\github\backmir\bmclient\Common\GameRenderObject.h	314	1	BackMirClient
Error	5676	error C2065: 'm_stat' : undeclared identifier	y:\develop\github\backmir\bmclient\Common\GameRenderObject.h	318	1	BackMirClient
Error	5677	error C2065: '_ps' : undeclared identifier	y:\develop\github\backmir\bmclient\Common\GameRenderObject.h	318	1	BackMirClient
Error	5678	error C2065: '_ps' : undeclared identifier	y:\develop\github\backmir\bmclient\Common\GameRenderObject.h	320	1	BackMirClient
Error	5679	error C2065: 'PST_STAND' : undeclared identifier	y:\develop\github\backmir\bmclient\Common\GameRenderObject.h	320	1	BackMirClient
Error	5680	error C2065: '_ps' : undeclared identifier	y:\develop\github\backmir\bmclient\Common\GameRenderObject.h	324	1	BackMirClient
Error	5681	error C2065: 'm_stat' : undeclared identifier	y:\develop\github\backmir\bmclient\Common\GameRenderObject.h	328	1	BackMirClient
Error	5682	error C2065: 'm_preStat' : undeclared identifier	y:\develop\github\backmir\bmclient\Common\GameRenderObject.h	332	1	BackMirClient
Error	5683	error C2065: 'm_sex' : undeclared identifier	y:\develop\github\backmir\bmclient\Common\GameRenderObject.h	356	1	BackMirClient
Error	5684	error C2065: '_ps' : undeclared identifier	y:\develop\github\backmir\bmclient\Common\GameRenderObject.h	356	1	BackMirClient
Error	5685	error C2065: 'm_sex' : undeclared identifier	y:\develop\github\backmir\bmclient\Common\GameRenderObject.h	360	1	BackMirClient
Error	5686	error C2065: 'PST_DEAD' : undeclared identifier	y:\develop\github\backmir\bmclient\Common\GameRenderObject.h	429	1	BackMirClient
Warning	5687	warning C4819: The file contains a character that cannot be represented in the current code page (936). Save the file in Unicode format to prevent data loss	y:\develop\github\backmir\CommonModule\ShareDefine.h	1	1	BackMirClient
Error	5688	error C2365: 'RES_ITEMS' : redefinition; previous definition was 'enumerator'	y:\develop\github\backmir\CommonModule\ShareDefine.h	79	1	BackMirClient
Error	5689	error C2365: 'RES_STATUS' : redefinition; previous definition was 'enumerator'	y:\develop\github\backmir\CommonModule\ShareDefine.h	80	1	BackMirClient
Error	5690	error C2365: 'RES_CUSTOM' : redefinition; previous definition was 'enumerator'	y:\develop\github\backmir\CommonModule\ShareDefine.h	81	1	BackMirClient
Error	5691	error C2365: 'RES_TOTAL' : redefinition; previous definition was 'enumerator'	y:\develop\github\backmir\CommonModule\ShareDefine.h	82	1	BackMirClient
Error	5692	error C2065: 'MEFF_USERTOTAL' : undeclared identifier	y:\develop\github\backmir\bmclient\GameScene\MagicEffect.h	8	1	BackMirClient
Error	5693	error C2061: syntax error : identifier 'PLAYER_STATUS'	y:\develop\github\backmir\bmclient\gamescene\GameOtherPlayer.h	29	1	BackMirClient
Error	5694	error C2061: syntax error : identifier 'MAGICEFFECT_TYPE'	y:\develop\github\backmir\bmclient\gamescene\GameOtherPlayer.h	52	1	BackMirClient
Error	5695	error C2061: syntax error : identifier 'MAGICEFFECT_TYPE'	y:\develop\github\backmir\bmclient\gamescene\GameOtherPlayer.h	53	1	BackMirClient
Error	5696	error C4430: missing type specifier - int assumed. Note: C++ does not support default-int	y:\develop\github\backmir\bmclient\gamescene\GameOtherPlayer.h	157	1	BackMirClient
Error	5697	error C2143: syntax error : missing ',' before '&'	y:\develop\github\backmir\bmclient\gamescene\GameOtherPlayer.h	157	1	BackMirClient
Error	5698	error C4430: missing type specifier - int assumed. Note: C++ does not support default-int	y:\develop\github\backmir\bmclient\gamescene\GameOtherPlayer.h	201	1	BackMirClient
Error	5699	error C2143: syntax error : missing ',' before '&'	y:\develop\github\backmir\bmclient\gamescene\GameOtherPlayer.h	201	1	BackMirClient
Error	5700	error C2535: 'void GameOtherPlayer::DoPacket(const int)' : member function already defined or declared	y:\develop\github\backmir\bmclient\gamescene\GameOtherPlayer.h	201	1	BackMirClient
Error	5701	error C2146: syntax error : missing ';' before identifier 'm_eEffect'	y:\develop\github\backmir\bmclient\gamescene\GameOtherPlayer.h	228	1	BackMirClient
Error	5702	error C4430: missing type specifier - int assumed. Note: C++ does not support default-int	y:\develop\github\backmir\bmclient\gamescene\GameOtherPlayer.h	228	1	BackMirClient
Error	5703	error C2065: 'MAGICEFFECT_TOTAL' : undeclared identifier	y:\develop\github\backmir\bmclient\gamescene\GameOtherPlayer.h	228	1	BackMirClient
Warning	5704	warning C4819: The file contains a character that cannot be represented in the current code page (936). Save the file in Unicode format to prevent data loss	y:\develop\github\backmir\CommonModule\RandGenerator.h	1	1	BackMirClient
Warning	5705	warning C4819: The file contains a character that cannot be represented in the current code page (936). Save the file in Unicode format to prevent data loss	y:\develop\github\backmir\CommonModule\CollDownController.h	1	1	BackMirClient
Error	5706	error C2061: syntax error : identifier 'PLAYER_DIRECTION'	y:\develop\github\backmir\bmclient\gamescene\GamePlayer.h	57	1	BackMirClient
Error	5707	error C2061: syntax error : identifier 'PLAYER_DIRECTION'	y:\develop\github\backmir\bmclient\gamescene\GamePlayer.h	58	1	BackMirClient
Error	5708	error C2143: syntax error : missing ';' before '*'	y:\develop\github\backmir\bmclient\gamescene\GamePlayer.h	73	1	BackMirClient
Error	5709	error C4430: missing type specifier - int assumed. Note: C++ does not support default-int	y:\develop\github\backmir\bmclient\gamescene\GamePlayer.h	73	1	BackMirClient
Error	5710	error C4430: missing type specifier - int assumed. Note: C++ does not support default-int	y:\develop\github\backmir\bmclient\gamescene\GamePlayer.h	74	1	BackMirClient
Warning	5711	warning C4183: 'GetEquip': missing return type; assumed to be a member function returning 'int'	y:\develop\github\backmir\bmclient\gamescene\GamePlayer.h	76	1	BackMirClient
Error	5712	error C2146: syntax error : missing ';' before identifier 'm_equipAttrib'	y:\develop\github\backmir\bmclient\gamescene\GamePlayer.h	350	1	BackMirClient
Error	5713	error C4430: missing type specifier - int assumed. Note: C++ does not support default-int	y:\develop\github\backmir\bmclient\gamescene\GamePlayer.h	350	1	BackMirClient
Error	5714	error C2146: syntax error : missing ';' before identifier 'm_indexs'	y:\develop\github\backmir\bmclient\gamescene\GamePlayer.h	361	1	BackMirClient
Error	5715	error C4430: missing type specifier - int assumed. Note: C++ does not support default-int	y:\develop\github\backmir\bmclient\gamescene\GamePlayer.h	361	1	BackMirClient
Error	5716	error C2065: 'ADD_NORMAL' : undeclared identifier	y:\develop\github\backmir\bmclient\gamescene\GamePlayer.h	182	1	BackMirClient
Error	5717	error C2065: 'ADD_NORMAL' : undeclared identifier	y:\develop\github\backmir\bmclient\gamescene\GamePlayer.h	183	1	BackMirClient
Error	5718	error C2065: 'm_equipAttrib' : undeclared identifier	y:\develop\github\backmir\bmclient\gamescene\GamePlayer.h	75	1	BackMirClient
Error	5719	error C2065: 'PST_NONE' : undeclared identifier	y:\develop\github\backmir\bmclient\gamescene\GamePlayer.h	84	1	BackMirClient
Error	5720	error C2065: 'g_nWanLiTable' : undeclared identifier	y:\develop\github\backmir\bmclient\gamescene\GamePlayer.h	135	1	BackMirClient
Error	5721	error C2146: syntax error : missing ';' before identifier 'm_indexs'	y:\develop\github\backmir\bmclient\gamescene\GameMonster.h	114	1	BackMirClient
Error	5722	error C4430: missing type specifier - int assumed. Note: C++ does not support default-int	y:\develop\github\backmir\bmclient\gamescene\GameMonster.h	114	1	BackMirClient
Error	5723	error C2146: syntax error : missing ';' before identifier 'm_eEndStatus'	y:\develop\github\backmir\bmclient\gamescene\GameMonster.h	812	1	BackMirClient
Error	5724	error C4430: missing type specifier - int assumed. Note: C++ does not support default-int	y:\develop\github\backmir\bmclient\gamescene\GameMonster.h	812	1	BackMirClient
Error	5725	error C2146: syntax error : missing ';' before identifier 'm_xShowItems'	y:\develop\github\backmir\bmclient\GameScene\GameMapManager.h	137	1	BackMirClient
Error	5726	error C4430: missing type specifier - int assumed. Note: C++ does not support default-int	y:\develop\github\backmir\bmclient\GameScene\GameMapManager.h	137	1	BackMirClient
Error	5727	error C2146: syntax error : missing ';' before identifier 'm_xMouseItems'	y:\develop\github\backmir\bmclient\GameScene\GameMapManager.h	138	1	BackMirClient
Error	5728	error C4430: missing type specifier - int assumed. Note: C++ does not support default-int	y:\develop\github\backmir\bmclient\GameScene\GameMapManager.h	138	1	BackMirClient
Error	5729	error C2065: 'm_xMouseItems' : undeclared identifier	y:\develop\github\backmir\bmclient\GameScene\GameMapManager.h	80	1	BackMirClient
Error	5730	error C2228: left of '.push_back' must have class/struct/union	y:\develop\github\backmir\bmclient\GameScene\GameMapManager.h	80	1	BackMirClient
Error	5731	error C1083: Cannot open include file: 'FastDelegateBind.h': No such file or directory	y:\develop\github\backmir\bmclient\GameDialog\GameCommonDlg.h	9	1	BackMirClient
Warning	5732	warning C4819: The file contains a character that cannot be represented in the current code page (936). Save the file in Unicode format to prevent data loss	y:\develop\github\backmir\bmclient\Common\GlobalDefine.h	1	1	BackMirClient
Error	5733	error C2447: '{' : missing function header (old-style formal list?)	y:\develop\github\backmir\bmclient\Common\GlobalDefine.h	91	1	BackMirClient
Error	5734	error C2447: '{' : missing function header (old-style formal list?)	y:\develop\github\backmir\bmclient\Common\GlobalDefine.h	103	1	BackMirClient
Error	5735	error C2447: '{' : missing function header (old-style formal list?)	y:\develop\github\backmir\bmclient\Common\GlobalDefine.h	128	1	BackMirClient
Error	5736	error C2146: syntax error : missing ';' before identifier 'GetAngle'	y:\develop\github\backmir\bmclient\Common\GlobalFunction.h	26	1	BackMirClient
Error	5737	error C4430: missing type specifier - int assumed. Note: C++ does not support default-int	y:\develop\github\backmir\bmclient\Common\GlobalFunction.h	26	1	BackMirClient
Error	5738	error C4430: missing type specifier - int assumed. Note: C++ does not support default-int	y:\develop\github\backmir\bmclient\net\PacketHandler.h	71	1	BackMirClient
Error	5739	error C2143: syntax error : missing ',' before '&'	y:\develop\github\backmir\bmclient\net\PacketHandler.h	71	1	BackMirClient
Warning	5740	warning C4819: The file contains a character that cannot be represented in the current code page (936). Save the file in Unicode format to prevent data loss	y:\develop\github\backmir\CommonModule\MagicEffectID.h	1	1	BackMirClient
Error	5741	error C2061: syntax error : identifier 'PLAYER_DIRECTION'	y:\develop\github\backmir\bmclient\Common\GameRenderObject.h	308	1	BackMirClient
Error	5742	error C2146: syntax error : missing ';' before identifier 'GetDirection'	y:\develop\github\backmir\bmclient\Common\GameRenderObject.h	312	1	BackMirClient
Error	5743	error C2433: 'GameObject::PLAYER_DIRECTION' : 'inline' not permitted on data declarations	y:\develop\github\backmir\bmclient\Common\GameRenderObject.h	312	1	BackMirClient
Error	5744	error C4430: missing type specifier - int assumed. Note: C++ does not support default-int	y:\develop\github\backmir\bmclient\Common\GameRenderObject.h	312	1	BackMirClient
Error	5745	error C4430: missing type specifier - int assumed. Note: C++ does not support default-int	y:\develop\github\backmir\bmclient\Common\GameRenderObject.h	313	1	BackMirClient
Warning	5746	warning C4183: 'GetDirection': missing return type; assumed to be a member function returning 'int'	y:\develop\github\backmir\bmclient\Common\GameRenderObject.h	315	1	BackMirClient
Error	5747	error C2061: syntax error : identifier 'PLAYER_STATUS'	y:\develop\github\backmir\bmclient\Common\GameRenderObject.h	316	1	BackMirClient
Error	5748	error C2146: syntax error : missing ';' before identifier 'GetStatus'	y:\develop\github\backmir\bmclient\Common\GameRenderObject.h	326	1	BackMirClient
Error	5749	error C2433: 'GameObject::PLAYER_STATUS' : 'inline' not permitted on data declarations	y:\develop\github\backmir\bmclient\Common\GameRenderObject.h	326	1	BackMirClient
Error	5750	error C4430: missing type specifier - int assumed. Note: C++ does not support default-int	y:\develop\github\backmir\bmclient\Common\GameRenderObject.h	326	1	BackMirClient
Error	5751	error C4430: missing type specifier - int assumed. Note: C++ does not support default-int	y:\develop\github\backmir\bmclient\Common\GameRenderObject.h	327	1	BackMirClient
Warning	5752	warning C4183: 'GetStatus': missing return type; assumed to be a member function returning 'int'	y:\develop\github\backmir\bmclient\Common\GameRenderObject.h	329	1	BackMirClient
Error	5753	error C2146: syntax error : missing ';' before identifier 'GetPreStatus'	y:\develop\github\backmir\bmclient\Common\GameRenderObject.h	330	1	BackMirClient
Error	5754	error C2433: 'GameObject::PLAYER_STATUS' : 'inline' not permitted on data declarations	y:\develop\github\backmir\bmclient\Common\GameRenderObject.h	330	1	BackMirClient
Error	5755	error C4430: missing type specifier - int assumed. Note: C++ does not support default-int	y:\develop\github\backmir\bmclient\Common\GameRenderObject.h	330	1	BackMirClient
Error	5756	error C4430: missing type specifier - int assumed. Note: C++ does not support default-int	y:\develop\github\backmir\bmclient\Common\GameRenderObject.h	331	1	BackMirClient
Warning	5757	warning C4183: 'GetPreStatus': missing return type; assumed to be a member function returning 'int'	y:\develop\github\backmir\bmclient\Common\GameRenderObject.h	333	1	BackMirClient
Error	5758	error C2061: syntax error : identifier 'PLAYER_SEX'	y:\develop\github\backmir\bmclient\Common\GameRenderObject.h	354	1	BackMirClient
Error	5759	error C2146: syntax error : missing ';' before identifier 'GetPlayerSex'	y:\develop\github\backmir\bmclient\Common\GameRenderObject.h	358	1	BackMirClient
Error	5760	error C2433: 'GameObject::PLAYER_SEX' : 'inline' not permitted on data declarations	y:\develop\github\backmir\bmclient\Common\GameRenderObject.h	358	1	BackMirClient
Error	5761	error C4430: missing type specifier - int assumed. Note: C++ does not support default-int	y:\develop\github\backmir\bmclient\Common\GameRenderObject.h	358	1	BackMirClient
Error	5762	error C4430: missing type specifier - int assumed. Note: C++ does not support default-int	y:\develop\github\backmir\bmclient\Common\GameRenderObject.h	359	1	BackMirClient
Warning	5763	warning C4183: 'GetPlayerSex': missing return type; assumed to be a member function returning 'int'	y:\develop\github\backmir\bmclient\Common\GameRenderObject.h	361	1	BackMirClient
Error	5764	error C4430: missing type specifier - int assumed. Note: C++ does not support default-int	y:\develop\github\backmir\bmclient\Common\GameRenderObject.h	503	1	BackMirClient
Error	5765	error C2143: syntax error : missing ',' before '&'	y:\develop\github\backmir\bmclient\Common\GameRenderObject.h	503	1	BackMirClient
Error	5766	error C4430: missing type specifier - int assumed. Note: C++ does not support default-int	y:\develop\github\backmir\bmclient\Common\GameRenderObject.h	504	1	BackMirClient
Error	5767	error C2143: syntax error : missing ',' before '&'	y:\develop\github\backmir\bmclient\Common\GameRenderObject.h	504	1	BackMirClient
Error	5768	error C2535: 'void GameObject::DoPacket(const int)' : member function already defined or declared	y:\develop\github\backmir\bmclient\Common\GameRenderObject.h	504	1	BackMirClient
Error	5769	error C4430: missing type specifier - int assumed. Note: C++ does not support default-int	y:\develop\github\backmir\bmclient\Common\GameRenderObject.h	505	1	BackMirClient
Error	5770	error C2143: syntax error : missing ',' before '&'	y:\develop\github\backmir\bmclient\Common\GameRenderObject.h	505	1	BackMirClient
Error	5771	error C2535: 'void GameObject::DoPacket(const int)' : member function already defined or declared	y:\develop\github\backmir\bmclient\Common\GameRenderObject.h	505	1	BackMirClient
Error	5772	error C2061: syntax error : identifier 'PLAYER_STATUS'	y:\develop\github\backmir\bmclient\Common\GameRenderObject.h	513	1	BackMirClient
Error	5773	error C2146: syntax error : missing ';' before identifier 'm_drt'	y:\develop\github\backmir\bmclient\Common\GameRenderObject.h	554	1	BackMirClient
Error	5774	error C4430: missing type specifier - int assumed. Note: C++ does not support default-int	y:\develop\github\backmir\bmclient\Common\GameRenderObject.h	554	1	BackMirClient
Error	5775	error C2146: syntax error : missing ';' before identifier 'm_sex'	y:\develop\github\backmir\bmclient\Common\GameRenderObject.h	555	1	BackMirClient
Error	5776	error C4430: missing type specifier - int assumed. Note: C++ does not support default-int	y:\develop\github\backmir\bmclient\Common\GameRenderObject.h	555	1	BackMirClient
Error	5777	error C2146: syntax error : missing ';' before identifier 'm_stat'	y:\develop\github\backmir\bmclient\Common\GameRenderObject.h	556	1	BackMirClient
Error	5778	error C4430: missing type specifier - int assumed. Note: C++ does not support default-int	y:\develop\github\backmir\bmclient\Common\GameRenderObject.h	556	1	BackMirClient
Error	5779	error C2146: syntax error : missing ';' before identifier 'm_preStat'	y:\develop\github\backmir\bmclient\Common\GameRenderObject.h	557	1	BackMirClient
Error	5780	error C4430: missing type specifier - int assumed. Note: C++ does not support default-int	y:\develop\github\backmir\bmclient\Common\GameRenderObject.h	557	1	BackMirClient
Error	5781	error C2065: 'm_drt' : undeclared identifier	y:\develop\github\backmir\bmclient\Common\GameRenderObject.h	253	1	BackMirClient
Error	5782	error C2065: 'PDT_DOWN' : undeclared identifier	y:\develop\github\backmir\bmclient\Common\GameRenderObject.h	253	1	BackMirClient
Error	5783	error C2065: 'm_sex' : undeclared identifier	y:\develop\github\backmir\bmclient\Common\GameRenderObject.h	254	1	BackMirClient
Error	5784	error C2065: 'PSX_MAN' : undeclared identifier	y:\develop\github\backmir\bmclient\Common\GameRenderObject.h	254	1	BackMirClient
Error	5785	error C2065: 'm_preStat' : undeclared identifier	y:\develop\github\backmir\bmclient\Common\GameRenderObject.h	255	1	BackMirClient
Error	5786	error C2065: 'm_stat' : undeclared identifier	y:\develop\github\backmir\bmclient\Common\GameRenderObject.h	255	1	BackMirClient
Error	5787	error C2065: 'PST_STAND' : undeclared identifier	y:\develop\github\backmir\bmclient\Common\GameRenderObject.h	255	1	BackMirClient
Error	5788	error C2065: 'm_drt' : undeclared identifier	y:\develop\github\backmir\bmclient\Common\GameRenderObject.h	310	1	BackMirClient
Error	5789	error C2065: '_pd' : undeclared identifier	y:\develop\github\backmir\bmclient\Common\GameRenderObject.h	310	1	BackMirClient
Error	5790	error C2065: 'm_drt' : undeclared identifier	y:\develop\github\backmir\bmclient\Common\GameRenderObject.h	314	1	BackMirClient
Error	5791	error C2065: 'm_stat' : undeclared identifier	y:\develop\github\backmir\bmclient\Common\GameRenderObject.h	318	1	BackMirClient
Error	5792	error C2065: '_ps' : undeclared identifier	y:\develop\github\backmir\bmclient\Common\GameRenderObject.h	318	1	BackMirClient
Error	5793	error C2065: '_ps' : undeclared identifier	y:\develop\github\backmir\bmclient\Common\GameRenderObject.h	320	1	BackMirClient
Error	5794	error C2065: 'PST_STAND' : undeclared identifier	y:\develop\github\backmir\bmclient\Common\GameRenderObject.h	320	1	BackMirClient
Error	5795	error C2065: '_ps' : undeclared identifier	y:\develop\github\backmir\bmclient\Common\GameRenderObject.h	324	1	BackMirClient
Error	5796	error C2065: 'm_stat' : undeclared identifier	y:\develop\github\backmir\bmclient\Common\GameRenderObject.h	328	1	BackMirClient
Error	5797	error C2065: 'm_preStat' : undeclared identifier	y:\develop\github\backmir\bmclient\Common\GameRenderObject.h	332	1	BackMirClient
Error	5798	error C2065: 'm_sex' : undeclared identifier	y:\develop\github\backmir\bmclient\Common\GameRenderObject.h	356	1	BackMirClient
Error	5799	error C2065: '_ps' : undeclared identifier	y:\develop\github\backmir\bmclient\Common\GameRenderObject.h	356	1	BackMirClient
Error	5800	error C2065: 'm_sex' : undeclared identifier	y:\develop\github\backmir\bmclient\Common\GameRenderObject.h	360	1	BackMirClient
Error	5801	error C2065: 'PST_DEAD' : undeclared identifier	y:\develop\github\backmir\bmclient\Common\GameRenderObject.h	429	1	BackMirClient
Warning	5802	warning C4819: The file contains a character that cannot be represented in the current code page (936). Save the file in Unicode format to prevent data loss	y:\develop\github\backmir\CommonModule\ShareDefine.h	1	1	BackMirClient
Error	5803	error C2365: 'RES_ITEMS' : redefinition; previous definition was 'enumerator'	y:\develop\github\backmir\CommonModule\ShareDefine.h	79	1	BackMirClient
Error	5804	error C2365: 'RES_STATUS' : redefinition; previous definition was 'enumerator'	y:\develop\github\backmir\CommonModule\ShareDefine.h	80	1	BackMirClient
Error	5805	error C2365: 'RES_CUSTOM' : redefinition; previous definition was 'enumerator'	y:\develop\github\backmir\CommonModule\ShareDefine.h	81	1	BackMirClient
Error	5806	error C2365: 'RES_TOTAL' : redefinition; previous definition was 'enumerator'	y:\develop\github\backmir\CommonModule\ShareDefine.h	82	1	BackMirClient
Error	5807	error C2065: 'MEFF_USERTOTAL' : undeclared identifier	y:\develop\github\backmir\bmclient\GameScene\MagicEffect.h	8	1	BackMirClient
Error	5808	error C2061: syntax error : identifier 'PLAYER_STATUS'	y:\develop\github\backmir\bmclient\gamescene\GameOtherPlayer.h	29	1	BackMirClient
Error	5809	error C2061: syntax error : identifier 'MAGICEFFECT_TYPE'	y:\develop\github\backmir\bmclient\gamescene\GameOtherPlayer.h	52	1	BackMirClient
Error	5810	error C2061: syntax error : identifier 'MAGICEFFECT_TYPE'	y:\develop\github\backmir\bmclient\gamescene\GameOtherPlayer.h	53	1	BackMirClient
Error	5811	error C4430: missing type specifier - int assumed. Note: C++ does not support default-int	y:\develop\github\backmir\bmclient\gamescene\GameOtherPlayer.h	157	1	BackMirClient
Error	5812	error C2143: syntax error : missing ',' before '&'	y:\develop\github\backmir\bmclient\gamescene\GameOtherPlayer.h	157	1	BackMirClient
Error	5813	error C4430: missing type specifier - int assumed. Note: C++ does not support default-int	y:\develop\github\backmir\bmclient\gamescene\GameOtherPlayer.h	201	1	BackMirClient
Error	5814	error C2143: syntax error : missing ',' before '&'	y:\develop\github\backmir\bmclient\gamescene\GameOtherPlayer.h	201	1	BackMirClient
Error	5815	error C2535: 'void GameOtherPlayer::DoPacket(const int)' : member function already defined or declared	y:\develop\github\backmir\bmclient\gamescene\GameOtherPlayer.h	201	1	BackMirClient
Error	5816	error C2146: syntax error : missing ';' before identifier 'm_eEffect'	y:\develop\github\backmir\bmclient\gamescene\GameOtherPlayer.h	228	1	BackMirClient
Error	5817	error C4430: missing type specifier - int assumed. Note: C++ does not support default-int	y:\develop\github\backmir\bmclient\gamescene\GameOtherPlayer.h	228	1	BackMirClient
Error	5818	error C2065: 'MAGICEFFECT_TOTAL' : undeclared identifier	y:\develop\github\backmir\bmclient\gamescene\GameOtherPlayer.h	228	1	BackMirClient
Warning	5819	warning C4819: The file contains a character that cannot be represented in the current code page (936). Save the file in Unicode format to prevent data loss	y:\develop\github\backmir\CommonModule\RandGenerator.h	1	1	BackMirClient
Warning	5820	warning C4819: The file contains a character that cannot be represented in the current code page (936). Save the file in Unicode format to prevent data loss	y:\develop\github\backmir\CommonModule\CollDownController.h	1	1	BackMirClient
Error	5821	error C2061: syntax error : identifier 'PLAYER_DIRECTION'	y:\develop\github\backmir\bmclient\gamescene\GamePlayer.h	57	1	BackMirClient
Error	5822	error C2061: syntax error : identifier 'PLAYER_DIRECTION'	y:\develop\github\backmir\bmclient\gamescene\GamePlayer.h	58	1	BackMirClient
Error	5823	error C2143: syntax error : missing ';' before '*'	y:\develop\github\backmir\bmclient\gamescene\GamePlayer.h	73	1	BackMirClient
Error	5824	error C4430: missing type specifier - int assumed. Note: C++ does not support default-int	y:\develop\github\backmir\bmclient\gamescene\GamePlayer.h	73	1	BackMirClient
Error	5825	error C4430: missing type specifier - int assumed. Note: C++ does not support default-int	y:\develop\github\backmir\bmclient\gamescene\GamePlayer.h	74	1	BackMirClient
Warning	5826	warning C4183: 'GetEquip': missing return type; assumed to be a member function returning 'int'	y:\develop\github\backmir\bmclient\gamescene\GamePlayer.h	76	1	BackMirClient
Error	5827	error C2146: syntax error : missing ';' before identifier 'm_equipAttrib'	y:\develop\github\backmir\bmclient\gamescene\GamePlayer.h	350	1	BackMirClient
Error	5828	error C4430: missing type specifier - int assumed. Note: C++ does not support default-int	y:\develop\github\backmir\bmclient\gamescene\GamePlayer.h	350	1	BackMirClient
Error	5829	error C2146: syntax error : missing ';' before identifier 'm_indexs'	y:\develop\github\backmir\bmclient\gamescene\GamePlayer.h	361	1	BackMirClient
Error	5830	error C4430: missing type specifier - int assumed. Note: C++ does not support default-int	y:\develop\github\backmir\bmclient\gamescene\GamePlayer.h	361	1	BackMirClient
Error	5831	error C2065: 'ADD_NORMAL' : undeclared identifier	y:\develop\github\backmir\bmclient\gamescene\GamePlayer.h	182	1	BackMirClient
Error	5832	error C2065: 'ADD_NORMAL' : undeclared identifier	y:\develop\github\backmir\bmclient\gamescene\GamePlayer.h	183	1	BackMirClient
Error	5833	error C2065: 'm_equipAttrib' : undeclared identifier	y:\develop\github\backmir\bmclient\gamescene\GamePlayer.h	75	1	BackMirClient
Error	5834	error C2065: 'PST_NONE' : undeclared identifier	y:\develop\github\backmir\bmclient\gamescene\GamePlayer.h	84	1	BackMirClient
Error	5835	error C2065: 'g_nWanLiTable' : undeclared identifier	y:\develop\github\backmir\bmclient\gamescene\GamePlayer.h	135	1	BackMirClient
Error	5836	error C2146: syntax error : missing ';' before identifier 'm_indexs'	y:\develop\github\backmir\bmclient\gamescene\GameMonster.h	114	1	BackMirClient
Error	5837	error C4430: missing type specifier - int assumed. Note: C++ does not support default-int	y:\develop\github\backmir\bmclient\gamescene\GameMonster.h	114	1	BackMirClient
Error	5838	error C2146: syntax error : missing ';' before identifier 'm_eEndStatus'	y:\develop\github\backmir\bmclient\gamescene\GameMonster.h	812	1	BackMirClient
Error	5839	error C4430: missing type specifier - int assumed. Note: C++ does not support default-int	y:\develop\github\backmir\bmclient\gamescene\GameMonster.h	812	1	BackMirClient
Error	5840	error C2146: syntax error : missing ';' before identifier 'm_xShowItems'	y:\develop\github\backmir\bmclient\GameScene\GameMapManager.h	137	1	BackMirClient
Error	5841	error C4430: missing type specifier - int assumed. Note: C++ does not support default-int	y:\develop\github\backmir\bmclient\GameScene\GameMapManager.h	137	1	BackMirClient
Error	5842	error C2146: syntax error : missing ';' before identifier 'm_xMouseItems'	y:\develop\github\backmir\bmclient\GameScene\GameMapManager.h	138	1	BackMirClient
Error	5843	error C4430: missing type specifier - int assumed. Note: C++ does not support default-int	y:\develop\github\backmir\bmclient\GameScene\GameMapManager.h	138	1	BackMirClient
Error	5844	error C2065: 'm_xMouseItems' : undeclared identifier	y:\develop\github\backmir\bmclient\GameScene\GameMapManager.h	80	1	BackMirClient
Error	5845	error C2228: left of '.push_back' must have class/struct/union	y:\develop\github\backmir\bmclient\GameScene\GameMapManager.h	80	1	BackMirClient
Error	5846	error C1083: Cannot open include file: 'FastDelegateBind.h': No such file or directory	y:\develop\github\backmir\bmclient\GameDialog\GameCommonDlg.h	9	1	BackMirClient
Warning	5847	warning C4819: The file contains a character that cannot be represented in the current code page (936). Save the file in Unicode format to prevent data loss	y:\develop\github\backmir\bmclient\Common\GlobalDefine.h	1	1	BackMirClient
Error	5848	error C2447: '{' : missing function header (old-style formal list?)	y:\develop\github\backmir\bmclient\Common\GlobalDefine.h	91	1	BackMirClient
Error	5849	error C2447: '{' : missing function header (old-style formal list?)	y:\develop\github\backmir\bmclient\Common\GlobalDefine.h	103	1	BackMirClient
Error	5850	error C2447: '{' : missing function header (old-style formal list?)	y:\develop\github\backmir\bmclient\Common\GlobalDefine.h	128	1	BackMirClient
Error	5851	error C2146: syntax error : missing ';' before identifier 'GetAngle'	y:\develop\github\backmir\bmclient\Common\GlobalFunction.h	26	1	BackMirClient
Error	5852	error C4430: missing type specifier - int assumed. Note: C++ does not support default-int	y:\develop\github\backmir\bmclient\Common\GlobalFunction.h	26	1	BackMirClient
Error	5853	error C4430: missing type specifier - int assumed. Note: C++ does not support default-int	y:\develop\github\backmir\bmclient\net\PacketHandler.h	71	1	BackMirClient
Error	5854	error C2143: syntax error : missing ',' before '&'	y:\develop\github\backmir\bmclient\net\PacketHandler.h	71	1	BackMirClient
Warning	5855	warning C4819: The file contains a character that cannot be represented in the current code page (936). Save the file in Unicode format to prevent data loss	y:\develop\github\backmir\CommonModule\MagicEffectID.h	1	1	BackMirClient
Error	5856	error C2061: syntax error : identifier 'PLAYER_DIRECTION'	y:\develop\github\backmir\bmclient\Common\GameRenderObject.h	308	1	BackMirClient
Error	5857	error C2146: syntax error : missing ';' before identifier 'GetDirection'	y:\develop\github\backmir\bmclient\Common\GameRenderObject.h	312	1	BackMirClient
Error	5858	error C2433: 'GameObject::PLAYER_DIRECTION' : 'inline' not permitted on data declarations	y:\develop\github\backmir\bmclient\Common\GameRenderObject.h	312	1	BackMirClient
Error	5859	error C4430: missing type specifier - int assumed. Note: C++ does not support default-int	y:\develop\github\backmir\bmclient\Common\GameRenderObject.h	312	1	BackMirClient
Error	5860	error C4430: missing type specifier - int assumed. Note: C++ does not support default-int	y:\develop\github\backmir\bmclient\Common\GameRenderObject.h	313	1	BackMirClient
Warning	5861	warning C4183: 'GetDirection': missing return type; assumed to be a member function returning 'int'	y:\develop\github\backmir\bmclient\Common\GameRenderObject.h	315	1	BackMirClient
Error	5862	error C2061: syntax error : identifier 'PLAYER_STATUS'	y:\develop\github\backmir\bmclient\Common\GameRenderObject.h	316	1	BackMirClient
Error	5863	error C2146: syntax error : missing ';' before identifier 'GetStatus'	y:\develop\github\backmir\bmclient\Common\GameRenderObject.h	326	1	BackMirClient
Error	5864	error C2433: 'GameObject::PLAYER_STATUS' : 'inline' not permitted on data declarations	y:\develop\github\backmir\bmclient\Common\GameRenderObject.h	326	1	BackMirClient
Error	5865	error C4430: missing type specifier - int assumed. Note: C++ does not support default-int	y:\develop\github\backmir\bmclient\Common\GameRenderObject.h	326	1	BackMirClient
Error	5866	error C4430: missing type specifier - int assumed. Note: C++ does not support default-int	y:\develop\github\backmir\bmclient\Common\GameRenderObject.h	327	1	BackMirClient
Warning	5867	warning C4183: 'GetStatus': missing return type; assumed to be a member function returning 'int'	y:\develop\github\backmir\bmclient\Common\GameRenderObject.h	329	1	BackMirClient
Error	5868	error C2146: syntax error : missing ';' before identifier 'GetPreStatus'	y:\develop\github\backmir\bmclient\Common\GameRenderObject.h	330	1	BackMirClient
Error	5869	error C2433: 'GameObject::PLAYER_STATUS' : 'inline' not permitted on data declarations	y:\develop\github\backmir\bmclient\Common\GameRenderObject.h	330	1	BackMirClient
Error	5870	error C4430: missing type specifier - int assumed. Note: C++ does not support default-int	y:\develop\github\backmir\bmclient\Common\GameRenderObject.h	330	1	BackMirClient
Error	5871	error C4430: missing type specifier - int assumed. Note: C++ does not support default-int	y:\develop\github\backmir\bmclient\Common\GameRenderObject.h	331	1	BackMirClient
Warning	5872	warning C4183: 'GetPreStatus': missing return type; assumed to be a member function returning 'int'	y:\develop\github\backmir\bmclient\Common\GameRenderObject.h	333	1	BackMirClient
Error	5873	error C2061: syntax error : identifier 'PLAYER_SEX'	y:\develop\github\backmir\bmclient\Common\GameRenderObject.h	354	1	BackMirClient
Error	5874	error C2146: syntax error : missing ';' before identifier 'GetPlayerSex'	y:\develop\github\backmir\bmclient\Common\GameRenderObject.h	358	1	BackMirClient
Error	5875	error C2433: 'GameObject::PLAYER_SEX' : 'inline' not permitted on data declarations	y:\develop\github\backmir\bmclient\Common\GameRenderObject.h	358	1	BackMirClient
Error	5876	error C4430: missing type specifier - int assumed. Note: C++ does not support default-int	y:\develop\github\backmir\bmclient\Common\GameRenderObject.h	358	1	BackMirClient
Error	5877	error C4430: missing type specifier - int assumed. Note: C++ does not support default-int	y:\develop\github\backmir\bmclient\Common\GameRenderObject.h	359	1	BackMirClient
Warning	5878	warning C4183: 'GetPlayerSex': missing return type; assumed to be a member function returning 'int'	y:\develop\github\backmir\bmclient\Common\GameRenderObject.h	361	1	BackMirClient
Error	5879	error C4430: missing type specifier - int assumed. Note: C++ does not support default-int	y:\develop\github\backmir\bmclient\Common\GameRenderObject.h	503	1	BackMirClient
Error	5880	error C2143: syntax error : missing ',' before '&'	y:\develop\github\backmir\bmclient\Common\GameRenderObject.h	503	1	BackMirClient
Error	5881	error C4430: missing type specifier - int assumed. Note: C++ does not support default-int	y:\develop\github\backmir\bmclient\Common\GameRenderObject.h	504	1	BackMirClient
Error	5882	error C2143: syntax error : missing ',' before '&'	y:\develop\github\backmir\bmclient\Common\GameRenderObject.h	504	1	BackMirClient
Error	5883	error C2535: 'void GameObject::DoPacket(const int)' : member function already defined or declared	y:\develop\github\backmir\bmclient\Common\GameRenderObject.h	504	1	BackMirClient
Error	5884	error C4430: missing type specifier - int assumed. Note: C++ does not support default-int	y:\develop\github\backmir\bmclient\Common\GameRenderObject.h	505	1	BackMirClient
Error	5885	error C2143: syntax error : missing ',' before '&'	y:\develop\github\backmir\bmclient\Common\GameRenderObject.h	505	1	BackMirClient
Error	5886	error C2535: 'void GameObject::DoPacket(const int)' : member function already defined or declared	y:\develop\github\backmir\bmclient\Common\GameRenderObject.h	505	1	BackMirClient
Error	5887	error C2061: syntax error : identifier 'PLAYER_STATUS'	y:\develop\github\backmir\bmclient\Common\GameRenderObject.h	513	1	BackMirClient
Error	5888	error C2146: syntax error : missing ';' before identifier 'm_drt'	y:\develop\github\backmir\bmclient\Common\GameRenderObject.h	554	1	BackMirClient
Error	5889	error C4430: missing type specifier - int assumed. Note: C++ does not support default-int	y:\develop\github\backmir\bmclient\Common\GameRenderObject.h	554	1	BackMirClient
Error	5890	error C2146: syntax error : missing ';' before identifier 'm_sex'	y:\develop\github\backmir\bmclient\Common\GameRenderObject.h	555	1	BackMirClient
Error	5891	error C4430: missing type specifier - int assumed. Note: C++ does not support default-int	y:\develop\github\backmir\bmclient\Common\GameRenderObject.h	555	1	BackMirClient
Error	5892	error C2146: syntax error : missing ';' before identifier 'm_stat'	y:\develop\github\backmir\bmclient\Common\GameRenderObject.h	556	1	BackMirClient
Error	5893	error C4430: missing type specifier - int assumed. Note: C++ does not support default-int	y:\develop\github\backmir\bmclient\Common\GameRenderObject.h	556	1	BackMirClient
Error	5894	error C2146: syntax error : missing ';' before identifier 'm_preStat'	y:\develop\github\backmir\bmclient\Common\GameRenderObject.h	557	1	BackMirClient
Error	5895	error C4430: missing type specifier - int assumed. Note: C++ does not support default-int	y:\develop\github\backmir\bmclient\Common\GameRenderObject.h	557	1	BackMirClient
Error	5896	error C2065: 'm_drt' : undeclared identifier	y:\develop\github\backmir\bmclient\Common\GameRenderObject.h	253	1	BackMirClient
Error	5897	error C2065: 'PDT_DOWN' : undeclared identifier	y:\develop\github\backmir\bmclient\Common\GameRenderObject.h	253	1	BackMirClient
Error	5898	error C2065: 'm_sex' : undeclared identifier	y:\develop\github\backmir\bmclient\Common\GameRenderObject.h	254	1	BackMirClient
Error	5899	error C2065: 'PSX_MAN' : undeclared identifier	y:\develop\github\backmir\bmclient\Common\GameRenderObject.h	254	1	BackMirClient
Error	5900	error C2065: 'm_preStat' : undeclared identifier	y:\develop\github\backmir\bmclient\Common\GameRenderObject.h	255	1	BackMirClient
Error	5901	error C2065: 'm_stat' : undeclared identifier	y:\develop\github\backmir\bmclient\Common\GameRenderObject.h	255	1	BackMirClient
Error	5902	error C2065: 'PST_STAND' : undeclared identifier	y:\develop\github\backmir\bmclient\Common\GameRenderObject.h	255	1	BackMirClient
Error	5903	error C2065: 'm_drt' : undeclared identifier	y:\develop\github\backmir\bmclient\Common\GameRenderObject.h	310	1	BackMirClient
Error	5904	error C2065: '_pd' : undeclared identifier	y:\develop\github\backmir\bmclient\Common\GameRenderObject.h	310	1	BackMirClient
Error	5905	error C2065: 'm_drt' : undeclared identifier	y:\develop\github\backmir\bmclient\Common\GameRenderObject.h	314	1	BackMirClient
Error	5906	error C2065: 'm_stat' : undeclared identifier	y:\develop\github\backmir\bmclient\Common\GameRenderObject.h	318	1	BackMirClient
Error	5907	error C2065: '_ps' : undeclared identifier	y:\develop\github\backmir\bmclient\Common\GameRenderObject.h	318	1	BackMirClient
Error	5908	error C2065: '_ps' : undeclared identifier	y:\develop\github\backmir\bmclient\Common\GameRenderObject.h	320	1	BackMirClient
Error	5909	error C2065: 'PST_STAND' : undeclared identifier	y:\develop\github\backmir\bmclient\Common\GameRenderObject.h	320	1	BackMirClient
Error	5910	error C2065: '_ps' : undeclared identifier	y:\develop\github\backmir\bmclient\Common\GameRenderObject.h	324	1	BackMirClient
Error	5911	error C2065: 'm_stat' : undeclared identifier	y:\develop\github\backmir\bmclient\Common\GameRenderObject.h	328	1	BackMirClient
Error	5912	error C2065: 'm_preStat' : undeclared identifier	y:\develop\github\backmir\bmclient\Common\GameRenderObject.h	332	1	BackMirClient
Error	5913	error C2065: 'm_sex' : undeclared identifier	y:\develop\github\backmir\bmclient\Common\GameRenderObject.h	356	1	BackMirClient
Error	5914	error C2065: '_ps' : undeclared identifier	y:\develop\github\backmir\bmclient\Common\GameRenderObject.h	356	1	BackMirClient
Error	5915	error C2065: 'm_sex' : undeclared identifier	y:\develop\github\backmir\bmclient\Common\GameRenderObject.h	360	1	BackMirClient
Error	5916	error C2065: 'PST_DEAD' : undeclared identifier	y:\develop\github\backmir\bmclient\Common\GameRenderObject.h	429	1	BackMirClient
Warning	5917	warning C4819: The file contains a character that cannot be represented in the current code page (936). Save the file in Unicode format to prevent data loss	y:\develop\github\backmir\CommonModule\ShareDefine.h	1	1	BackMirClient
Error	5918	error C2365: 'RES_ITEMS' : redefinition; previous definition was 'enumerator'	y:\develop\github\backmir\CommonModule\ShareDefine.h	79	1	BackMirClient
Error	5919	error C2365: 'RES_STATUS' : redefinition; previous definition was 'enumerator'	y:\develop\github\backmir\CommonModule\ShareDefine.h	80	1	BackMirClient
Error	5920	error C2365: 'RES_CUSTOM' : redefinition; previous definition was 'enumerator'	y:\develop\github\backmir\CommonModule\ShareDefine.h	81	1	BackMirClient
Error	5921	error C2365: 'RES_TOTAL' : redefinition; previous definition was 'enumerator'	y:\develop\github\backmir\CommonModule\ShareDefine.h	82	1	BackMirClient
Error	5922	error C2065: 'MEFF_USERTOTAL' : undeclared identifier	y:\develop\github\backmir\bmclient\GameScene\MagicEffect.h	8	1	BackMirClient
Error	5923	error C2061: syntax error : identifier 'PLAYER_STATUS'	y:\develop\github\backmir\bmclient\gamescene\GameOtherPlayer.h	29	1	BackMirClient
Error	5924	error C2061: syntax error : identifier 'MAGICEFFECT_TYPE'	y:\develop\github\backmir\bmclient\gamescene\GameOtherPlayer.h	52	1	BackMirClient
Error	5925	error C2061: syntax error : identifier 'MAGICEFFECT_TYPE'	y:\develop\github\backmir\bmclient\gamescene\GameOtherPlayer.h	53	1	BackMirClient
Error	5926	error C4430: missing type specifier - int assumed. Note: C++ does not support default-int	y:\develop\github\backmir\bmclient\gamescene\GameOtherPlayer.h	157	1	BackMirClient
Error	5927	error C2143: syntax error : missing ',' before '&'	y:\develop\github\backmir\bmclient\gamescene\GameOtherPlayer.h	157	1	BackMirClient
Error	5928	error C4430: missing type specifier - int assumed. Note: C++ does not support default-int	y:\develop\github\backmir\bmclient\gamescene\GameOtherPlayer.h	201	1	BackMirClient
Error	5929	error C2143: syntax error : missing ',' before '&'	y:\develop\github\backmir\bmclient\gamescene\GameOtherPlayer.h	201	1	BackMirClient
Error	5930	error C2535: 'void GameOtherPlayer::DoPacket(const int)' : member function already defined or declared	y:\develop\github\backmir\bmclient\gamescene\GameOtherPlayer.h	201	1	BackMirClient
Error	5931	error C2146: syntax error : missing ';' before identifier 'm_eEffect'	y:\develop\github\backmir\bmclient\gamescene\GameOtherPlayer.h	228	1	BackMirClient
Error	5932	error C4430: missing type specifier - int assumed. Note: C++ does not support default-int	y:\develop\github\backmir\bmclient\gamescene\GameOtherPlayer.h	228	1	BackMirClient
Error	5933	error C2065: 'MAGICEFFECT_TOTAL' : undeclared identifier	y:\develop\github\backmir\bmclient\gamescene\GameOtherPlayer.h	228	1	BackMirClient
Warning	5934	warning C4819: The file contains a character that cannot be represented in the current code page (936). Save the file in Unicode format to prevent data loss	y:\develop\github\backmir\CommonModule\RandGenerator.h	1	1	BackMirClient
Warning	5935	warning C4819: The file contains a character that cannot be represented in the current code page (936). Save the file in Unicode format to prevent data loss	y:\develop\github\backmir\CommonModule\CollDownController.h	1	1	BackMirClient
Error	5936	error C2061: syntax error : identifier 'PLAYER_DIRECTION'	y:\develop\github\backmir\bmclient\gamescene\GamePlayer.h	57	1	BackMirClient
Error	5937	error C2061: syntax error : identifier 'PLAYER_DIRECTION'	y:\develop\github\backmir\bmclient\gamescene\GamePlayer.h	58	1	BackMirClient
Error	5938	error C2143: syntax error : missing ';' before '*'	y:\develop\github\backmir\bmclient\gamescene\GamePlayer.h	73	1	BackMirClient
Error	5939	error C4430: missing type specifier - int assumed. Note: C++ does not support default-int	y:\develop\github\backmir\bmclient\gamescene\GamePlayer.h	73	1	BackMirClient
Error	5940	error C4430: missing type specifier - int assumed. Note: C++ does not support default-int	y:\develop\github\backmir\bmclient\gamescene\GamePlayer.h	74	1	BackMirClient
Warning	5941	warning C4183: 'GetEquip': missing return type; assumed to be a member function returning 'int'	y:\develop\github\backmir\bmclient\gamescene\GamePlayer.h	76	1	BackMirClient
Error	5942	error C2146: syntax error : missing ';' before identifier 'm_equipAttrib'	y:\develop\github\backmir\bmclient\gamescene\GamePlayer.h	350	1	BackMirClient
Error	5943	error C4430: missing type specifier - int assumed. Note: C++ does not support default-int	y:\develop\github\backmir\bmclient\gamescene\GamePlayer.h	350	1	BackMirClient
Error	5944	error C2146: syntax error : missing ';' before identifier 'm_indexs'	y:\develop\github\backmir\bmclient\gamescene\GamePlayer.h	361	1	BackMirClient
Error	5945	error C4430: missing type specifier - int assumed. Note: C++ does not support default-int	y:\develop\github\backmir\bmclient\gamescene\GamePlayer.h	361	1	BackMirClient
Error	5946	error C2065: 'ADD_NORMAL' : undeclared identifier	y:\develop\github\backmir\bmclient\gamescene\GamePlayer.h	182	1	BackMirClient
Error	5947	error C2065: 'ADD_NORMAL' : undeclared identifier	y:\develop\github\backmir\bmclient\gamescene\GamePlayer.h	183	1	BackMirClient
Error	5948	error C2065: 'm_equipAttrib' : undeclared identifier	y:\develop\github\backmir\bmclient\gamescene\GamePlayer.h	75	1	BackMirClient
Error	5949	error C2065: 'PST_NONE' : undeclared identifier	y:\develop\github\backmir\bmclient\gamescene\GamePlayer.h	84	1	BackMirClient
Error	5950	error C2065: 'g_nWanLiTable' : undeclared identifier	y:\develop\github\backmir\bmclient\gamescene\GamePlayer.h	135	1	BackMirClient
Error	5951	error C2146: syntax error : missing ';' before identifier 'm_indexs'	y:\develop\github\backmir\bmclient\gamescene\GameMonster.h	114	1	BackMirClient
Error	5952	error C4430: missing type specifier - int assumed. Note: C++ does not support default-int	y:\develop\github\backmir\bmclient\gamescene\GameMonster.h	114	1	BackMirClient
Error	5953	error C2146: syntax error : missing ';' before identifier 'm_eEndStatus'	y:\develop\github\backmir\bmclient\gamescene\GameMonster.h	812	1	BackMirClient
Error	5954	error C4430: missing type specifier - int assumed. Note: C++ does not support default-int	y:\develop\github\backmir\bmclient\gamescene\GameMonster.h	812	1	BackMirClient
Error	5955	error C2146: syntax error : missing ';' before identifier 'm_xShowItems'	y:\develop\github\backmir\bmclient\GameScene\GameMapManager.h	137	1	BackMirClient
Error	5956	error C4430: missing type specifier - int assumed. Note: C++ does not support default-int	y:\develop\github\backmir\bmclient\GameScene\GameMapManager.h	137	1	BackMirClient
Error	5957	error C2146: syntax error : missing ';' before identifier 'm_xMouseItems'	y:\develop\github\backmir\bmclient\GameScene\GameMapManager.h	138	1	BackMirClient
Error	5958	error C4430: missing type specifier - int assumed. Note: C++ does not support default-int	y:\develop\github\backmir\bmclient\GameScene\GameMapManager.h	138	1	BackMirClient
Error	5959	error C2065: 'm_xMouseItems' : undeclared identifier	y:\develop\github\backmir\bmclient\GameScene\GameMapManager.h	80	1	BackMirClient
Error	5960	error C2228: left of '.push_back' must have class/struct/union	y:\develop\github\backmir\bmclient\GameScene\GameMapManager.h	80	1	BackMirClient
Error	5961	error C1083: Cannot open include file: 'FastDelegateBind.h': No such file or directory	y:\develop\github\backmir\bmclient\GameDialog\GameCommonDlg.h	9	1	BackMirClient
Warning	5962	warning C4819: The file contains a character that cannot be represented in the current code page (936). Save the file in Unicode format to prevent data loss	y:\develop\github\backmir\bmclient\Common\GlobalDefine.h	1	1	BackMirClient
Error	5963	error C2447: '{' : missing function header (old-style formal list?)	y:\develop\github\backmir\bmclient\Common\GlobalDefine.h	91	1	BackMirClient
Error	5964	error C2447: '{' : missing function header (old-style formal list?)	y:\develop\github\backmir\bmclient\Common\GlobalDefine.h	103	1	BackMirClient
Error	5965	error C2447: '{' : missing function header (old-style formal list?)	y:\develop\github\backmir\bmclient\Common\GlobalDefine.h	128	1	BackMirClient
Error	5966	error C2146: syntax error : missing ';' before identifier 'GetAngle'	y:\develop\github\backmir\bmclient\Common\GlobalFunction.h	26	1	BackMirClient
Error	5967	error C4430: missing type specifier - int assumed. Note: C++ does not support default-int	y:\develop\github\backmir\bmclient\Common\GlobalFunction.h	26	1	BackMirClient
Error	5968	error C4430: missing type specifier - int assumed. Note: C++ does not support default-int	y:\develop\github\backmir\bmclient\net\PacketHandler.h	71	1	BackMirClient
Error	5969	error C2143: syntax error : missing ',' before '&'	y:\develop\github\backmir\bmclient\net\PacketHandler.h	71	1	BackMirClient
Warning	5970	warning C4819: The file contains a character that cannot be represented in the current code page (936). Save the file in Unicode format to prevent data loss	y:\develop\github\backmir\CommonModule\MagicEffectID.h	1	1	BackMirClient
Error	5971	error C2061: syntax error : identifier 'PLAYER_DIRECTION'	y:\develop\github\backmir\bmclient\Common\GameRenderObject.h	308	1	BackMirClient
Error	5972	error C2146: syntax error : missing ';' before identifier 'GetDirection'	y:\develop\github\backmir\bmclient\Common\GameRenderObject.h	312	1	BackMirClient
Error	5973	error C2433: 'GameObject::PLAYER_DIRECTION' : 'inline' not permitted on data declarations	y:\develop\github\backmir\bmclient\Common\GameRenderObject.h	312	1	BackMirClient
Error	5974	error C4430: missing type specifier - int assumed. Note: C++ does not support default-int	y:\develop\github\backmir\bmclient\Common\GameRenderObject.h	312	1	BackMirClient
Error	5975	error C4430: missing type specifier - int assumed. Note: C++ does not support default-int	y:\develop\github\backmir\bmclient\Common\GameRenderObject.h	313	1	BackMirClient
Warning	5976	warning C4183: 'GetDirection': missing return type; assumed to be a member function returning 'int'	y:\develop\github\backmir\bmclient\Common\GameRenderObject.h	315	1	BackMirClient
Error	5977	error C2061: syntax error : identifier 'PLAYER_STATUS'	y:\develop\github\backmir\bmclient\Common\GameRenderObject.h	316	1	BackMirClient
Error	5978	error C2146: syntax error : missing ';' before identifier 'GetStatus'	y:\develop\github\backmir\bmclient\Common\GameRenderObject.h	326	1	BackMirClient
Error	5979	error C2433: 'GameObject::PLAYER_STATUS' : 'inline' not permitted on data declarations	y:\develop\github\backmir\bmclient\Common\GameRenderObject.h	326	1	BackMirClient
Error	5980	error C4430: missing type specifier - int assumed. Note: C++ does not support default-int	y:\develop\github\backmir\bmclient\Common\GameRenderObject.h	326	1	BackMirClient
Error	5981	error C4430: missing type specifier - int assumed. Note: C++ does not support default-int	y:\develop\github\backmir\bmclient\Common\GameRenderObject.h	327	1	BackMirClient
Warning	5982	warning C4183: 'GetStatus': missing return type; assumed to be a member function returning 'int'	y:\develop\github\backmir\bmclient\Common\GameRenderObject.h	329	1	BackMirClient
Error	5983	error C2146: syntax error : missing ';' before identifier 'GetPreStatus'	y:\develop\github\backmir\bmclient\Common\GameRenderObject.h	330	1	BackMirClient
Error	5984	error C2433: 'GameObject::PLAYER_STATUS' : 'inline' not permitted on data declarations	y:\develop\github\backmir\bmclient\Common\GameRenderObject.h	330	1	BackMirClient
Error	5985	error C4430: missing type specifier - int assumed. Note: C++ does not support default-int	y:\develop\github\backmir\bmclient\Common\GameRenderObject.h	330	1	BackMirClient
Error	5986	error C4430: missing type specifier - int assumed. Note: C++ does not support default-int	y:\develop\github\backmir\bmclient\Common\GameRenderObject.h	331	1	BackMirClient
Warning	5987	warning C4183: 'GetPreStatus': missing return type; assumed to be a member function returning 'int'	y:\develop\github\backmir\bmclient\Common\GameRenderObject.h	333	1	BackMirClient
Error	5988	error C2061: syntax error : identifier 'PLAYER_SEX'	y:\develop\github\backmir\bmclient\Common\GameRenderObject.h	354	1	BackMirClient
Error	5989	error C2146: syntax error : missing ';' before identifier 'GetPlayerSex'	y:\develop\github\backmir\bmclient\Common\GameRenderObject.h	358	1	BackMirClient
Error	5990	error C2433: 'GameObject::PLAYER_SEX' : 'inline' not permitted on data declarations	y:\develop\github\backmir\bmclient\Common\GameRenderObject.h	358	1	BackMirClient
Error	5991	error C4430: missing type specifier - int assumed. Note: C++ does not support default-int	y:\develop\github\backmir\bmclient\Common\GameRenderObject.h	358	1	BackMirClient
Error	5992	error C4430: missing type specifier - int assumed. Note: C++ does not support default-int	y:\develop\github\backmir\bmclient\Common\GameRenderObject.h	359	1	BackMirClient
Warning	5993	warning C4183: 'GetPlayerSex': missing return type; assumed to be a member function returning 'int'	y:\develop\github\backmir\bmclient\Common\GameRenderObject.h	361	1	BackMirClient
Error	5994	error C4430: missing type specifier - int assumed. Note: C++ does not support default-int	y:\develop\github\backmir\bmclient\Common\GameRenderObject.h	503	1	BackMirClient
Error	5995	error C2143: syntax error : missing ',' before '&'	y:\develop\github\backmir\bmclient\Common\GameRenderObject.h	503	1	BackMirClient
Error	5996	error C4430: missing type specifier - int assumed. Note: C++ does not support default-int	y:\develop\github\backmir\bmclient\Common\GameRenderObject.h	504	1	BackMirClient
Error	5997	error C2143: syntax error : missing ',' before '&'	y:\develop\github\backmir\bmclient\Common\GameRenderObject.h	504	1	BackMirClient
Error	5998	error C2535: 'void GameObject::DoPacket(const int)' : member function already defined or declared	y:\develop\github\backmir\bmclient\Common\GameRenderObject.h	504	1	BackMirClient
Error	5999	error C4430: missing type specifier - int assumed. Note: C++ does not support default-int	y:\develop\github\backmir\bmclient\Common\GameRenderObject.h	505	1	BackMirClient
Error	6000	error C2143: syntax error : missing ',' before '&'	y:\develop\github\backmir\bmclient\Common\GameRenderObject.h	505	1	BackMirClient
Error	6001	error C2535: 'void GameObject::DoPacket(const int)' : member function already defined or declared	y:\develop\github\backmir\bmclient\Common\GameRenderObject.h	505	1	BackMirClient
Error	6002	error C2061: syntax error : identifier 'PLAYER_STATUS'	y:\develop\github\backmir\bmclient\Common\GameRenderObject.h	513	1	BackMirClient
Error	6003	error C2146: syntax error : missing ';' before identifier 'm_drt'	y:\develop\github\backmir\bmclient\Common\GameRenderObject.h	554	1	BackMirClient
Error	6004	error C4430: missing type specifier - int assumed. Note: C++ does not support default-int	y:\develop\github\backmir\bmclient\Common\GameRenderObject.h	554	1	BackMirClient
Error	6005	error C2146: syntax error : missing ';' before identifier 'm_sex'	y:\develop\github\backmir\bmclient\Common\GameRenderObject.h	555	1	BackMirClient
Error	6006	error C4430: missing type specifier - int assumed. Note: C++ does not support default-int	y:\develop\github\backmir\bmclient\Common\GameRenderObject.h	555	1	BackMirClient
Error	6007	error C2146: syntax error : missing ';' before identifier 'm_stat'	y:\develop\github\backmir\bmclient\Common\GameRenderObject.h	556	1	BackMirClient
Error	6008	error C4430: missing type specifier - int assumed. Note: C++ does not support default-int	y:\develop\github\backmir\bmclient\Common\GameRenderObject.h	556	1	BackMirClient
Error	6009	error C2146: syntax error : missing ';' before identifier 'm_preStat'	y:\develop\github\backmir\bmclient\Common\GameRenderObject.h	557	1	BackMirClient
Error	6010	error C4430: missing type specifier - int assumed. Note: C++ does not support default-int	y:\develop\github\backmir\bmclient\Common\GameRenderObject.h	557	1	BackMirClient
Error	6011	error C2065: 'm_drt' : undeclared identifier	y:\develop\github\backmir\bmclient\Common\GameRenderObject.h	253	1	BackMirClient
Error	6012	error C2065: 'PDT_DOWN' : undeclared identifier	y:\develop\github\backmir\bmclient\Common\GameRenderObject.h	253	1	BackMirClient
Error	6013	error C2065: 'm_sex' : undeclared identifier	y:\develop\github\backmir\bmclient\Common\GameRenderObject.h	254	1	BackMirClient
Error	6014	error C2065: 'PSX_MAN' : undeclared identifier	y:\develop\github\backmir\bmclient\Common\GameRenderObject.h	254	1	BackMirClient
Error	6015	error C2065: 'm_preStat' : undeclared identifier	y:\develop\github\backmir\bmclient\Common\GameRenderObject.h	255	1	BackMirClient
Error	6016	error C2065: 'm_stat' : undeclared identifier	y:\develop\github\backmir\bmclient\Common\GameRenderObject.h	255	1	BackMirClient
Error	6017	error C2065: 'PST_STAND' : undeclared identifier	y:\develop\github\backmir\bmclient\Common\GameRenderObject.h	255	1	BackMirClient
Error	6018	error C2065: 'm_drt' : undeclared identifier	y:\develop\github\backmir\bmclient\Common\GameRenderObject.h	310	1	BackMirClient
Error	6019	error C2065: '_pd' : undeclared identifier	y:\develop\github\backmir\bmclient\Common\GameRenderObject.h	310	1	BackMirClient
Error	6020	error C2065: 'm_drt' : undeclared identifier	y:\develop\github\backmir\bmclient\Common\GameRenderObject.h	314	1	BackMirClient
Error	6021	error C2065: 'm_stat' : undeclared identifier	y:\develop\github\backmir\bmclient\Common\GameRenderObject.h	318	1	BackMirClient
Error	6022	error C2065: '_ps' : undeclared identifier	y:\develop\github\backmir\bmclient\Common\GameRenderObject.h	318	1	BackMirClient
Error	6023	error C2065: '_ps' : undeclared identifier	y:\develop\github\backmir\bmclient\Common\GameRenderObject.h	320	1	BackMirClient
Error	6024	error C2065: 'PST_STAND' : undeclared identifier	y:\develop\github\backmir\bmclient\Common\GameRenderObject.h	320	1	BackMirClient
Error	6025	error C2065: '_ps' : undeclared identifier	y:\develop\github\backmir\bmclient\Common\GameRenderObject.h	324	1	BackMirClient
Error	6026	error C2065: 'm_stat' : undeclared identifier	y:\develop\github\backmir\bmclient\Common\GameRenderObject.h	328	1	BackMirClient
Error	6027	error C2065: 'm_preStat' : undeclared identifier	y:\develop\github\backmir\bmclient\Common\GameRenderObject.h	332	1	BackMirClient
Error	6028	error C2065: 'm_sex' : undeclared identifier	y:\develop\github\backmir\bmclient\Common\GameRenderObject.h	356	1	BackMirClient
Error	6029	error C2065: '_ps' : undeclared identifier	y:\develop\github\backmir\bmclient\Common\GameRenderObject.h	356	1	BackMirClient
Error	6030	error C2065: 'm_sex' : undeclared identifier	y:\develop\github\backmir\bmclient\Common\GameRenderObject.h	360	1	BackMirClient
Error	6031	error C2065: 'PST_DEAD' : undeclared identifier	y:\develop\github\backmir\bmclient\Common\GameRenderObject.h	429	1	BackMirClient
Warning	6032	warning C4819: The file contains a character that cannot be represented in the current code page (936). Save the file in Unicode format to prevent data loss	y:\develop\github\backmir\CommonModule\ShareDefine.h	1	1	BackMirClient
Error	6033	error C2365: 'RES_ITEMS' : redefinition; previous definition was 'enumerator'	y:\develop\github\backmir\CommonModule\ShareDefine.h	79	1	BackMirClient
Error	6034	error C2365: 'RES_STATUS' : redefinition; previous definition was 'enumerator'	y:\develop\github\backmir\CommonModule\ShareDefine.h	80	1	BackMirClient
Error	6035	error C2365: 'RES_CUSTOM' : redefinition; previous definition was 'enumerator'	y:\develop\github\backmir\CommonModule\ShareDefine.h	81	1	BackMirClient
Error	6036	error C2365: 'RES_TOTAL' : redefinition; previous definition was 'enumerator'	y:\develop\github\backmir\CommonModule\ShareDefine.h	82	1	BackMirClient
Error	6037	error C2065: 'MEFF_USERTOTAL' : undeclared identifier	y:\develop\github\backmir\bmclient\GameScene\MagicEffect.h	8	1	BackMirClient
Error	6038	error C2061: syntax error : identifier 'PLAYER_STATUS'	y:\develop\github\backmir\bmclient\gamescene\GameOtherPlayer.h	29	1	BackMirClient
Error	6039	error C2061: syntax error : identifier 'MAGICEFFECT_TYPE'	y:\develop\github\backmir\bmclient\gamescene\GameOtherPlayer.h	52	1	BackMirClient
Error	6040	error C2061: syntax error : identifier 'MAGICEFFECT_TYPE'	y:\develop\github\backmir\bmclient\gamescene\GameOtherPlayer.h	53	1	BackMirClient
Error	6041	error C4430: missing type specifier - int assumed. Note: C++ does not support default-int	y:\develop\github\backmir\bmclient\gamescene\GameOtherPlayer.h	157	1	BackMirClient
Error	6042	error C2143: syntax error : missing ',' before '&'	y:\develop\github\backmir\bmclient\gamescene\GameOtherPlayer.h	157	1	BackMirClient
Error	6043	error C4430: missing type specifier - int assumed. Note: C++ does not support default-int	y:\develop\github\backmir\bmclient\gamescene\GameOtherPlayer.h	201	1	BackMirClient
Error	6044	error C2143: syntax error : missing ',' before '&'	y:\develop\github\backmir\bmclient\gamescene\GameOtherPlayer.h	201	1	BackMirClient
Error	6045	error C2535: 'void GameOtherPlayer::DoPacket(const int)' : member function already defined or declared	y:\develop\github\backmir\bmclient\gamescene\GameOtherPlayer.h	201	1	BackMirClient
Error	6046	error C2146: syntax error : missing ';' before identifier 'm_eEffect'	y:\develop\github\backmir\bmclient\gamescene\GameOtherPlayer.h	228	1	BackMirClient
Error	6047	error C4430: missing type specifier - int assumed. Note: C++ does not support default-int	y:\develop\github\backmir\bmclient\gamescene\GameOtherPlayer.h	228	1	BackMirClient
Error	6048	error C2065: 'MAGICEFFECT_TOTAL' : undeclared identifier	y:\develop\github\backmir\bmclient\gamescene\GameOtherPlayer.h	228	1	BackMirClient
Warning	6049	warning C4819: The file contains a character that cannot be represented in the current code page (936). Save the file in Unicode format to prevent data loss	y:\develop\github\backmir\CommonModule\RandGenerator.h	1	1	BackMirClient
Warning	6050	warning C4819: The file contains a character that cannot be represented in the current code page (936). Save the file in Unicode format to prevent data loss	y:\develop\github\backmir\CommonModule\CollDownController.h	1	1	BackMirClient
Error	6051	error C2061: syntax error : identifier 'PLAYER_DIRECTION'	y:\develop\github\backmir\bmclient\gamescene\GamePlayer.h	57	1	BackMirClient
Error	6052	error C2061: syntax error : identifier 'PLAYER_DIRECTION'	y:\develop\github\backmir\bmclient\gamescene\GamePlayer.h	58	1	BackMirClient
Error	6053	error C2143: syntax error : missing ';' before '*'	y:\develop\github\backmir\bmclient\gamescene\GamePlayer.h	73	1	BackMirClient
Error	6054	error C4430: missing type specifier - int assumed. Note: C++ does not support default-int	y:\develop\github\backmir\bmclient\gamescene\GamePlayer.h	73	1	BackMirClient
Error	6055	error C4430: missing type specifier - int assumed. Note: C++ does not support default-int	y:\develop\github\backmir\bmclient\gamescene\GamePlayer.h	74	1	BackMirClient
Warning	6056	warning C4183: 'GetEquip': missing return type; assumed to be a member function returning 'int'	y:\develop\github\backmir\bmclient\gamescene\GamePlayer.h	76	1	BackMirClient
Error	6057	error C2146: syntax error : missing ';' before identifier 'm_equipAttrib'	y:\develop\github\backmir\bmclient\gamescene\GamePlayer.h	350	1	BackMirClient
Error	6058	error C4430: missing type specifier - int assumed. Note: C++ does not support default-int	y:\develop\github\backmir\bmclient\gamescene\GamePlayer.h	350	1	BackMirClient
Error	6059	error C2146: syntax error : missing ';' before identifier 'm_indexs'	y:\develop\github\backmir\bmclient\gamescene\GamePlayer.h	361	1	BackMirClient
Error	6060	error C4430: missing type specifier - int assumed. Note: C++ does not support default-int	y:\develop\github\backmir\bmclient\gamescene\GamePlayer.h	361	1	BackMirClient
Error	6061	error C2065: 'ADD_NORMAL' : undeclared identifier	y:\develop\github\backmir\bmclient\gamescene\GamePlayer.h	182	1	BackMirClient
Error	6062	error C2065: 'ADD_NORMAL' : undeclared identifier	y:\develop\github\backmir\bmclient\gamescene\GamePlayer.h	183	1	BackMirClient
Error	6063	error C2065: 'm_equipAttrib' : undeclared identifier	y:\develop\github\backmir\bmclient\gamescene\GamePlayer.h	75	1	BackMirClient
Error	6064	error C2065: 'PST_NONE' : undeclared identifier	y:\develop\github\backmir\bmclient\gamescene\GamePlayer.h	84	1	BackMirClient
Error	6065	error C2065: 'g_nWanLiTable' : undeclared identifier	y:\develop\github\backmir\bmclient\gamescene\GamePlayer.h	135	1	BackMirClient
Error	6066	error C2146: syntax error : missing ';' before identifier 'm_indexs'	y:\develop\github\backmir\bmclient\gamescene\GameMonster.h	114	1	BackMirClient
Error	6067	error C4430: missing type specifier - int assumed. Note: C++ does not support default-int	y:\develop\github\backmir\bmclient\gamescene\GameMonster.h	114	1	BackMirClient
Error	6068	error C2146: syntax error : missing ';' before identifier 'm_eEndStatus'	y:\develop\github\backmir\bmclient\gamescene\GameMonster.h	812	1	BackMirClient
Error	6069	error C4430: missing type specifier - int assumed. Note: C++ does not support default-int	y:\develop\github\backmir\bmclient\gamescene\GameMonster.h	812	1	BackMirClient
Error	6070	error C2146: syntax error : missing ';' before identifier 'm_xShowItems'	y:\develop\github\backmir\bmclient\GameScene\GameMapManager.h	137	1	BackMirClient
Error	6071	error C4430: missing type specifier - int assumed. Note: C++ does not support default-int	y:\develop\github\backmir\bmclient\GameScene\GameMapManager.h	137	1	BackMirClient
Error	6072	error C2146: syntax error : missing ';' before identifier 'm_xMouseItems'	y:\develop\github\backmir\bmclient\GameScene\GameMapManager.h	138	1	BackMirClient
Error	6073	error C4430: missing type specifier - int assumed. Note: C++ does not support default-int	y:\develop\github\backmir\bmclient\GameScene\GameMapManager.h	138	1	BackMirClient
Error	6074	error C2065: 'm_xMouseItems' : undeclared identifier	y:\develop\github\backmir\bmclient\GameScene\GameMapManager.h	80	1	BackMirClient
Error	6075	error C2228: left of '.push_back' must have class/struct/union	y:\develop\github\backmir\bmclient\GameScene\GameMapManager.h	80	1	BackMirClient
Error	6076	error C1083: Cannot open include file: 'FastDelegateBind.h': No such file or directory	y:\develop\github\backmir\bmclient\GameDialog\GameCommonDlg.h	9	1	BackMirClient
Warning	6077	warning C4819: The file contains a character that cannot be represented in the current code page (936). Save the file in Unicode format to prevent data loss	y:\develop\github\backmir\bmclient\Common\GlobalDefine.h	1	1	BackMirClient
Error	6078	error C2447: '{' : missing function header (old-style formal list?)	y:\develop\github\backmir\bmclient\Common\GlobalDefine.h	91	1	BackMirClient
Error	6079	error C2447: '{' : missing function header (old-style formal list?)	y:\develop\github\backmir\bmclient\Common\GlobalDefine.h	103	1	BackMirClient
Error	6080	error C2447: '{' : missing function header (old-style formal list?)	y:\develop\github\backmir\bmclient\Common\GlobalDefine.h	128	1	BackMirClient
Error	6081	error C2146: syntax error : missing ';' before identifier 'GetAngle'	y:\develop\github\backmir\bmclient\Common\GlobalFunction.h	26	1	BackMirClient
Error	6082	error C4430: missing type specifier - int assumed. Note: C++ does not support default-int	y:\develop\github\backmir\bmclient\Common\GlobalFunction.h	26	1	BackMirClient
Error	6083	error C4430: missing type specifier - int assumed. Note: C++ does not support default-int	y:\develop\github\backmir\bmclient\net\PacketHandler.h	71	1	BackMirClient
Error	6084	error C2143: syntax error : missing ',' before '&'	y:\develop\github\backmir\bmclient\net\PacketHandler.h	71	1	BackMirClient
Warning	6085	warning C4819: The file contains a character that cannot be represented in the current code page (936). Save the file in Unicode format to prevent data loss	y:\develop\github\backmir\CommonModule\MagicEffectID.h	1	1	BackMirClient
Error	6086	error C2061: syntax error : identifier 'PLAYER_DIRECTION'	y:\develop\github\backmir\bmclient\Common\GameRenderObject.h	308	1	BackMirClient
Error	6087	error C2146: syntax error : missing ';' before identifier 'GetDirection'	y:\develop\github\backmir\bmclient\Common\GameRenderObject.h	312	1	BackMirClient
Error	6088	error C2433: 'GameObject::PLAYER_DIRECTION' : 'inline' not permitted on data declarations	y:\develop\github\backmir\bmclient\Common\GameRenderObject.h	312	1	BackMirClient
Error	6089	error C4430: missing type specifier - int assumed. Note: C++ does not support default-int	y:\develop\github\backmir\bmclient\Common\GameRenderObject.h	312	1	BackMirClient
Error	6090	error C4430: missing type specifier - int assumed. Note: C++ does not support default-int	y:\develop\github\backmir\bmclient\Common\GameRenderObject.h	313	1	BackMirClient
Warning	6091	warning C4183: 'GetDirection': missing return type; assumed to be a member function returning 'int'	y:\develop\github\backmir\bmclient\Common\GameRenderObject.h	315	1	BackMirClient
Error	6092	error C2061: syntax error : identifier 'PLAYER_STATUS'	y:\develop\github\backmir\bmclient\Common\GameRenderObject.h	316	1	BackMirClient
Error	6093	error C2146: syntax error : missing ';' before identifier 'GetStatus'	y:\develop\github\backmir\bmclient\Common\GameRenderObject.h	326	1	BackMirClient
Error	6094	error C2433: 'GameObject::PLAYER_STATUS' : 'inline' not permitted on data declarations	y:\develop\github\backmir\bmclient\Common\GameRenderObject.h	326	1	BackMirClient
Error	6095	error C4430: missing type specifier - int assumed. Note: C++ does not support default-int	y:\develop\github\backmir\bmclient\Common\GameRenderObject.h	326	1	BackMirClient
Error	6096	error C4430: missing type specifier - int assumed. Note: C++ does not support default-int	y:\develop\github\backmir\bmclient\Common\GameRenderObject.h	327	1	BackMirClient
Warning	6097	warning C4183: 'GetStatus': missing return type; assumed to be a member function returning 'int'	y:\develop\github\backmir\bmclient\Common\GameRenderObject.h	329	1	BackMirClient
Error	6098	error C2146: syntax error : missing ';' before identifier 'GetPreStatus'	y:\develop\github\backmir\bmclient\Common\GameRenderObject.h	330	1	BackMirClient
Error	6099	error C2433: 'GameObject::PLAYER_STATUS' : 'inline' not permitted on data declarations	y:\develop\github\backmir\bmclient\Common\GameRenderObject.h	330	1	BackMirClient
Error	6100	error C4430: missing type specifier - int assumed. Note: C++ does not support default-int	y:\develop\github\backmir\bmclient\Common\GameRenderObject.h	330	1	BackMirClient
Error	6101	error C4430: missing type specifier - int assumed. Note: C++ does not support default-int	y:\develop\github\backmir\bmclient\Common\GameRenderObject.h	331	1	BackMirClient
Warning	6102	warning C4183: 'GetPreStatus': missing return type; assumed to be a member function returning 'int'	y:\develop\github\backmir\bmclient\Common\GameRenderObject.h	333	1	BackMirClient
Error	6103	error C2061: syntax error : identifier 'PLAYER_SEX'	y:\develop\github\backmir\bmclient\Common\GameRenderObject.h	354	1	BackMirClient
Error	6104	error C2146: syntax error : missing ';' before identifier 'GetPlayerSex'	y:\develop\github\backmir\bmclient\Common\GameRenderObject.h	358	1	BackMirClient
Error	6105	error C2433: 'GameObject::PLAYER_SEX' : 'inline' not permitted on data declarations	y:\develop\github\backmir\bmclient\Common\GameRenderObject.h	358	1	BackMirClient
Error	6106	error C4430: missing type specifier - int assumed. Note: C++ does not support default-int	y:\develop\github\backmir\bmclient\Common\GameRenderObject.h	358	1	BackMirClient
Error	6107	error C4430: missing type specifier - int assumed. Note: C++ does not support default-int	y:\develop\github\backmir\bmclient\Common\GameRenderObject.h	359	1	BackMirClient
Warning	6108	warning C4183: 'GetPlayerSex': missing return type; assumed to be a member function returning 'int'	y:\develop\github\backmir\bmclient\Common\GameRenderObject.h	361	1	BackMirClient
Error	6109	error C4430: missing type specifier - int assumed. Note: C++ does not support default-int	y:\develop\github\backmir\bmclient\Common\GameRenderObject.h	503	1	BackMirClient
Error	6110	error C2143: syntax error : missing ',' before '&'	y:\develop\github\backmir\bmclient\Common\GameRenderObject.h	503	1	BackMirClient
Error	6111	error C4430: missing type specifier - int assumed. Note: C++ does not support default-int	y:\develop\github\backmir\bmclient\Common\GameRenderObject.h	504	1	BackMirClient
Error	6112	error C2143: syntax error : missing ',' before '&'	y:\develop\github\backmir\bmclient\Common\GameRenderObject.h	504	1	BackMirClient
Error	6113	error C2535: 'void GameObject::DoPacket(const int)' : member function already defined or declared	y:\develop\github\backmir\bmclient\Common\GameRenderObject.h	504	1	BackMirClient
Error	6114	error C4430: missing type specifier - int assumed. Note: C++ does not support default-int	y:\develop\github\backmir\bmclient\Common\GameRenderObject.h	505	1	BackMirClient
Error	6115	error C2143: syntax error : missing ',' before '&'	y:\develop\github\backmir\bmclient\Common\GameRenderObject.h	505	1	BackMirClient
Error	6116	error C2535: 'void GameObject::DoPacket(const int)' : member function already defined or declared	y:\develop\github\backmir\bmclient\Common\GameRenderObject.h	505	1	BackMirClient
Error	6117	error C2061: syntax error : identifier 'PLAYER_STATUS'	y:\develop\github\backmir\bmclient\Common\GameRenderObject.h	513	1	BackMirClient
Error	6118	error C2146: syntax error : missing ';' before identifier 'm_drt'	y:\develop\github\backmir\bmclient\Common\GameRenderObject.h	554	1	BackMirClient
Error	6119	error C4430: missing type specifier - int assumed. Note: C++ does not support default-int	y:\develop\github\backmir\bmclient\Common\GameRenderObject.h	554	1	BackMirClient
Error	6120	error C2146: syntax error : missing ';' before identifier 'm_sex'	y:\develop\github\backmir\bmclient\Common\GameRenderObject.h	555	1	BackMirClient
Error	6121	error C4430: missing type specifier - int assumed. Note: C++ does not support default-int	y:\develop\github\backmir\bmclient\Common\GameRenderObject.h	555	1	BackMirClient
Error	6122	error C2146: syntax error : missing ';' before identifier 'm_stat'	y:\develop\github\backmir\bmclient\Common\GameRenderObject.h	556	1	BackMirClient
Error	6123	error C4430: missing type specifier - int assumed. Note: C++ does not support default-int	y:\develop\github\backmir\bmclient\Common\GameRenderObject.h	556	1	BackMirClient
Error	6124	error C2146: syntax error : missing ';' before identifier 'm_preStat'	y:\develop\github\backmir\bmclient\Common\GameRenderObject.h	557	1	BackMirClient
Error	6125	error C4430: missing type specifier - int assumed. Note: C++ does not support default-int	y:\develop\github\backmir\bmclient\Common\GameRenderObject.h	557	1	BackMirClient
Error	6126	error C2065: 'm_drt' : undeclared identifier	y:\develop\github\backmir\bmclient\Common\GameRenderObject.h	253	1	BackMirClient
Error	6127	error C2065: 'PDT_DOWN' : undeclared identifier	y:\develop\github\backmir\bmclient\Common\GameRenderObject.h	253	1	BackMirClient
Error	6128	error C2065: 'm_sex' : undeclared identifier	y:\develop\github\backmir\bmclient\Common\GameRenderObject.h	254	1	BackMirClient
Error	6129	error C2065: 'PSX_MAN' : undeclared identifier	y:\develop\github\backmir\bmclient\Common\GameRenderObject.h	254	1	BackMirClient
Error	6130	error C2065: 'm_preStat' : undeclared identifier	y:\develop\github\backmir\bmclient\Common\GameRenderObject.h	255	1	BackMirClient
Error	6131	error C2065: 'm_stat' : undeclared identifier	y:\develop\github\backmir\bmclient\Common\GameRenderObject.h	255	1	BackMirClient
Error	6132	error C2065: 'PST_STAND' : undeclared identifier	y:\develop\github\backmir\bmclient\Common\GameRenderObject.h	255	1	BackMirClient
Error	6133	error C2065: 'm_drt' : undeclared identifier	y:\develop\github\backmir\bmclient\Common\GameRenderObject.h	310	1	BackMirClient
Error	6134	error C2065: '_pd' : undeclared identifier	y:\develop\github\backmir\bmclient\Common\GameRenderObject.h	310	1	BackMirClient
Error	6135	error C2065: 'm_drt' : undeclared identifier	y:\develop\github\backmir\bmclient\Common\GameRenderObject.h	314	1	BackMirClient
Error	6136	error C2065: 'm_stat' : undeclared identifier	y:\develop\github\backmir\bmclient\Common\GameRenderObject.h	318	1	BackMirClient
Error	6137	error C2065: '_ps' : undeclared identifier	y:\develop\github\backmir\bmclient\Common\GameRenderObject.h	318	1	BackMirClient
Error	6138	error C2065: '_ps' : undeclared identifier	y:\develop\github\backmir\bmclient\Common\GameRenderObject.h	320	1	BackMirClient
Error	6139	error C2065: 'PST_STAND' : undeclared identifier	y:\develop\github\backmir\bmclient\Common\GameRenderObject.h	320	1	BackMirClient
Error	6140	error C2065: '_ps' : undeclared identifier	y:\develop\github\backmir\bmclient\Common\GameRenderObject.h	324	1	BackMirClient
Error	6141	error C2065: 'm_stat' : undeclared identifier	y:\develop\github\backmir\bmclient\Common\GameRenderObject.h	328	1	BackMirClient
Error	6142	error C2065: 'm_preStat' : undeclared identifier	y:\develop\github\backmir\bmclient\Common\GameRenderObject.h	332	1	BackMirClient
Error	6143	error C2065: 'm_sex' : undeclared identifier	y:\develop\github\backmir\bmclient\Common\GameRenderObject.h	356	1	BackMirClient
Error	6144	error C2065: '_ps' : undeclared identifier	y:\develop\github\backmir\bmclient\Common\GameRenderObject.h	356	1	BackMirClient
Error	6145	error C2065: 'm_sex' : undeclared identifier	y:\develop\github\backmir\bmclient\Common\GameRenderObject.h	360	1	BackMirClient
Error	6146	error C2065: 'PST_DEAD' : undeclared identifier	y:\develop\github\backmir\bmclient\Common\GameRenderObject.h	429	1	BackMirClient
Warning	6147	warning C4819: The file contains a character that cannot be represented in the current code page (936). Save the file in Unicode format to prevent data loss	y:\develop\github\backmir\CommonModule\ShareDefine.h	1	1	BackMirClient
Error	6148	error C2365: 'RES_ITEMS' : redefinition; previous definition was 'enumerator'	y:\develop\github\backmir\CommonModule\ShareDefine.h	79	1	BackMirClient
Error	6149	error C2365: 'RES_STATUS' : redefinition; previous definition was 'enumerator'	y:\develop\github\backmir\CommonModule\ShareDefine.h	80	1	BackMirClient
Error	6150	error C2365: 'RES_CUSTOM' : redefinition; previous definition was 'enumerator'	y:\develop\github\backmir\CommonModule\ShareDefine.h	81	1	BackMirClient
Error	6151	error C2365: 'RES_TOTAL' : redefinition; previous definition was 'enumerator'	y:\develop\github\backmir\CommonModule\ShareDefine.h	82	1	BackMirClient
Error	6152	error C2065: 'MEFF_USERTOTAL' : undeclared identifier	y:\develop\github\backmir\bmclient\GameScene\MagicEffect.h	8	1	BackMirClient
Error	6153	error C2061: syntax error : identifier 'PLAYER_STATUS'	y:\develop\github\backmir\bmclient\gamescene\GameOtherPlayer.h	29	1	BackMirClient
Error	6154	error C2061: syntax error : identifier 'MAGICEFFECT_TYPE'	y:\develop\github\backmir\bmclient\gamescene\GameOtherPlayer.h	52	1	BackMirClient
Error	6155	error C2061: syntax error : identifier 'MAGICEFFECT_TYPE'	y:\develop\github\backmir\bmclient\gamescene\GameOtherPlayer.h	53	1	BackMirClient
Error	6156	error C4430: missing type specifier - int assumed. Note: C++ does not support default-int	y:\develop\github\backmir\bmclient\gamescene\GameOtherPlayer.h	157	1	BackMirClient
Error	6157	error C2143: syntax error : missing ',' before '&'	y:\develop\github\backmir\bmclient\gamescene\GameOtherPlayer.h	157	1	BackMirClient
Error	6158	error C4430: missing type specifier - int assumed. Note: C++ does not support default-int	y:\develop\github\backmir\bmclient\gamescene\GameOtherPlayer.h	201	1	BackMirClient
Error	6159	error C2143: syntax error : missing ',' before '&'	y:\develop\github\backmir\bmclient\gamescene\GameOtherPlayer.h	201	1	BackMirClient
Error	6160	error C2535: 'void GameOtherPlayer::DoPacket(const int)' : member function already defined or declared	y:\develop\github\backmir\bmclient\gamescene\GameOtherPlayer.h	201	1	BackMirClient
Error	6161	error C2146: syntax error : missing ';' before identifier 'm_eEffect'	y:\develop\github\backmir\bmclient\gamescene\GameOtherPlayer.h	228	1	BackMirClient
Error	6162	error C4430: missing type specifier - int assumed. Note: C++ does not support default-int	y:\develop\github\backmir\bmclient\gamescene\GameOtherPlayer.h	228	1	BackMirClient
Error	6163	error C2065: 'MAGICEFFECT_TOTAL' : undeclared identifier	y:\develop\github\backmir\bmclient\gamescene\GameOtherPlayer.h	228	1	BackMirClient
Warning	6164	warning C4819: The file contains a character that cannot be represented in the current code page (936). Save the file in Unicode format to prevent data loss	y:\develop\github\backmir\CommonModule\RandGenerator.h	1	1	BackMirClient
Warning	6165	warning C4819: The file contains a character that cannot be represented in the current code page (936). Save the file in Unicode format to prevent data loss	y:\develop\github\backmir\CommonModule\CollDownController.h	1	1	BackMirClient
Error	6166	error C2061: syntax error : identifier 'PLAYER_DIRECTION'	y:\develop\github\backmir\bmclient\gamescene\GamePlayer.h	57	1	BackMirClient
Error	6167	error C2061: syntax error : identifier 'PLAYER_DIRECTION'	y:\develop\github\backmir\bmclient\gamescene\GamePlayer.h	58	1	BackMirClient
Error	6168	error C2143: syntax error : missing ';' before '*'	y:\develop\github\backmir\bmclient\gamescene\GamePlayer.h	73	1	BackMirClient
Error	6169	error C4430: missing type specifier - int assumed. Note: C++ does not support default-int	y:\develop\github\backmir\bmclient\gamescene\GamePlayer.h	73	1	BackMirClient
Error	6170	error C4430: missing type specifier - int assumed. Note: C++ does not support default-int	y:\develop\github\backmir\bmclient\gamescene\GamePlayer.h	74	1	BackMirClient
Warning	6171	warning C4183: 'GetEquip': missing return type; assumed to be a member function returning 'int'	y:\develop\github\backmir\bmclient\gamescene\GamePlayer.h	76	1	BackMirClient
Error	6172	error C2146: syntax error : missing ';' before identifier 'm_equipAttrib'	y:\develop\github\backmir\bmclient\gamescene\GamePlayer.h	350	1	BackMirClient
Error	6173	error C4430: missing type specifier - int assumed. Note: C++ does not support default-int	y:\develop\github\backmir\bmclient\gamescene\GamePlayer.h	350	1	BackMirClient
Error	6174	error C2146: syntax error : missing ';' before identifier 'm_indexs'	y:\develop\github\backmir\bmclient\gamescene\GamePlayer.h	361	1	BackMirClient
Error	6175	error C4430: missing type specifier - int assumed. Note: C++ does not support default-int	y:\develop\github\backmir\bmclient\gamescene\GamePlayer.h	361	1	BackMirClient
Error	6176	error C2065: 'ADD_NORMAL' : undeclared identifier	y:\develop\github\backmir\bmclient\gamescene\GamePlayer.h	182	1	BackMirClient
Error	6177	error C2065: 'ADD_NORMAL' : undeclared identifier	y:\develop\github\backmir\bmclient\gamescene\GamePlayer.h	183	1	BackMirClient
Error	6178	error C2065: 'm_equipAttrib' : undeclared identifier	y:\develop\github\backmir\bmclient\gamescene\GamePlayer.h	75	1	BackMirClient
Error	6179	error C2065: 'PST_NONE' : undeclared identifier	y:\develop\github\backmir\bmclient\gamescene\GamePlayer.h	84	1	BackMirClient
Error	6180	error C2065: 'g_nWanLiTable' : undeclared identifier	y:\develop\github\backmir\bmclient\gamescene\GamePlayer.h	135	1	BackMirClient
Error	6181	error C2146: syntax error : missing ';' before identifier 'm_indexs'	y:\develop\github\backmir\bmclient\gamescene\GameMonster.h	114	1	BackMirClient
Error	6182	error C4430: missing type specifier - int assumed. Note: C++ does not support default-int	y:\develop\github\backmir\bmclient\gamescene\GameMonster.h	114	1	BackMirClient
Error	6183	error C2146: syntax error : missing ';' before identifier 'm_eEndStatus'	y:\develop\github\backmir\bmclient\gamescene\GameMonster.h	812	1	BackMirClient
Error	6184	error C4430: missing type specifier - int assumed. Note: C++ does not support default-int	y:\develop\github\backmir\bmclient\gamescene\GameMonster.h	812	1	BackMirClient
Error	6185	error C2146: syntax error : missing ';' before identifier 'm_xShowItems'	y:\develop\github\backmir\bmclient\gamescene\GameMapManager.h	137	1	BackMirClient
Error	6186	error C4430: missing type specifier - int assumed. Note: C++ does not support default-int	y:\develop\github\backmir\bmclient\gamescene\GameMapManager.h	137	1	BackMirClient
Error	6187	error C2146: syntax error : missing ';' before identifier 'm_xMouseItems'	y:\develop\github\backmir\bmclient\gamescene\GameMapManager.h	138	1	BackMirClient
Error	6188	error C4430: missing type specifier - int assumed. Note: C++ does not support default-int	y:\develop\github\backmir\bmclient\gamescene\GameMapManager.h	138	1	BackMirClient
Error	6189	error C2065: 'm_xMouseItems' : undeclared identifier	y:\develop\github\backmir\bmclient\gamescene\GameMapManager.h	80	1	BackMirClient
Error	6190	error C2228: left of '.push_back' must have class/struct/union	y:\develop\github\backmir\bmclient\gamescene\GameMapManager.h	80	1	BackMirClient
Error	6191	error C1083: Cannot open include file: 'FastDelegateBind.h': No such file or directory	y:\develop\github\backmir\bmclient\GameDialog\GameCommonDlg.h	9	1	BackMirClient
Warning	6192	warning C4819: The file contains a character that cannot be represented in the current code page (936). Save the file in Unicode format to prevent data loss	y:\develop\github\backmir\bmclient\Common\GlobalDefine.h	1	1	BackMirClient
Error	6193	error C2447: '{' : missing function header (old-style formal list?)	y:\develop\github\backmir\bmclient\Common\GlobalDefine.h	91	1	BackMirClient
Error	6194	error C2447: '{' : missing function header (old-style formal list?)	y:\develop\github\backmir\bmclient\Common\GlobalDefine.h	103	1	BackMirClient
Error	6195	error C2447: '{' : missing function header (old-style formal list?)	y:\develop\github\backmir\bmclient\Common\GlobalDefine.h	128	1	BackMirClient
Error	6196	error C2146: syntax error : missing ';' before identifier 'GetAngle'	y:\develop\github\backmir\bmclient\Common\GlobalFunction.h	26	1	BackMirClient
Error	6197	error C4430: missing type specifier - int assumed. Note: C++ does not support default-int	y:\develop\github\backmir\bmclient\Common\GlobalFunction.h	26	1	BackMirClient
Error	6198	error C4430: missing type specifier - int assumed. Note: C++ does not support default-int	y:\develop\github\backmir\bmclient\net\PacketHandler.h	71	1	BackMirClient
Error	6199	error C2143: syntax error : missing ',' before '&'	y:\develop\github\backmir\bmclient\net\PacketHandler.h	71	1	BackMirClient
Warning	6200	warning C4819: The file contains a character that cannot be represented in the current code page (936). Save the file in Unicode format to prevent data loss	y:\develop\github\backmir\CommonModule\MagicEffectID.h	1	1	BackMirClient
Error	6201	error C2061: syntax error : identifier 'PLAYER_DIRECTION'	y:\develop\github\backmir\bmclient\Common\GameRenderObject.h	308	1	BackMirClient
Error	6202	error C2146: syntax error : missing ';' before identifier 'GetDirection'	y:\develop\github\backmir\bmclient\Common\GameRenderObject.h	312	1	BackMirClient
Error	6203	error C2433: 'GameObject::PLAYER_DIRECTION' : 'inline' not permitted on data declarations	y:\develop\github\backmir\bmclient\Common\GameRenderObject.h	312	1	BackMirClient
Error	6204	error C4430: missing type specifier - int assumed. Note: C++ does not support default-int	y:\develop\github\backmir\bmclient\Common\GameRenderObject.h	312	1	BackMirClient
Error	6205	error C4430: missing type specifier - int assumed. Note: C++ does not support default-int	y:\develop\github\backmir\bmclient\Common\GameRenderObject.h	313	1	BackMirClient
Warning	6206	warning C4183: 'GetDirection': missing return type; assumed to be a member function returning 'int'	y:\develop\github\backmir\bmclient\Common\GameRenderObject.h	315	1	BackMirClient
Error	6207	error C2061: syntax error : identifier 'PLAYER_STATUS'	y:\develop\github\backmir\bmclient\Common\GameRenderObject.h	316	1	BackMirClient
Error	6208	error C2146: syntax error : missing ';' before identifier 'GetStatus'	y:\develop\github\backmir\bmclient\Common\GameRenderObject.h	326	1	BackMirClient
Error	6209	error C2433: 'GameObject::PLAYER_STATUS' : 'inline' not permitted on data declarations	y:\develop\github\backmir\bmclient\Common\GameRenderObject.h	326	1	BackMirClient
Error	6210	error C4430: missing type specifier - int assumed. Note: C++ does not support default-int	y:\develop\github\backmir\bmclient\Common\GameRenderObject.h	326	1	BackMirClient
Error	6211	error C4430: missing type specifier - int assumed. Note: C++ does not support default-int	y:\develop\github\backmir\bmclient\Common\GameRenderObject.h	327	1	BackMirClient
Warning	6212	warning C4183: 'GetStatus': missing return type; assumed to be a member function returning 'int'	y:\develop\github\backmir\bmclient\Common\GameRenderObject.h	329	1	BackMirClient
Error	6213	error C2146: syntax error : missing ';' before identifier 'GetPreStatus'	y:\develop\github\backmir\bmclient\Common\GameRenderObject.h	330	1	BackMirClient
Error	6214	error C2433: 'GameObject::PLAYER_STATUS' : 'inline' not permitted on data declarations	y:\develop\github\backmir\bmclient\Common\GameRenderObject.h	330	1	BackMirClient
Error	6215	error C4430: missing type specifier - int assumed. Note: C++ does not support default-int	y:\develop\github\backmir\bmclient\Common\GameRenderObject.h	330	1	BackMirClient
Error	6216	error C4430: missing type specifier - int assumed. Note: C++ does not support default-int	y:\develop\github\backmir\bmclient\Common\GameRenderObject.h	331	1	BackMirClient
Warning	6217	warning C4183: 'GetPreStatus': missing return type; assumed to be a member function returning 'int'	y:\develop\github\backmir\bmclient\Common\GameRenderObject.h	333	1	BackMirClient
Error	6218	error C2061: syntax error : identifier 'PLAYER_SEX'	y:\develop\github\backmir\bmclient\Common\GameRenderObject.h	354	1	BackMirClient
Error	6219	error C2146: syntax error : missing ';' before identifier 'GetPlayerSex'	y:\develop\github\backmir\bmclient\Common\GameRenderObject.h	358	1	BackMirClient
Error	6220	error C2433: 'GameObject::PLAYER_SEX' : 'inline' not permitted on data declarations	y:\develop\github\backmir\bmclient\Common\GameRenderObject.h	358	1	BackMirClient
Error	6221	error C4430: missing type specifier - int assumed. Note: C++ does not support default-int	y:\develop\github\backmir\bmclient\Common\GameRenderObject.h	358	1	BackMirClient
Error	6222	error C4430: missing type specifier - int assumed. Note: C++ does not support default-int	y:\develop\github\backmir\bmclient\Common\GameRenderObject.h	359	1	BackMirClient
Warning	6223	warning C4183: 'GetPlayerSex': missing return type; assumed to be a member function returning 'int'	y:\develop\github\backmir\bmclient\Common\GameRenderObject.h	361	1	BackMirClient
Error	6224	error C4430: missing type specifier - int assumed. Note: C++ does not support default-int	y:\develop\github\backmir\bmclient\Common\GameRenderObject.h	503	1	BackMirClient
Error	6225	error C2143: syntax error : missing ',' before '&'	y:\develop\github\backmir\bmclient\Common\GameRenderObject.h	503	1	BackMirClient
Error	6226	error C4430: missing type specifier - int assumed. Note: C++ does not support default-int	y:\develop\github\backmir\bmclient\Common\GameRenderObject.h	504	1	BackMirClient
Error	6227	error C2143: syntax error : missing ',' before '&'	y:\develop\github\backmir\bmclient\Common\GameRenderObject.h	504	1	BackMirClient
Error	6228	error C2535: 'void GameObject::DoPacket(const int)' : member function already defined or declared	y:\develop\github\backmir\bmclient\Common\GameRenderObject.h	504	1	BackMirClient
Error	6229	error C4430: missing type specifier - int assumed. Note: C++ does not support default-int	y:\develop\github\backmir\bmclient\Common\GameRenderObject.h	505	1	BackMirClient
Error	6230	error C2143: syntax error : missing ',' before '&'	y:\develop\github\backmir\bmclient\Common\GameRenderObject.h	505	1	BackMirClient
Error	6231	error C2535: 'void GameObject::DoPacket(const int)' : member function already defined or declared	y:\develop\github\backmir\bmclient\Common\GameRenderObject.h	505	1	BackMirClient
Error	6232	error C2061: syntax error : identifier 'PLAYER_STATUS'	y:\develop\github\backmir\bmclient\Common\GameRenderObject.h	513	1	BackMirClient
Error	6233	error C2146: syntax error : missing ';' before identifier 'm_drt'	y:\develop\github\backmir\bmclient\Common\GameRenderObject.h	554	1	BackMirClient
Error	6234	error C4430: missing type specifier - int assumed. Note: C++ does not support default-int	y:\develop\github\backmir\bmclient\Common\GameRenderObject.h	554	1	BackMirClient
Error	6235	error C2146: syntax error : missing ';' before identifier 'm_sex'	y:\develop\github\backmir\bmclient\Common\GameRenderObject.h	555	1	BackMirClient
Error	6236	error C4430: missing type specifier - int assumed. Note: C++ does not support default-int	y:\develop\github\backmir\bmclient\Common\GameRenderObject.h	555	1	BackMirClient
Error	6237	error C2146: syntax error : missing ';' before identifier 'm_stat'	y:\develop\github\backmir\bmclient\Common\GameRenderObject.h	556	1	BackMirClient
Error	6238	error C4430: missing type specifier - int assumed. Note: C++ does not support default-int	y:\develop\github\backmir\bmclient\Common\GameRenderObject.h	556	1	BackMirClient
Error	6239	error C2146: syntax error : missing ';' before identifier 'm_preStat'	y:\develop\github\backmir\bmclient\Common\GameRenderObject.h	557	1	BackMirClient
Error	6240	error C4430: missing type specifier - int assumed. Note: C++ does not support default-int	y:\develop\github\backmir\bmclient\Common\GameRenderObject.h	557	1	BackMirClient
Error	6241	error C2065: 'm_drt' : undeclared identifier	y:\develop\github\backmir\bmclient\Common\GameRenderObject.h	253	1	BackMirClient
Error	6242	error C2065: 'PDT_DOWN' : undeclared identifier	y:\develop\github\backmir\bmclient\Common\GameRenderObject.h	253	1	BackMirClient
Error	6243	error C2065: 'm_sex' : undeclared identifier	y:\develop\github\backmir\bmclient\Common\GameRenderObject.h	254	1	BackMirClient
Error	6244	error C2065: 'PSX_MAN' : undeclared identifier	y:\develop\github\backmir\bmclient\Common\GameRenderObject.h	254	1	BackMirClient
Error	6245	error C2065: 'm_preStat' : undeclared identifier	y:\develop\github\backmir\bmclient\Common\GameRenderObject.h	255	1	BackMirClient
Error	6246	error C2065: 'm_stat' : undeclared identifier	y:\develop\github\backmir\bmclient\Common\GameRenderObject.h	255	1	BackMirClient
Error	6247	error C2065: 'PST_STAND' : undeclared identifier	y:\develop\github\backmir\bmclient\Common\GameRenderObject.h	255	1	BackMirClient
Error	6248	error C2065: 'm_drt' : undeclared identifier	y:\develop\github\backmir\bmclient\Common\GameRenderObject.h	310	1	BackMirClient
Error	6249	error C2065: '_pd' : undeclared identifier	y:\develop\github\backmir\bmclient\Common\GameRenderObject.h	310	1	BackMirClient
Error	6250	error C2065: 'm_drt' : undeclared identifier	y:\develop\github\backmir\bmclient\Common\GameRenderObject.h	314	1	BackMirClient
Error	6251	error C2065: 'm_stat' : undeclared identifier	y:\develop\github\backmir\bmclient\Common\GameRenderObject.h	318	1	BackMirClient
Error	6252	error C2065: '_ps' : undeclared identifier	y:\develop\github\backmir\bmclient\Common\GameRenderObject.h	318	1	BackMirClient
Error	6253	error C2065: '_ps' : undeclared identifier	y:\develop\github\backmir\bmclient\Common\GameRenderObject.h	320	1	BackMirClient
Error	6254	error C2065: 'PST_STAND' : undeclared identifier	y:\develop\github\backmir\bmclient\Common\GameRenderObject.h	320	1	BackMirClient
Error	6255	error C2065: '_ps' : undeclared identifier	y:\develop\github\backmir\bmclient\Common\GameRenderObject.h	324	1	BackMirClient
Error	6256	error C2065: 'm_stat' : undeclared identifier	y:\develop\github\backmir\bmclient\Common\GameRenderObject.h	328	1	BackMirClient
Error	6257	error C2065: 'm_preStat' : undeclared identifier	y:\develop\github\backmir\bmclient\Common\GameRenderObject.h	332	1	BackMirClient
Error	6258	error C2065: 'm_sex' : undeclared identifier	y:\develop\github\backmir\bmclient\Common\GameRenderObject.h	356	1	BackMirClient
Error	6259	error C2065: '_ps' : undeclared identifier	y:\develop\github\backmir\bmclient\Common\GameRenderObject.h	356	1	BackMirClient
Error	6260	error C2065: 'm_sex' : undeclared identifier	y:\develop\github\backmir\bmclient\Common\GameRenderObject.h	360	1	BackMirClient
Error	6261	error C2065: 'PST_DEAD' : undeclared identifier	y:\develop\github\backmir\bmclient\Common\GameRenderObject.h	429	1	BackMirClient
Warning	6262	warning C4819: The file contains a character that cannot be represented in the current code page (936). Save the file in Unicode format to prevent data loss	y:\develop\github\backmir\CommonModule\ShareDefine.h	1	1	BackMirClient
Error	6263	error C2365: 'RES_ITEMS' : redefinition; previous definition was 'enumerator'	y:\develop\github\backmir\CommonModule\ShareDefine.h	79	1	BackMirClient
Error	6264	error C2365: 'RES_STATUS' : redefinition; previous definition was 'enumerator'	y:\develop\github\backmir\CommonModule\ShareDefine.h	80	1	BackMirClient
Error	6265	error C2365: 'RES_CUSTOM' : redefinition; previous definition was 'enumerator'	y:\develop\github\backmir\CommonModule\ShareDefine.h	81	1	BackMirClient
Error	6266	error C2365: 'RES_TOTAL' : redefinition; previous definition was 'enumerator'	y:\develop\github\backmir\CommonModule\ShareDefine.h	82	1	BackMirClient
Error	6267	error C2065: 'MEFF_USERTOTAL' : undeclared identifier	y:\develop\github\backmir\bmclient\GameScene\MagicEffect.h	8	1	BackMirClient
Error	6268	error C2061: syntax error : identifier 'PLAYER_STATUS'	y:\develop\github\backmir\bmclient\gamescene\GameOtherPlayer.h	29	1	BackMirClient
Error	6269	error C2061: syntax error : identifier 'MAGICEFFECT_TYPE'	y:\develop\github\backmir\bmclient\gamescene\GameOtherPlayer.h	52	1	BackMirClient
Error	6270	error C2061: syntax error : identifier 'MAGICEFFECT_TYPE'	y:\develop\github\backmir\bmclient\gamescene\GameOtherPlayer.h	53	1	BackMirClient
Error	6271	error C4430: missing type specifier - int assumed. Note: C++ does not support default-int	y:\develop\github\backmir\bmclient\gamescene\GameOtherPlayer.h	157	1	BackMirClient
Error	6272	error C2143: syntax error : missing ',' before '&'	y:\develop\github\backmir\bmclient\gamescene\GameOtherPlayer.h	157	1	BackMirClient
Error	6273	error C4430: missing type specifier - int assumed. Note: C++ does not support default-int	y:\develop\github\backmir\bmclient\gamescene\GameOtherPlayer.h	201	1	BackMirClient
Error	6274	error C2143: syntax error : missing ',' before '&'	y:\develop\github\backmir\bmclient\gamescene\GameOtherPlayer.h	201	1	BackMirClient
Error	6275	error C2535: 'void GameOtherPlayer::DoPacket(const int)' : member function already defined or declared	y:\develop\github\backmir\bmclient\gamescene\GameOtherPlayer.h	201	1	BackMirClient
Error	6276	error C2146: syntax error : missing ';' before identifier 'm_eEffect'	y:\develop\github\backmir\bmclient\gamescene\GameOtherPlayer.h	228	1	BackMirClient
Error	6277	error C4430: missing type specifier - int assumed. Note: C++ does not support default-int	y:\develop\github\backmir\bmclient\gamescene\GameOtherPlayer.h	228	1	BackMirClient
Error	6278	error C2065: 'MAGICEFFECT_TOTAL' : undeclared identifier	y:\develop\github\backmir\bmclient\gamescene\GameOtherPlayer.h	228	1	BackMirClient
Warning	6279	warning C4819: The file contains a character that cannot be represented in the current code page (936). Save the file in Unicode format to prevent data loss	y:\develop\github\backmir\CommonModule\RandGenerator.h	1	1	BackMirClient
Warning	6280	warning C4819: The file contains a character that cannot be represented in the current code page (936). Save the file in Unicode format to prevent data loss	y:\develop\github\backmir\CommonModule\CollDownController.h	1	1	BackMirClient
Error	6281	error C2061: syntax error : identifier 'PLAYER_DIRECTION'	y:\develop\github\backmir\bmclient\gamescene\GamePlayer.h	57	1	BackMirClient
Error	6282	error C2061: syntax error : identifier 'PLAYER_DIRECTION'	y:\develop\github\backmir\bmclient\gamescene\GamePlayer.h	58	1	BackMirClient
Error	6283	error C2143: syntax error : missing ';' before '*'	y:\develop\github\backmir\bmclient\gamescene\GamePlayer.h	73	1	BackMirClient
Error	6284	error C4430: missing type specifier - int assumed. Note: C++ does not support default-int	y:\develop\github\backmir\bmclient\gamescene\GamePlayer.h	73	1	BackMirClient
Error	6285	error C4430: missing type specifier - int assumed. Note: C++ does not support default-int	y:\develop\github\backmir\bmclient\gamescene\GamePlayer.h	74	1	BackMirClient
Warning	6286	warning C4183: 'GetEquip': missing return type; assumed to be a member function returning 'int'	y:\develop\github\backmir\bmclient\gamescene\GamePlayer.h	76	1	BackMirClient
Error	6287	error C2146: syntax error : missing ';' before identifier 'm_equipAttrib'	y:\develop\github\backmir\bmclient\gamescene\GamePlayer.h	350	1	BackMirClient
Error	6288	error C4430: missing type specifier - int assumed. Note: C++ does not support default-int	y:\develop\github\backmir\bmclient\gamescene\GamePlayer.h	350	1	BackMirClient
Error	6289	error C2146: syntax error : missing ';' before identifier 'm_indexs'	y:\develop\github\backmir\bmclient\gamescene\GamePlayer.h	361	1	BackMirClient
Error	6290	error C4430: missing type specifier - int assumed. Note: C++ does not support default-int	y:\develop\github\backmir\bmclient\gamescene\GamePlayer.h	361	1	BackMirClient
Error	6291	error C2065: 'ADD_NORMAL' : undeclared identifier	y:\develop\github\backmir\bmclient\gamescene\GamePlayer.h	182	1	BackMirClient
Error	6292	error C2065: 'ADD_NORMAL' : undeclared identifier	y:\develop\github\backmir\bmclient\gamescene\GamePlayer.h	183	1	BackMirClient
Error	6293	error C2065: 'm_equipAttrib' : undeclared identifier	y:\develop\github\backmir\bmclient\gamescene\GamePlayer.h	75	1	BackMirClient
Error	6294	error C2065: 'PST_NONE' : undeclared identifier	y:\develop\github\backmir\bmclient\gamescene\GamePlayer.h	84	1	BackMirClient
Error	6295	error C2065: 'g_nWanLiTable' : undeclared identifier	y:\develop\github\backmir\bmclient\gamescene\GamePlayer.h	135	1	BackMirClient
Error	6296	error C2146: syntax error : missing ';' before identifier 'm_xShowItems'	y:\develop\github\backmir\bmclient\GameScene\GameMapManager.h	137	1	BackMirClient
Error	6297	error C4430: missing type specifier - int assumed. Note: C++ does not support default-int	y:\develop\github\backmir\bmclient\GameScene\GameMapManager.h	137	1	BackMirClient
Error	6298	error C2146: syntax error : missing ';' before identifier 'm_xMouseItems'	y:\develop\github\backmir\bmclient\GameScene\GameMapManager.h	138	1	BackMirClient
Error	6299	error C4430: missing type specifier - int assumed. Note: C++ does not support default-int	y:\develop\github\backmir\bmclient\GameScene\GameMapManager.h	138	1	BackMirClient
Error	6300	error C2065: 'm_xMouseItems' : undeclared identifier	y:\develop\github\backmir\bmclient\GameScene\GameMapManager.h	80	1	BackMirClient
Error	6301	error C2228: left of '.push_back' must have class/struct/union	y:\develop\github\backmir\bmclient\GameScene\GameMapManager.h	80	1	BackMirClient
Error	6302	error C2146: syntax error : missing ';' before identifier 'm_indexs'	y:\develop\github\backmir\bmclient\GameScene\GameMonster.h	114	1	BackMirClient
Error	6303	error C4430: missing type specifier - int assumed. Note: C++ does not support default-int	y:\develop\github\backmir\bmclient\GameScene\GameMonster.h	114	1	BackMirClient
Error	6304	error C2146: syntax error : missing ';' before identifier 'm_eEndStatus'	y:\develop\github\backmir\bmclient\GameScene\GameMonster.h	812	1	BackMirClient
Error	6305	error C4430: missing type specifier - int assumed. Note: C++ does not support default-int	y:\develop\github\backmir\bmclient\GameScene\GameMonster.h	812	1	BackMirClient
Error	6306	error C1083: Cannot open include file: 'FastDelegateBind.h': No such file or directory	y:\develop\github\backmir\bmclient\GameDialog\GameCommonDlg.h	9	1	BackMirClient
Error	6307	error C2146: syntax error : missing ';' before identifier 'wil'	y:\develop\github\backmir\CommonModule\ObjectData.h	143	1	BackMirClient
Error	6308	error C4430: missing type specifier - int assumed. Note: C++ does not support default-int	y:\develop\github\backmir\CommonModule\ObjectData.h	143	1	BackMirClient
Error	6309	error C2146: syntax error : missing ';' before identifier 'id'	y:\develop\github\backmir\CommonModule\ObjectData.h	144	1	BackMirClient
Error	6310	error C4430: missing type specifier - int assumed. Note: C++ does not support default-int	y:\develop\github\backmir\CommonModule\ObjectData.h	144	1	BackMirClient
Error	6311	error C2146: syntax error : missing ';' before identifier 'drts'	y:\develop\github\backmir\CommonModule\ObjectData.h	145	1	BackMirClient
Error	6312	error C4430: missing type specifier - int assumed. Note: C++ does not support default-int	y:\develop\github\backmir\CommonModule\ObjectData.h	145	1	BackMirClient
Error	6313	error C2146: syntax error : missing ';' before identifier 'index'	y:\develop\github\backmir\CommonModule\ObjectData.h	146	1	BackMirClient
Error	6314	error C4430: missing type specifier - int assumed. Note: C++ does not support default-int	y:\develop\github\backmir\CommonModule\ObjectData.h	146	1	BackMirClient
Error	6315	error C2146: syntax error : missing ';' before identifier 'standbegin'	y:\develop\github\backmir\CommonModule\ObjectData.h	147	1	BackMirClient
Error	6316	error C4430: missing type specifier - int assumed. Note: C++ does not support default-int	y:\develop\github\backmir\CommonModule\ObjectData.h	147	1	BackMirClient
Error	6317	error C2146: syntax error : missing ';' before identifier 'standframe'	y:\develop\github\backmir\CommonModule\ObjectData.h	148	1	BackMirClient
Error	6318	error C4430: missing type specifier - int assumed. Note: C++ does not support default-int	y:\develop\github\backmir\CommonModule\ObjectData.h	148	1	BackMirClient
Error	6319	error C2146: syntax error : missing ';' before identifier 'standtotal'	y:\develop\github\backmir\CommonModule\ObjectData.h	149	1	BackMirClient
Error	6320	error C4430: missing type specifier - int assumed. Note: C++ does not support default-int	y:\develop\github\backmir\CommonModule\ObjectData.h	149	1	BackMirClient
Error	6321	error C2146: syntax error : missing ';' before identifier 'walkbegin'	y:\develop\github\backmir\CommonModule\ObjectData.h	150	1	BackMirClient
Error	6322	error C4430: missing type specifier - int assumed. Note: C++ does not support default-int	y:\develop\github\backmir\CommonModule\ObjectData.h	150	1	BackMirClient
Error	6323	error C2146: syntax error : missing ';' before identifier 'walkframe'	y:\develop\github\backmir\CommonModule\ObjectData.h	151	1	BackMirClient
Error	6324	error C4430: missing type specifier - int assumed. Note: C++ does not support default-int	y:\develop\github\backmir\CommonModule\ObjectData.h	151	1	BackMirClient
Error	6325	error C2146: syntax error : missing ';' before identifier 'walktotal'	y:\develop\github\backmir\CommonModule\ObjectData.h	152	1	BackMirClient
Error	6326	error C4430: missing type specifier - int assumed. Note: C++ does not support default-int	y:\develop\github\backmir\CommonModule\ObjectData.h	152	1	BackMirClient
Error	6327	error C2146: syntax error : missing ';' before identifier 'atkbegin'	y:\develop\github\backmir\CommonModule\ObjectData.h	153	1	BackMirClient
Error	6328	error C4430: missing type specifier - int assumed. Note: C++ does not support default-int	y:\develop\github\backmir\CommonModule\ObjectData.h	153	1	BackMirClient
Error	6329	error C2146: syntax error : missing ';' before identifier 'atkframe'	y:\develop\github\backmir\CommonModule\ObjectData.h	154	1	BackMirClient
Error	6330	error C4430: missing type specifier - int assumed. Note: C++ does not support default-int	y:\develop\github\backmir\CommonModule\ObjectData.h	154	1	BackMirClient
Error	6331	error C2146: syntax error : missing ';' before identifier 'atktotal'	y:\develop\github\backmir\CommonModule\ObjectData.h	155	1	BackMirClient
Error	6332	error C4430: missing type specifier - int assumed. Note: C++ does not support default-int	y:\develop\github\backmir\CommonModule\ObjectData.h	155	1	BackMirClient
Error	6333	error C2146: syntax error : missing ';' before identifier 'hurtbegin'	y:\develop\github\backmir\CommonModule\ObjectData.h	156	1	BackMirClient
Error	6334	error C4430: missing type specifier - int assumed. Note: C++ does not support default-int	y:\develop\github\backmir\CommonModule\ObjectData.h	156	1	BackMirClient
Error	6335	error C2146: syntax error : missing ';' before identifier 'hurtframe'	y:\develop\github\backmir\CommonModule\ObjectData.h	157	1	BackMirClient
Error	6336	error C4430: missing type specifier - int assumed. Note: C++ does not support default-int	y:\develop\github\backmir\CommonModule\ObjectData.h	157	1	BackMirClient
Error	6337	error C2146: syntax error : missing ';' before identifier 'hurttotal'	y:\develop\github\backmir\CommonModule\ObjectData.h	158	1	BackMirClient
Error	6338	error C4430: missing type specifier - int assumed. Note: C++ does not support default-int	y:\develop\github\backmir\CommonModule\ObjectData.h	158	1	BackMirClient
Error	6339	error C2146: syntax error : missing ';' before identifier 'deadbegin'	y:\develop\github\backmir\CommonModule\ObjectData.h	159	1	BackMirClient
Error	6340	error C4430: missing type specifier - int assumed. Note: C++ does not support default-int	y:\develop\github\backmir\CommonModule\ObjectData.h	159	1	BackMirClient
Error	6341	error C2146: syntax error : missing ';' before identifier 'deadframe'	y:\develop\github\backmir\CommonModule\ObjectData.h	160	1	BackMirClient
Error	6342	error C4430: missing type specifier - int assumed. Note: C++ does not support default-int	y:\develop\github\backmir\CommonModule\ObjectData.h	160	1	BackMirClient
Error	6343	error C2146: syntax error : missing ';' before identifier 'deadtotal'	y:\develop\github\backmir\CommonModule\ObjectData.h	161	1	BackMirClient
Error	6344	error C4430: missing type specifier - int assumed. Note: C++ does not support default-int	y:\develop\github\backmir\CommonModule\ObjectData.h	161	1	BackMirClient
Error	6345	error C2146: syntax error : missing ';' before identifier 'magicbegin'	y:\develop\github\backmir\CommonModule\ObjectData.h	162	1	BackMirClient
Error	6346	error C4430: missing type specifier - int assumed. Note: C++ does not support default-int	y:\develop\github\backmir\CommonModule\ObjectData.h	162	1	BackMirClient
Error	6347	error C2146: syntax error : missing ';' before identifier 'magicframe'	y:\develop\github\backmir\CommonModule\ObjectData.h	163	1	BackMirClient
Error	6348	error C4430: missing type specifier - int assumed. Note: C++ does not support default-int	y:\develop\github\backmir\CommonModule\ObjectData.h	163	1	BackMirClient
Error	6349	error C2146: syntax error : missing ';' before identifier 'magictotal'	y:\develop\github\backmir\CommonModule\ObjectData.h	164	1	BackMirClient
Error	6350	error C4430: missing type specifier - int assumed. Note: C++ does not support default-int	y:\develop\github\backmir\CommonModule\ObjectData.h	164	1	BackMirClient
Error	6351	error C2146: syntax error : missing ';' before identifier 'atkeftbegin'	y:\develop\github\backmir\CommonModule\ObjectData.h	165	1	BackMirClient
Error	6352	error C4430: missing type specifier - int assumed. Note: C++ does not support default-int	y:\develop\github\backmir\CommonModule\ObjectData.h	165	1	BackMirClient
Error	6353	error C2146: syntax error : missing ';' before identifier 'atkeftframe'	y:\develop\github\backmir\CommonModule\ObjectData.h	166	1	BackMirClient
Error	6354	error C4430: missing type specifier - int assumed. Note: C++ does not support default-int	y:\develop\github\backmir\CommonModule\ObjectData.h	166	1	BackMirClient
Error	6355	error C2146: syntax error : missing ';' before identifier 'atkefttotal'	y:\develop\github\backmir\CommonModule\ObjectData.h	167	1	BackMirClient
Error	6356	error C4430: missing type specifier - int assumed. Note: C++ does not support default-int	y:\develop\github\backmir\CommonModule\ObjectData.h	167	1	BackMirClient
Error	6357	error C2146: syntax error : missing ';' before identifier 'showbegin'	y:\develop\github\backmir\CommonModule\ObjectData.h	168	1	BackMirClient
Error	6358	error C4430: missing type specifier - int assumed. Note: C++ does not support default-int	y:\develop\github\backmir\CommonModule\ObjectData.h	168	1	BackMirClient
Error	6359	error C2146: syntax error : missing ';' before identifier 'showframe'	y:\develop\github\backmir\CommonModule\ObjectData.h	169	1	BackMirClient
Error	6360	error C4430: missing type specifier - int assumed. Note: C++ does not support default-int	y:\develop\github\backmir\CommonModule\ObjectData.h	169	1	BackMirClient
Error	6361	error C2146: syntax error : missing ';' before identifier 'sndindex'	y:\develop\github\backmir\CommonModule\ObjectData.h	170	1	BackMirClient
Error	6362	error C4430: missing type specifier - int assumed. Note: C++ does not support default-int	y:\develop\github\backmir\CommonModule\ObjectData.h	170	1	BackMirClient
Error	6363	error C2146: syntax error : missing ';' before identifier 'bJob'	y:\develop\github\backmir\CommonModule\ObjectData.h	258	1	BackMirClient
Error	6364	error C4430: missing type specifier - int assumed. Note: C++ does not support default-int	y:\develop\github\backmir\CommonModule\ObjectData.h	258	1	BackMirClient
Error	6365	error C2065: 'bJob' : undeclared identifier	y:\develop\github\backmir\CommonModule\ObjectData.h	267	1	BackMirClient
Error	6366	error C2146: syntax error : missing ';' before identifier 'bJob'	y:\develop\github\backmir\CommonModule\ObjectData.h	278	1	BackMirClient
Error	6367	error C4430: missing type specifier - int assumed. Note: C++ does not support default-int	y:\develop\github\backmir\CommonModule\ObjectData.h	278	1	BackMirClient
Error	6368	error C2146: syntax error : missing ';' before identifier 'bSex'	y:\develop\github\backmir\CommonModule\ObjectData.h	279	1	BackMirClient
Error	6369	error C4430: missing type specifier - int assumed. Note: C++ does not support default-int	y:\develop\github\backmir\CommonModule\ObjectData.h	279	1	BackMirClient
Warning	6370	warning C4819: The file contains a character that cannot be represented in the current code page (936). Save the file in Unicode format to prevent data loss	y:\develop\github\backmir\bmclient\common\GlobalDefine.h	1	1	BackMirClient
Error	6371	error C2447: '{' : missing function header (old-style formal list?)	y:\develop\github\backmir\bmclient\common\GlobalDefine.h	91	1	BackMirClient
Error	6372	error C2447: '{' : missing function header (old-style formal list?)	y:\develop\github\backmir\bmclient\common\GlobalDefine.h	103	1	BackMirClient
Error	6373	error C2447: '{' : missing function header (old-style formal list?)	y:\develop\github\backmir\bmclient\common\GlobalDefine.h	128	1	BackMirClient
Error	6374	error C2146: syntax error : missing ';' before identifier 'GetAngle'	y:\develop\github\backmir\bmclient\Common\GlobalFunction.h	26	1	BackMirClient
Error	6375	error C4430: missing type specifier - int assumed. Note: C++ does not support default-int	y:\develop\github\backmir\bmclient\Common\GlobalFunction.h	26	1	BackMirClient
Warning	6376	warning C4819: The file contains a character that cannot be represented in the current code page (936). Save the file in Unicode format to prevent data loss	y:\develop\github\backmir\CommonModule\MagicEffectID.h	1	1	BackMirClient
Error	6377	error C2065: 'MEFF_USERTOTAL' : undeclared identifier	y:\develop\github\backmir\bmclient\GameScene\MagicEffect.h	8	1	BackMirClient
Error	6378	error C2061: syntax error : identifier 'GameObject'	y:\develop\github\backmir\bmclient\GameScene\MagicEffect.h	75	1	BackMirClient
Error	6379	error C2143: syntax error : missing ';' before '*'	y:\develop\github\backmir\bmclient\GameScene\MagicEffect.h	102	1	BackMirClient
Error	6380	error C2433: 'MagicElement::GameObject' : 'inline' not permitted on data declarations	y:\develop\github\backmir\bmclient\GameScene\MagicEffect.h	102	1	BackMirClient
Error	6381	error C4430: missing type specifier - int assumed. Note: C++ does not support default-int	y:\develop\github\backmir\bmclient\GameScene\MagicEffect.h	102	1	BackMirClient
Warning	6382	warning C4183: 'GetFire': missing return type; assumed to be a member function returning 'int'	y:\develop\github\backmir\bmclient\GameScene\MagicEffect.h	102	1	BackMirClient
Error	6383	error C2143: syntax error : missing ';' before '*'	y:\develop\github\backmir\bmclient\GameScene\MagicEffect.h	103	1	BackMirClient
Error	6384	error C2433: 'MagicElement::GameObject' : 'inline' not permitted on data declarations	y:\develop\github\backmir\bmclient\GameScene\MagicEffect.h	103	1	BackMirClient
Error	6385	error C4430: missing type specifier - int assumed. Note: C++ does not support default-int	y:\develop\github\backmir\bmclient\GameScene\MagicEffect.h	103	1	BackMirClient
Warning	6386	warning C4183: 'GetTarget': missing return type; assumed to be a member function returning 'int'	y:\develop\github\backmir\bmclient\GameScene\MagicEffect.h	103	1	BackMirClient
Error	6387	error C2143: syntax error : missing ';' before '*'	y:\develop\github\backmir\bmclient\GameScene\MagicEffect.h	128	1	BackMirClient
Error	6388	error C4430: missing type specifier - int assumed. Note: C++ does not support default-int	y:\develop\github\backmir\bmclient\GameScene\MagicEffect.h	128	1	BackMirClient
Error	6389	error C2143: syntax error : missing ';' before '*'	y:\develop\github\backmir\bmclient\GameScene\MagicEffect.h	129	1	BackMirClient
Error	6390	error C4430: missing type specifier - int assumed. Note: C++ does not support default-int	y:\develop\github\backmir\bmclient\GameScene\MagicEffect.h	129	1	BackMirClient
Error	6391	error C2065: 'm_pFire' : undeclared identifier	y:\develop\github\backmir\bmclient\GameScene\MagicEffect.h	102	1	BackMirClient
Error	6392	error C2065: 'm_pTarget' : undeclared identifier	y:\develop\github\backmir\bmclient\GameScene\MagicEffect.h	103	1	BackMirClient
Error	6393	error C2061: syntax error : identifier 'GameObject'	y:\develop\github\backmir\bmclient\GameScene\MagicEffect.h	180	1	BackMirClient
Error	6394	error C2061: syntax error : identifier 'GameObject'	y:\develop\github\backmir\bmclient\GameScene\MagicEffect.h	193	1	BackMirClient
Error	6395	error C2061: syntax error : identifier 'GameObject'	y:\develop\github\backmir\bmclient\GameScene\MagicEffect.h	205	1	BackMirClient
Error	6396	error C2061: syntax error : identifier 'GameObject'	y:\develop\github\backmir\bmclient\GameScene\MagicEffect.h	223	1	BackMirClient
Error	6397	error C2061: syntax error : identifier 'GameObject'	y:\develop\github\backmir\bmclient\GameScene\MagicEffect.h	235	1	BackMirClient
Error	6398	error C2061: syntax error : identifier 'GameObject'	y:\develop\github\backmir\bmclient\GameScene\MagicEffect.h	247	1	BackMirClient
Error	6399	error C2061: syntax error : identifier 'GameObject'	y:\develop\github\backmir\bmclient\GameScene\MagicEffect.h	259	1	BackMirClient
Error	6400	error C2061: syntax error : identifier 'GameObject'	y:\develop\github\backmir\bmclient\GameScene\MagicEffect.h	270	1	BackMirClient
Error	6401	error C2061: syntax error : identifier 'GameObject'	y:\develop\github\backmir\bmclient\GameScene\MagicEffect.h	285	1	BackMirClient
Error	6402	error C2061: syntax error : identifier 'GameObject'	y:\develop\github\backmir\bmclient\GameScene\MagicEffect.h	302	1	BackMirClient
Error	6403	error C2061: syntax error : identifier 'GameObject'	y:\develop\github\backmir\bmclient\GameScene\MagicEffect.h	318	1	BackMirClient
Error	6404	error C2061: syntax error : identifier 'GameObject'	y:\develop\github\backmir\bmclient\GameScene\MagicEffect.h	333	1	BackMirClient
Error	6405	error C2061: syntax error : identifier 'GameObject'	y:\develop\github\backmir\bmclient\GameScene\MagicEffect.h	354	1	BackMirClient
Error	6406	error C2061: syntax error : identifier 'GameObject'	y:\develop\github\backmir\bmclient\GameScene\MagicEffect.h	370	1	BackMirClient
Error	6407	error C2061: syntax error : identifier 'GameObject'	y:\develop\github\backmir\bmclient\GameScene\MagicEffect.h	387	1	BackMirClient
Error	6408	error C2061: syntax error : identifier 'GameObject'	y:\develop\github\backmir\bmclient\GameScene\MagicEffect.h	397	1	BackMirClient
Error	6409	error C2061: syntax error : identifier 'GameObject'	y:\develop\github\backmir\bmclient\GameScene\MagicEffect.h	415	1	BackMirClient
Error	6410	error C2061: syntax error : identifier 'GameObject'	y:\develop\github\backmir\bmclient\GameScene\MagicEffect.h	431	1	BackMirClient
Error	6411	error C2061: syntax error : identifier 'GameObject'	y:\develop\github\backmir\bmclient\GameScene\MagicEffect.h	448	1	BackMirClient
Error	6412	error C2061: syntax error : identifier 'GameObject'	y:\develop\github\backmir\bmclient\GameScene\MagicEffect.h	463	1	BackMirClient
Error	6413	error C2061: syntax error : identifier 'GameObject'	y:\develop\github\backmir\bmclient\GameScene\MagicEffect.h	478	1	BackMirClient
Error	6414	error C2061: syntax error : identifier 'GameObject'	y:\develop\github\backmir\bmclient\GameScene\MagicEffect.h	547	1	BackMirClient
Error	6415	error C4430: missing type specifier - int assumed. Note: C++ does not support default-int	y:\develop\github\backmir\bmclient\net\PacketHandler.h	71	1	BackMirClient
Error	6416	error C2143: syntax error : missing ',' before '&'	y:\develop\github\backmir\bmclient\net\PacketHandler.h	71	1	BackMirClient
Error	6417	error C2061: syntax error : identifier 'PLAYER_DIRECTION'	y:\develop\github\backmir\bmclient\Common\GameRenderObject.h	308	1	BackMirClient
Error	6418	error C2146: syntax error : missing ';' before identifier 'GetDirection'	y:\develop\github\backmir\bmclient\Common\GameRenderObject.h	312	1	BackMirClient
Error	6419	error C2433: 'GameObject::PLAYER_DIRECTION' : 'inline' not permitted on data declarations	y:\develop\github\backmir\bmclient\Common\GameRenderObject.h	312	1	BackMirClient
Error	6420	error C4430: missing type specifier - int assumed. Note: C++ does not support default-int	y:\develop\github\backmir\bmclient\Common\GameRenderObject.h	312	1	BackMirClient
Error	6421	error C4430: missing type specifier - int assumed. Note: C++ does not support default-int	y:\develop\github\backmir\bmclient\Common\GameRenderObject.h	313	1	BackMirClient
Warning	6422	warning C4183: 'GetDirection': missing return type; assumed to be a member function returning 'int'	y:\develop\github\backmir\bmclient\Common\GameRenderObject.h	315	1	BackMirClient
Error	6423	error C2061: syntax error : identifier 'PLAYER_STATUS'	y:\develop\github\backmir\bmclient\Common\GameRenderObject.h	316	1	BackMirClient
Error	6424	error C2146: syntax error : missing ';' before identifier 'GetStatus'	y:\develop\github\backmir\bmclient\Common\GameRenderObject.h	326	1	BackMirClient
Error	6425	error C2433: 'GameObject::PLAYER_STATUS' : 'inline' not permitted on data declarations	y:\develop\github\backmir\bmclient\Common\GameRenderObject.h	326	1	BackMirClient
Error	6426	error C4430: missing type specifier - int assumed. Note: C++ does not support default-int	y:\develop\github\backmir\bmclient\Common\GameRenderObject.h	326	1	BackMirClient
Error	6427	error C4430: missing type specifier - int assumed. Note: C++ does not support default-int	y:\develop\github\backmir\bmclient\Common\GameRenderObject.h	327	1	BackMirClient
Warning	6428	warning C4183: 'GetStatus': missing return type; assumed to be a member function returning 'int'	y:\develop\github\backmir\bmclient\Common\GameRenderObject.h	329	1	BackMirClient
Error	6429	error C2146: syntax error : missing ';' before identifier 'GetPreStatus'	y:\develop\github\backmir\bmclient\Common\GameRenderObject.h	330	1	BackMirClient
Error	6430	error C2433: 'GameObject::PLAYER_STATUS' : 'inline' not permitted on data declarations	y:\develop\github\backmir\bmclient\Common\GameRenderObject.h	330	1	BackMirClient
Error	6431	error C4430: missing type specifier - int assumed. Note: C++ does not support default-int	y:\develop\github\backmir\bmclient\Common\GameRenderObject.h	330	1	BackMirClient
Error	6432	error C4430: missing type specifier - int assumed. Note: C++ does not support default-int	y:\develop\github\backmir\bmclient\Common\GameRenderObject.h	331	1	BackMirClient
Warning	6433	warning C4183: 'GetPreStatus': missing return type; assumed to be a member function returning 'int'	y:\develop\github\backmir\bmclient\Common\GameRenderObject.h	333	1	BackMirClient
Error	6434	error C2061: syntax error : identifier 'PLAYER_SEX'	y:\develop\github\backmir\bmclient\Common\GameRenderObject.h	354	1	BackMirClient
Error	6435	error C2146: syntax error : missing ';' before identifier 'GetPlayerSex'	y:\develop\github\backmir\bmclient\Common\GameRenderObject.h	358	1	BackMirClient
Error	6436	error C2433: 'GameObject::PLAYER_SEX' : 'inline' not permitted on data declarations	y:\develop\github\backmir\bmclient\Common\GameRenderObject.h	358	1	BackMirClient
Error	6437	error C4430: missing type specifier - int assumed. Note: C++ does not support default-int	y:\develop\github\backmir\bmclient\Common\GameRenderObject.h	358	1	BackMirClient
Error	6438	error C4430: missing type specifier - int assumed. Note: C++ does not support default-int	y:\develop\github\backmir\bmclient\Common\GameRenderObject.h	359	1	BackMirClient
Warning	6439	warning C4183: 'GetPlayerSex': missing return type; assumed to be a member function returning 'int'	y:\develop\github\backmir\bmclient\Common\GameRenderObject.h	361	1	BackMirClient
Error	6440	error C4430: missing type specifier - int assumed. Note: C++ does not support default-int	y:\develop\github\backmir\bmclient\Common\GameRenderObject.h	503	1	BackMirClient
Error	6441	error C2143: syntax error : missing ',' before '&'	y:\develop\github\backmir\bmclient\Common\GameRenderObject.h	503	1	BackMirClient
Error	6442	error C4430: missing type specifier - int assumed. Note: C++ does not support default-int	y:\develop\github\backmir\bmclient\Common\GameRenderObject.h	504	1	BackMirClient
Error	6443	error C2143: syntax error : missing ',' before '&'	y:\develop\github\backmir\bmclient\Common\GameRenderObject.h	504	1	BackMirClient
Error	6444	error C2535: 'void GameObject::DoPacket(const int)' : member function already defined or declared	y:\develop\github\backmir\bmclient\Common\GameRenderObject.h	504	1	BackMirClient
Error	6445	error C4430: missing type specifier - int assumed. Note: C++ does not support default-int	y:\develop\github\backmir\bmclient\Common\GameRenderObject.h	505	1	BackMirClient
Error	6446	error C2143: syntax error : missing ',' before '&'	y:\develop\github\backmir\bmclient\Common\GameRenderObject.h	505	1	BackMirClient
Error	6447	error C2535: 'void GameObject::DoPacket(const int)' : member function already defined or declared	y:\develop\github\backmir\bmclient\Common\GameRenderObject.h	505	1	BackMirClient
Error	6448	error C2061: syntax error : identifier 'PLAYER_STATUS'	y:\develop\github\backmir\bmclient\Common\GameRenderObject.h	513	1	BackMirClient
Error	6449	error C2146: syntax error : missing ';' before identifier 'm_drt'	y:\develop\github\backmir\bmclient\Common\GameRenderObject.h	554	1	BackMirClient
Error	6450	error C4430: missing type specifier - int assumed. Note: C++ does not support default-int	y:\develop\github\backmir\bmclient\Common\GameRenderObject.h	554	1	BackMirClient
Error	6451	error C2146: syntax error : missing ';' before identifier 'm_sex'	y:\develop\github\backmir\bmclient\Common\GameRenderObject.h	555	1	BackMirClient
Error	6452	error C4430: missing type specifier - int assumed. Note: C++ does not support default-int	y:\develop\github\backmir\bmclient\Common\GameRenderObject.h	555	1	BackMirClient
Error	6453	error C2146: syntax error : missing ';' before identifier 'm_stat'	y:\develop\github\backmir\bmclient\Common\GameRenderObject.h	556	1	BackMirClient
Error	6454	error C4430: missing type specifier - int assumed. Note: C++ does not support default-int	y:\develop\github\backmir\bmclient\Common\GameRenderObject.h	556	1	BackMirClient
Error	6455	error C2146: syntax error : missing ';' before identifier 'm_preStat'	y:\develop\github\backmir\bmclient\Common\GameRenderObject.h	557	1	BackMirClient
Error	6456	error C4430: missing type specifier - int assumed. Note: C++ does not support default-int	y:\develop\github\backmir\bmclient\Common\GameRenderObject.h	557	1	BackMirClient
Error	6457	error C2065: 'm_drt' : undeclared identifier	y:\develop\github\backmir\bmclient\Common\GameRenderObject.h	253	1	BackMirClient
Error	6458	error C2065: 'PDT_DOWN' : undeclared identifier	y:\develop\github\backmir\bmclient\Common\GameRenderObject.h	253	1	BackMirClient
Error	6459	error C2065: 'm_sex' : undeclared identifier	y:\develop\github\backmir\bmclient\Common\GameRenderObject.h	254	1	BackMirClient
Error	6460	error C2065: 'PSX_MAN' : undeclared identifier	y:\develop\github\backmir\bmclient\Common\GameRenderObject.h	254	1	BackMirClient
Error	6461	error C2065: 'm_preStat' : undeclared identifier	y:\develop\github\backmir\bmclient\Common\GameRenderObject.h	255	1	BackMirClient
Error	6462	error C2065: 'm_stat' : undeclared identifier	y:\develop\github\backmir\bmclient\Common\GameRenderObject.h	255	1	BackMirClient
Error	6463	error C2065: 'PST_STAND' : undeclared identifier	y:\develop\github\backmir\bmclient\Common\GameRenderObject.h	255	1	BackMirClient
Error	6464	error C2065: 'm_drt' : undeclared identifier	y:\develop\github\backmir\bmclient\Common\GameRenderObject.h	310	1	BackMirClient
Error	6465	error C2065: '_pd' : undeclared identifier	y:\develop\github\backmir\bmclient\Common\GameRenderObject.h	310	1	BackMirClient
Error	6466	error C2065: 'm_drt' : undeclared identifier	y:\develop\github\backmir\bmclient\Common\GameRenderObject.h	314	1	BackMirClient
Error	6467	error C2065: 'm_stat' : undeclared identifier	y:\develop\github\backmir\bmclient\Common\GameRenderObject.h	318	1	BackMirClient
Error	6468	error C1003: error count exceeds 100; stopping compilation	y:\develop\github\backmir\bmclient\Common\GameRenderObject.h	318	1	BackMirClient
Warning	6469	warning C4819: The file contains a character that cannot be represented in the current code page (936). Save the file in Unicode format to prevent data loss	y:\develop\github\backmir\CommonModule\LuaBaseExecutor.h	1	1	BackMirClient
Warning	6470	warning C4819: The file contains a character that cannot be represented in the current code page (936). Save the file in Unicode format to prevent data loss	y:\develop\github\backmir\bmclient\Common\GlobalDefine.h	1	1	BackMirClient
Error	6471	error C2447: '{' : missing function header (old-style formal list?)	y:\develop\github\backmir\bmclient\Common\GlobalDefine.h	91	1	BackMirClient
Error	6472	error C2447: '{' : missing function header (old-style formal list?)	y:\develop\github\backmir\bmclient\Common\GlobalDefine.h	103	1	BackMirClient
Error	6473	error C2447: '{' : missing function header (old-style formal list?)	y:\develop\github\backmir\bmclient\Common\GlobalDefine.h	128	1	BackMirClient
Error	6474	error C2146: syntax error : missing ';' before identifier 'GetAngle'	y:\develop\github\backmir\bmclient\Common\GlobalFunction.h	26	1	BackMirClient
Error	6475	error C4430: missing type specifier - int assumed. Note: C++ does not support default-int	y:\develop\github\backmir\bmclient\Common\GlobalFunction.h	26	1	BackMirClient
Error	6476	error C4430: missing type specifier - int assumed. Note: C++ does not support default-int	y:\develop\github\backmir\bmclient\net\PacketHandler.h	71	1	BackMirClient
Error	6477	error C2143: syntax error : missing ',' before '&'	y:\develop\github\backmir\bmclient\net\PacketHandler.h	71	1	BackMirClient
Warning	6478	warning C4819: The file contains a character that cannot be represented in the current code page (936). Save the file in Unicode format to prevent data loss	y:\develop\github\backmir\CommonModule\MagicEffectID.h	1	1	BackMirClient
Error	6479	error C2061: syntax error : identifier 'PLAYER_DIRECTION'	y:\develop\github\backmir\bmclient\Common\GameRenderObject.h	308	1	BackMirClient
Error	6480	error C2146: syntax error : missing ';' before identifier 'GetDirection'	y:\develop\github\backmir\bmclient\Common\GameRenderObject.h	312	1	BackMirClient
Error	6481	error C2433: 'GameObject::PLAYER_DIRECTION' : 'inline' not permitted on data declarations	y:\develop\github\backmir\bmclient\Common\GameRenderObject.h	312	1	BackMirClient
Error	6482	error C4430: missing type specifier - int assumed. Note: C++ does not support default-int	y:\develop\github\backmir\bmclient\Common\GameRenderObject.h	312	1	BackMirClient
Error	6483	error C4430: missing type specifier - int assumed. Note: C++ does not support default-int	y:\develop\github\backmir\bmclient\Common\GameRenderObject.h	313	1	BackMirClient
Warning	6484	warning C4183: 'GetDirection': missing return type; assumed to be a member function returning 'int'	y:\develop\github\backmir\bmclient\Common\GameRenderObject.h	315	1	BackMirClient
Error	6485	error C2061: syntax error : identifier 'PLAYER_STATUS'	y:\develop\github\backmir\bmclient\Common\GameRenderObject.h	316	1	BackMirClient
Error	6486	error C2146: syntax error : missing ';' before identifier 'GetStatus'	y:\develop\github\backmir\bmclient\Common\GameRenderObject.h	326	1	BackMirClient
Error	6487	error C2433: 'GameObject::PLAYER_STATUS' : 'inline' not permitted on data declarations	y:\develop\github\backmir\bmclient\Common\GameRenderObject.h	326	1	BackMirClient
Error	6488	error C4430: missing type specifier - int assumed. Note: C++ does not support default-int	y:\develop\github\backmir\bmclient\Common\GameRenderObject.h	326	1	BackMirClient
Error	6489	error C4430: missing type specifier - int assumed. Note: C++ does not support default-int	y:\develop\github\backmir\bmclient\Common\GameRenderObject.h	327	1	BackMirClient
Warning	6490	warning C4183: 'GetStatus': missing return type; assumed to be a member function returning 'int'	y:\develop\github\backmir\bmclient\Common\GameRenderObject.h	329	1	BackMirClient
Error	6491	error C2146: syntax error : missing ';' before identifier 'GetPreStatus'	y:\develop\github\backmir\bmclient\Common\GameRenderObject.h	330	1	BackMirClient
Error	6492	error C2433: 'GameObject::PLAYER_STATUS' : 'inline' not permitted on data declarations	y:\develop\github\backmir\bmclient\Common\GameRenderObject.h	330	1	BackMirClient
Error	6493	error C4430: missing type specifier - int assumed. Note: C++ does not support default-int	y:\develop\github\backmir\bmclient\Common\GameRenderObject.h	330	1	BackMirClient
Error	6494	error C4430: missing type specifier - int assumed. Note: C++ does not support default-int	y:\develop\github\backmir\bmclient\Common\GameRenderObject.h	331	1	BackMirClient
Warning	6495	warning C4183: 'GetPreStatus': missing return type; assumed to be a member function returning 'int'	y:\develop\github\backmir\bmclient\Common\GameRenderObject.h	333	1	BackMirClient
Error	6496	error C2061: syntax error : identifier 'PLAYER_SEX'	y:\develop\github\backmir\bmclient\Common\GameRenderObject.h	354	1	BackMirClient
Error	6497	error C2146: syntax error : missing ';' before identifier 'GetPlayerSex'	y:\develop\github\backmir\bmclient\Common\GameRenderObject.h	358	1	BackMirClient
Error	6498	error C2433: 'GameObject::PLAYER_SEX' : 'inline' not permitted on data declarations	y:\develop\github\backmir\bmclient\Common\GameRenderObject.h	358	1	BackMirClient
Error	6499	error C4430: missing type specifier - int assumed. Note: C++ does not support default-int	y:\develop\github\backmir\bmclient\Common\GameRenderObject.h	358	1	BackMirClient
Error	6500	error C4430: missing type specifier - int assumed. Note: C++ does not support default-int	y:\develop\github\backmir\bmclient\Common\GameRenderObject.h	359	1	BackMirClient
Warning	6501	warning C4183: 'GetPlayerSex': missing return type; assumed to be a member function returning 'int'	y:\develop\github\backmir\bmclient\Common\GameRenderObject.h	361	1	BackMirClient
Error	6502	error C4430: missing type specifier - int assumed. Note: C++ does not support default-int	y:\develop\github\backmir\bmclient\Common\GameRenderObject.h	503	1	BackMirClient
Error	6503	error C2143: syntax error : missing ',' before '&'	y:\develop\github\backmir\bmclient\Common\GameRenderObject.h	503	1	BackMirClient
Error	6504	error C4430: missing type specifier - int assumed. Note: C++ does not support default-int	y:\develop\github\backmir\bmclient\Common\GameRenderObject.h	504	1	BackMirClient
Error	6505	error C2143: syntax error : missing ',' before '&'	y:\develop\github\backmir\bmclient\Common\GameRenderObject.h	504	1	BackMirClient
Error	6506	error C2535: 'void GameObject::DoPacket(const int)' : member function already defined or declared	y:\develop\github\backmir\bmclient\Common\GameRenderObject.h	504	1	BackMirClient
Error	6507	error C4430: missing type specifier - int assumed. Note: C++ does not support default-int	y:\develop\github\backmir\bmclient\Common\GameRenderObject.h	505	1	BackMirClient
Error	6508	error C2143: syntax error : missing ',' before '&'	y:\develop\github\backmir\bmclient\Common\GameRenderObject.h	505	1	BackMirClient
Error	6509	error C2535: 'void GameObject::DoPacket(const int)' : member function already defined or declared	y:\develop\github\backmir\bmclient\Common\GameRenderObject.h	505	1	BackMirClient
Error	6510	error C2061: syntax error : identifier 'PLAYER_STATUS'	y:\develop\github\backmir\bmclient\Common\GameRenderObject.h	513	1	BackMirClient
Error	6511	error C2146: syntax error : missing ';' before identifier 'm_drt'	y:\develop\github\backmir\bmclient\Common\GameRenderObject.h	554	1	BackMirClient
Error	6512	error C4430: missing type specifier - int assumed. Note: C++ does not support default-int	y:\develop\github\backmir\bmclient\Common\GameRenderObject.h	554	1	BackMirClient
Error	6513	error C2146: syntax error : missing ';' before identifier 'm_sex'	y:\develop\github\backmir\bmclient\Common\GameRenderObject.h	555	1	BackMirClient
Error	6514	error C4430: missing type specifier - int assumed. Note: C++ does not support default-int	y:\develop\github\backmir\bmclient\Common\GameRenderObject.h	555	1	BackMirClient
Error	6515	error C2146: syntax error : missing ';' before identifier 'm_stat'	y:\develop\github\backmir\bmclient\Common\GameRenderObject.h	556	1	BackMirClient
Error	6516	error C4430: missing type specifier - int assumed. Note: C++ does not support default-int	y:\develop\github\backmir\bmclient\Common\GameRenderObject.h	556	1	BackMirClient
Error	6517	error C2146: syntax error : missing ';' before identifier 'm_preStat'	y:\develop\github\backmir\bmclient\Common\GameRenderObject.h	557	1	BackMirClient
Error	6518	error C4430: missing type specifier - int assumed. Note: C++ does not support default-int	y:\develop\github\backmir\bmclient\Common\GameRenderObject.h	557	1	BackMirClient
Error	6519	error C2065: 'm_drt' : undeclared identifier	y:\develop\github\backmir\bmclient\Common\GameRenderObject.h	253	1	BackMirClient
Error	6520	error C2065: 'PDT_DOWN' : undeclared identifier	y:\develop\github\backmir\bmclient\Common\GameRenderObject.h	253	1	BackMirClient
Error	6521	error C2065: 'm_sex' : undeclared identifier	y:\develop\github\backmir\bmclient\Common\GameRenderObject.h	254	1	BackMirClient
Error	6522	error C2065: 'PSX_MAN' : undeclared identifier	y:\develop\github\backmir\bmclient\Common\GameRenderObject.h	254	1	BackMirClient
Error	6523	error C2065: 'm_preStat' : undeclared identifier	y:\develop\github\backmir\bmclient\Common\GameRenderObject.h	255	1	BackMirClient
Error	6524	error C2065: 'm_stat' : undeclared identifier	y:\develop\github\backmir\bmclient\Common\GameRenderObject.h	255	1	BackMirClient
Error	6525	error C2065: 'PST_STAND' : undeclared identifier	y:\develop\github\backmir\bmclient\Common\GameRenderObject.h	255	1	BackMirClient
Error	6526	error C2065: 'm_drt' : undeclared identifier	y:\develop\github\backmir\bmclient\Common\GameRenderObject.h	310	1	BackMirClient
Error	6527	error C2065: '_pd' : undeclared identifier	y:\develop\github\backmir\bmclient\Common\GameRenderObject.h	310	1	BackMirClient
Error	6528	error C2065: 'm_drt' : undeclared identifier	y:\develop\github\backmir\bmclient\Common\GameRenderObject.h	314	1	BackMirClient
Error	6529	error C2065: 'm_stat' : undeclared identifier	y:\develop\github\backmir\bmclient\Common\GameRenderObject.h	318	1	BackMirClient
Error	6530	error C2065: '_ps' : undeclared identifier	y:\develop\github\backmir\bmclient\Common\GameRenderObject.h	318	1	BackMirClient
Error	6531	error C2065: '_ps' : undeclared identifier	y:\develop\github\backmir\bmclient\Common\GameRenderObject.h	320	1	BackMirClient
Error	6532	error C2065: 'PST_STAND' : undeclared identifier	y:\develop\github\backmir\bmclient\Common\GameRenderObject.h	320	1	BackMirClient
Error	6533	error C2065: '_ps' : undeclared identifier	y:\develop\github\backmir\bmclient\Common\GameRenderObject.h	324	1	BackMirClient
Error	6534	error C2065: 'm_stat' : undeclared identifier	y:\develop\github\backmir\bmclient\Common\GameRenderObject.h	328	1	BackMirClient
Error	6535	error C2065: 'm_preStat' : undeclared identifier	y:\develop\github\backmir\bmclient\Common\GameRenderObject.h	332	1	BackMirClient
Error	6536	error C2065: 'm_sex' : undeclared identifier	y:\develop\github\backmir\bmclient\Common\GameRenderObject.h	356	1	BackMirClient
Error	6537	error C2065: '_ps' : undeclared identifier	y:\develop\github\backmir\bmclient\Common\GameRenderObject.h	356	1	BackMirClient
Error	6538	error C2065: 'm_sex' : undeclared identifier	y:\develop\github\backmir\bmclient\Common\GameRenderObject.h	360	1	BackMirClient
Error	6539	error C2065: 'PST_DEAD' : undeclared identifier	y:\develop\github\backmir\bmclient\Common\GameRenderObject.h	429	1	BackMirClient
Error	6540	error C1083: Cannot open include file: 'FastDelegateBind.h': No such file or directory	y:\develop\github\backmir\bmclient\gamedialog\GameCommonDlg.h	9	1	BackMirClient
Warning	6541	warning C4819: The file contains a character that cannot be represented in the current code page (936). Save the file in Unicode format to prevent data loss	y:\develop\github\backmir\bmclient\Common\GlobalDefine.h	1	1	BackMirClient
Error	6542	error C2447: '{' : missing function header (old-style formal list?)	y:\develop\github\backmir\bmclient\Common\GlobalDefine.h	91	1	BackMirClient
Error	6543	error C2447: '{' : missing function header (old-style formal list?)	y:\develop\github\backmir\bmclient\Common\GlobalDefine.h	103	1	BackMirClient
Error	6544	error C2447: '{' : missing function header (old-style formal list?)	y:\develop\github\backmir\bmclient\Common\GlobalDefine.h	128	1	BackMirClient
Error	6545	error C2146: syntax error : missing ';' before identifier 'GetAngle'	y:\develop\github\backmir\bmclient\Common\GlobalFunction.h	26	1	BackMirClient
Error	6546	error C4430: missing type specifier - int assumed. Note: C++ does not support default-int	y:\develop\github\backmir\bmclient\Common\GlobalFunction.h	26	1	BackMirClient
Error	6547	error C4430: missing type specifier - int assumed. Note: C++ does not support default-int	y:\develop\github\backmir\bmclient\net\PacketHandler.h	71	1	BackMirClient
Error	6548	error C2143: syntax error : missing ',' before '&'	y:\develop\github\backmir\bmclient\net\PacketHandler.h	71	1	BackMirClient
Warning	6549	warning C4819: The file contains a character that cannot be represented in the current code page (936). Save the file in Unicode format to prevent data loss	y:\develop\github\backmir\CommonModule\MagicEffectID.h	1	1	BackMirClient
Error	6550	error C2061: syntax error : identifier 'PLAYER_DIRECTION'	y:\develop\github\backmir\bmclient\Common\GameRenderObject.h	308	1	BackMirClient
Error	6551	error C2146: syntax error : missing ';' before identifier 'GetDirection'	y:\develop\github\backmir\bmclient\Common\GameRenderObject.h	312	1	BackMirClient
Error	6552	error C2433: 'GameObject::PLAYER_DIRECTION' : 'inline' not permitted on data declarations	y:\develop\github\backmir\bmclient\Common\GameRenderObject.h	312	1	BackMirClient
Error	6553	error C4430: missing type specifier - int assumed. Note: C++ does not support default-int	y:\develop\github\backmir\bmclient\Common\GameRenderObject.h	312	1	BackMirClient
Error	6554	error C4430: missing type specifier - int assumed. Note: C++ does not support default-int	y:\develop\github\backmir\bmclient\Common\GameRenderObject.h	313	1	BackMirClient
Warning	6555	warning C4183: 'GetDirection': missing return type; assumed to be a member function returning 'int'	y:\develop\github\backmir\bmclient\Common\GameRenderObject.h	315	1	BackMirClient
Error	6556	error C2061: syntax error : identifier 'PLAYER_STATUS'	y:\develop\github\backmir\bmclient\Common\GameRenderObject.h	316	1	BackMirClient
Error	6557	error C2146: syntax error : missing ';' before identifier 'GetStatus'	y:\develop\github\backmir\bmclient\Common\GameRenderObject.h	326	1	BackMirClient
Error	6558	error C2433: 'GameObject::PLAYER_STATUS' : 'inline' not permitted on data declarations	y:\develop\github\backmir\bmclient\Common\GameRenderObject.h	326	1	BackMirClient
Error	6559	error C4430: missing type specifier - int assumed. Note: C++ does not support default-int	y:\develop\github\backmir\bmclient\Common\GameRenderObject.h	326	1	BackMirClient
Error	6560	error C4430: missing type specifier - int assumed. Note: C++ does not support default-int	y:\develop\github\backmir\bmclient\Common\GameRenderObject.h	327	1	BackMirClient
Warning	6561	warning C4183: 'GetStatus': missing return type; assumed to be a member function returning 'int'	y:\develop\github\backmir\bmclient\Common\GameRenderObject.h	329	1	BackMirClient
Error	6562	error C2146: syntax error : missing ';' before identifier 'GetPreStatus'	y:\develop\github\backmir\bmclient\Common\GameRenderObject.h	330	1	BackMirClient
Error	6563	error C2433: 'GameObject::PLAYER_STATUS' : 'inline' not permitted on data declarations	y:\develop\github\backmir\bmclient\Common\GameRenderObject.h	330	1	BackMirClient
Error	6564	error C4430: missing type specifier - int assumed. Note: C++ does not support default-int	y:\develop\github\backmir\bmclient\Common\GameRenderObject.h	330	1	BackMirClient
Error	6565	error C4430: missing type specifier - int assumed. Note: C++ does not support default-int	y:\develop\github\backmir\bmclient\Common\GameRenderObject.h	331	1	BackMirClient
Warning	6566	warning C4183: 'GetPreStatus': missing return type; assumed to be a member function returning 'int'	y:\develop\github\backmir\bmclient\Common\GameRenderObject.h	333	1	BackMirClient
Error	6567	error C2061: syntax error : identifier 'PLAYER_SEX'	y:\develop\github\backmir\bmclient\Common\GameRenderObject.h	354	1	BackMirClient
Error	6568	error C2146: syntax error : missing ';' before identifier 'GetPlayerSex'	y:\develop\github\backmir\bmclient\Common\GameRenderObject.h	358	1	BackMirClient
Error	6569	error C2433: 'GameObject::PLAYER_SEX' : 'inline' not permitted on data declarations	y:\develop\github\backmir\bmclient\Common\GameRenderObject.h	358	1	BackMirClient
Error	6570	error C4430: missing type specifier - int assumed. Note: C++ does not support default-int	y:\develop\github\backmir\bmclient\Common\GameRenderObject.h	358	1	BackMirClient
Error	6571	error C4430: missing type specifier - int assumed. Note: C++ does not support default-int	y:\develop\github\backmir\bmclient\Common\GameRenderObject.h	359	1	BackMirClient
Warning	6572	warning C4183: 'GetPlayerSex': missing return type; assumed to be a member function returning 'int'	y:\develop\github\backmir\bmclient\Common\GameRenderObject.h	361	1	BackMirClient
Error	6573	error C4430: missing type specifier - int assumed. Note: C++ does not support default-int	y:\develop\github\backmir\bmclient\Common\GameRenderObject.h	503	1	BackMirClient
Error	6574	error C2143: syntax error : missing ',' before '&'	y:\develop\github\backmir\bmclient\Common\GameRenderObject.h	503	1	BackMirClient
Error	6575	error C4430: missing type specifier - int assumed. Note: C++ does not support default-int	y:\develop\github\backmir\bmclient\Common\GameRenderObject.h	504	1	BackMirClient
Error	6576	error C2143: syntax error : missing ',' before '&'	y:\develop\github\backmir\bmclient\Common\GameRenderObject.h	504	1	BackMirClient
Error	6577	error C2535: 'void GameObject::DoPacket(const int)' : member function already defined or declared	y:\develop\github\backmir\bmclient\Common\GameRenderObject.h	504	1	BackMirClient
Error	6578	error C4430: missing type specifier - int assumed. Note: C++ does not support default-int	y:\develop\github\backmir\bmclient\Common\GameRenderObject.h	505	1	BackMirClient
Error	6579	error C2143: syntax error : missing ',' before '&'	y:\develop\github\backmir\bmclient\Common\GameRenderObject.h	505	1	BackMirClient
Error	6580	error C2535: 'void GameObject::DoPacket(const int)' : member function already defined or declared	y:\develop\github\backmir\bmclient\Common\GameRenderObject.h	505	1	BackMirClient
Error	6581	error C2061: syntax error : identifier 'PLAYER_STATUS'	y:\develop\github\backmir\bmclient\Common\GameRenderObject.h	513	1	BackMirClient
Error	6582	error C2146: syntax error : missing ';' before identifier 'm_drt'	y:\develop\github\backmir\bmclient\Common\GameRenderObject.h	554	1	BackMirClient
Error	6583	error C4430: missing type specifier - int assumed. Note: C++ does not support default-int	y:\develop\github\backmir\bmclient\Common\GameRenderObject.h	554	1	BackMirClient
Error	6584	error C2146: syntax error : missing ';' before identifier 'm_sex'	y:\develop\github\backmir\bmclient\Common\GameRenderObject.h	555	1	BackMirClient
Error	6585	error C4430: missing type specifier - int assumed. Note: C++ does not support default-int	y:\develop\github\backmir\bmclient\Common\GameRenderObject.h	555	1	BackMirClient
Error	6586	error C2146: syntax error : missing ';' before identifier 'm_stat'	y:\develop\github\backmir\bmclient\Common\GameRenderObject.h	556	1	BackMirClient
Error	6587	error C4430: missing type specifier - int assumed. Note: C++ does not support default-int	y:\develop\github\backmir\bmclient\Common\GameRenderObject.h	556	1	BackMirClient
Error	6588	error C2146: syntax error : missing ';' before identifier 'm_preStat'	y:\develop\github\backmir\bmclient\Common\GameRenderObject.h	557	1	BackMirClient
Error	6589	error C4430: missing type specifier - int assumed. Note: C++ does not support default-int	y:\develop\github\backmir\bmclient\Common\GameRenderObject.h	557	1	BackMirClient
Error	6590	error C2065: 'm_drt' : undeclared identifier	y:\develop\github\backmir\bmclient\Common\GameRenderObject.h	253	1	BackMirClient
Error	6591	error C2065: 'PDT_DOWN' : undeclared identifier	y:\develop\github\backmir\bmclient\Common\GameRenderObject.h	253	1	BackMirClient
Error	6592	error C2065: 'm_sex' : undeclared identifier	y:\develop\github\backmir\bmclient\Common\GameRenderObject.h	254	1	BackMirClient
Error	6593	error C2065: 'PSX_MAN' : undeclared identifier	y:\develop\github\backmir\bmclient\Common\GameRenderObject.h	254	1	BackMirClient
Error	6594	error C2065: 'm_preStat' : undeclared identifier	y:\develop\github\backmir\bmclient\Common\GameRenderObject.h	255	1	BackMirClient
Error	6595	error C2065: 'm_stat' : undeclared identifier	y:\develop\github\backmir\bmclient\Common\GameRenderObject.h	255	1	BackMirClient
Error	6596	error C2065: 'PST_STAND' : undeclared identifier	y:\develop\github\backmir\bmclient\Common\GameRenderObject.h	255	1	BackMirClient
Error	6597	error C2065: 'm_drt' : undeclared identifier	y:\develop\github\backmir\bmclient\Common\GameRenderObject.h	310	1	BackMirClient
Error	6598	error C2065: '_pd' : undeclared identifier	y:\develop\github\backmir\bmclient\Common\GameRenderObject.h	310	1	BackMirClient
Error	6599	error C2065: 'm_drt' : undeclared identifier	y:\develop\github\backmir\bmclient\Common\GameRenderObject.h	314	1	BackMirClient
Error	6600	error C2065: 'm_stat' : undeclared identifier	y:\develop\github\backmir\bmclient\Common\GameRenderObject.h	318	1	BackMirClient
Error	6601	error C2065: '_ps' : undeclared identifier	y:\develop\github\backmir\bmclient\Common\GameRenderObject.h	318	1	BackMirClient
Error	6602	error C2065: '_ps' : undeclared identifier	y:\develop\github\backmir\bmclient\Common\GameRenderObject.h	320	1	BackMirClient
Error	6603	error C2065: 'PST_STAND' : undeclared identifier	y:\develop\github\backmir\bmclient\Common\GameRenderObject.h	320	1	BackMirClient
Error	6604	error C2065: '_ps' : undeclared identifier	y:\develop\github\backmir\bmclient\Common\GameRenderObject.h	324	1	BackMirClient
Error	6605	error C2065: 'm_stat' : undeclared identifier	y:\develop\github\backmir\bmclient\Common\GameRenderObject.h	328	1	BackMirClient
Error	6606	error C2065: 'm_preStat' : undeclared identifier	y:\develop\github\backmir\bmclient\Common\GameRenderObject.h	332	1	BackMirClient
Error	6607	error C2065: 'm_sex' : undeclared identifier	y:\develop\github\backmir\bmclient\Common\GameRenderObject.h	356	1	BackMirClient
Error	6608	error C2065: '_ps' : undeclared identifier	y:\develop\github\backmir\bmclient\Common\GameRenderObject.h	356	1	BackMirClient
Error	6609	error C2065: 'm_sex' : undeclared identifier	y:\develop\github\backmir\bmclient\Common\GameRenderObject.h	360	1	BackMirClient
Error	6610	error C2065: 'PST_DEAD' : undeclared identifier	y:\develop\github\backmir\bmclient\Common\GameRenderObject.h	429	1	BackMirClient
Error	6611	error C1083: Cannot open include file: 'FastDelegateBind.h': No such file or directory	y:\develop\github\backmir\bmclient\gamedialog\GameCommonDlg.h	9	1	BackMirClient
Warning	6612	warning C4819: The file contains a character that cannot be represented in the current code page (936). Save the file in Unicode format to prevent data loss	y:\develop\github\backmir\bmclient\Common\GlobalDefine.h	1	1	BackMirClient
Error	6613	error C2447: '{' : missing function header (old-style formal list?)	y:\develop\github\backmir\bmclient\Common\GlobalDefine.h	91	1	BackMirClient
Error	6614	error C2447: '{' : missing function header (old-style formal list?)	y:\develop\github\backmir\bmclient\Common\GlobalDefine.h	103	1	BackMirClient
Error	6615	error C2447: '{' : missing function header (old-style formal list?)	y:\develop\github\backmir\bmclient\Common\GlobalDefine.h	128	1	BackMirClient
Error	6616	error C2146: syntax error : missing ';' before identifier 'GetAngle'	y:\develop\github\backmir\bmclient\Common\GlobalFunction.h	26	1	BackMirClient
Error	6617	error C4430: missing type specifier - int assumed. Note: C++ does not support default-int	y:\develop\github\backmir\bmclient\Common\GlobalFunction.h	26	1	BackMirClient
Error	6618	error C4430: missing type specifier - int assumed. Note: C++ does not support default-int	y:\develop\github\backmir\bmclient\net\PacketHandler.h	71	1	BackMirClient
Error	6619	error C2143: syntax error : missing ',' before '&'	y:\develop\github\backmir\bmclient\net\PacketHandler.h	71	1	BackMirClient
Warning	6620	warning C4819: The file contains a character that cannot be represented in the current code page (936). Save the file in Unicode format to prevent data loss	y:\develop\github\backmir\CommonModule\MagicEffectID.h	1	1	BackMirClient
Error	6621	error C2061: syntax error : identifier 'PLAYER_DIRECTION'	y:\develop\github\backmir\bmclient\Common\GameRenderObject.h	308	1	BackMirClient
Error	6622	error C2146: syntax error : missing ';' before identifier 'GetDirection'	y:\develop\github\backmir\bmclient\Common\GameRenderObject.h	312	1	BackMirClient
Error	6623	error C2433: 'GameObject::PLAYER_DIRECTION' : 'inline' not permitted on data declarations	y:\develop\github\backmir\bmclient\Common\GameRenderObject.h	312	1	BackMirClient
Error	6624	error C4430: missing type specifier - int assumed. Note: C++ does not support default-int	y:\develop\github\backmir\bmclient\Common\GameRenderObject.h	312	1	BackMirClient
Error	6625	error C4430: missing type specifier - int assumed. Note: C++ does not support default-int	y:\develop\github\backmir\bmclient\Common\GameRenderObject.h	313	1	BackMirClient
Warning	6626	warning C4183: 'GetDirection': missing return type; assumed to be a member function returning 'int'	y:\develop\github\backmir\bmclient\Common\GameRenderObject.h	315	1	BackMirClient
Error	6627	error C2061: syntax error : identifier 'PLAYER_STATUS'	y:\develop\github\backmir\bmclient\Common\GameRenderObject.h	316	1	BackMirClient
Error	6628	error C2146: syntax error : missing ';' before identifier 'GetStatus'	y:\develop\github\backmir\bmclient\Common\GameRenderObject.h	326	1	BackMirClient
Error	6629	error C2433: 'GameObject::PLAYER_STATUS' : 'inline' not permitted on data declarations	y:\develop\github\backmir\bmclient\Common\GameRenderObject.h	326	1	BackMirClient
Error	6630	error C4430: missing type specifier - int assumed. Note: C++ does not support default-int	y:\develop\github\backmir\bmclient\Common\GameRenderObject.h	326	1	BackMirClient
Error	6631	error C4430: missing type specifier - int assumed. Note: C++ does not support default-int	y:\develop\github\backmir\bmclient\Common\GameRenderObject.h	327	1	BackMirClient
Warning	6632	warning C4183: 'GetStatus': missing return type; assumed to be a member function returning 'int'	y:\develop\github\backmir\bmclient\Common\GameRenderObject.h	329	1	BackMirClient
Error	6633	error C2146: syntax error : missing ';' before identifier 'GetPreStatus'	y:\develop\github\backmir\bmclient\Common\GameRenderObject.h	330	1	BackMirClient
Error	6634	error C2433: 'GameObject::PLAYER_STATUS' : 'inline' not permitted on data declarations	y:\develop\github\backmir\bmclient\Common\GameRenderObject.h	330	1	BackMirClient
Error	6635	error C4430: missing type specifier - int assumed. Note: C++ does not support default-int	y:\develop\github\backmir\bmclient\Common\GameRenderObject.h	330	1	BackMirClient
Error	6636	error C4430: missing type specifier - int assumed. Note: C++ does not support default-int	y:\develop\github\backmir\bmclient\Common\GameRenderObject.h	331	1	BackMirClient
Warning	6637	warning C4183: 'GetPreStatus': missing return type; assumed to be a member function returning 'int'	y:\develop\github\backmir\bmclient\Common\GameRenderObject.h	333	1	BackMirClient
Error	6638	error C2061: syntax error : identifier 'PLAYER_SEX'	y:\develop\github\backmir\bmclient\Common\GameRenderObject.h	354	1	BackMirClient
Error	6639	error C2146: syntax error : missing ';' before identifier 'GetPlayerSex'	y:\develop\github\backmir\bmclient\Common\GameRenderObject.h	358	1	BackMirClient
Error	6640	error C2433: 'GameObject::PLAYER_SEX' : 'inline' not permitted on data declarations	y:\develop\github\backmir\bmclient\Common\GameRenderObject.h	358	1	BackMirClient
Error	6641	error C4430: missing type specifier - int assumed. Note: C++ does not support default-int	y:\develop\github\backmir\bmclient\Common\GameRenderObject.h	358	1	BackMirClient
Error	6642	error C4430: missing type specifier - int assumed. Note: C++ does not support default-int	y:\develop\github\backmir\bmclient\Common\GameRenderObject.h	359	1	BackMirClient
Warning	6643	warning C4183: 'GetPlayerSex': missing return type; assumed to be a member function returning 'int'	y:\develop\github\backmir\bmclient\Common\GameRenderObject.h	361	1	BackMirClient
Error	6644	error C4430: missing type specifier - int assumed. Note: C++ does not support default-int	y:\develop\github\backmir\bmclient\Common\GameRenderObject.h	503	1	BackMirClient
Error	6645	error C2143: syntax error : missing ',' before '&'	y:\develop\github\backmir\bmclient\Common\GameRenderObject.h	503	1	BackMirClient
Error	6646	error C4430: missing type specifier - int assumed. Note: C++ does not support default-int	y:\develop\github\backmir\bmclient\Common\GameRenderObject.h	504	1	BackMirClient
Error	6647	error C2143: syntax error : missing ',' before '&'	y:\develop\github\backmir\bmclient\Common\GameRenderObject.h	504	1	BackMirClient
Error	6648	error C2535: 'void GameObject::DoPacket(const int)' : member function already defined or declared	y:\develop\github\backmir\bmclient\Common\GameRenderObject.h	504	1	BackMirClient
Error	6649	error C4430: missing type specifier - int assumed. Note: C++ does not support default-int	y:\develop\github\backmir\bmclient\Common\GameRenderObject.h	505	1	BackMirClient
Error	6650	error C2143: syntax error : missing ',' before '&'	y:\develop\github\backmir\bmclient\Common\GameRenderObject.h	505	1	BackMirClient
Error	6651	error C2535: 'void GameObject::DoPacket(const int)' : member function already defined or declared	y:\develop\github\backmir\bmclient\Common\GameRenderObject.h	505	1	BackMirClient
Error	6652	error C2061: syntax error : identifier 'PLAYER_STATUS'	y:\develop\github\backmir\bmclient\Common\GameRenderObject.h	513	1	BackMirClient
Error	6653	error C2146: syntax error : missing ';' before identifier 'm_drt'	y:\develop\github\backmir\bmclient\Common\GameRenderObject.h	554	1	BackMirClient
Error	6654	error C4430: missing type specifier - int assumed. Note: C++ does not support default-int	y:\develop\github\backmir\bmclient\Common\GameRenderObject.h	554	1	BackMirClient
Error	6655	error C2146: syntax error : missing ';' before identifier 'm_sex'	y:\develop\github\backmir\bmclient\Common\GameRenderObject.h	555	1	BackMirClient
Error	6656	error C4430: missing type specifier - int assumed. Note: C++ does not support default-int	y:\develop\github\backmir\bmclient\Common\GameRenderObject.h	555	1	BackMirClient
Error	6657	error C2146: syntax error : missing ';' before identifier 'm_stat'	y:\develop\github\backmir\bmclient\Common\GameRenderObject.h	556	1	BackMirClient
Error	6658	error C4430: missing type specifier - int assumed. Note: C++ does not support default-int	y:\develop\github\backmir\bmclient\Common\GameRenderObject.h	556	1	BackMirClient
Error	6659	error C2146: syntax error : missing ';' before identifier 'm_preStat'	y:\develop\github\backmir\bmclient\Common\GameRenderObject.h	557	1	BackMirClient
Error	6660	error C4430: missing type specifier - int assumed. Note: C++ does not support default-int	y:\develop\github\backmir\bmclient\Common\GameRenderObject.h	557	1	BackMirClient
Error	6661	error C2065: 'm_drt' : undeclared identifier	y:\develop\github\backmir\bmclient\Common\GameRenderObject.h	253	1	BackMirClient
Error	6662	error C2065: 'PDT_DOWN' : undeclared identifier	y:\develop\github\backmir\bmclient\Common\GameRenderObject.h	253	1	BackMirClient
Error	6663	error C2065: 'm_sex' : undeclared identifier	y:\develop\github\backmir\bmclient\Common\GameRenderObject.h	254	1	BackMirClient
Error	6664	error C2065: 'PSX_MAN' : undeclared identifier	y:\develop\github\backmir\bmclient\Common\GameRenderObject.h	254	1	BackMirClient
Error	6665	error C2065: 'm_preStat' : undeclared identifier	y:\develop\github\backmir\bmclient\Common\GameRenderObject.h	255	1	BackMirClient
Error	6666	error C2065: 'm_stat' : undeclared identifier	y:\develop\github\backmir\bmclient\Common\GameRenderObject.h	255	1	BackMirClient
Error	6667	error C2065: 'PST_STAND' : undeclared identifier	y:\develop\github\backmir\bmclient\Common\GameRenderObject.h	255	1	BackMirClient
Error	6668	error C2065: 'm_drt' : undeclared identifier	y:\develop\github\backmir\bmclient\Common\GameRenderObject.h	310	1	BackMirClient
Error	6669	error C2065: '_pd' : undeclared identifier	y:\develop\github\backmir\bmclient\Common\GameRenderObject.h	310	1	BackMirClient
Error	6670	error C2065: 'm_drt' : undeclared identifier	y:\develop\github\backmir\bmclient\Common\GameRenderObject.h	314	1	BackMirClient
Error	6671	error C2065: 'm_stat' : undeclared identifier	y:\develop\github\backmir\bmclient\Common\GameRenderObject.h	318	1	BackMirClient
Error	6672	error C2065: '_ps' : undeclared identifier	y:\develop\github\backmir\bmclient\Common\GameRenderObject.h	318	1	BackMirClient
Error	6673	error C2065: '_ps' : undeclared identifier	y:\develop\github\backmir\bmclient\Common\GameRenderObject.h	320	1	BackMirClient
Error	6674	error C2065: 'PST_STAND' : undeclared identifier	y:\develop\github\backmir\bmclient\Common\GameRenderObject.h	320	1	BackMirClient
Error	6675	error C2065: '_ps' : undeclared identifier	y:\develop\github\backmir\bmclient\Common\GameRenderObject.h	324	1	BackMirClient
Error	6676	error C2065: 'm_stat' : undeclared identifier	y:\develop\github\backmir\bmclient\Common\GameRenderObject.h	328	1	BackMirClient
Error	6677	error C2065: 'm_preStat' : undeclared identifier	y:\develop\github\backmir\bmclient\Common\GameRenderObject.h	332	1	BackMirClient
Error	6678	error C2065: 'm_sex' : undeclared identifier	y:\develop\github\backmir\bmclient\Common\GameRenderObject.h	356	1	BackMirClient
Error	6679	error C2065: '_ps' : undeclared identifier	y:\develop\github\backmir\bmclient\Common\GameRenderObject.h	356	1	BackMirClient
Error	6680	error C2065: 'm_sex' : undeclared identifier	y:\develop\github\backmir\bmclient\Common\GameRenderObject.h	360	1	BackMirClient
Error	6681	error C2065: 'PST_DEAD' : undeclared identifier	y:\develop\github\backmir\bmclient\Common\GameRenderObject.h	429	1	BackMirClient
Error	6682	error C1083: Cannot open include file: 'FastDelegateBind.h': No such file or directory	y:\develop\github\backmir\bmclient\gamedialog\GameCommonDlg.h	9	1	BackMirClient
Warning	6683	warning C4819: The file contains a character that cannot be represented in the current code page (936). Save the file in Unicode format to prevent data loss	y:\develop\github\backmir\bmclient\Common\GlobalDefine.h	1	1	BackMirClient
Error	6684	error C2447: '{' : missing function header (old-style formal list?)	y:\develop\github\backmir\bmclient\Common\GlobalDefine.h	91	1	BackMirClient
Error	6685	error C2447: '{' : missing function header (old-style formal list?)	y:\develop\github\backmir\bmclient\Common\GlobalDefine.h	103	1	BackMirClient
Error	6686	error C2447: '{' : missing function header (old-style formal list?)	y:\develop\github\backmir\bmclient\Common\GlobalDefine.h	128	1	BackMirClient
Error	6687	error C2146: syntax error : missing ';' before identifier 'GetAngle'	y:\develop\github\backmir\bmclient\Common\GlobalFunction.h	26	1	BackMirClient
Error	6688	error C4430: missing type specifier - int assumed. Note: C++ does not support default-int	y:\develop\github\backmir\bmclient\Common\GlobalFunction.h	26	1	BackMirClient
Error	6689	error C4430: missing type specifier - int assumed. Note: C++ does not support default-int	y:\develop\github\backmir\bmclient\net\PacketHandler.h	71	1	BackMirClient
Error	6690	error C2143: syntax error : missing ',' before '&'	y:\develop\github\backmir\bmclient\net\PacketHandler.h	71	1	BackMirClient
Warning	6691	warning C4819: The file contains a character that cannot be represented in the current code page (936). Save the file in Unicode format to prevent data loss	y:\develop\github\backmir\CommonModule\MagicEffectID.h	1	1	BackMirClient
Error	6692	error C2061: syntax error : identifier 'PLAYER_DIRECTION'	y:\develop\github\backmir\bmclient\Common\GameRenderObject.h	308	1	BackMirClient
Error	6693	error C2146: syntax error : missing ';' before identifier 'GetDirection'	y:\develop\github\backmir\bmclient\Common\GameRenderObject.h	312	1	BackMirClient
Error	6694	error C2433: 'GameObject::PLAYER_DIRECTION' : 'inline' not permitted on data declarations	y:\develop\github\backmir\bmclient\Common\GameRenderObject.h	312	1	BackMirClient
Error	6695	error C4430: missing type specifier - int assumed. Note: C++ does not support default-int	y:\develop\github\backmir\bmclient\Common\GameRenderObject.h	312	1	BackMirClient
Error	6696	error C4430: missing type specifier - int assumed. Note: C++ does not support default-int	y:\develop\github\backmir\bmclient\Common\GameRenderObject.h	313	1	BackMirClient
Warning	6697	warning C4183: 'GetDirection': missing return type; assumed to be a member function returning 'int'	y:\develop\github\backmir\bmclient\Common\GameRenderObject.h	315	1	BackMirClient
Error	6698	error C2061: syntax error : identifier 'PLAYER_STATUS'	y:\develop\github\backmir\bmclient\Common\GameRenderObject.h	316	1	BackMirClient
Error	6699	error C2146: syntax error : missing ';' before identifier 'GetStatus'	y:\develop\github\backmir\bmclient\Common\GameRenderObject.h	326	1	BackMirClient
Error	6700	error C2433: 'GameObject::PLAYER_STATUS' : 'inline' not permitted on data declarations	y:\develop\github\backmir\bmclient\Common\GameRenderObject.h	326	1	BackMirClient
Error	6701	error C4430: missing type specifier - int assumed. Note: C++ does not support default-int	y:\develop\github\backmir\bmclient\Common\GameRenderObject.h	326	1	BackMirClient
Error	6702	error C4430: missing type specifier - int assumed. Note: C++ does not support default-int	y:\develop\github\backmir\bmclient\Common\GameRenderObject.h	327	1	BackMirClient
Warning	6703	warning C4183: 'GetStatus': missing return type; assumed to be a member function returning 'int'	y:\develop\github\backmir\bmclient\Common\GameRenderObject.h	329	1	BackMirClient
Error	6704	error C2146: syntax error : missing ';' before identifier 'GetPreStatus'	y:\develop\github\backmir\bmclient\Common\GameRenderObject.h	330	1	BackMirClient
Error	6705	error C2433: 'GameObject::PLAYER_STATUS' : 'inline' not permitted on data declarations	y:\develop\github\backmir\bmclient\Common\GameRenderObject.h	330	1	BackMirClient
Error	6706	error C4430: missing type specifier - int assumed. Note: C++ does not support default-int	y:\develop\github\backmir\bmclient\Common\GameRenderObject.h	330	1	BackMirClient
Error	6707	error C4430: missing type specifier - int assumed. Note: C++ does not support default-int	y:\develop\github\backmir\bmclient\Common\GameRenderObject.h	331	1	BackMirClient
Warning	6708	warning C4183: 'GetPreStatus': missing return type; assumed to be a member function returning 'int'	y:\develop\github\backmir\bmclient\Common\GameRenderObject.h	333	1	BackMirClient
Error	6709	error C2061: syntax error : identifier 'PLAYER_SEX'	y:\develop\github\backmir\bmclient\Common\GameRenderObject.h	354	1	BackMirClient
Error	6710	error C2146: syntax error : missing ';' before identifier 'GetPlayerSex'	y:\develop\github\backmir\bmclient\Common\GameRenderObject.h	358	1	BackMirClient
Error	6711	error C2433: 'GameObject::PLAYER_SEX' : 'inline' not permitted on data declarations	y:\develop\github\backmir\bmclient\Common\GameRenderObject.h	358	1	BackMirClient
Error	6712	error C4430: missing type specifier - int assumed. Note: C++ does not support default-int	y:\develop\github\backmir\bmclient\Common\GameRenderObject.h	358	1	BackMirClient
Error	6713	error C4430: missing type specifier - int assumed. Note: C++ does not support default-int	y:\develop\github\backmir\bmclient\Common\GameRenderObject.h	359	1	BackMirClient
Warning	6714	warning C4183: 'GetPlayerSex': missing return type; assumed to be a member function returning 'int'	y:\develop\github\backmir\bmclient\Common\GameRenderObject.h	361	1	BackMirClient
Error	6715	error C4430: missing type specifier - int assumed. Note: C++ does not support default-int	y:\develop\github\backmir\bmclient\Common\GameRenderObject.h	503	1	BackMirClient
Error	6716	error C2143: syntax error : missing ',' before '&'	y:\develop\github\backmir\bmclient\Common\GameRenderObject.h	503	1	BackMirClient
Error	6717	error C4430: missing type specifier - int assumed. Note: C++ does not support default-int	y:\develop\github\backmir\bmclient\Common\GameRenderObject.h	504	1	BackMirClient
Error	6718	error C2143: syntax error : missing ',' before '&'	y:\develop\github\backmir\bmclient\Common\GameRenderObject.h	504	1	BackMirClient
Error	6719	error C2535: 'void GameObject::DoPacket(const int)' : member function already defined or declared	y:\develop\github\backmir\bmclient\Common\GameRenderObject.h	504	1	BackMirClient
Error	6720	error C4430: missing type specifier - int assumed. Note: C++ does not support default-int	y:\develop\github\backmir\bmclient\Common\GameRenderObject.h	505	1	BackMirClient
Error	6721	error C2143: syntax error : missing ',' before '&'	y:\develop\github\backmir\bmclient\Common\GameRenderObject.h	505	1	BackMirClient
Error	6722	error C2535: 'void GameObject::DoPacket(const int)' : member function already defined or declared	y:\develop\github\backmir\bmclient\Common\GameRenderObject.h	505	1	BackMirClient
Error	6723	error C2061: syntax error : identifier 'PLAYER_STATUS'	y:\develop\github\backmir\bmclient\Common\GameRenderObject.h	513	1	BackMirClient
Error	6724	error C2146: syntax error : missing ';' before identifier 'm_drt'	y:\develop\github\backmir\bmclient\Common\GameRenderObject.h	554	1	BackMirClient
Error	6725	error C4430: missing type specifier - int assumed. Note: C++ does not support default-int	y:\develop\github\backmir\bmclient\Common\GameRenderObject.h	554	1	BackMirClient
Error	6726	error C2146: syntax error : missing ';' before identifier 'm_sex'	y:\develop\github\backmir\bmclient\Common\GameRenderObject.h	555	1	BackMirClient
Error	6727	error C4430: missing type specifier - int assumed. Note: C++ does not support default-int	y:\develop\github\backmir\bmclient\Common\GameRenderObject.h	555	1	BackMirClient
Error	6728	error C2146: syntax error : missing ';' before identifier 'm_stat'	y:\develop\github\backmir\bmclient\Common\GameRenderObject.h	556	1	BackMirClient
Error	6729	error C4430: missing type specifier - int assumed. Note: C++ does not support default-int	y:\develop\github\backmir\bmclient\Common\GameRenderObject.h	556	1	BackMirClient
Error	6730	error C2146: syntax error : missing ';' before identifier 'm_preStat'	y:\develop\github\backmir\bmclient\Common\GameRenderObject.h	557	1	BackMirClient
Error	6731	error C4430: missing type specifier - int assumed. Note: C++ does not support default-int	y:\develop\github\backmir\bmclient\Common\GameRenderObject.h	557	1	BackMirClient
Error	6732	error C2065: 'm_drt' : undeclared identifier	y:\develop\github\backmir\bmclient\Common\GameRenderObject.h	253	1	BackMirClient
Error	6733	error C2065: 'PDT_DOWN' : undeclared identifier	y:\develop\github\backmir\bmclient\Common\GameRenderObject.h	253	1	BackMirClient
Error	6734	error C2065: 'm_sex' : undeclared identifier	y:\develop\github\backmir\bmclient\Common\GameRenderObject.h	254	1	BackMirClient
Error	6735	error C2065: 'PSX_MAN' : undeclared identifier	y:\develop\github\backmir\bmclient\Common\GameRenderObject.h	254	1	BackMirClient
Error	6736	error C2065: 'm_preStat' : undeclared identifier	y:\develop\github\backmir\bmclient\Common\GameRenderObject.h	255	1	BackMirClient
Error	6737	error C2065: 'm_stat' : undeclared identifier	y:\develop\github\backmir\bmclient\Common\GameRenderObject.h	255	1	BackMirClient
Error	6738	error C2065: 'PST_STAND' : undeclared identifier	y:\develop\github\backmir\bmclient\Common\GameRenderObject.h	255	1	BackMirClient
Error	6739	error C2065: 'm_drt' : undeclared identifier	y:\develop\github\backmir\bmclient\Common\GameRenderObject.h	310	1	BackMirClient
Error	6740	error C2065: '_pd' : undeclared identifier	y:\develop\github\backmir\bmclient\Common\GameRenderObject.h	310	1	BackMirClient
Error	6741	error C2065: 'm_drt' : undeclared identifier	y:\develop\github\backmir\bmclient\Common\GameRenderObject.h	314	1	BackMirClient
Error	6742	error C2065: 'm_stat' : undeclared identifier	y:\develop\github\backmir\bmclient\Common\GameRenderObject.h	318	1	BackMirClient
Error	6743	error C2065: '_ps' : undeclared identifier	y:\develop\github\backmir\bmclient\Common\GameRenderObject.h	318	1	BackMirClient
Error	6744	error C2065: '_ps' : undeclared identifier	y:\develop\github\backmir\bmclient\Common\GameRenderObject.h	320	1	BackMirClient
Error	6745	error C2065: 'PST_STAND' : undeclared identifier	y:\develop\github\backmir\bmclient\Common\GameRenderObject.h	320	1	BackMirClient
Error	6746	error C2065: '_ps' : undeclared identifier	y:\develop\github\backmir\bmclient\Common\GameRenderObject.h	324	1	BackMirClient
Error	6747	error C2065: 'm_stat' : undeclared identifier	y:\develop\github\backmir\bmclient\Common\GameRenderObject.h	328	1	BackMirClient
Error	6748	error C2065: 'm_preStat' : undeclared identifier	y:\develop\github\backmir\bmclient\Common\GameRenderObject.h	332	1	BackMirClient
Error	6749	error C2065: 'm_sex' : undeclared identifier	y:\develop\github\backmir\bmclient\Common\GameRenderObject.h	356	1	BackMirClient
Error	6750	error C2065: '_ps' : undeclared identifier	y:\develop\github\backmir\bmclient\Common\GameRenderObject.h	356	1	BackMirClient
Error	6751	error C2065: 'm_sex' : undeclared identifier	y:\develop\github\backmir\bmclient\Common\GameRenderObject.h	360	1	BackMirClient
Error	6752	error C2065: 'PST_DEAD' : undeclared identifier	y:\develop\github\backmir\bmclient\Common\GameRenderObject.h	429	1	BackMirClient
Error	6753	error C1083: Cannot open include file: 'FastDelegateBind.h': No such file or directory	y:\develop\github\backmir\bmclient\gamedialog\GameCommonDlg.h	9	1	BackMirClient
Warning	6754	warning C4819: The file contains a character that cannot be represented in the current code page (936). Save the file in Unicode format to prevent data loss	y:\develop\github\backmir\bmclient\Common\GlobalDefine.h	1	1	BackMirClient
Error	6755	error C2447: '{' : missing function header (old-style formal list?)	y:\develop\github\backmir\bmclient\Common\GlobalDefine.h	91	1	BackMirClient
Error	6756	error C2447: '{' : missing function header (old-style formal list?)	y:\develop\github\backmir\bmclient\Common\GlobalDefine.h	103	1	BackMirClient
Error	6757	error C2447: '{' : missing function header (old-style formal list?)	y:\develop\github\backmir\bmclient\Common\GlobalDefine.h	128	1	BackMirClient
Error	6758	error C2146: syntax error : missing ';' before identifier 'GetAngle'	y:\develop\github\backmir\bmclient\Common\GlobalFunction.h	26	1	BackMirClient
Error	6759	error C4430: missing type specifier - int assumed. Note: C++ does not support default-int	y:\develop\github\backmir\bmclient\Common\GlobalFunction.h	26	1	BackMirClient
Error	6760	error C4430: missing type specifier - int assumed. Note: C++ does not support default-int	y:\develop\github\backmir\bmclient\net\PacketHandler.h	71	1	BackMirClient
Error	6761	error C2143: syntax error : missing ',' before '&'	y:\develop\github\backmir\bmclient\net\PacketHandler.h	71	1	BackMirClient
Warning	6762	warning C4819: The file contains a character that cannot be represented in the current code page (936). Save the file in Unicode format to prevent data loss	y:\develop\github\backmir\CommonModule\MagicEffectID.h	1	1	BackMirClient
Error	6763	error C2061: syntax error : identifier 'PLAYER_DIRECTION'	y:\develop\github\backmir\bmclient\Common\GameRenderObject.h	308	1	BackMirClient
Error	6764	error C2146: syntax error : missing ';' before identifier 'GetDirection'	y:\develop\github\backmir\bmclient\Common\GameRenderObject.h	312	1	BackMirClient
Error	6765	error C2433: 'GameObject::PLAYER_DIRECTION' : 'inline' not permitted on data declarations	y:\develop\github\backmir\bmclient\Common\GameRenderObject.h	312	1	BackMirClient
Error	6766	error C4430: missing type specifier - int assumed. Note: C++ does not support default-int	y:\develop\github\backmir\bmclient\Common\GameRenderObject.h	312	1	BackMirClient
Error	6767	error C4430: missing type specifier - int assumed. Note: C++ does not support default-int	y:\develop\github\backmir\bmclient\Common\GameRenderObject.h	313	1	BackMirClient
Warning	6768	warning C4183: 'GetDirection': missing return type; assumed to be a member function returning 'int'	y:\develop\github\backmir\bmclient\Common\GameRenderObject.h	315	1	BackMirClient
Error	6769	error C2061: syntax error : identifier 'PLAYER_STATUS'	y:\develop\github\backmir\bmclient\Common\GameRenderObject.h	316	1	BackMirClient
Error	6770	error C2146: syntax error : missing ';' before identifier 'GetStatus'	y:\develop\github\backmir\bmclient\Common\GameRenderObject.h	326	1	BackMirClient
Error	6771	error C2433: 'GameObject::PLAYER_STATUS' : 'inline' not permitted on data declarations	y:\develop\github\backmir\bmclient\Common\GameRenderObject.h	326	1	BackMirClient
Error	6772	error C4430: missing type specifier - int assumed. Note: C++ does not support default-int	y:\develop\github\backmir\bmclient\Common\GameRenderObject.h	326	1	BackMirClient
Error	6773	error C4430: missing type specifier - int assumed. Note: C++ does not support default-int	y:\develop\github\backmir\bmclient\Common\GameRenderObject.h	327	1	BackMirClient
Warning	6774	warning C4183: 'GetStatus': missing return type; assumed to be a member function returning 'int'	y:\develop\github\backmir\bmclient\Common\GameRenderObject.h	329	1	BackMirClient
Error	6775	error C2146: syntax error : missing ';' before identifier 'GetPreStatus'	y:\develop\github\backmir\bmclient\Common\GameRenderObject.h	330	1	BackMirClient
Error	6776	error C2433: 'GameObject::PLAYER_STATUS' : 'inline' not permitted on data declarations	y:\develop\github\backmir\bmclient\Common\GameRenderObject.h	330	1	BackMirClient
Error	6777	error C4430: missing type specifier - int assumed. Note: C++ does not support default-int	y:\develop\github\backmir\bmclient\Common\GameRenderObject.h	330	1	BackMirClient
Error	6778	error C4430: missing type specifier - int assumed. Note: C++ does not support default-int	y:\develop\github\backmir\bmclient\Common\GameRenderObject.h	331	1	BackMirClient
Warning	6779	warning C4183: 'GetPreStatus': missing return type; assumed to be a member function returning 'int'	y:\develop\github\backmir\bmclient\Common\GameRenderObject.h	333	1	BackMirClient
Error	6780	error C2061: syntax error : identifier 'PLAYER_SEX'	y:\develop\github\backmir\bmclient\Common\GameRenderObject.h	354	1	BackMirClient
Error	6781	error C2146: syntax error : missing ';' before identifier 'GetPlayerSex'	y:\develop\github\backmir\bmclient\Common\GameRenderObject.h	358	1	BackMirClient
Error	6782	error C2433: 'GameObject::PLAYER_SEX' : 'inline' not permitted on data declarations	y:\develop\github\backmir\bmclient\Common\GameRenderObject.h	358	1	BackMirClient
Error	6783	error C4430: missing type specifier - int assumed. Note: C++ does not support default-int	y:\develop\github\backmir\bmclient\Common\GameRenderObject.h	358	1	BackMirClient
Error	6784	error C4430: missing type specifier - int assumed. Note: C++ does not support default-int	y:\develop\github\backmir\bmclient\Common\GameRenderObject.h	359	1	BackMirClient
Warning	6785	warning C4183: 'GetPlayerSex': missing return type; assumed to be a member function returning 'int'	y:\develop\github\backmir\bmclient\Common\GameRenderObject.h	361	1	BackMirClient
Error	6786	error C4430: missing type specifier - int assumed. Note: C++ does not support default-int	y:\develop\github\backmir\bmclient\Common\GameRenderObject.h	503	1	BackMirClient
Error	6787	error C2143: syntax error : missing ',' before '&'	y:\develop\github\backmir\bmclient\Common\GameRenderObject.h	503	1	BackMirClient
Error	6788	error C4430: missing type specifier - int assumed. Note: C++ does not support default-int	y:\develop\github\backmir\bmclient\Common\GameRenderObject.h	504	1	BackMirClient
Error	6789	error C2143: syntax error : missing ',' before '&'	y:\develop\github\backmir\bmclient\Common\GameRenderObject.h	504	1	BackMirClient
Error	6790	error C2535: 'void GameObject::DoPacket(const int)' : member function already defined or declared	y:\develop\github\backmir\bmclient\Common\GameRenderObject.h	504	1	BackMirClient
Error	6791	error C4430: missing type specifier - int assumed. Note: C++ does not support default-int	y:\develop\github\backmir\bmclient\Common\GameRenderObject.h	505	1	BackMirClient
Error	6792	error C2143: syntax error : missing ',' before '&'	y:\develop\github\backmir\bmclient\Common\GameRenderObject.h	505	1	BackMirClient
Error	6793	error C2535: 'void GameObject::DoPacket(const int)' : member function already defined or declared	y:\develop\github\backmir\bmclient\Common\GameRenderObject.h	505	1	BackMirClient
Error	6794	error C2061: syntax error : identifier 'PLAYER_STATUS'	y:\develop\github\backmir\bmclient\Common\GameRenderObject.h	513	1	BackMirClient
Error	6795	error C2146: syntax error : missing ';' before identifier 'm_drt'	y:\develop\github\backmir\bmclient\Common\GameRenderObject.h	554	1	BackMirClient
Error	6796	error C4430: missing type specifier - int assumed. Note: C++ does not support default-int	y:\develop\github\backmir\bmclient\Common\GameRenderObject.h	554	1	BackMirClient
Error	6797	error C2146: syntax error : missing ';' before identifier 'm_sex'	y:\develop\github\backmir\bmclient\Common\GameRenderObject.h	555	1	BackMirClient
Error	6798	error C4430: missing type specifier - int assumed. Note: C++ does not support default-int	y:\develop\github\backmir\bmclient\Common\GameRenderObject.h	555	1	BackMirClient
Error	6799	error C2146: syntax error : missing ';' before identifier 'm_stat'	y:\develop\github\backmir\bmclient\Common\GameRenderObject.h	556	1	BackMirClient
Error	6800	error C4430: missing type specifier - int assumed. Note: C++ does not support default-int	y:\develop\github\backmir\bmclient\Common\GameRenderObject.h	556	1	BackMirClient
Error	6801	error C2146: syntax error : missing ';' before identifier 'm_preStat'	y:\develop\github\backmir\bmclient\Common\GameRenderObject.h	557	1	BackMirClient
Error	6802	error C4430: missing type specifier - int assumed. Note: C++ does not support default-int	y:\develop\github\backmir\bmclient\Common\GameRenderObject.h	557	1	BackMirClient
Error	6803	error C2065: 'm_drt' : undeclared identifier	y:\develop\github\backmir\bmclient\Common\GameRenderObject.h	253	1	BackMirClient
Error	6804	error C2065: 'PDT_DOWN' : undeclared identifier	y:\develop\github\backmir\bmclient\Common\GameRenderObject.h	253	1	BackMirClient
Error	6805	error C2065: 'm_sex' : undeclared identifier	y:\develop\github\backmir\bmclient\Common\GameRenderObject.h	254	1	BackMirClient
Error	6806	error C2065: 'PSX_MAN' : undeclared identifier	y:\develop\github\backmir\bmclient\Common\GameRenderObject.h	254	1	BackMirClient
Error	6807	error C2065: 'm_preStat' : undeclared identifier	y:\develop\github\backmir\bmclient\Common\GameRenderObject.h	255	1	BackMirClient
Error	6808	error C2065: 'm_stat' : undeclared identifier	y:\develop\github\backmir\bmclient\Common\GameRenderObject.h	255	1	BackMirClient
Error	6809	error C2065: 'PST_STAND' : undeclared identifier	y:\develop\github\backmir\bmclient\Common\GameRenderObject.h	255	1	BackMirClient
Error	6810	error C2065: 'm_drt' : undeclared identifier	y:\develop\github\backmir\bmclient\Common\GameRenderObject.h	310	1	BackMirClient
Error	6811	error C2065: '_pd' : undeclared identifier	y:\develop\github\backmir\bmclient\Common\GameRenderObject.h	310	1	BackMirClient
Error	6812	error C2065: 'm_drt' : undeclared identifier	y:\develop\github\backmir\bmclient\Common\GameRenderObject.h	314	1	BackMirClient
Error	6813	error C2065: 'm_stat' : undeclared identifier	y:\develop\github\backmir\bmclient\Common\GameRenderObject.h	318	1	BackMirClient
Error	6814	error C2065: '_ps' : undeclared identifier	y:\develop\github\backmir\bmclient\Common\GameRenderObject.h	318	1	BackMirClient
Error	6815	error C2065: '_ps' : undeclared identifier	y:\develop\github\backmir\bmclient\Common\GameRenderObject.h	320	1	BackMirClient
Error	6816	error C2065: 'PST_STAND' : undeclared identifier	y:\develop\github\backmir\bmclient\Common\GameRenderObject.h	320	1	BackMirClient
Error	6817	error C2065: '_ps' : undeclared identifier	y:\develop\github\backmir\bmclient\Common\GameRenderObject.h	324	1	BackMirClient
Error	6818	error C2065: 'm_stat' : undeclared identifier	y:\develop\github\backmir\bmclient\Common\GameRenderObject.h	328	1	BackMirClient
Error	6819	error C2065: 'm_preStat' : undeclared identifier	y:\develop\github\backmir\bmclient\Common\GameRenderObject.h	332	1	BackMirClient
Error	6820	error C2065: 'm_sex' : undeclared identifier	y:\develop\github\backmir\bmclient\Common\GameRenderObject.h	356	1	BackMirClient
Error	6821	error C2065: '_ps' : undeclared identifier	y:\develop\github\backmir\bmclient\Common\GameRenderObject.h	356	1	BackMirClient
Error	6822	error C2065: 'm_sex' : undeclared identifier	y:\develop\github\backmir\bmclient\Common\GameRenderObject.h	360	1	BackMirClient
Error	6823	error C2065: 'PST_DEAD' : undeclared identifier	y:\develop\github\backmir\bmclient\Common\GameRenderObject.h	429	1	BackMirClient
Error	6824	error C1083: Cannot open include file: 'FastDelegateBind.h': No such file or directory	y:\develop\github\backmir\bmclient\gamedialog\GameCommonDlg.h	9	1	BackMirClient
Warning	6825	warning C4819: The file contains a character that cannot be represented in the current code page (936). Save the file in Unicode format to prevent data loss	y:\develop\github\backmir\bmclient\Common\GlobalDefine.h	1	1	BackMirClient
Error	6826	error C2447: '{' : missing function header (old-style formal list?)	y:\develop\github\backmir\bmclient\Common\GlobalDefine.h	91	1	BackMirClient
Error	6827	error C2447: '{' : missing function header (old-style formal list?)	y:\develop\github\backmir\bmclient\Common\GlobalDefine.h	103	1	BackMirClient
Error	6828	error C2447: '{' : missing function header (old-style formal list?)	y:\develop\github\backmir\bmclient\Common\GlobalDefine.h	128	1	BackMirClient
Error	6829	error C2146: syntax error : missing ';' before identifier 'GetAngle'	y:\develop\github\backmir\bmclient\Common\GlobalFunction.h	26	1	BackMirClient
Error	6830	error C4430: missing type specifier - int assumed. Note: C++ does not support default-int	y:\develop\github\backmir\bmclient\Common\GlobalFunction.h	26	1	BackMirClient
Error	6831	error C4430: missing type specifier - int assumed. Note: C++ does not support default-int	y:\develop\github\backmir\bmclient\net\PacketHandler.h	71	1	BackMirClient
Error	6832	error C2143: syntax error : missing ',' before '&'	y:\develop\github\backmir\bmclient\net\PacketHandler.h	71	1	BackMirClient
Warning	6833	warning C4819: The file contains a character that cannot be represented in the current code page (936). Save the file in Unicode format to prevent data loss	y:\develop\github\backmir\CommonModule\MagicEffectID.h	1	1	BackMirClient
Error	6834	error C2061: syntax error : identifier 'PLAYER_DIRECTION'	y:\develop\github\backmir\bmclient\Common\GameRenderObject.h	308	1	BackMirClient
Error	6835	error C2146: syntax error : missing ';' before identifier 'GetDirection'	y:\develop\github\backmir\bmclient\Common\GameRenderObject.h	312	1	BackMirClient
Error	6836	error C2433: 'GameObject::PLAYER_DIRECTION' : 'inline' not permitted on data declarations	y:\develop\github\backmir\bmclient\Common\GameRenderObject.h	312	1	BackMirClient
Error	6837	error C4430: missing type specifier - int assumed. Note: C++ does not support default-int	y:\develop\github\backmir\bmclient\Common\GameRenderObject.h	312	1	BackMirClient
Error	6838	error C4430: missing type specifier - int assumed. Note: C++ does not support default-int	y:\develop\github\backmir\bmclient\Common\GameRenderObject.h	313	1	BackMirClient
Warning	6839	warning C4183: 'GetDirection': missing return type; assumed to be a member function returning 'int'	y:\develop\github\backmir\bmclient\Common\GameRenderObject.h	315	1	BackMirClient
Error	6840	error C2061: syntax error : identifier 'PLAYER_STATUS'	y:\develop\github\backmir\bmclient\Common\GameRenderObject.h	316	1	BackMirClient
Error	6841	error C2146: syntax error : missing ';' before identifier 'GetStatus'	y:\develop\github\backmir\bmclient\Common\GameRenderObject.h	326	1	BackMirClient
Error	6842	error C2433: 'GameObject::PLAYER_STATUS' : 'inline' not permitted on data declarations	y:\develop\github\backmir\bmclient\Common\GameRenderObject.h	326	1	BackMirClient
Error	6843	error C4430: missing type specifier - int assumed. Note: C++ does not support default-int	y:\develop\github\backmir\bmclient\Common\GameRenderObject.h	326	1	BackMirClient
Error	6844	error C4430: missing type specifier - int assumed. Note: C++ does not support default-int	y:\develop\github\backmir\bmclient\Common\GameRenderObject.h	327	1	BackMirClient
Warning	6845	warning C4183: 'GetStatus': missing return type; assumed to be a member function returning 'int'	y:\develop\github\backmir\bmclient\Common\GameRenderObject.h	329	1	BackMirClient
Error	6846	error C2146: syntax error : missing ';' before identifier 'GetPreStatus'	y:\develop\github\backmir\bmclient\Common\GameRenderObject.h	330	1	BackMirClient
Error	6847	error C2433: 'GameObject::PLAYER_STATUS' : 'inline' not permitted on data declarations	y:\develop\github\backmir\bmclient\Common\GameRenderObject.h	330	1	BackMirClient
Error	6848	error C4430: missing type specifier - int assumed. Note: C++ does not support default-int	y:\develop\github\backmir\bmclient\Common\GameRenderObject.h	330	1	BackMirClient
Error	6849	error C4430: missing type specifier - int assumed. Note: C++ does not support default-int	y:\develop\github\backmir\bmclient\Common\GameRenderObject.h	331	1	BackMirClient
Warning	6850	warning C4183: 'GetPreStatus': missing return type; assumed to be a member function returning 'int'	y:\develop\github\backmir\bmclient\Common\GameRenderObject.h	333	1	BackMirClient
Error	6851	error C2061: syntax error : identifier 'PLAYER_SEX'	y:\develop\github\backmir\bmclient\Common\GameRenderObject.h	354	1	BackMirClient
Error	6852	error C2146: syntax error : missing ';' before identifier 'GetPlayerSex'	y:\develop\github\backmir\bmclient\Common\GameRenderObject.h	358	1	BackMirClient
Error	6853	error C2433: 'GameObject::PLAYER_SEX' : 'inline' not permitted on data declarations	y:\develop\github\backmir\bmclient\Common\GameRenderObject.h	358	1	BackMirClient
Error	6854	error C4430: missing type specifier - int assumed. Note: C++ does not support default-int	y:\develop\github\backmir\bmclient\Common\GameRenderObject.h	358	1	BackMirClient
Error	6855	error C4430: missing type specifier - int assumed. Note: C++ does not support default-int	y:\develop\github\backmir\bmclient\Common\GameRenderObject.h	359	1	BackMirClient
Warning	6856	warning C4183: 'GetPlayerSex': missing return type; assumed to be a member function returning 'int'	y:\develop\github\backmir\bmclient\Common\GameRenderObject.h	361	1	BackMirClient
Error	6857	error C4430: missing type specifier - int assumed. Note: C++ does not support default-int	y:\develop\github\backmir\bmclient\Common\GameRenderObject.h	503	1	BackMirClient
Error	6858	error C2143: syntax error : missing ',' before '&'	y:\develop\github\backmir\bmclient\Common\GameRenderObject.h	503	1	BackMirClient
Error	6859	error C4430: missing type specifier - int assumed. Note: C++ does not support default-int	y:\develop\github\backmir\bmclient\Common\GameRenderObject.h	504	1	BackMirClient
Error	6860	error C2143: syntax error : missing ',' before '&'	y:\develop\github\backmir\bmclient\Common\GameRenderObject.h	504	1	BackMirClient
Error	6861	error C2535: 'void GameObject::DoPacket(const int)' : member function already defined or declared	y:\develop\github\backmir\bmclient\Common\GameRenderObject.h	504	1	BackMirClient
Error	6862	error C4430: missing type specifier - int assumed. Note: C++ does not support default-int	y:\develop\github\backmir\bmclient\Common\GameRenderObject.h	505	1	BackMirClient
Error	6863	error C2143: syntax error : missing ',' before '&'	y:\develop\github\backmir\bmclient\Common\GameRenderObject.h	505	1	BackMirClient
Error	6864	error C2535: 'void GameObject::DoPacket(const int)' : member function already defined or declared	y:\develop\github\backmir\bmclient\Common\GameRenderObject.h	505	1	BackMirClient
Error	6865	error C2061: syntax error : identifier 'PLAYER_STATUS'	y:\develop\github\backmir\bmclient\Common\GameRenderObject.h	513	1	BackMirClient
Error	6866	error C2146: syntax error : missing ';' before identifier 'm_drt'	y:\develop\github\backmir\bmclient\Common\GameRenderObject.h	554	1	BackMirClient
Error	6867	error C4430: missing type specifier - int assumed. Note: C++ does not support default-int	y:\develop\github\backmir\bmclient\Common\GameRenderObject.h	554	1	BackMirClient
Error	6868	error C2146: syntax error : missing ';' before identifier 'm_sex'	y:\develop\github\backmir\bmclient\Common\GameRenderObject.h	555	1	BackMirClient
Error	6869	error C4430: missing type specifier - int assumed. Note: C++ does not support default-int	y:\develop\github\backmir\bmclient\Common\GameRenderObject.h	555	1	BackMirClient
Error	6870	error C2146: syntax error : missing ';' before identifier 'm_stat'	y:\develop\github\backmir\bmclient\Common\GameRenderObject.h	556	1	BackMirClient
Error	6871	error C4430: missing type specifier - int assumed. Note: C++ does not support default-int	y:\develop\github\backmir\bmclient\Common\GameRenderObject.h	556	1	BackMirClient
Error	6872	error C2146: syntax error : missing ';' before identifier 'm_preStat'	y:\develop\github\backmir\bmclient\Common\GameRenderObject.h	557	1	BackMirClient
Error	6873	error C4430: missing type specifier - int assumed. Note: C++ does not support default-int	y:\develop\github\backmir\bmclient\Common\GameRenderObject.h	557	1	BackMirClient
Error	6874	error C2065: 'm_drt' : undeclared identifier	y:\develop\github\backmir\bmclient\Common\GameRenderObject.h	253	1	BackMirClient
Error	6875	error C2065: 'PDT_DOWN' : undeclared identifier	y:\develop\github\backmir\bmclient\Common\GameRenderObject.h	253	1	BackMirClient
Error	6876	error C2065: 'm_sex' : undeclared identifier	y:\develop\github\backmir\bmclient\Common\GameRenderObject.h	254	1	BackMirClient
Error	6877	error C2065: 'PSX_MAN' : undeclared identifier	y:\develop\github\backmir\bmclient\Common\GameRenderObject.h	254	1	BackMirClient
Error	6878	error C2065: 'm_preStat' : undeclared identifier	y:\develop\github\backmir\bmclient\Common\GameRenderObject.h	255	1	BackMirClient
Error	6879	error C2065: 'm_stat' : undeclared identifier	y:\develop\github\backmir\bmclient\Common\GameRenderObject.h	255	1	BackMirClient
Error	6880	error C2065: 'PST_STAND' : undeclared identifier	y:\develop\github\backmir\bmclient\Common\GameRenderObject.h	255	1	BackMirClient
Error	6881	error C2065: 'm_drt' : undeclared identifier	y:\develop\github\backmir\bmclient\Common\GameRenderObject.h	310	1	BackMirClient
Error	6882	error C2065: '_pd' : undeclared identifier	y:\develop\github\backmir\bmclient\Common\GameRenderObject.h	310	1	BackMirClient
Error	6883	error C2065: 'm_drt' : undeclared identifier	y:\develop\github\backmir\bmclient\Common\GameRenderObject.h	314	1	BackMirClient
Error	6884	error C2065: 'm_stat' : undeclared identifier	y:\develop\github\backmir\bmclient\Common\GameRenderObject.h	318	1	BackMirClient
Error	6885	error C2065: '_ps' : undeclared identifier	y:\develop\github\backmir\bmclient\Common\GameRenderObject.h	318	1	BackMirClient
Error	6886	error C2065: '_ps' : undeclared identifier	y:\develop\github\backmir\bmclient\Common\GameRenderObject.h	320	1	BackMirClient
Error	6887	error C2065: 'PST_STAND' : undeclared identifier	y:\develop\github\backmir\bmclient\Common\GameRenderObject.h	320	1	BackMirClient
Error	6888	error C2065: '_ps' : undeclared identifier	y:\develop\github\backmir\bmclient\Common\GameRenderObject.h	324	1	BackMirClient
Error	6889	error C2065: 'm_stat' : undeclared identifier	y:\develop\github\backmir\bmclient\Common\GameRenderObject.h	328	1	BackMirClient
Error	6890	error C2065: 'm_preStat' : undeclared identifier	y:\develop\github\backmir\bmclient\Common\GameRenderObject.h	332	1	BackMirClient
Error	6891	error C2065: 'm_sex' : undeclared identifier	y:\develop\github\backmir\bmclient\Common\GameRenderObject.h	356	1	BackMirClient
Error	6892	error C2065: '_ps' : undeclared identifier	y:\develop\github\backmir\bmclient\Common\GameRenderObject.h	356	1	BackMirClient
Error	6893	error C2065: 'm_sex' : undeclared identifier	y:\develop\github\backmir\bmclient\Common\GameRenderObject.h	360	1	BackMirClient
Error	6894	error C2065: 'PST_DEAD' : undeclared identifier	y:\develop\github\backmir\bmclient\Common\GameRenderObject.h	429	1	BackMirClient
Error	6895	error C1083: Cannot open include file: 'FastDelegateBind.h': No such file or directory	y:\develop\github\backmir\bmclient\GameDialog\GameCommonDlg.h	9	1	BackMirClient
Warning	6896	warning C4819: The file contains a character that cannot be represented in the current code page (936). Save the file in Unicode format to prevent data loss	y:\develop\github\backmir\bmclient\Common\GlobalDefine.h	1	1	BackMirClient
Error	6897	error C2447: '{' : missing function header (old-style formal list?)	y:\develop\github\backmir\bmclient\Common\GlobalDefine.h	91	1	BackMirClient
Error	6898	error C2447: '{' : missing function header (old-style formal list?)	y:\develop\github\backmir\bmclient\Common\GlobalDefine.h	103	1	BackMirClient
Error	6899	error C2447: '{' : missing function header (old-style formal list?)	y:\develop\github\backmir\bmclient\Common\GlobalDefine.h	128	1	BackMirClient
Error	6900	error C2146: syntax error : missing ';' before identifier 'GetAngle'	y:\develop\github\backmir\bmclient\Common\GlobalFunction.h	26	1	BackMirClient
Error	6901	error C4430: missing type specifier - int assumed. Note: C++ does not support default-int	y:\develop\github\backmir\bmclient\Common\GlobalFunction.h	26	1	BackMirClient
Error	6902	error C4430: missing type specifier - int assumed. Note: C++ does not support default-int	y:\develop\github\backmir\bmclient\net\PacketHandler.h	71	1	BackMirClient
Error	6903	error C2143: syntax error : missing ',' before '&'	y:\develop\github\backmir\bmclient\net\PacketHandler.h	71	1	BackMirClient
Warning	6904	warning C4819: The file contains a character that cannot be represented in the current code page (936). Save the file in Unicode format to prevent data loss	y:\develop\github\backmir\CommonModule\MagicEffectID.h	1	1	BackMirClient
Error	6905	error C2061: syntax error : identifier 'PLAYER_DIRECTION'	y:\develop\github\backmir\bmclient\Common\GameRenderObject.h	308	1	BackMirClient
Error	6906	error C2146: syntax error : missing ';' before identifier 'GetDirection'	y:\develop\github\backmir\bmclient\Common\GameRenderObject.h	312	1	BackMirClient
Error	6907	error C2433: 'GameObject::PLAYER_DIRECTION' : 'inline' not permitted on data declarations	y:\develop\github\backmir\bmclient\Common\GameRenderObject.h	312	1	BackMirClient
Error	6908	error C4430: missing type specifier - int assumed. Note: C++ does not support default-int	y:\develop\github\backmir\bmclient\Common\GameRenderObject.h	312	1	BackMirClient
Error	6909	error C4430: missing type specifier - int assumed. Note: C++ does not support default-int	y:\develop\github\backmir\bmclient\Common\GameRenderObject.h	313	1	BackMirClient
Warning	6910	warning C4183: 'GetDirection': missing return type; assumed to be a member function returning 'int'	y:\develop\github\backmir\bmclient\Common\GameRenderObject.h	315	1	BackMirClient
Error	6911	error C2061: syntax error : identifier 'PLAYER_STATUS'	y:\develop\github\backmir\bmclient\Common\GameRenderObject.h	316	1	BackMirClient
Error	6912	error C2146: syntax error : missing ';' before identifier 'GetStatus'	y:\develop\github\backmir\bmclient\Common\GameRenderObject.h	326	1	BackMirClient
Error	6913	error C2433: 'GameObject::PLAYER_STATUS' : 'inline' not permitted on data declarations	y:\develop\github\backmir\bmclient\Common\GameRenderObject.h	326	1	BackMirClient
Error	6914	error C4430: missing type specifier - int assumed. Note: C++ does not support default-int	y:\develop\github\backmir\bmclient\Common\GameRenderObject.h	326	1	BackMirClient
Error	6915	error C4430: missing type specifier - int assumed. Note: C++ does not support default-int	y:\develop\github\backmir\bmclient\Common\GameRenderObject.h	327	1	BackMirClient
Warning	6916	warning C4183: 'GetStatus': missing return type; assumed to be a member function returning 'int'	y:\develop\github\backmir\bmclient\Common\GameRenderObject.h	329	1	BackMirClient
Error	6917	error C2146: syntax error : missing ';' before identifier 'GetPreStatus'	y:\develop\github\backmir\bmclient\Common\GameRenderObject.h	330	1	BackMirClient
Error	6918	error C2433: 'GameObject::PLAYER_STATUS' : 'inline' not permitted on data declarations	y:\develop\github\backmir\bmclient\Common\GameRenderObject.h	330	1	BackMirClient
Error	6919	error C4430: missing type specifier - int assumed. Note: C++ does not support default-int	y:\develop\github\backmir\bmclient\Common\GameRenderObject.h	330	1	BackMirClient
Error	6920	error C4430: missing type specifier - int assumed. Note: C++ does not support default-int	y:\develop\github\backmir\bmclient\Common\GameRenderObject.h	331	1	BackMirClient
Warning	6921	warning C4183: 'GetPreStatus': missing return type; assumed to be a member function returning 'int'	y:\develop\github\backmir\bmclient\Common\GameRenderObject.h	333	1	BackMirClient
Error	6922	error C2061: syntax error : identifier 'PLAYER_SEX'	y:\develop\github\backmir\bmclient\Common\GameRenderObject.h	354	1	BackMirClient
Error	6923	error C2146: syntax error : missing ';' before identifier 'GetPlayerSex'	y:\develop\github\backmir\bmclient\Common\GameRenderObject.h	358	1	BackMirClient
Error	6924	error C2433: 'GameObject::PLAYER_SEX' : 'inline' not permitted on data declarations	y:\develop\github\backmir\bmclient\Common\GameRenderObject.h	358	1	BackMirClient
Error	6925	error C4430: missing type specifier - int assumed. Note: C++ does not support default-int	y:\develop\github\backmir\bmclient\Common\GameRenderObject.h	358	1	BackMirClient
Error	6926	error C4430: missing type specifier - int assumed. Note: C++ does not support default-int	y:\develop\github\backmir\bmclient\Common\GameRenderObject.h	359	1	BackMirClient
Warning	6927	warning C4183: 'GetPlayerSex': missing return type; assumed to be a member function returning 'int'	y:\develop\github\backmir\bmclient\Common\GameRenderObject.h	361	1	BackMirClient
Error	6928	error C4430: missing type specifier - int assumed. Note: C++ does not support default-int	y:\develop\github\backmir\bmclient\Common\GameRenderObject.h	503	1	BackMirClient
Error	6929	error C2143: syntax error : missing ',' before '&'	y:\develop\github\backmir\bmclient\Common\GameRenderObject.h	503	1	BackMirClient
Error	6930	error C4430: missing type specifier - int assumed. Note: C++ does not support default-int	y:\develop\github\backmir\bmclient\Common\GameRenderObject.h	504	1	BackMirClient
Error	6931	error C2143: syntax error : missing ',' before '&'	y:\develop\github\backmir\bmclient\Common\GameRenderObject.h	504	1	BackMirClient
Error	6932	error C2535: 'void GameObject::DoPacket(const int)' : member function already defined or declared	y:\develop\github\backmir\bmclient\Common\GameRenderObject.h	504	1	BackMirClient
Error	6933	error C4430: missing type specifier - int assumed. Note: C++ does not support default-int	y:\develop\github\backmir\bmclient\Common\GameRenderObject.h	505	1	BackMirClient
Error	6934	error C2143: syntax error : missing ',' before '&'	y:\develop\github\backmir\bmclient\Common\GameRenderObject.h	505	1	BackMirClient
Error	6935	error C2535: 'void GameObject::DoPacket(const int)' : member function already defined or declared	y:\develop\github\backmir\bmclient\Common\GameRenderObject.h	505	1	BackMirClient
Error	6936	error C2061: syntax error : identifier 'PLAYER_STATUS'	y:\develop\github\backmir\bmclient\Common\GameRenderObject.h	513	1	BackMirClient
Error	6937	error C2146: syntax error : missing ';' before identifier 'm_drt'	y:\develop\github\backmir\bmclient\Common\GameRenderObject.h	554	1	BackMirClient
Error	6938	error C4430: missing type specifier - int assumed. Note: C++ does not support default-int	y:\develop\github\backmir\bmclient\Common\GameRenderObject.h	554	1	BackMirClient
Error	6939	error C2146: syntax error : missing ';' before identifier 'm_sex'	y:\develop\github\backmir\bmclient\Common\GameRenderObject.h	555	1	BackMirClient
Error	6940	error C4430: missing type specifier - int assumed. Note: C++ does not support default-int	y:\develop\github\backmir\bmclient\Common\GameRenderObject.h	555	1	BackMirClient
Error	6941	error C2146: syntax error : missing ';' before identifier 'm_stat'	y:\develop\github\backmir\bmclient\Common\GameRenderObject.h	556	1	BackMirClient
Error	6942	error C4430: missing type specifier - int assumed. Note: C++ does not support default-int	y:\develop\github\backmir\bmclient\Common\GameRenderObject.h	556	1	BackMirClient
Error	6943	error C2146: syntax error : missing ';' before identifier 'm_preStat'	y:\develop\github\backmir\bmclient\Common\GameRenderObject.h	557	1	BackMirClient
Error	6944	error C4430: missing type specifier - int assumed. Note: C++ does not support default-int	y:\develop\github\backmir\bmclient\Common\GameRenderObject.h	557	1	BackMirClient
Error	6945	error C2065: 'm_drt' : undeclared identifier	y:\develop\github\backmir\bmclient\Common\GameRenderObject.h	253	1	BackMirClient
Error	6946	error C2065: 'PDT_DOWN' : undeclared identifier	y:\develop\github\backmir\bmclient\Common\GameRenderObject.h	253	1	BackMirClient
Error	6947	error C2065: 'm_sex' : undeclared identifier	y:\develop\github\backmir\bmclient\Common\GameRenderObject.h	254	1	BackMirClient
Error	6948	error C2065: 'PSX_MAN' : undeclared identifier	y:\develop\github\backmir\bmclient\Common\GameRenderObject.h	254	1	BackMirClient
Error	6949	error C2065: 'm_preStat' : undeclared identifier	y:\develop\github\backmir\bmclient\Common\GameRenderObject.h	255	1	BackMirClient
Error	6950	error C2065: 'm_stat' : undeclared identifier	y:\develop\github\backmir\bmclient\Common\GameRenderObject.h	255	1	BackMirClient
Error	6951	error C2065: 'PST_STAND' : undeclared identifier	y:\develop\github\backmir\bmclient\Common\GameRenderObject.h	255	1	BackMirClient
Error	6952	error C2065: 'm_drt' : undeclared identifier	y:\develop\github\backmir\bmclient\Common\GameRenderObject.h	310	1	BackMirClient
Error	6953	error C2065: '_pd' : undeclared identifier	y:\develop\github\backmir\bmclient\Common\GameRenderObject.h	310	1	BackMirClient
Error	6954	error C2065: 'm_drt' : undeclared identifier	y:\develop\github\backmir\bmclient\Common\GameRenderObject.h	314	1	BackMirClient
Error	6955	error C2065: 'm_stat' : undeclared identifier	y:\develop\github\backmir\bmclient\Common\GameRenderObject.h	318	1	BackMirClient
Error	6956	error C2065: '_ps' : undeclared identifier	y:\develop\github\backmir\bmclient\Common\GameRenderObject.h	318	1	BackMirClient
Error	6957	error C2065: '_ps' : undeclared identifier	y:\develop\github\backmir\bmclient\Common\GameRenderObject.h	320	1	BackMirClient
Error	6958	error C2065: 'PST_STAND' : undeclared identifier	y:\develop\github\backmir\bmclient\Common\GameRenderObject.h	320	1	BackMirClient
Error	6959	error C2065: '_ps' : undeclared identifier	y:\develop\github\backmir\bmclient\Common\GameRenderObject.h	324	1	BackMirClient
Error	6960	error C2065: 'm_stat' : undeclared identifier	y:\develop\github\backmir\bmclient\Common\GameRenderObject.h	328	1	BackMirClient
Error	6961	error C2065: 'm_preStat' : undeclared identifier	y:\develop\github\backmir\bmclient\Common\GameRenderObject.h	332	1	BackMirClient
Error	6962	error C2065: 'm_sex' : undeclared identifier	y:\develop\github\backmir\bmclient\Common\GameRenderObject.h	356	1	BackMirClient
Error	6963	error C2065: '_ps' : undeclared identifier	y:\develop\github\backmir\bmclient\Common\GameRenderObject.h	356	1	BackMirClient
Error	6964	error C2065: 'm_sex' : undeclared identifier	y:\develop\github\backmir\bmclient\Common\GameRenderObject.h	360	1	BackMirClient
Error	6965	error C2065: 'PST_DEAD' : undeclared identifier	y:\develop\github\backmir\bmclient\Common\GameRenderObject.h	429	1	BackMirClient
Error	6966	error C1083: Cannot open include file: 'FastDelegateBind.h': No such file or directory	y:\develop\github\backmir\bmclient\gamedialog\GameCommonDlg.h	9	1	BackMirClient
Warning	6967	warning C4819: The file contains a character that cannot be represented in the current code page (936). Save the file in Unicode format to prevent data loss	y:\develop\github\backmir\bmclient\Common\GlobalDefine.h	1	1	BackMirClient
Error	6968	error C2447: '{' : missing function header (old-style formal list?)	y:\develop\github\backmir\bmclient\Common\GlobalDefine.h	91	1	BackMirClient
Error	6969	error C2447: '{' : missing function header (old-style formal list?)	y:\develop\github\backmir\bmclient\Common\GlobalDefine.h	103	1	BackMirClient
Error	6970	error C2447: '{' : missing function header (old-style formal list?)	y:\develop\github\backmir\bmclient\Common\GlobalDefine.h	128	1	BackMirClient
Error	6971	error C2146: syntax error : missing ';' before identifier 'GetAngle'	y:\develop\github\backmir\bmclient\Common\GlobalFunction.h	26	1	BackMirClient
Error	6972	error C4430: missing type specifier - int assumed. Note: C++ does not support default-int	y:\develop\github\backmir\bmclient\Common\GlobalFunction.h	26	1	BackMirClient
Error	6973	error C4430: missing type specifier - int assumed. Note: C++ does not support default-int	y:\develop\github\backmir\bmclient\net\PacketHandler.h	71	1	BackMirClient
Error	6974	error C2143: syntax error : missing ',' before '&'	y:\develop\github\backmir\bmclient\net\PacketHandler.h	71	1	BackMirClient
Warning	6975	warning C4819: The file contains a character that cannot be represented in the current code page (936). Save the file in Unicode format to prevent data loss	y:\develop\github\backmir\CommonModule\MagicEffectID.h	1	1	BackMirClient
Error	6976	error C2061: syntax error : identifier 'PLAYER_DIRECTION'	y:\develop\github\backmir\bmclient\Common\GameRenderObject.h	308	1	BackMirClient
Error	6977	error C2146: syntax error : missing ';' before identifier 'GetDirection'	y:\develop\github\backmir\bmclient\Common\GameRenderObject.h	312	1	BackMirClient
Error	6978	error C2433: 'GameObject::PLAYER_DIRECTION' : 'inline' not permitted on data declarations	y:\develop\github\backmir\bmclient\Common\GameRenderObject.h	312	1	BackMirClient
Error	6979	error C4430: missing type specifier - int assumed. Note: C++ does not support default-int	y:\develop\github\backmir\bmclient\Common\GameRenderObject.h	312	1	BackMirClient
Error	6980	error C4430: missing type specifier - int assumed. Note: C++ does not support default-int	y:\develop\github\backmir\bmclient\Common\GameRenderObject.h	313	1	BackMirClient
Warning	6981	warning C4183: 'GetDirection': missing return type; assumed to be a member function returning 'int'	y:\develop\github\backmir\bmclient\Common\GameRenderObject.h	315	1	BackMirClient
Error	6982	error C2061: syntax error : identifier 'PLAYER_STATUS'	y:\develop\github\backmir\bmclient\Common\GameRenderObject.h	316	1	BackMirClient
Error	6983	error C2146: syntax error : missing ';' before identifier 'GetStatus'	y:\develop\github\backmir\bmclient\Common\GameRenderObject.h	326	1	BackMirClient
Error	6984	error C2433: 'GameObject::PLAYER_STATUS' : 'inline' not permitted on data declarations	y:\develop\github\backmir\bmclient\Common\GameRenderObject.h	326	1	BackMirClient
Error	6985	error C4430: missing type specifier - int assumed. Note: C++ does not support default-int	y:\develop\github\backmir\bmclient\Common\GameRenderObject.h	326	1	BackMirClient
Error	6986	error C4430: missing type specifier - int assumed. Note: C++ does not support default-int	y:\develop\github\backmir\bmclient\Common\GameRenderObject.h	327	1	BackMirClient
Warning	6987	warning C4183: 'GetStatus': missing return type; assumed to be a member function returning 'int'	y:\develop\github\backmir\bmclient\Common\GameRenderObject.h	329	1	BackMirClient
Error	6988	error C2146: syntax error : missing ';' before identifier 'GetPreStatus'	y:\develop\github\backmir\bmclient\Common\GameRenderObject.h	330	1	BackMirClient
Error	6989	error C2433: 'GameObject::PLAYER_STATUS' : 'inline' not permitted on data declarations	y:\develop\github\backmir\bmclient\Common\GameRenderObject.h	330	1	BackMirClient
Error	6990	error C4430: missing type specifier - int assumed. Note: C++ does not support default-int	y:\develop\github\backmir\bmclient\Common\GameRenderObject.h	330	1	BackMirClient
Error	6991	error C4430: missing type specifier - int assumed. Note: C++ does not support default-int	y:\develop\github\backmir\bmclient\Common\GameRenderObject.h	331	1	BackMirClient
Warning	6992	warning C4183: 'GetPreStatus': missing return type; assumed to be a member function returning 'int'	y:\develop\github\backmir\bmclient\Common\GameRenderObject.h	333	1	BackMirClient
Error	6993	error C2061: syntax error : identifier 'PLAYER_SEX'	y:\develop\github\backmir\bmclient\Common\GameRenderObject.h	354	1	BackMirClient
Error	6994	error C2146: syntax error : missing ';' before identifier 'GetPlayerSex'	y:\develop\github\backmir\bmclient\Common\GameRenderObject.h	358	1	BackMirClient
Error	6995	error C2433: 'GameObject::PLAYER_SEX' : 'inline' not permitted on data declarations	y:\develop\github\backmir\bmclient\Common\GameRenderObject.h	358	1	BackMirClient
Error	6996	error C4430: missing type specifier - int assumed. Note: C++ does not support default-int	y:\develop\github\backmir\bmclient\Common\GameRenderObject.h	358	1	BackMirClient
Error	6997	error C4430: missing type specifier - int assumed. Note: C++ does not support default-int	y:\develop\github\backmir\bmclient\Common\GameRenderObject.h	359	1	BackMirClient
Warning	6998	warning C4183: 'GetPlayerSex': missing return type; assumed to be a member function returning 'int'	y:\develop\github\backmir\bmclient\Common\GameRenderObject.h	361	1	BackMirClient
Error	6999	error C4430: missing type specifier - int assumed. Note: C++ does not support default-int	y:\develop\github\backmir\bmclient\Common\GameRenderObject.h	503	1	BackMirClient
Error	7000	error C2143: syntax error : missing ',' before '&'	y:\develop\github\backmir\bmclient\Common\GameRenderObject.h	503	1	BackMirClient
Error	7001	error C4430: missing type specifier - int assumed. Note: C++ does not support default-int	y:\develop\github\backmir\bmclient\Common\GameRenderObject.h	504	1	BackMirClient
Error	7002	error C2143: syntax error : missing ',' before '&'	y:\develop\github\backmir\bmclient\Common\GameRenderObject.h	504	1	BackMirClient
Error	7003	error C2535: 'void GameObject::DoPacket(const int)' : member function already defined or declared	y:\develop\github\backmir\bmclient\Common\GameRenderObject.h	504	1	BackMirClient
Error	7004	error C4430: missing type specifier - int assumed. Note: C++ does not support default-int	y:\develop\github\backmir\bmclient\Common\GameRenderObject.h	505	1	BackMirClient
Error	7005	error C2143: syntax error : missing ',' before '&'	y:\develop\github\backmir\bmclient\Common\GameRenderObject.h	505	1	BackMirClient
Error	7006	error C2535: 'void GameObject::DoPacket(const int)' : member function already defined or declared	y:\develop\github\backmir\bmclient\Common\GameRenderObject.h	505	1	BackMirClient
Error	7007	error C2061: syntax error : identifier 'PLAYER_STATUS'	y:\develop\github\backmir\bmclient\Common\GameRenderObject.h	513	1	BackMirClient
Error	7008	error C2146: syntax error : missing ';' before identifier 'm_drt'	y:\develop\github\backmir\bmclient\Common\GameRenderObject.h	554	1	BackMirClient
Error	7009	error C4430: missing type specifier - int assumed. Note: C++ does not support default-int	y:\develop\github\backmir\bmclient\Common\GameRenderObject.h	554	1	BackMirClient
Error	7010	error C2146: syntax error : missing ';' before identifier 'm_sex'	y:\develop\github\backmir\bmclient\Common\GameRenderObject.h	555	1	BackMirClient
Error	7011	error C4430: missing type specifier - int assumed. Note: C++ does not support default-int	y:\develop\github\backmir\bmclient\Common\GameRenderObject.h	555	1	BackMirClient
Error	7012	error C2146: syntax error : missing ';' before identifier 'm_stat'	y:\develop\github\backmir\bmclient\Common\GameRenderObject.h	556	1	BackMirClient
Error	7013	error C4430: missing type specifier - int assumed. Note: C++ does not support default-int	y:\develop\github\backmir\bmclient\Common\GameRenderObject.h	556	1	BackMirClient
Error	7014	error C2146: syntax error : missing ';' before identifier 'm_preStat'	y:\develop\github\backmir\bmclient\Common\GameRenderObject.h	557	1	BackMirClient
Error	7015	error C4430: missing type specifier - int assumed. Note: C++ does not support default-int	y:\develop\github\backmir\bmclient\Common\GameRenderObject.h	557	1	BackMirClient
Error	7016	error C2065: 'm_drt' : undeclared identifier	y:\develop\github\backmir\bmclient\Common\GameRenderObject.h	253	1	BackMirClient
Error	7017	error C2065: 'PDT_DOWN' : undeclared identifier	y:\develop\github\backmir\bmclient\Common\GameRenderObject.h	253	1	BackMirClient
Error	7018	error C2065: 'm_sex' : undeclared identifier	y:\develop\github\backmir\bmclient\Common\GameRenderObject.h	254	1	BackMirClient
Error	7019	error C2065: 'PSX_MAN' : undeclared identifier	y:\develop\github\backmir\bmclient\Common\GameRenderObject.h	254	1	BackMirClient
Error	7020	error C2065: 'm_preStat' : undeclared identifier	y:\develop\github\backmir\bmclient\Common\GameRenderObject.h	255	1	BackMirClient
Error	7021	error C2065: 'm_stat' : undeclared identifier	y:\develop\github\backmir\bmclient\Common\GameRenderObject.h	255	1	BackMirClient
Error	7022	error C2065: 'PST_STAND' : undeclared identifier	y:\develop\github\backmir\bmclient\Common\GameRenderObject.h	255	1	BackMirClient
Error	7023	error C2065: 'm_drt' : undeclared identifier	y:\develop\github\backmir\bmclient\Common\GameRenderObject.h	310	1	BackMirClient
Error	7024	error C2065: '_pd' : undeclared identifier	y:\develop\github\backmir\bmclient\Common\GameRenderObject.h	310	1	BackMirClient
Error	7025	error C2065: 'm_drt' : undeclared identifier	y:\develop\github\backmir\bmclient\Common\GameRenderObject.h	314	1	BackMirClient
Error	7026	error C2065: 'm_stat' : undeclared identifier	y:\develop\github\backmir\bmclient\Common\GameRenderObject.h	318	1	BackMirClient
Error	7027	error C2065: '_ps' : undeclared identifier	y:\develop\github\backmir\bmclient\Common\GameRenderObject.h	318	1	BackMirClient
Error	7028	error C2065: '_ps' : undeclared identifier	y:\develop\github\backmir\bmclient\Common\GameRenderObject.h	320	1	BackMirClient
Error	7029	error C2065: 'PST_STAND' : undeclared identifier	y:\develop\github\backmir\bmclient\Common\GameRenderObject.h	320	1	BackMirClient
Error	7030	error C2065: '_ps' : undeclared identifier	y:\develop\github\backmir\bmclient\Common\GameRenderObject.h	324	1	BackMirClient
Error	7031	error C2065: 'm_stat' : undeclared identifier	y:\develop\github\backmir\bmclient\Common\GameRenderObject.h	328	1	BackMirClient
Error	7032	error C2065: 'm_preStat' : undeclared identifier	y:\develop\github\backmir\bmclient\Common\GameRenderObject.h	332	1	BackMirClient
Error	7033	error C2065: 'm_sex' : undeclared identifier	y:\develop\github\backmir\bmclient\Common\GameRenderObject.h	356	1	BackMirClient
Error	7034	error C2065: '_ps' : undeclared identifier	y:\develop\github\backmir\bmclient\Common\GameRenderObject.h	356	1	BackMirClient
Error	7035	error C2065: 'm_sex' : undeclared identifier	y:\develop\github\backmir\bmclient\Common\GameRenderObject.h	360	1	BackMirClient
Error	7036	error C2065: 'PST_DEAD' : undeclared identifier	y:\develop\github\backmir\bmclient\Common\GameRenderObject.h	429	1	BackMirClient
Error	7037	error C1083: Cannot open include file: 'FastDelegateBind.h': No such file or directory	y:\develop\github\backmir\bmclient\GameDialog\GameCommonDlg.h	9	1	BackMirClient
Warning	7038	warning C4819: The file contains a character that cannot be represented in the current code page (936). Save the file in Unicode format to prevent data loss	y:\develop\github\backmir\bmclient\Common\GlobalDefine.h	1	1	BackMirClient
Error	7039	error C2447: '{' : missing function header (old-style formal list?)	y:\develop\github\backmir\bmclient\Common\GlobalDefine.h	91	1	BackMirClient
Error	7040	error C2447: '{' : missing function header (old-style formal list?)	y:\develop\github\backmir\bmclient\Common\GlobalDefine.h	103	1	BackMirClient
Error	7041	error C2447: '{' : missing function header (old-style formal list?)	y:\develop\github\backmir\bmclient\Common\GlobalDefine.h	128	1	BackMirClient
Error	7042	error C2146: syntax error : missing ';' before identifier 'GetAngle'	y:\develop\github\backmir\bmclient\Common\GlobalFunction.h	26	1	BackMirClient
Error	7043	error C4430: missing type specifier - int assumed. Note: C++ does not support default-int	y:\develop\github\backmir\bmclient\Common\GlobalFunction.h	26	1	BackMirClient
Error	7044	error C4430: missing type specifier - int assumed. Note: C++ does not support default-int	y:\develop\github\backmir\bmclient\net\PacketHandler.h	71	1	BackMirClient
Error	7045	error C2143: syntax error : missing ',' before '&'	y:\develop\github\backmir\bmclient\net\PacketHandler.h	71	1	BackMirClient
Warning	7046	warning C4819: The file contains a character that cannot be represented in the current code page (936). Save the file in Unicode format to prevent data loss	y:\develop\github\backmir\CommonModule\MagicEffectID.h	1	1	BackMirClient
Error	7047	error C2061: syntax error : identifier 'PLAYER_DIRECTION'	y:\develop\github\backmir\bmclient\Common\GameRenderObject.h	308	1	BackMirClient
Error	7048	error C2146: syntax error : missing ';' before identifier 'GetDirection'	y:\develop\github\backmir\bmclient\Common\GameRenderObject.h	312	1	BackMirClient
Error	7049	error C2433: 'GameObject::PLAYER_DIRECTION' : 'inline' not permitted on data declarations	y:\develop\github\backmir\bmclient\Common\GameRenderObject.h	312	1	BackMirClient
Error	7050	error C4430: missing type specifier - int assumed. Note: C++ does not support default-int	y:\develop\github\backmir\bmclient\Common\GameRenderObject.h	312	1	BackMirClient
Error	7051	error C4430: missing type specifier - int assumed. Note: C++ does not support default-int	y:\develop\github\backmir\bmclient\Common\GameRenderObject.h	313	1	BackMirClient
Warning	7052	warning C4183: 'GetDirection': missing return type; assumed to be a member function returning 'int'	y:\develop\github\backmir\bmclient\Common\GameRenderObject.h	315	1	BackMirClient
Error	7053	error C2061: syntax error : identifier 'PLAYER_STATUS'	y:\develop\github\backmir\bmclient\Common\GameRenderObject.h	316	1	BackMirClient
Error	7054	error C2146: syntax error : missing ';' before identifier 'GetStatus'	y:\develop\github\backmir\bmclient\Common\GameRenderObject.h	326	1	BackMirClient
Error	7055	error C2433: 'GameObject::PLAYER_STATUS' : 'inline' not permitted on data declarations	y:\develop\github\backmir\bmclient\Common\GameRenderObject.h	326	1	BackMirClient
Error	7056	error C4430: missing type specifier - int assumed. Note: C++ does not support default-int	y:\develop\github\backmir\bmclient\Common\GameRenderObject.h	326	1	BackMirClient
Error	7057	error C4430: missing type specifier - int assumed. Note: C++ does not support default-int	y:\develop\github\backmir\bmclient\Common\GameRenderObject.h	327	1	BackMirClient
Warning	7058	warning C4183: 'GetStatus': missing return type; assumed to be a member function returning 'int'	y:\develop\github\backmir\bmclient\Common\GameRenderObject.h	329	1	BackMirClient
Error	7059	error C2146: syntax error : missing ';' before identifier 'GetPreStatus'	y:\develop\github\backmir\bmclient\Common\GameRenderObject.h	330	1	BackMirClient
Error	7060	error C2433: 'GameObject::PLAYER_STATUS' : 'inline' not permitted on data declarations	y:\develop\github\backmir\bmclient\Common\GameRenderObject.h	330	1	BackMirClient
Error	7061	error C4430: missing type specifier - int assumed. Note: C++ does not support default-int	y:\develop\github\backmir\bmclient\Common\GameRenderObject.h	330	1	BackMirClient
Error	7062	error C4430: missing type specifier - int assumed. Note: C++ does not support default-int	y:\develop\github\backmir\bmclient\Common\GameRenderObject.h	331	1	BackMirClient
Warning	7063	warning C4183: 'GetPreStatus': missing return type; assumed to be a member function returning 'int'	y:\develop\github\backmir\bmclient\Common\GameRenderObject.h	333	1	BackMirClient
Error	7064	error C2061: syntax error : identifier 'PLAYER_SEX'	y:\develop\github\backmir\bmclient\Common\GameRenderObject.h	354	1	BackMirClient
Error	7065	error C2146: syntax error : missing ';' before identifier 'GetPlayerSex'	y:\develop\github\backmir\bmclient\Common\GameRenderObject.h	358	1	BackMirClient
Error	7066	error C2433: 'GameObject::PLAYER_SEX' : 'inline' not permitted on data declarations	y:\develop\github\backmir\bmclient\Common\GameRenderObject.h	358	1	BackMirClient
Error	7067	error C4430: missing type specifier - int assumed. Note: C++ does not support default-int	y:\develop\github\backmir\bmclient\Common\GameRenderObject.h	358	1	BackMirClient
Error	7068	error C4430: missing type specifier - int assumed. Note: C++ does not support default-int	y:\develop\github\backmir\bmclient\Common\GameRenderObject.h	359	1	BackMirClient
Warning	7069	warning C4183: 'GetPlayerSex': missing return type; assumed to be a member function returning 'int'	y:\develop\github\backmir\bmclient\Common\GameRenderObject.h	361	1	BackMirClient
Error	7070	error C4430: missing type specifier - int assumed. Note: C++ does not support default-int	y:\develop\github\backmir\bmclient\Common\GameRenderObject.h	503	1	BackMirClient
Error	7071	error C2143: syntax error : missing ',' before '&'	y:\develop\github\backmir\bmclient\Common\GameRenderObject.h	503	1	BackMirClient
Error	7072	error C4430: missing type specifier - int assumed. Note: C++ does not support default-int	y:\develop\github\backmir\bmclient\Common\GameRenderObject.h	504	1	BackMirClient
Error	7073	error C2143: syntax error : missing ',' before '&'	y:\develop\github\backmir\bmclient\Common\GameRenderObject.h	504	1	BackMirClient
Error	7074	error C2535: 'void GameObject::DoPacket(const int)' : member function already defined or declared	y:\develop\github\backmir\bmclient\Common\GameRenderObject.h	504	1	BackMirClient
Error	7075	error C4430: missing type specifier - int assumed. Note: C++ does not support default-int	y:\develop\github\backmir\bmclient\Common\GameRenderObject.h	505	1	BackMirClient
Error	7076	error C2143: syntax error : missing ',' before '&'	y:\develop\github\backmir\bmclient\Common\GameRenderObject.h	505	1	BackMirClient
Error	7077	error C2535: 'void GameObject::DoPacket(const int)' : member function already defined or declared	y:\develop\github\backmir\bmclient\Common\GameRenderObject.h	505	1	BackMirClient
Error	7078	error C2061: syntax error : identifier 'PLAYER_STATUS'	y:\develop\github\backmir\bmclient\Common\GameRenderObject.h	513	1	BackMirClient
Error	7079	error C2146: syntax error : missing ';' before identifier 'm_drt'	y:\develop\github\backmir\bmclient\Common\GameRenderObject.h	554	1	BackMirClient
Error	7080	error C4430: missing type specifier - int assumed. Note: C++ does not support default-int	y:\develop\github\backmir\bmclient\Common\GameRenderObject.h	554	1	BackMirClient
Error	7081	error C2146: syntax error : missing ';' before identifier 'm_sex'	y:\develop\github\backmir\bmclient\Common\GameRenderObject.h	555	1	BackMirClient
Error	7082	error C4430: missing type specifier - int assumed. Note: C++ does not support default-int	y:\develop\github\backmir\bmclient\Common\GameRenderObject.h	555	1	BackMirClient
Error	7083	error C2146: syntax error : missing ';' before identifier 'm_stat'	y:\develop\github\backmir\bmclient\Common\GameRenderObject.h	556	1	BackMirClient
Error	7084	error C4430: missing type specifier - int assumed. Note: C++ does not support default-int	y:\develop\github\backmir\bmclient\Common\GameRenderObject.h	556	1	BackMirClient
Error	7085	error C2146: syntax error : missing ';' before identifier 'm_preStat'	y:\develop\github\backmir\bmclient\Common\GameRenderObject.h	557	1	BackMirClient
Error	7086	error C4430: missing type specifier - int assumed. Note: C++ does not support default-int	y:\develop\github\backmir\bmclient\Common\GameRenderObject.h	557	1	BackMirClient
Error	7087	error C2065: 'm_drt' : undeclared identifier	y:\develop\github\backmir\bmclient\Common\GameRenderObject.h	253	1	BackMirClient
Error	7088	error C2065: 'PDT_DOWN' : undeclared identifier	y:\develop\github\backmir\bmclient\Common\GameRenderObject.h	253	1	BackMirClient
Error	7089	error C2065: 'm_sex' : undeclared identifier	y:\develop\github\backmir\bmclient\Common\GameRenderObject.h	254	1	BackMirClient
Error	7090	error C2065: 'PSX_MAN' : undeclared identifier	y:\develop\github\backmir\bmclient\Common\GameRenderObject.h	254	1	BackMirClient
Error	7091	error C2065: 'm_preStat' : undeclared identifier	y:\develop\github\backmir\bmclient\Common\GameRenderObject.h	255	1	BackMirClient
Error	7092	error C2065: 'm_stat' : undeclared identifier	y:\develop\github\backmir\bmclient\Common\GameRenderObject.h	255	1	BackMirClient
Error	7093	error C2065: 'PST_STAND' : undeclared identifier	y:\develop\github\backmir\bmclient\Common\GameRenderObject.h	255	1	BackMirClient
Error	7094	error C2065: 'm_drt' : undeclared identifier	y:\develop\github\backmir\bmclient\Common\GameRenderObject.h	310	1	BackMirClient
Error	7095	error C2065: '_pd' : undeclared identifier	y:\develop\github\backmir\bmclient\Common\GameRenderObject.h	310	1	BackMirClient
Error	7096	error C2065: 'm_drt' : undeclared identifier	y:\develop\github\backmir\bmclient\Common\GameRenderObject.h	314	1	BackMirClient
Error	7097	error C2065: 'm_stat' : undeclared identifier	y:\develop\github\backmir\bmclient\Common\GameRenderObject.h	318	1	BackMirClient
Error	7098	error C2065: '_ps' : undeclared identifier	y:\develop\github\backmir\bmclient\Common\GameRenderObject.h	318	1	BackMirClient
Error	7099	error C2065: '_ps' : undeclared identifier	y:\develop\github\backmir\bmclient\Common\GameRenderObject.h	320	1	BackMirClient
Error	7100	error C2065: 'PST_STAND' : undeclared identifier	y:\develop\github\backmir\bmclient\Common\GameRenderObject.h	320	1	BackMirClient
Error	7101	error C2065: '_ps' : undeclared identifier	y:\develop\github\backmir\bmclient\Common\GameRenderObject.h	324	1	BackMirClient
Error	7102	error C2065: 'm_stat' : undeclared identifier	y:\develop\github\backmir\bmclient\Common\GameRenderObject.h	328	1	BackMirClient
Error	7103	error C2065: 'm_preStat' : undeclared identifier	y:\develop\github\backmir\bmclient\Common\GameRenderObject.h	332	1	BackMirClient
Error	7104	error C2065: 'm_sex' : undeclared identifier	y:\develop\github\backmir\bmclient\Common\GameRenderObject.h	356	1	BackMirClient
Error	7105	error C2065: '_ps' : undeclared identifier	y:\develop\github\backmir\bmclient\Common\GameRenderObject.h	356	1	BackMirClient
Error	7106	error C2065: 'm_sex' : undeclared identifier	y:\develop\github\backmir\bmclient\Common\GameRenderObject.h	360	1	BackMirClient
Error	7107	error C2065: 'PST_DEAD' : undeclared identifier	y:\develop\github\backmir\bmclient\Common\GameRenderObject.h	429	1	BackMirClient
Error	7108	error C1083: Cannot open include file: 'FastDelegateBind.h': No such file or directory	y:\develop\github\backmir\bmclient\GameDialog\GameCommonDlg.h	9	1	BackMirClient
Warning	7109	warning C4819: The file contains a character that cannot be represented in the current code page (936). Save the file in Unicode format to prevent data loss	y:\develop\github\backmir\bmclient\Common\GlobalDefine.h	1	1	BackMirClient
Error	7110	error C2447: '{' : missing function header (old-style formal list?)	y:\develop\github\backmir\bmclient\Common\GlobalDefine.h	91	1	BackMirClient
Error	7111	error C2447: '{' : missing function header (old-style formal list?)	y:\develop\github\backmir\bmclient\Common\GlobalDefine.h	103	1	BackMirClient
Error	7112	error C2447: '{' : missing function header (old-style formal list?)	y:\develop\github\backmir\bmclient\Common\GlobalDefine.h	128	1	BackMirClient
Error	7113	error C2146: syntax error : missing ';' before identifier 'GetAngle'	y:\develop\github\backmir\bmclient\Common\GlobalFunction.h	26	1	BackMirClient
Error	7114	error C4430: missing type specifier - int assumed. Note: C++ does not support default-int	y:\develop\github\backmir\bmclient\Common\GlobalFunction.h	26	1	BackMirClient
Error	7115	error C4430: missing type specifier - int assumed. Note: C++ does not support default-int	y:\develop\github\backmir\bmclient\net\PacketHandler.h	71	1	BackMirClient
Error	7116	error C2143: syntax error : missing ',' before '&'	y:\develop\github\backmir\bmclient\net\PacketHandler.h	71	1	BackMirClient
Warning	7117	warning C4819: The file contains a character that cannot be represented in the current code page (936). Save the file in Unicode format to prevent data loss	y:\develop\github\backmir\CommonModule\MagicEffectID.h	1	1	BackMirClient
Error	7118	error C2061: syntax error : identifier 'PLAYER_DIRECTION'	y:\develop\github\backmir\bmclient\Common\GameRenderObject.h	308	1	BackMirClient
Error	7119	error C2146: syntax error : missing ';' before identifier 'GetDirection'	y:\develop\github\backmir\bmclient\Common\GameRenderObject.h	312	1	BackMirClient
Error	7120	error C2433: 'GameObject::PLAYER_DIRECTION' : 'inline' not permitted on data declarations	y:\develop\github\backmir\bmclient\Common\GameRenderObject.h	312	1	BackMirClient
Error	7121	error C4430: missing type specifier - int assumed. Note: C++ does not support default-int	y:\develop\github\backmir\bmclient\Common\GameRenderObject.h	312	1	BackMirClient
Error	7122	error C4430: missing type specifier - int assumed. Note: C++ does not support default-int	y:\develop\github\backmir\bmclient\Common\GameRenderObject.h	313	1	BackMirClient
Warning	7123	warning C4183: 'GetDirection': missing return type; assumed to be a member function returning 'int'	y:\develop\github\backmir\bmclient\Common\GameRenderObject.h	315	1	BackMirClient
Error	7124	error C2061: syntax error : identifier 'PLAYER_STATUS'	y:\develop\github\backmir\bmclient\Common\GameRenderObject.h	316	1	BackMirClient
Error	7125	error C2146: syntax error : missing ';' before identifier 'GetStatus'	y:\develop\github\backmir\bmclient\Common\GameRenderObject.h	326	1	BackMirClient
Error	7126	error C2433: 'GameObject::PLAYER_STATUS' : 'inline' not permitted on data declarations	y:\develop\github\backmir\bmclient\Common\GameRenderObject.h	326	1	BackMirClient
Error	7127	error C4430: missing type specifier - int assumed. Note: C++ does not support default-int	y:\develop\github\backmir\bmclient\Common\GameRenderObject.h	326	1	BackMirClient
Error	7128	error C4430: missing type specifier - int assumed. Note: C++ does not support default-int	y:\develop\github\backmir\bmclient\Common\GameRenderObject.h	327	1	BackMirClient
Warning	7129	warning C4183: 'GetStatus': missing return type; assumed to be a member function returning 'int'	y:\develop\github\backmir\bmclient\Common\GameRenderObject.h	329	1	BackMirClient
Error	7130	error C2146: syntax error : missing ';' before identifier 'GetPreStatus'	y:\develop\github\backmir\bmclient\Common\GameRenderObject.h	330	1	BackMirClient
Error	7131	error C2433: 'GameObject::PLAYER_STATUS' : 'inline' not permitted on data declarations	y:\develop\github\backmir\bmclient\Common\GameRenderObject.h	330	1	BackMirClient
Error	7132	error C4430: missing type specifier - int assumed. Note: C++ does not support default-int	y:\develop\github\backmir\bmclient\Common\GameRenderObject.h	330	1	BackMirClient
Error	7133	error C4430: missing type specifier - int assumed. Note: C++ does not support default-int	y:\develop\github\backmir\bmclient\Common\GameRenderObject.h	331	1	BackMirClient
Warning	7134	warning C4183: 'GetPreStatus': missing return type; assumed to be a member function returning 'int'	y:\develop\github\backmir\bmclient\Common\GameRenderObject.h	333	1	BackMirClient
Error	7135	error C2061: syntax error : identifier 'PLAYER_SEX'	y:\develop\github\backmir\bmclient\Common\GameRenderObject.h	354	1	BackMirClient
Error	7136	error C2146: syntax error : missing ';' before identifier 'GetPlayerSex'	y:\develop\github\backmir\bmclient\Common\GameRenderObject.h	358	1	BackMirClient
Error	7137	error C2433: 'GameObject::PLAYER_SEX' : 'inline' not permitted on data declarations	y:\develop\github\backmir\bmclient\Common\GameRenderObject.h	358	1	BackMirClient
Error	7138	error C4430: missing type specifier - int assumed. Note: C++ does not support default-int	y:\develop\github\backmir\bmclient\Common\GameRenderObject.h	358	1	BackMirClient
Error	7139	error C4430: missing type specifier - int assumed. Note: C++ does not support default-int	y:\develop\github\backmir\bmclient\Common\GameRenderObject.h	359	1	BackMirClient
Warning	7140	warning C4183: 'GetPlayerSex': missing return type; assumed to be a member function returning 'int'	y:\develop\github\backmir\bmclient\Common\GameRenderObject.h	361	1	BackMirClient
Error	7141	error C4430: missing type specifier - int assumed. Note: C++ does not support default-int	y:\develop\github\backmir\bmclient\Common\GameRenderObject.h	503	1	BackMirClient
Error	7142	error C2143: syntax error : missing ',' before '&'	y:\develop\github\backmir\bmclient\Common\GameRenderObject.h	503	1	BackMirClient
Error	7143	error C4430: missing type specifier - int assumed. Note: C++ does not support default-int	y:\develop\github\backmir\bmclient\Common\GameRenderObject.h	504	1	BackMirClient
Error	7144	error C2143: syntax error : missing ',' before '&'	y:\develop\github\backmir\bmclient\Common\GameRenderObject.h	504	1	BackMirClient
Error	7145	error C2535: 'void GameObject::DoPacket(const int)' : member function already defined or declared	y:\develop\github\backmir\bmclient\Common\GameRenderObject.h	504	1	BackMirClient
Error	7146	error C4430: missing type specifier - int assumed. Note: C++ does not support default-int	y:\develop\github\backmir\bmclient\Common\GameRenderObject.h	505	1	BackMirClient
Error	7147	error C2143: syntax error : missing ',' before '&'	y:\develop\github\backmir\bmclient\Common\GameRenderObject.h	505	1	BackMirClient
Error	7148	error C2535: 'void GameObject::DoPacket(const int)' : member function already defined or declared	y:\develop\github\backmir\bmclient\Common\GameRenderObject.h	505	1	BackMirClient
Error	7149	error C2061: syntax error : identifier 'PLAYER_STATUS'	y:\develop\github\backmir\bmclient\Common\GameRenderObject.h	513	1	BackMirClient
Error	7150	error C2146: syntax error : missing ';' before identifier 'm_drt'	y:\develop\github\backmir\bmclient\Common\GameRenderObject.h	554	1	BackMirClient
Error	7151	error C4430: missing type specifier - int assumed. Note: C++ does not support default-int	y:\develop\github\backmir\bmclient\Common\GameRenderObject.h	554	1	BackMirClient
Error	7152	error C2146: syntax error : missing ';' before identifier 'm_sex'	y:\develop\github\backmir\bmclient\Common\GameRenderObject.h	555	1	BackMirClient
Error	7153	error C4430: missing type specifier - int assumed. Note: C++ does not support default-int	y:\develop\github\backmir\bmclient\Common\GameRenderObject.h	555	1	BackMirClient
Error	7154	error C2146: syntax error : missing ';' before identifier 'm_stat'	y:\develop\github\backmir\bmclient\Common\GameRenderObject.h	556	1	BackMirClient
Error	7155	error C4430: missing type specifier - int assumed. Note: C++ does not support default-int	y:\develop\github\backmir\bmclient\Common\GameRenderObject.h	556	1	BackMirClient
Error	7156	error C2146: syntax error : missing ';' before identifier 'm_preStat'	y:\develop\github\backmir\bmclient\Common\GameRenderObject.h	557	1	BackMirClient
Error	7157	error C4430: missing type specifier - int assumed. Note: C++ does not support default-int	y:\develop\github\backmir\bmclient\Common\GameRenderObject.h	557	1	BackMirClient
Error	7158	error C2065: 'm_drt' : undeclared identifier	y:\develop\github\backmir\bmclient\Common\GameRenderObject.h	253	1	BackMirClient
Error	7159	error C2065: 'PDT_DOWN' : undeclared identifier	y:\develop\github\backmir\bmclient\Common\GameRenderObject.h	253	1	BackMirClient
Error	7160	error C2065: 'm_sex' : undeclared identifier	y:\develop\github\backmir\bmclient\Common\GameRenderObject.h	254	1	BackMirClient
Error	7161	error C2065: 'PSX_MAN' : undeclared identifier	y:\develop\github\backmir\bmclient\Common\GameRenderObject.h	254	1	BackMirClient
Error	7162	error C2065: 'm_preStat' : undeclared identifier	y:\develop\github\backmir\bmclient\Common\GameRenderObject.h	255	1	BackMirClient
Error	7163	error C2065: 'm_stat' : undeclared identifier	y:\develop\github\backmir\bmclient\Common\GameRenderObject.h	255	1	BackMirClient
Error	7164	error C2065: 'PST_STAND' : undeclared identifier	y:\develop\github\backmir\bmclient\Common\GameRenderObject.h	255	1	BackMirClient
Error	7165	error C2065: 'm_drt' : undeclared identifier	y:\develop\github\backmir\bmclient\Common\GameRenderObject.h	310	1	BackMirClient
Error	7166	error C2065: '_pd' : undeclared identifier	y:\develop\github\backmir\bmclient\Common\GameRenderObject.h	310	1	BackMirClient
Error	7167	error C2065: 'm_drt' : undeclared identifier	y:\develop\github\backmir\bmclient\Common\GameRenderObject.h	314	1	BackMirClient
Error	7168	error C2065: 'm_stat' : undeclared identifier	y:\develop\github\backmir\bmclient\Common\GameRenderObject.h	318	1	BackMirClient
Error	7169	error C2065: '_ps' : undeclared identifier	y:\develop\github\backmir\bmclient\Common\GameRenderObject.h	318	1	BackMirClient
Error	7170	error C2065: '_ps' : undeclared identifier	y:\develop\github\backmir\bmclient\Common\GameRenderObject.h	320	1	BackMirClient
Error	7171	error C2065: 'PST_STAND' : undeclared identifier	y:\develop\github\backmir\bmclient\Common\GameRenderObject.h	320	1	BackMirClient
Error	7172	error C2065: '_ps' : undeclared identifier	y:\develop\github\backmir\bmclient\Common\GameRenderObject.h	324	1	BackMirClient
Error	7173	error C2065: 'm_stat' : undeclared identifier	y:\develop\github\backmir\bmclient\Common\GameRenderObject.h	328	1	BackMirClient
Error	7174	error C2065: 'm_preStat' : undeclared identifier	y:\develop\github\backmir\bmclient\Common\GameRenderObject.h	332	1	BackMirClient
Error	7175	error C2065: 'm_sex' : undeclared identifier	y:\develop\github\backmir\bmclient\Common\GameRenderObject.h	356	1	BackMirClient
Error	7176	error C2065: '_ps' : undeclared identifier	y:\develop\github\backmir\bmclient\Common\GameRenderObject.h	356	1	BackMirClient
Error	7177	error C2065: 'm_sex' : undeclared identifier	y:\develop\github\backmir\bmclient\Common\GameRenderObject.h	360	1	BackMirClient
Error	7178	error C2065: 'PST_DEAD' : undeclared identifier	y:\develop\github\backmir\bmclient\Common\GameRenderObject.h	429	1	BackMirClient
Error	7179	error C1083: Cannot open include file: 'FastDelegateBind.h': No such file or directory	y:\develop\github\backmir\bmclient\gamedialog\GameCommonDlg.h	9	1	BackMirClient
Warning	7180	warning C4819: The file contains a character that cannot be represented in the current code page (936). Save the file in Unicode format to prevent data loss	y:\develop\github\backmir\bmclient\Common\GlobalDefine.h	1	1	BackMirClient
Error	7181	error C2447: '{' : missing function header (old-style formal list?)	y:\develop\github\backmir\bmclient\Common\GlobalDefine.h	91	1	BackMirClient
Error	7182	error C2447: '{' : missing function header (old-style formal list?)	y:\develop\github\backmir\bmclient\Common\GlobalDefine.h	103	1	BackMirClient
Error	7183	error C2447: '{' : missing function header (old-style formal list?)	y:\develop\github\backmir\bmclient\Common\GlobalDefine.h	128	1	BackMirClient
Error	7184	error C2146: syntax error : missing ';' before identifier 'GetAngle'	y:\develop\github\backmir\bmclient\Common\GlobalFunction.h	26	1	BackMirClient
Error	7185	error C4430: missing type specifier - int assumed. Note: C++ does not support default-int	y:\develop\github\backmir\bmclient\Common\GlobalFunction.h	26	1	BackMirClient
Error	7186	error C4430: missing type specifier - int assumed. Note: C++ does not support default-int	y:\develop\github\backmir\bmclient\net\PacketHandler.h	71	1	BackMirClient
Error	7187	error C2143: syntax error : missing ',' before '&'	y:\develop\github\backmir\bmclient\net\PacketHandler.h	71	1	BackMirClient
Warning	7188	warning C4819: The file contains a character that cannot be represented in the current code page (936). Save the file in Unicode format to prevent data loss	y:\develop\github\backmir\CommonModule\MagicEffectID.h	1	1	BackMirClient
Error	7189	error C2061: syntax error : identifier 'PLAYER_DIRECTION'	y:\develop\github\backmir\bmclient\Common\GameRenderObject.h	308	1	BackMirClient
Error	7190	error C2146: syntax error : missing ';' before identifier 'GetDirection'	y:\develop\github\backmir\bmclient\Common\GameRenderObject.h	312	1	BackMirClient
Error	7191	error C2433: 'GameObject::PLAYER_DIRECTION' : 'inline' not permitted on data declarations	y:\develop\github\backmir\bmclient\Common\GameRenderObject.h	312	1	BackMirClient
Error	7192	error C4430: missing type specifier - int assumed. Note: C++ does not support default-int	y:\develop\github\backmir\bmclient\Common\GameRenderObject.h	312	1	BackMirClient
Error	7193	error C4430: missing type specifier - int assumed. Note: C++ does not support default-int	y:\develop\github\backmir\bmclient\Common\GameRenderObject.h	313	1	BackMirClient
Warning	7194	warning C4183: 'GetDirection': missing return type; assumed to be a member function returning 'int'	y:\develop\github\backmir\bmclient\Common\GameRenderObject.h	315	1	BackMirClient
Error	7195	error C2061: syntax error : identifier 'PLAYER_STATUS'	y:\develop\github\backmir\bmclient\Common\GameRenderObject.h	316	1	BackMirClient
Error	7196	error C2146: syntax error : missing ';' before identifier 'GetStatus'	y:\develop\github\backmir\bmclient\Common\GameRenderObject.h	326	1	BackMirClient
Error	7197	error C2433: 'GameObject::PLAYER_STATUS' : 'inline' not permitted on data declarations	y:\develop\github\backmir\bmclient\Common\GameRenderObject.h	326	1	BackMirClient
Error	7198	error C4430: missing type specifier - int assumed. Note: C++ does not support default-int	y:\develop\github\backmir\bmclient\Common\GameRenderObject.h	326	1	BackMirClient
Error	7199	error C4430: missing type specifier - int assumed. Note: C++ does not support default-int	y:\develop\github\backmir\bmclient\Common\GameRenderObject.h	327	1	BackMirClient
Warning	7200	warning C4183: 'GetStatus': missing return type; assumed to be a member function returning 'int'	y:\develop\github\backmir\bmclient\Common\GameRenderObject.h	329	1	BackMirClient
Error	7201	error C2146: syntax error : missing ';' before identifier 'GetPreStatus'	y:\develop\github\backmir\bmclient\Common\GameRenderObject.h	330	1	BackMirClient
Error	7202	error C2433: 'GameObject::PLAYER_STATUS' : 'inline' not permitted on data declarations	y:\develop\github\backmir\bmclient\Common\GameRenderObject.h	330	1	BackMirClient
Error	7203	error C4430: missing type specifier - int assumed. Note: C++ does not support default-int	y:\develop\github\backmir\bmclient\Common\GameRenderObject.h	330	1	BackMirClient
Error	7204	error C4430: missing type specifier - int assumed. Note: C++ does not support default-int	y:\develop\github\backmir\bmclient\Common\GameRenderObject.h	331	1	BackMirClient
Warning	7205	warning C4183: 'GetPreStatus': missing return type; assumed to be a member function returning 'int'	y:\develop\github\backmir\bmclient\Common\GameRenderObject.h	333	1	BackMirClient
Error	7206	error C2061: syntax error : identifier 'PLAYER_SEX'	y:\develop\github\backmir\bmclient\Common\GameRenderObject.h	354	1	BackMirClient
Error	7207	error C2146: syntax error : missing ';' before identifier 'GetPlayerSex'	y:\develop\github\backmir\bmclient\Common\GameRenderObject.h	358	1	BackMirClient
Error	7208	error C2433: 'GameObject::PLAYER_SEX' : 'inline' not permitted on data declarations	y:\develop\github\backmir\bmclient\Common\GameRenderObject.h	358	1	BackMirClient
Error	7209	error C4430: missing type specifier - int assumed. Note: C++ does not support default-int	y:\develop\github\backmir\bmclient\Common\GameRenderObject.h	358	1	BackMirClient
Error	7210	error C4430: missing type specifier - int assumed. Note: C++ does not support default-int	y:\develop\github\backmir\bmclient\Common\GameRenderObject.h	359	1	BackMirClient
Warning	7211	warning C4183: 'GetPlayerSex': missing return type; assumed to be a member function returning 'int'	y:\develop\github\backmir\bmclient\Common\GameRenderObject.h	361	1	BackMirClient
Error	7212	error C4430: missing type specifier - int assumed. Note: C++ does not support default-int	y:\develop\github\backmir\bmclient\Common\GameRenderObject.h	503	1	BackMirClient
Error	7213	error C2143: syntax error : missing ',' before '&'	y:\develop\github\backmir\bmclient\Common\GameRenderObject.h	503	1	BackMirClient
Error	7214	error C4430: missing type specifier - int assumed. Note: C++ does not support default-int	y:\develop\github\backmir\bmclient\Common\GameRenderObject.h	504	1	BackMirClient
Error	7215	error C2143: syntax error : missing ',' before '&'	y:\develop\github\backmir\bmclient\Common\GameRenderObject.h	504	1	BackMirClient
Error	7216	error C2535: 'void GameObject::DoPacket(const int)' : member function already defined or declared	y:\develop\github\backmir\bmclient\Common\GameRenderObject.h	504	1	BackMirClient
Error	7217	error C4430: missing type specifier - int assumed. Note: C++ does not support default-int	y:\develop\github\backmir\bmclient\Common\GameRenderObject.h	505	1	BackMirClient
Error	7218	error C2143: syntax error : missing ',' before '&'	y:\develop\github\backmir\bmclient\Common\GameRenderObject.h	505	1	BackMirClient
Error	7219	error C2535: 'void GameObject::DoPacket(const int)' : member function already defined or declared	y:\develop\github\backmir\bmclient\Common\GameRenderObject.h	505	1	BackMirClient
Error	7220	error C2061: syntax error : identifier 'PLAYER_STATUS'	y:\develop\github\backmir\bmclient\Common\GameRenderObject.h	513	1	BackMirClient
Error	7221	error C2146: syntax error : missing ';' before identifier 'm_drt'	y:\develop\github\backmir\bmclient\Common\GameRenderObject.h	554	1	BackMirClient
Error	7222	error C4430: missing type specifier - int assumed. Note: C++ does not support default-int	y:\develop\github\backmir\bmclient\Common\GameRenderObject.h	554	1	BackMirClient
Error	7223	error C2146: syntax error : missing ';' before identifier 'm_sex'	y:\develop\github\backmir\bmclient\Common\GameRenderObject.h	555	1	BackMirClient
Error	7224	error C4430: missing type specifier - int assumed. Note: C++ does not support default-int	y:\develop\github\backmir\bmclient\Common\GameRenderObject.h	555	1	BackMirClient
Error	7225	error C2146: syntax error : missing ';' before identifier 'm_stat'	y:\develop\github\backmir\bmclient\Common\GameRenderObject.h	556	1	BackMirClient
Error	7226	error C4430: missing type specifier - int assumed. Note: C++ does not support default-int	y:\develop\github\backmir\bmclient\Common\GameRenderObject.h	556	1	BackMirClient
Error	7227	error C2146: syntax error : missing ';' before identifier 'm_preStat'	y:\develop\github\backmir\bmclient\Common\GameRenderObject.h	557	1	BackMirClient
Error	7228	error C4430: missing type specifier - int assumed. Note: C++ does not support default-int	y:\develop\github\backmir\bmclient\Common\GameRenderObject.h	557	1	BackMirClient
Error	7229	error C2065: 'm_drt' : undeclared identifier	y:\develop\github\backmir\bmclient\Common\GameRenderObject.h	253	1	BackMirClient
Error	7230	error C2065: 'PDT_DOWN' : undeclared identifier	y:\develop\github\backmir\bmclient\Common\GameRenderObject.h	253	1	BackMirClient
Error	7231	error C2065: 'm_sex' : undeclared identifier	y:\develop\github\backmir\bmclient\Common\GameRenderObject.h	254	1	BackMirClient
Error	7232	error C2065: 'PSX_MAN' : undeclared identifier	y:\develop\github\backmir\bmclient\Common\GameRenderObject.h	254	1	BackMirClient
Error	7233	error C2065: 'm_preStat' : undeclared identifier	y:\develop\github\backmir\bmclient\Common\GameRenderObject.h	255	1	BackMirClient
Error	7234	error C2065: 'm_stat' : undeclared identifier	y:\develop\github\backmir\bmclient\Common\GameRenderObject.h	255	1	BackMirClient
Error	7235	error C2065: 'PST_STAND' : undeclared identifier	y:\develop\github\backmir\bmclient\Common\GameRenderObject.h	255	1	BackMirClient
Error	7236	error C2065: 'm_drt' : undeclared identifier	y:\develop\github\backmir\bmclient\Common\GameRenderObject.h	310	1	BackMirClient
Error	7237	error C2065: '_pd' : undeclared identifier	y:\develop\github\backmir\bmclient\Common\GameRenderObject.h	310	1	BackMirClient
Error	7238	error C2065: 'm_drt' : undeclared identifier	y:\develop\github\backmir\bmclient\Common\GameRenderObject.h	314	1	BackMirClient
Error	7239	error C2065: 'm_stat' : undeclared identifier	y:\develop\github\backmir\bmclient\Common\GameRenderObject.h	318	1	BackMirClient
Error	7240	error C2065: '_ps' : undeclared identifier	y:\develop\github\backmir\bmclient\Common\GameRenderObject.h	318	1	BackMirClient
Error	7241	error C2065: '_ps' : undeclared identifier	y:\develop\github\backmir\bmclient\Common\GameRenderObject.h	320	1	BackMirClient
Error	7242	error C2065: 'PST_STAND' : undeclared identifier	y:\develop\github\backmir\bmclient\Common\GameRenderObject.h	320	1	BackMirClient
Error	7243	error C2065: '_ps' : undeclared identifier	y:\develop\github\backmir\bmclient\Common\GameRenderObject.h	324	1	BackMirClient
Error	7244	error C2065: 'm_stat' : undeclared identifier	y:\develop\github\backmir\bmclient\Common\GameRenderObject.h	328	1	BackMirClient
Error	7245	error C2065: 'm_preStat' : undeclared identifier	y:\develop\github\backmir\bmclient\Common\GameRenderObject.h	332	1	BackMirClient
Error	7246	error C2065: 'm_sex' : undeclared identifier	y:\develop\github\backmir\bmclient\Common\GameRenderObject.h	356	1	BackMirClient
Error	7247	error C2065: '_ps' : undeclared identifier	y:\develop\github\backmir\bmclient\Common\GameRenderObject.h	356	1	BackMirClient
Error	7248	error C2065: 'm_sex' : undeclared identifier	y:\develop\github\backmir\bmclient\Common\GameRenderObject.h	360	1	BackMirClient
Error	7249	error C2065: 'PST_DEAD' : undeclared identifier	y:\develop\github\backmir\bmclient\Common\GameRenderObject.h	429	1	BackMirClient
Error	7250	error C1083: Cannot open include file: 'FastDelegateBind.h': No such file or directory	y:\develop\github\backmir\bmclient\GameDialog\GameCommonDlg.h	9	1	BackMirClient
Warning	7251	warning C4819: The file contains a character that cannot be represented in the current code page (936). Save the file in Unicode format to prevent data loss	y:\develop\github\backmir\bmclient\Common\GlobalDefine.h	1	1	BackMirClient
Error	7252	error C2447: '{' : missing function header (old-style formal list?)	y:\develop\github\backmir\bmclient\Common\GlobalDefine.h	91	1	BackMirClient
Error	7253	error C2447: '{' : missing function header (old-style formal list?)	y:\develop\github\backmir\bmclient\Common\GlobalDefine.h	103	1	BackMirClient
Error	7254	error C2447: '{' : missing function header (old-style formal list?)	y:\develop\github\backmir\bmclient\Common\GlobalDefine.h	128	1	BackMirClient
Error	7255	error C2146: syntax error : missing ';' before identifier 'GetAngle'	y:\develop\github\backmir\bmclient\Common\GlobalFunction.h	26	1	BackMirClient
Error	7256	error C4430: missing type specifier - int assumed. Note: C++ does not support default-int	y:\develop\github\backmir\bmclient\Common\GlobalFunction.h	26	1	BackMirClient
Error	7257	error C4430: missing type specifier - int assumed. Note: C++ does not support default-int	y:\develop\github\backmir\bmclient\net\PacketHandler.h	71	1	BackMirClient
Error	7258	error C2143: syntax error : missing ',' before '&'	y:\develop\github\backmir\bmclient\net\PacketHandler.h	71	1	BackMirClient
Warning	7259	warning C4819: The file contains a character that cannot be represented in the current code page (936). Save the file in Unicode format to prevent data loss	y:\develop\github\backmir\CommonModule\MagicEffectID.h	1	1	BackMirClient
Error	7260	error C2061: syntax error : identifier 'PLAYER_DIRECTION'	y:\develop\github\backmir\bmclient\Common\GameRenderObject.h	308	1	BackMirClient
Error	7261	error C2146: syntax error : missing ';' before identifier 'GetDirection'	y:\develop\github\backmir\bmclient\Common\GameRenderObject.h	312	1	BackMirClient
Error	7262	error C2433: 'GameObject::PLAYER_DIRECTION' : 'inline' not permitted on data declarations	y:\develop\github\backmir\bmclient\Common\GameRenderObject.h	312	1	BackMirClient
Error	7263	error C4430: missing type specifier - int assumed. Note: C++ does not support default-int	y:\develop\github\backmir\bmclient\Common\GameRenderObject.h	312	1	BackMirClient
Error	7264	error C4430: missing type specifier - int assumed. Note: C++ does not support default-int	y:\develop\github\backmir\bmclient\Common\GameRenderObject.h	313	1	BackMirClient
Warning	7265	warning C4183: 'GetDirection': missing return type; assumed to be a member function returning 'int'	y:\develop\github\backmir\bmclient\Common\GameRenderObject.h	315	1	BackMirClient
Error	7266	error C2061: syntax error : identifier 'PLAYER_STATUS'	y:\develop\github\backmir\bmclient\Common\GameRenderObject.h	316	1	BackMirClient
Error	7267	error C2146: syntax error : missing ';' before identifier 'GetStatus'	y:\develop\github\backmir\bmclient\Common\GameRenderObject.h	326	1	BackMirClient
Error	7268	error C2433: 'GameObject::PLAYER_STATUS' : 'inline' not permitted on data declarations	y:\develop\github\backmir\bmclient\Common\GameRenderObject.h	326	1	BackMirClient
Error	7269	error C4430: missing type specifier - int assumed. Note: C++ does not support default-int	y:\develop\github\backmir\bmclient\Common\GameRenderObject.h	326	1	BackMirClient
Error	7270	error C4430: missing type specifier - int assumed. Note: C++ does not support default-int	y:\develop\github\backmir\bmclient\Common\GameRenderObject.h	327	1	BackMirClient
Warning	7271	warning C4183: 'GetStatus': missing return type; assumed to be a member function returning 'int'	y:\develop\github\backmir\bmclient\Common\GameRenderObject.h	329	1	BackMirClient
Error	7272	error C2146: syntax error : missing ';' before identifier 'GetPreStatus'	y:\develop\github\backmir\bmclient\Common\GameRenderObject.h	330	1	BackMirClient
Error	7273	error C2433: 'GameObject::PLAYER_STATUS' : 'inline' not permitted on data declarations	y:\develop\github\backmir\bmclient\Common\GameRenderObject.h	330	1	BackMirClient
Error	7274	error C4430: missing type specifier - int assumed. Note: C++ does not support default-int	y:\develop\github\backmir\bmclient\Common\GameRenderObject.h	330	1	BackMirClient
Error	7275	error C4430: missing type specifier - int assumed. Note: C++ does not support default-int	y:\develop\github\backmir\bmclient\Common\GameRenderObject.h	331	1	BackMirClient
Warning	7276	warning C4183: 'GetPreStatus': missing return type; assumed to be a member function returning 'int'	y:\develop\github\backmir\bmclient\Common\GameRenderObject.h	333	1	BackMirClient
Error	7277	error C2061: syntax error : identifier 'PLAYER_SEX'	y:\develop\github\backmir\bmclient\Common\GameRenderObject.h	354	1	BackMirClient
Error	7278	error C2146: syntax error : missing ';' before identifier 'GetPlayerSex'	y:\develop\github\backmir\bmclient\Common\GameRenderObject.h	358	1	BackMirClient
Error	7279	error C2433: 'GameObject::PLAYER_SEX' : 'inline' not permitted on data declarations	y:\develop\github\backmir\bmclient\Common\GameRenderObject.h	358	1	BackMirClient
Error	7280	error C4430: missing type specifier - int assumed. Note: C++ does not support default-int	y:\develop\github\backmir\bmclient\Common\GameRenderObject.h	358	1	BackMirClient
Error	7281	error C4430: missing type specifier - int assumed. Note: C++ does not support default-int	y:\develop\github\backmir\bmclient\Common\GameRenderObject.h	359	1	BackMirClient
Warning	7282	warning C4183: 'GetPlayerSex': missing return type; assumed to be a member function returning 'int'	y:\develop\github\backmir\bmclient\Common\GameRenderObject.h	361	1	BackMirClient
Error	7283	error C4430: missing type specifier - int assumed. Note: C++ does not support default-int	y:\develop\github\backmir\bmclient\Common\GameRenderObject.h	503	1	BackMirClient
Error	7284	error C2143: syntax error : missing ',' before '&'	y:\develop\github\backmir\bmclient\Common\GameRenderObject.h	503	1	BackMirClient
Error	7285	error C4430: missing type specifier - int assumed. Note: C++ does not support default-int	y:\develop\github\backmir\bmclient\Common\GameRenderObject.h	504	1	BackMirClient
Error	7286	error C2143: syntax error : missing ',' before '&'	y:\develop\github\backmir\bmclient\Common\GameRenderObject.h	504	1	BackMirClient
Error	7287	error C2535: 'void GameObject::DoPacket(const int)' : member function already defined or declared	y:\develop\github\backmir\bmclient\Common\GameRenderObject.h	504	1	BackMirClient
Error	7288	error C4430: missing type specifier - int assumed. Note: C++ does not support default-int	y:\develop\github\backmir\bmclient\Common\GameRenderObject.h	505	1	BackMirClient
Error	7289	error C2143: syntax error : missing ',' before '&'	y:\develop\github\backmir\bmclient\Common\GameRenderObject.h	505	1	BackMirClient
Error	7290	error C2535: 'void GameObject::DoPacket(const int)' : member function already defined or declared	y:\develop\github\backmir\bmclient\Common\GameRenderObject.h	505	1	BackMirClient
Error	7291	error C2061: syntax error : identifier 'PLAYER_STATUS'	y:\develop\github\backmir\bmclient\Common\GameRenderObject.h	513	1	BackMirClient
Error	7292	error C2146: syntax error : missing ';' before identifier 'm_drt'	y:\develop\github\backmir\bmclient\Common\GameRenderObject.h	554	1	BackMirClient
Error	7293	error C4430: missing type specifier - int assumed. Note: C++ does not support default-int	y:\develop\github\backmir\bmclient\Common\GameRenderObject.h	554	1	BackMirClient
Error	7294	error C2146: syntax error : missing ';' before identifier 'm_sex'	y:\develop\github\backmir\bmclient\Common\GameRenderObject.h	555	1	BackMirClient
Error	7295	error C4430: missing type specifier - int assumed. Note: C++ does not support default-int	y:\develop\github\backmir\bmclient\Common\GameRenderObject.h	555	1	BackMirClient
Error	7296	error C2146: syntax error : missing ';' before identifier 'm_stat'	y:\develop\github\backmir\bmclient\Common\GameRenderObject.h	556	1	BackMirClient
Error	7297	error C4430: missing type specifier - int assumed. Note: C++ does not support default-int	y:\develop\github\backmir\bmclient\Common\GameRenderObject.h	556	1	BackMirClient
Error	7298	error C2146: syntax error : missing ';' before identifier 'm_preStat'	y:\develop\github\backmir\bmclient\Common\GameRenderObject.h	557	1	BackMirClient
Error	7299	error C4430: missing type specifier - int assumed. Note: C++ does not support default-int	y:\develop\github\backmir\bmclient\Common\GameRenderObject.h	557	1	BackMirClient
Error	7300	error C2065: 'm_drt' : undeclared identifier	y:\develop\github\backmir\bmclient\Common\GameRenderObject.h	253	1	BackMirClient
Error	7301	error C2065: 'PDT_DOWN' : undeclared identifier	y:\develop\github\backmir\bmclient\Common\GameRenderObject.h	253	1	BackMirClient
Error	7302	error C2065: 'm_sex' : undeclared identifier	y:\develop\github\backmir\bmclient\Common\GameRenderObject.h	254	1	BackMirClient
Error	7303	error C2065: 'PSX_MAN' : undeclared identifier	y:\develop\github\backmir\bmclient\Common\GameRenderObject.h	254	1	BackMirClient
Error	7304	error C2065: 'm_preStat' : undeclared identifier	y:\develop\github\backmir\bmclient\Common\GameRenderObject.h	255	1	BackMirClient
Error	7305	error C2065: 'm_stat' : undeclared identifier	y:\develop\github\backmir\bmclient\Common\GameRenderObject.h	255	1	BackMirClient
Error	7306	error C2065: 'PST_STAND' : undeclared identifier	y:\develop\github\backmir\bmclient\Common\GameRenderObject.h	255	1	BackMirClient
Error	7307	error C2065: 'm_drt' : undeclared identifier	y:\develop\github\backmir\bmclient\Common\GameRenderObject.h	310	1	BackMirClient
Error	7308	error C2065: '_pd' : undeclared identifier	y:\develop\github\backmir\bmclient\Common\GameRenderObject.h	310	1	BackMirClient
Error	7309	error C2065: 'm_drt' : undeclared identifier	y:\develop\github\backmir\bmclient\Common\GameRenderObject.h	314	1	BackMirClient
Error	7310	error C2065: 'm_stat' : undeclared identifier	y:\develop\github\backmir\bmclient\Common\GameRenderObject.h	318	1	BackMirClient
Error	7311	error C2065: '_ps' : undeclared identifier	y:\develop\github\backmir\bmclient\Common\GameRenderObject.h	318	1	BackMirClient
Error	7312	error C2065: '_ps' : undeclared identifier	y:\develop\github\backmir\bmclient\Common\GameRenderObject.h	320	1	BackMirClient
Error	7313	error C2065: 'PST_STAND' : undeclared identifier	y:\develop\github\backmir\bmclient\Common\GameRenderObject.h	320	1	BackMirClient
Error	7314	error C2065: '_ps' : undeclared identifier	y:\develop\github\backmir\bmclient\Common\GameRenderObject.h	324	1	BackMirClient
Error	7315	error C2065: 'm_stat' : undeclared identifier	y:\develop\github\backmir\bmclient\Common\GameRenderObject.h	328	1	BackMirClient
Error	7316	error C2065: 'm_preStat' : undeclared identifier	y:\develop\github\backmir\bmclient\Common\GameRenderObject.h	332	1	BackMirClient
Error	7317	error C2065: 'm_sex' : undeclared identifier	y:\develop\github\backmir\bmclient\Common\GameRenderObject.h	356	1	BackMirClient
Error	7318	error C2065: '_ps' : undeclared identifier	y:\develop\github\backmir\bmclient\Common\GameRenderObject.h	356	1	BackMirClient
Error	7319	error C2065: 'm_sex' : undeclared identifier	y:\develop\github\backmir\bmclient\Common\GameRenderObject.h	360	1	BackMirClient
Error	7320	error C2065: 'PST_DEAD' : undeclared identifier	y:\develop\github\backmir\bmclient\Common\GameRenderObject.h	429	1	BackMirClient
Error	7321	error C1083: Cannot open include file: 'FastDelegateBind.h': No such file or directory	y:\develop\github\backmir\bmclient\GameDialog\GameCommonDlg.h	9	1	BackMirClient
Warning	7322	warning C4819: The file contains a character that cannot be represented in the current code page (936). Save the file in Unicode format to prevent data loss	y:\develop\github\backmir\bmclient\Common\GlobalDefine.h	1	1	BackMirClient
Error	7323	error C2447: '{' : missing function header (old-style formal list?)	y:\develop\github\backmir\bmclient\Common\GlobalDefine.h	91	1	BackMirClient
Error	7324	error C2447: '{' : missing function header (old-style formal list?)	y:\develop\github\backmir\bmclient\Common\GlobalDefine.h	103	1	BackMirClient
Error	7325	error C2447: '{' : missing function header (old-style formal list?)	y:\develop\github\backmir\bmclient\Common\GlobalDefine.h	128	1	BackMirClient
Error	7326	error C2146: syntax error : missing ';' before identifier 'GetAngle'	y:\develop\github\backmir\bmclient\Common\GlobalFunction.h	26	1	BackMirClient
Error	7327	error C4430: missing type specifier - int assumed. Note: C++ does not support default-int	y:\develop\github\backmir\bmclient\Common\GlobalFunction.h	26	1	BackMirClient
Error	7328	error C4430: missing type specifier - int assumed. Note: C++ does not support default-int	y:\develop\github\backmir\bmclient\net\PacketHandler.h	71	1	BackMirClient
Error	7329	error C2143: syntax error : missing ',' before '&'	y:\develop\github\backmir\bmclient\net\PacketHandler.h	71	1	BackMirClient
Warning	7330	warning C4819: The file contains a character that cannot be represented in the current code page (936). Save the file in Unicode format to prevent data loss	y:\develop\github\backmir\CommonModule\MagicEffectID.h	1	1	BackMirClient
Error	7331	error C2061: syntax error : identifier 'PLAYER_DIRECTION'	y:\develop\github\backmir\bmclient\Common\GameRenderObject.h	308	1	BackMirClient
Error	7332	error C2146: syntax error : missing ';' before identifier 'GetDirection'	y:\develop\github\backmir\bmclient\Common\GameRenderObject.h	312	1	BackMirClient
Error	7333	error C2433: 'GameObject::PLAYER_DIRECTION' : 'inline' not permitted on data declarations	y:\develop\github\backmir\bmclient\Common\GameRenderObject.h	312	1	BackMirClient
Error	7334	error C4430: missing type specifier - int assumed. Note: C++ does not support default-int	y:\develop\github\backmir\bmclient\Common\GameRenderObject.h	312	1	BackMirClient
Error	7335	error C4430: missing type specifier - int assumed. Note: C++ does not support default-int	y:\develop\github\backmir\bmclient\Common\GameRenderObject.h	313	1	BackMirClient
Warning	7336	warning C4183: 'GetDirection': missing return type; assumed to be a member function returning 'int'	y:\develop\github\backmir\bmclient\Common\GameRenderObject.h	315	1	BackMirClient
Error	7337	error C2061: syntax error : identifier 'PLAYER_STATUS'	y:\develop\github\backmir\bmclient\Common\GameRenderObject.h	316	1	BackMirClient
Error	7338	error C2146: syntax error : missing ';' before identifier 'GetStatus'	y:\develop\github\backmir\bmclient\Common\GameRenderObject.h	326	1	BackMirClient
Error	7339	error C2433: 'GameObject::PLAYER_STATUS' : 'inline' not permitted on data declarations	y:\develop\github\backmir\bmclient\Common\GameRenderObject.h	326	1	BackMirClient
Error	7340	error C4430: missing type specifier - int assumed. Note: C++ does not support default-int	y:\develop\github\backmir\bmclient\Common\GameRenderObject.h	326	1	BackMirClient
Error	7341	error C4430: missing type specifier - int assumed. Note: C++ does not support default-int	y:\develop\github\backmir\bmclient\Common\GameRenderObject.h	327	1	BackMirClient
Warning	7342	warning C4183: 'GetStatus': missing return type; assumed to be a member function returning 'int'	y:\develop\github\backmir\bmclient\Common\GameRenderObject.h	329	1	BackMirClient
Error	7343	error C2146: syntax error : missing ';' before identifier 'GetPreStatus'	y:\develop\github\backmir\bmclient\Common\GameRenderObject.h	330	1	BackMirClient
Error	7344	error C2433: 'GameObject::PLAYER_STATUS' : 'inline' not permitted on data declarations	y:\develop\github\backmir\bmclient\Common\GameRenderObject.h	330	1	BackMirClient
Error	7345	error C4430: missing type specifier - int assumed. Note: C++ does not support default-int	y:\develop\github\backmir\bmclient\Common\GameRenderObject.h	330	1	BackMirClient
Error	7346	error C4430: missing type specifier - int assumed. Note: C++ does not support default-int	y:\develop\github\backmir\bmclient\Common\GameRenderObject.h	331	1	BackMirClient
Warning	7347	warning C4183: 'GetPreStatus': missing return type; assumed to be a member function returning 'int'	y:\develop\github\backmir\bmclient\Common\GameRenderObject.h	333	1	BackMirClient
Error	7348	error C2061: syntax error : identifier 'PLAYER_SEX'	y:\develop\github\backmir\bmclient\Common\GameRenderObject.h	354	1	BackMirClient
Error	7349	error C2146: syntax error : missing ';' before identifier 'GetPlayerSex'	y:\develop\github\backmir\bmclient\Common\GameRenderObject.h	358	1	BackMirClient
Error	7350	error C2433: 'GameObject::PLAYER_SEX' : 'inline' not permitted on data declarations	y:\develop\github\backmir\bmclient\Common\GameRenderObject.h	358	1	BackMirClient
Error	7351	error C4430: missing type specifier - int assumed. Note: C++ does not support default-int	y:\develop\github\backmir\bmclient\Common\GameRenderObject.h	358	1	BackMirClient
Error	7352	error C4430: missing type specifier - int assumed. Note: C++ does not support default-int	y:\develop\github\backmir\bmclient\Common\GameRenderObject.h	359	1	BackMirClient
Warning	7353	warning C4183: 'GetPlayerSex': missing return type; assumed to be a member function returning 'int'	y:\develop\github\backmir\bmclient\Common\GameRenderObject.h	361	1	BackMirClient
Error	7354	error C4430: missing type specifier - int assumed. Note: C++ does not support default-int	y:\develop\github\backmir\bmclient\Common\GameRenderObject.h	503	1	BackMirClient
Error	7355	error C2143: syntax error : missing ',' before '&'	y:\develop\github\backmir\bmclient\Common\GameRenderObject.h	503	1	BackMirClient
Error	7356	error C4430: missing type specifier - int assumed. Note: C++ does not support default-int	y:\develop\github\backmir\bmclient\Common\GameRenderObject.h	504	1	BackMirClient
Error	7357	error C2143: syntax error : missing ',' before '&'	y:\develop\github\backmir\bmclient\Common\GameRenderObject.h	504	1	BackMirClient
Error	7358	error C2535: 'void GameObject::DoPacket(const int)' : member function already defined or declared	y:\develop\github\backmir\bmclient\Common\GameRenderObject.h	504	1	BackMirClient
Error	7359	error C4430: missing type specifier - int assumed. Note: C++ does not support default-int	y:\develop\github\backmir\bmclient\Common\GameRenderObject.h	505	1	BackMirClient
Error	7360	error C2143: syntax error : missing ',' before '&'	y:\develop\github\backmir\bmclient\Common\GameRenderObject.h	505	1	BackMirClient
Error	7361	error C2535: 'void GameObject::DoPacket(const int)' : member function already defined or declared	y:\develop\github\backmir\bmclient\Common\GameRenderObject.h	505	1	BackMirClient
Error	7362	error C2061: syntax error : identifier 'PLAYER_STATUS'	y:\develop\github\backmir\bmclient\Common\GameRenderObject.h	513	1	BackMirClient
Error	7363	error C2146: syntax error : missing ';' before identifier 'm_drt'	y:\develop\github\backmir\bmclient\Common\GameRenderObject.h	554	1	BackMirClient
Error	7364	error C4430: missing type specifier - int assumed. Note: C++ does not support default-int	y:\develop\github\backmir\bmclient\Common\GameRenderObject.h	554	1	BackMirClient
Error	7365	error C2146: syntax error : missing ';' before identifier 'm_sex'	y:\develop\github\backmir\bmclient\Common\GameRenderObject.h	555	1	BackMirClient
Error	7366	error C4430: missing type specifier - int assumed. Note: C++ does not support default-int	y:\develop\github\backmir\bmclient\Common\GameRenderObject.h	555	1	BackMirClient
Error	7367	error C2146: syntax error : missing ';' before identifier 'm_stat'	y:\develop\github\backmir\bmclient\Common\GameRenderObject.h	556	1	BackMirClient
Error	7368	error C4430: missing type specifier - int assumed. Note: C++ does not support default-int	y:\develop\github\backmir\bmclient\Common\GameRenderObject.h	556	1	BackMirClient
Error	7369	error C2146: syntax error : missing ';' before identifier 'm_preStat'	y:\develop\github\backmir\bmclient\Common\GameRenderObject.h	557	1	BackMirClient
Error	7370	error C4430: missing type specifier - int assumed. Note: C++ does not support default-int	y:\develop\github\backmir\bmclient\Common\GameRenderObject.h	557	1	BackMirClient
Error	7371	error C2065: 'm_drt' : undeclared identifier	y:\develop\github\backmir\bmclient\Common\GameRenderObject.h	253	1	BackMirClient
Error	7372	error C2065: 'PDT_DOWN' : undeclared identifier	y:\develop\github\backmir\bmclient\Common\GameRenderObject.h	253	1	BackMirClient
Error	7373	error C2065: 'm_sex' : undeclared identifier	y:\develop\github\backmir\bmclient\Common\GameRenderObject.h	254	1	BackMirClient
Error	7374	error C2065: 'PSX_MAN' : undeclared identifier	y:\develop\github\backmir\bmclient\Common\GameRenderObject.h	254	1	BackMirClient
Error	7375	error C2065: 'm_preStat' : undeclared identifier	y:\develop\github\backmir\bmclient\Common\GameRenderObject.h	255	1	BackMirClient
Error	7376	error C2065: 'm_stat' : undeclared identifier	y:\develop\github\backmir\bmclient\Common\GameRenderObject.h	255	1	BackMirClient
Error	7377	error C2065: 'PST_STAND' : undeclared identifier	y:\develop\github\backmir\bmclient\Common\GameRenderObject.h	255	1	BackMirClient
Error	7378	error C2065: 'm_drt' : undeclared identifier	y:\develop\github\backmir\bmclient\Common\GameRenderObject.h	310	1	BackMirClient
Error	7379	error C2065: '_pd' : undeclared identifier	y:\develop\github\backmir\bmclient\Common\GameRenderObject.h	310	1	BackMirClient
Error	7380	error C2065: 'm_drt' : undeclared identifier	y:\develop\github\backmir\bmclient\Common\GameRenderObject.h	314	1	BackMirClient
Error	7381	error C2065: 'm_stat' : undeclared identifier	y:\develop\github\backmir\bmclient\Common\GameRenderObject.h	318	1	BackMirClient
Error	7382	error C2065: '_ps' : undeclared identifier	y:\develop\github\backmir\bmclient\Common\GameRenderObject.h	318	1	BackMirClient
Error	7383	error C2065: '_ps' : undeclared identifier	y:\develop\github\backmir\bmclient\Common\GameRenderObject.h	320	1	BackMirClient
Error	7384	error C2065: 'PST_STAND' : undeclared identifier	y:\develop\github\backmir\bmclient\Common\GameRenderObject.h	320	1	BackMirClient
Error	7385	error C2065: '_ps' : undeclared identifier	y:\develop\github\backmir\bmclient\Common\GameRenderObject.h	324	1	BackMirClient
Error	7386	error C2065: 'm_stat' : undeclared identifier	y:\develop\github\backmir\bmclient\Common\GameRenderObject.h	328	1	BackMirClient
Error	7387	error C2065: 'm_preStat' : undeclared identifier	y:\develop\github\backmir\bmclient\Common\GameRenderObject.h	332	1	BackMirClient
Error	7388	error C2065: 'm_sex' : undeclared identifier	y:\develop\github\backmir\bmclient\Common\GameRenderObject.h	356	1	BackMirClient
Error	7389	error C2065: '_ps' : undeclared identifier	y:\develop\github\backmir\bmclient\Common\GameRenderObject.h	356	1	BackMirClient
Error	7390	error C2065: 'm_sex' : undeclared identifier	y:\develop\github\backmir\bmclient\Common\GameRenderObject.h	360	1	BackMirClient
Error	7391	error C2065: 'PST_DEAD' : undeclared identifier	y:\develop\github\backmir\bmclient\Common\GameRenderObject.h	429	1	BackMirClient
Error	7392	error C1083: Cannot open include file: 'FastDelegateBind.h': No such file or directory	y:\develop\github\backmir\bmclient\GameDialog\GameCommonDlg.h	9	1	BackMirClient
Warning	7393	warning C4819: The file contains a character that cannot be represented in the current code page (936). Save the file in Unicode format to prevent data loss	y:\develop\github\backmir\bmclient\Common\GlobalDefine.h	1	1	BackMirClient
Error	7394	error C2447: '{' : missing function header (old-style formal list?)	y:\develop\github\backmir\bmclient\Common\GlobalDefine.h	91	1	BackMirClient
Error	7395	error C2447: '{' : missing function header (old-style formal list?)	y:\develop\github\backmir\bmclient\Common\GlobalDefine.h	103	1	BackMirClient
Error	7396	error C2447: '{' : missing function header (old-style formal list?)	y:\develop\github\backmir\bmclient\Common\GlobalDefine.h	128	1	BackMirClient
Error	7397	error C2146: syntax error : missing ';' before identifier 'GetAngle'	y:\develop\github\backmir\bmclient\Common\GlobalFunction.h	26	1	BackMirClient
Error	7398	error C4430: missing type specifier - int assumed. Note: C++ does not support default-int	y:\develop\github\backmir\bmclient\Common\GlobalFunction.h	26	1	BackMirClient
Error	7399	error C4430: missing type specifier - int assumed. Note: C++ does not support default-int	y:\develop\github\backmir\bmclient\net\PacketHandler.h	71	1	BackMirClient
Error	7400	error C2143: syntax error : missing ',' before '&'	y:\develop\github\backmir\bmclient\net\PacketHandler.h	71	1	BackMirClient
Warning	7401	warning C4819: The file contains a character that cannot be represented in the current code page (936). Save the file in Unicode format to prevent data loss	y:\develop\github\backmir\CommonModule\MagicEffectID.h	1	1	BackMirClient
Error	7402	error C2061: syntax error : identifier 'PLAYER_DIRECTION'	y:\develop\github\backmir\bmclient\Common\GameRenderObject.h	308	1	BackMirClient
Error	7403	error C2146: syntax error : missing ';' before identifier 'GetDirection'	y:\develop\github\backmir\bmclient\Common\GameRenderObject.h	312	1	BackMirClient
Error	7404	error C2433: 'GameObject::PLAYER_DIRECTION' : 'inline' not permitted on data declarations	y:\develop\github\backmir\bmclient\Common\GameRenderObject.h	312	1	BackMirClient
Error	7405	error C4430: missing type specifier - int assumed. Note: C++ does not support default-int	y:\develop\github\backmir\bmclient\Common\GameRenderObject.h	312	1	BackMirClient
Error	7406	error C4430: missing type specifier - int assumed. Note: C++ does not support default-int	y:\develop\github\backmir\bmclient\Common\GameRenderObject.h	313	1	BackMirClient
Warning	7407	warning C4183: 'GetDirection': missing return type; assumed to be a member function returning 'int'	y:\develop\github\backmir\bmclient\Common\GameRenderObject.h	315	1	BackMirClient
Error	7408	error C2061: syntax error : identifier 'PLAYER_STATUS'	y:\develop\github\backmir\bmclient\Common\GameRenderObject.h	316	1	BackMirClient
Error	7409	error C2146: syntax error : missing ';' before identifier 'GetStatus'	y:\develop\github\backmir\bmclient\Common\GameRenderObject.h	326	1	BackMirClient
Error	7410	error C2433: 'GameObject::PLAYER_STATUS' : 'inline' not permitted on data declarations	y:\develop\github\backmir\bmclient\Common\GameRenderObject.h	326	1	BackMirClient
Error	7411	error C4430: missing type specifier - int assumed. Note: C++ does not support default-int	y:\develop\github\backmir\bmclient\Common\GameRenderObject.h	326	1	BackMirClient
Error	7412	error C4430: missing type specifier - int assumed. Note: C++ does not support default-int	y:\develop\github\backmir\bmclient\Common\GameRenderObject.h	327	1	BackMirClient
Warning	7413	warning C4183: 'GetStatus': missing return type; assumed to be a member function returning 'int'	y:\develop\github\backmir\bmclient\Common\GameRenderObject.h	329	1	BackMirClient
Error	7414	error C2146: syntax error : missing ';' before identifier 'GetPreStatus'	y:\develop\github\backmir\bmclient\Common\GameRenderObject.h	330	1	BackMirClient
Error	7415	error C2433: 'GameObject::PLAYER_STATUS' : 'inline' not permitted on data declarations	y:\develop\github\backmir\bmclient\Common\GameRenderObject.h	330	1	BackMirClient
Error	7416	error C4430: missing type specifier - int assumed. Note: C++ does not support default-int	y:\develop\github\backmir\bmclient\Common\GameRenderObject.h	330	1	BackMirClient
Error	7417	error C4430: missing type specifier - int assumed. Note: C++ does not support default-int	y:\develop\github\backmir\bmclient\Common\GameRenderObject.h	331	1	BackMirClient
Warning	7418	warning C4183: 'GetPreStatus': missing return type; assumed to be a member function returning 'int'	y:\develop\github\backmir\bmclient\Common\GameRenderObject.h	333	1	BackMirClient
Error	7419	error C2061: syntax error : identifier 'PLAYER_SEX'	y:\develop\github\backmir\bmclient\Common\GameRenderObject.h	354	1	BackMirClient
Error	7420	error C2146: syntax error : missing ';' before identifier 'GetPlayerSex'	y:\develop\github\backmir\bmclient\Common\GameRenderObject.h	358	1	BackMirClient
Error	7421	error C2433: 'GameObject::PLAYER_SEX' : 'inline' not permitted on data declarations	y:\develop\github\backmir\bmclient\Common\GameRenderObject.h	358	1	BackMirClient
Error	7422	error C4430: missing type specifier - int assumed. Note: C++ does not support default-int	y:\develop\github\backmir\bmclient\Common\GameRenderObject.h	358	1	BackMirClient
Error	7423	error C4430: missing type specifier - int assumed. Note: C++ does not support default-int	y:\develop\github\backmir\bmclient\Common\GameRenderObject.h	359	1	BackMirClient
Warning	7424	warning C4183: 'GetPlayerSex': missing return type; assumed to be a member function returning 'int'	y:\develop\github\backmir\bmclient\Common\GameRenderObject.h	361	1	BackMirClient
Error	7425	error C4430: missing type specifier - int assumed. Note: C++ does not support default-int	y:\develop\github\backmir\bmclient\Common\GameRenderObject.h	503	1	BackMirClient
Error	7426	error C2143: syntax error : missing ',' before '&'	y:\develop\github\backmir\bmclient\Common\GameRenderObject.h	503	1	BackMirClient
Error	7427	error C4430: missing type specifier - int assumed. Note: C++ does not support default-int	y:\develop\github\backmir\bmclient\Common\GameRenderObject.h	504	1	BackMirClient
Error	7428	error C2143: syntax error : missing ',' before '&'	y:\develop\github\backmir\bmclient\Common\GameRenderObject.h	504	1	BackMirClient
Error	7429	error C2535: 'void GameObject::DoPacket(const int)' : member function already defined or declared	y:\develop\github\backmir\bmclient\Common\GameRenderObject.h	504	1	BackMirClient
Error	7430	error C4430: missing type specifier - int assumed. Note: C++ does not support default-int	y:\develop\github\backmir\bmclient\Common\GameRenderObject.h	505	1	BackMirClient
Error	7431	error C2143: syntax error : missing ',' before '&'	y:\develop\github\backmir\bmclient\Common\GameRenderObject.h	505	1	BackMirClient
Error	7432	error C2535: 'void GameObject::DoPacket(const int)' : member function already defined or declared	y:\develop\github\backmir\bmclient\Common\GameRenderObject.h	505	1	BackMirClient
Error	7433	error C2061: syntax error : identifier 'PLAYER_STATUS'	y:\develop\github\backmir\bmclient\Common\GameRenderObject.h	513	1	BackMirClient
Error	7434	error C2146: syntax error : missing ';' before identifier 'm_drt'	y:\develop\github\backmir\bmclient\Common\GameRenderObject.h	554	1	BackMirClient
Error	7435	error C4430: missing type specifier - int assumed. Note: C++ does not support default-int	y:\develop\github\backmir\bmclient\Common\GameRenderObject.h	554	1	BackMirClient
Error	7436	error C2146: syntax error : missing ';' before identifier 'm_sex'	y:\develop\github\backmir\bmclient\Common\GameRenderObject.h	555	1	BackMirClient
Error	7437	error C4430: missing type specifier - int assumed. Note: C++ does not support default-int	y:\develop\github\backmir\bmclient\Common\GameRenderObject.h	555	1	BackMirClient
Error	7438	error C2146: syntax error : missing ';' before identifier 'm_stat'	y:\develop\github\backmir\bmclient\Common\GameRenderObject.h	556	1	BackMirClient
Error	7439	error C4430: missing type specifier - int assumed. Note: C++ does not support default-int	y:\develop\github\backmir\bmclient\Common\GameRenderObject.h	556	1	BackMirClient
Error	7440	error C2146: syntax error : missing ';' before identifier 'm_preStat'	y:\develop\github\backmir\bmclient\Common\GameRenderObject.h	557	1	BackMirClient
Error	7441	error C4430: missing type specifier - int assumed. Note: C++ does not support default-int	y:\develop\github\backmir\bmclient\Common\GameRenderObject.h	557	1	BackMirClient
Error	7442	error C2065: 'm_drt' : undeclared identifier	y:\develop\github\backmir\bmclient\Common\GameRenderObject.h	253	1	BackMirClient
Error	7443	error C2065: 'PDT_DOWN' : undeclared identifier	y:\develop\github\backmir\bmclient\Common\GameRenderObject.h	253	1	BackMirClient
Error	7444	error C2065: 'm_sex' : undeclared identifier	y:\develop\github\backmir\bmclient\Common\GameRenderObject.h	254	1	BackMirClient
Error	7445	error C2065: 'PSX_MAN' : undeclared identifier	y:\develop\github\backmir\bmclient\Common\GameRenderObject.h	254	1	BackMirClient
Error	7446	error C2065: 'm_preStat' : undeclared identifier	y:\develop\github\backmir\bmclient\Common\GameRenderObject.h	255	1	BackMirClient
Error	7447	error C2065: 'm_stat' : undeclared identifier	y:\develop\github\backmir\bmclient\Common\GameRenderObject.h	255	1	BackMirClient
Error	7448	error C2065: 'PST_STAND' : undeclared identifier	y:\develop\github\backmir\bmclient\Common\GameRenderObject.h	255	1	BackMirClient
Error	7449	error C2065: 'm_drt' : undeclared identifier	y:\develop\github\backmir\bmclient\Common\GameRenderObject.h	310	1	BackMirClient
Error	7450	error C2065: '_pd' : undeclared identifier	y:\develop\github\backmir\bmclient\Common\GameRenderObject.h	310	1	BackMirClient
Error	7451	error C2065: 'm_drt' : undeclared identifier	y:\develop\github\backmir\bmclient\Common\GameRenderObject.h	314	1	BackMirClient
Error	7452	error C2065: 'm_stat' : undeclared identifier	y:\develop\github\backmir\bmclient\Common\GameRenderObject.h	318	1	BackMirClient
Error	7453	error C2065: '_ps' : undeclared identifier	y:\develop\github\backmir\bmclient\Common\GameRenderObject.h	318	1	BackMirClient
Error	7454	error C2065: '_ps' : undeclared identifier	y:\develop\github\backmir\bmclient\Common\GameRenderObject.h	320	1	BackMirClient
Error	7455	error C2065: 'PST_STAND' : undeclared identifier	y:\develop\github\backmir\bmclient\Common\GameRenderObject.h	320	1	BackMirClient
Error	7456	error C2065: '_ps' : undeclared identifier	y:\develop\github\backmir\bmclient\Common\GameRenderObject.h	324	1	BackMirClient
Error	7457	error C2065: 'm_stat' : undeclared identifier	y:\develop\github\backmir\bmclient\Common\GameRenderObject.h	328	1	BackMirClient
Error	7458	error C2065: 'm_preStat' : undeclared identifier	y:\develop\github\backmir\bmclient\Common\GameRenderObject.h	332	1	BackMirClient
Error	7459	error C2065: 'm_sex' : undeclared identifier	y:\develop\github\backmir\bmclient\Common\GameRenderObject.h	356	1	BackMirClient
Error	7460	error C2065: '_ps' : undeclared identifier	y:\develop\github\backmir\bmclient\Common\GameRenderObject.h	356	1	BackMirClient
Error	7461	error C2065: 'm_sex' : undeclared identifier	y:\develop\github\backmir\bmclient\Common\GameRenderObject.h	360	1	BackMirClient
Error	7462	error C2065: 'PST_DEAD' : undeclared identifier	y:\develop\github\backmir\bmclient\Common\GameRenderObject.h	429	1	BackMirClient
Error	7463	error C1083: Cannot open include file: 'FastDelegateBind.h': No such file or directory	y:\develop\github\backmir\bmclient\GameDialog\GameCommonDlg.h	9	1	BackMirClient
Warning	7464	warning C4819: The file contains a character that cannot be represented in the current code page (936). Save the file in Unicode format to prevent data loss	y:\develop\github\backmir\bmclient\Common\GlobalDefine.h	1	1	BackMirClient
Error	7465	error C2447: '{' : missing function header (old-style formal list?)	y:\develop\github\backmir\bmclient\Common\GlobalDefine.h	91	1	BackMirClient
Error	7466	error C2447: '{' : missing function header (old-style formal list?)	y:\develop\github\backmir\bmclient\Common\GlobalDefine.h	103	1	BackMirClient
Error	7467	error C2447: '{' : missing function header (old-style formal list?)	y:\develop\github\backmir\bmclient\Common\GlobalDefine.h	128	1	BackMirClient
Error	7468	error C2146: syntax error : missing ';' before identifier 'GetAngle'	y:\develop\github\backmir\bmclient\Common\GlobalFunction.h	26	1	BackMirClient
Error	7469	error C4430: missing type specifier - int assumed. Note: C++ does not support default-int	y:\develop\github\backmir\bmclient\Common\GlobalFunction.h	26	1	BackMirClient
Error	7470	error C4430: missing type specifier - int assumed. Note: C++ does not support default-int	y:\develop\github\backmir\bmclient\net\PacketHandler.h	71	1	BackMirClient
Error	7471	error C2143: syntax error : missing ',' before '&'	y:\develop\github\backmir\bmclient\net\PacketHandler.h	71	1	BackMirClient
Warning	7472	warning C4819: The file contains a character that cannot be represented in the current code page (936). Save the file in Unicode format to prevent data loss	y:\develop\github\backmir\CommonModule\MagicEffectID.h	1	1	BackMirClient
Error	7473	error C2061: syntax error : identifier 'PLAYER_DIRECTION'	y:\develop\github\backmir\bmclient\Common\GameRenderObject.h	308	1	BackMirClient
Error	7474	error C2146: syntax error : missing ';' before identifier 'GetDirection'	y:\develop\github\backmir\bmclient\Common\GameRenderObject.h	312	1	BackMirClient
Error	7475	error C2433: 'GameObject::PLAYER_DIRECTION' : 'inline' not permitted on data declarations	y:\develop\github\backmir\bmclient\Common\GameRenderObject.h	312	1	BackMirClient
Error	7476	error C4430: missing type specifier - int assumed. Note: C++ does not support default-int	y:\develop\github\backmir\bmclient\Common\GameRenderObject.h	312	1	BackMirClient
Error	7477	error C4430: missing type specifier - int assumed. Note: C++ does not support default-int	y:\develop\github\backmir\bmclient\Common\GameRenderObject.h	313	1	BackMirClient
Warning	7478	warning C4183: 'GetDirection': missing return type; assumed to be a member function returning 'int'	y:\develop\github\backmir\bmclient\Common\GameRenderObject.h	315	1	BackMirClient
Error	7479	error C2061: syntax error : identifier 'PLAYER_STATUS'	y:\develop\github\backmir\bmclient\Common\GameRenderObject.h	316	1	BackMirClient
Error	7480	error C2146: syntax error : missing ';' before identifier 'GetStatus'	y:\develop\github\backmir\bmclient\Common\GameRenderObject.h	326	1	BackMirClient
Error	7481	error C2433: 'GameObject::PLAYER_STATUS' : 'inline' not permitted on data declarations	y:\develop\github\backmir\bmclient\Common\GameRenderObject.h	326	1	BackMirClient
Error	7482	error C4430: missing type specifier - int assumed. Note: C++ does not support default-int	y:\develop\github\backmir\bmclient\Common\GameRenderObject.h	326	1	BackMirClient
Error	7483	error C4430: missing type specifier - int assumed. Note: C++ does not support default-int	y:\develop\github\backmir\bmclient\Common\GameRenderObject.h	327	1	BackMirClient
Warning	7484	warning C4183: 'GetStatus': missing return type; assumed to be a member function returning 'int'	y:\develop\github\backmir\bmclient\Common\GameRenderObject.h	329	1	BackMirClient
Error	7485	error C2146: syntax error : missing ';' before identifier 'GetPreStatus'	y:\develop\github\backmir\bmclient\Common\GameRenderObject.h	330	1	BackMirClient
Error	7486	error C2433: 'GameObject::PLAYER_STATUS' : 'inline' not permitted on data declarations	y:\develop\github\backmir\bmclient\Common\GameRenderObject.h	330	1	BackMirClient
Error	7487	error C4430: missing type specifier - int assumed. Note: C++ does not support default-int	y:\develop\github\backmir\bmclient\Common\GameRenderObject.h	330	1	BackMirClient
Error	7488	error C4430: missing type specifier - int assumed. Note: C++ does not support default-int	y:\develop\github\backmir\bmclient\Common\GameRenderObject.h	331	1	BackMirClient
Warning	7489	warning C4183: 'GetPreStatus': missing return type; assumed to be a member function returning 'int'	y:\develop\github\backmir\bmclient\Common\GameRenderObject.h	333	1	BackMirClient
Error	7490	error C2061: syntax error : identifier 'PLAYER_SEX'	y:\develop\github\backmir\bmclient\Common\GameRenderObject.h	354	1	BackMirClient
Error	7491	error C2146: syntax error : missing ';' before identifier 'GetPlayerSex'	y:\develop\github\backmir\bmclient\Common\GameRenderObject.h	358	1	BackMirClient
Error	7492	error C2433: 'GameObject::PLAYER_SEX' : 'inline' not permitted on data declarations	y:\develop\github\backmir\bmclient\Common\GameRenderObject.h	358	1	BackMirClient
Error	7493	error C4430: missing type specifier - int assumed. Note: C++ does not support default-int	y:\develop\github\backmir\bmclient\Common\GameRenderObject.h	358	1	BackMirClient
Error	7494	error C4430: missing type specifier - int assumed. Note: C++ does not support default-int	y:\develop\github\backmir\bmclient\Common\GameRenderObject.h	359	1	BackMirClient
Warning	7495	warning C4183: 'GetPlayerSex': missing return type; assumed to be a member function returning 'int'	y:\develop\github\backmir\bmclient\Common\GameRenderObject.h	361	1	BackMirClient
Error	7496	error C4430: missing type specifier - int assumed. Note: C++ does not support default-int	y:\develop\github\backmir\bmclient\Common\GameRenderObject.h	503	1	BackMirClient
Error	7497	error C2143: syntax error : missing ',' before '&'	y:\develop\github\backmir\bmclient\Common\GameRenderObject.h	503	1	BackMirClient
Error	7498	error C4430: missing type specifier - int assumed. Note: C++ does not support default-int	y:\develop\github\backmir\bmclient\Common\GameRenderObject.h	504	1	BackMirClient
Error	7499	error C2143: syntax error : missing ',' before '&'	y:\develop\github\backmir\bmclient\Common\GameRenderObject.h	504	1	BackMirClient
Error	7500	error C2535: 'void GameObject::DoPacket(const int)' : member function already defined or declared	y:\develop\github\backmir\bmclient\Common\GameRenderObject.h	504	1	BackMirClient
Error	7501	error C4430: missing type specifier - int assumed. Note: C++ does not support default-int	y:\develop\github\backmir\bmclient\Common\GameRenderObject.h	505	1	BackMirClient
Error	7502	error C2143: syntax error : missing ',' before '&'	y:\develop\github\backmir\bmclient\Common\GameRenderObject.h	505	1	BackMirClient
Error	7503	error C2535: 'void GameObject::DoPacket(const int)' : member function already defined or declared	y:\develop\github\backmir\bmclient\Common\GameRenderObject.h	505	1	BackMirClient
Error	7504	error C2061: syntax error : identifier 'PLAYER_STATUS'	y:\develop\github\backmir\bmclient\Common\GameRenderObject.h	513	1	BackMirClient
Error	7505	error C2146: syntax error : missing ';' before identifier 'm_drt'	y:\develop\github\backmir\bmclient\Common\GameRenderObject.h	554	1	BackMirClient
Error	7506	error C4430: missing type specifier - int assumed. Note: C++ does not support default-int	y:\develop\github\backmir\bmclient\Common\GameRenderObject.h	554	1	BackMirClient
Error	7507	error C2146: syntax error : missing ';' before identifier 'm_sex'	y:\develop\github\backmir\bmclient\Common\GameRenderObject.h	555	1	BackMirClient
Error	7508	error C4430: missing type specifier - int assumed. Note: C++ does not support default-int	y:\develop\github\backmir\bmclient\Common\GameRenderObject.h	555	1	BackMirClient
Error	7509	error C2146: syntax error : missing ';' before identifier 'm_stat'	y:\develop\github\backmir\bmclient\Common\GameRenderObject.h	556	1	BackMirClient
Error	7510	error C4430: missing type specifier - int assumed. Note: C++ does not support default-int	y:\develop\github\backmir\bmclient\Common\GameRenderObject.h	556	1	BackMirClient
Error	7511	error C2146: syntax error : missing ';' before identifier 'm_preStat'	y:\develop\github\backmir\bmclient\Common\GameRenderObject.h	557	1	BackMirClient
Error	7512	error C4430: missing type specifier - int assumed. Note: C++ does not support default-int	y:\develop\github\backmir\bmclient\Common\GameRenderObject.h	557	1	BackMirClient
Error	7513	error C2065: 'm_drt' : undeclared identifier	y:\develop\github\backmir\bmclient\Common\GameRenderObject.h	253	1	BackMirClient
Error	7514	error C2065: 'PDT_DOWN' : undeclared identifier	y:\develop\github\backmir\bmclient\Common\GameRenderObject.h	253	1	BackMirClient
Error	7515	error C2065: 'm_sex' : undeclared identifier	y:\develop\github\backmir\bmclient\Common\GameRenderObject.h	254	1	BackMirClient
Error	7516	error C2065: 'PSX_MAN' : undeclared identifier	y:\develop\github\backmir\bmclient\Common\GameRenderObject.h	254	1	BackMirClient
Error	7517	error C2065: 'm_preStat' : undeclared identifier	y:\develop\github\backmir\bmclient\Common\GameRenderObject.h	255	1	BackMirClient
Error	7518	error C2065: 'm_stat' : undeclared identifier	y:\develop\github\backmir\bmclient\Common\GameRenderObject.h	255	1	BackMirClient
Error	7519	error C2065: 'PST_STAND' : undeclared identifier	y:\develop\github\backmir\bmclient\Common\GameRenderObject.h	255	1	BackMirClient
Error	7520	error C2065: 'm_drt' : undeclared identifier	y:\develop\github\backmir\bmclient\Common\GameRenderObject.h	310	1	BackMirClient
Error	7521	error C2065: '_pd' : undeclared identifier	y:\develop\github\backmir\bmclient\Common\GameRenderObject.h	310	1	BackMirClient
Error	7522	error C2065: 'm_drt' : undeclared identifier	y:\develop\github\backmir\bmclient\Common\GameRenderObject.h	314	1	BackMirClient
Error	7523	error C2065: 'm_stat' : undeclared identifier	y:\develop\github\backmir\bmclient\Common\GameRenderObject.h	318	1	BackMirClient
Error	7524	error C2065: '_ps' : undeclared identifier	y:\develop\github\backmir\bmclient\Common\GameRenderObject.h	318	1	BackMirClient
Error	7525	error C2065: '_ps' : undeclared identifier	y:\develop\github\backmir\bmclient\Common\GameRenderObject.h	320	1	BackMirClient
Error	7526	error C2065: 'PST_STAND' : undeclared identifier	y:\develop\github\backmir\bmclient\Common\GameRenderObject.h	320	1	BackMirClient
Error	7527	error C2065: '_ps' : undeclared identifier	y:\develop\github\backmir\bmclient\Common\GameRenderObject.h	324	1	BackMirClient
Error	7528	error C2065: 'm_stat' : undeclared identifier	y:\develop\github\backmir\bmclient\Common\GameRenderObject.h	328	1	BackMirClient
Error	7529	error C2065: 'm_preStat' : undeclared identifier	y:\develop\github\backmir\bmclient\Common\GameRenderObject.h	332	1	BackMirClient
Error	7530	error C2065: 'm_sex' : undeclared identifier	y:\develop\github\backmir\bmclient\Common\GameRenderObject.h	356	1	BackMirClient
Error	7531	error C2065: '_ps' : undeclared identifier	y:\develop\github\backmir\bmclient\Common\GameRenderObject.h	356	1	BackMirClient
Error	7532	error C2065: 'm_sex' : undeclared identifier	y:\develop\github\backmir\bmclient\Common\GameRenderObject.h	360	1	BackMirClient
Error	7533	error C2065: 'PST_DEAD' : undeclared identifier	y:\develop\github\backmir\bmclient\Common\GameRenderObject.h	429	1	BackMirClient
Error	7534	error C1083: Cannot open include file: 'FastDelegateBind.h': No such file or directory	y:\develop\github\backmir\bmclient\GameDialog\GameCommonDlg.h	9	1	BackMirClient
Warning	7535	warning C4819: The file contains a character that cannot be represented in the current code page (936). Save the file in Unicode format to prevent data loss	y:\develop\github\backmir\bmclient\Common\GlobalDefine.h	1	1	BackMirClient
Error	7536	error C2447: '{' : missing function header (old-style formal list?)	y:\develop\github\backmir\bmclient\Common\GlobalDefine.h	91	1	BackMirClient
Error	7537	error C2447: '{' : missing function header (old-style formal list?)	y:\develop\github\backmir\bmclient\Common\GlobalDefine.h	103	1	BackMirClient
Error	7538	error C2447: '{' : missing function header (old-style formal list?)	y:\develop\github\backmir\bmclient\Common\GlobalDefine.h	128	1	BackMirClient
Error	7539	error C2146: syntax error : missing ';' before identifier 'GetAngle'	y:\develop\github\backmir\bmclient\Common\GlobalFunction.h	26	1	BackMirClient
Error	7540	error C4430: missing type specifier - int assumed. Note: C++ does not support default-int	y:\develop\github\backmir\bmclient\Common\GlobalFunction.h	26	1	BackMirClient
Error	7541	error C4430: missing type specifier - int assumed. Note: C++ does not support default-int	y:\develop\github\backmir\bmclient\net\PacketHandler.h	71	1	BackMirClient
Error	7542	error C2143: syntax error : missing ',' before '&'	y:\develop\github\backmir\bmclient\net\PacketHandler.h	71	1	BackMirClient
Warning	7543	warning C4819: The file contains a character that cannot be represented in the current code page (936). Save the file in Unicode format to prevent data loss	y:\develop\github\backmir\CommonModule\MagicEffectID.h	1	1	BackMirClient
Error	7544	error C2061: syntax error : identifier 'PLAYER_DIRECTION'	y:\develop\github\backmir\bmclient\Common\GameRenderObject.h	308	1	BackMirClient
Error	7545	error C2146: syntax error : missing ';' before identifier 'GetDirection'	y:\develop\github\backmir\bmclient\Common\GameRenderObject.h	312	1	BackMirClient
Error	7546	error C2433: 'GameObject::PLAYER_DIRECTION' : 'inline' not permitted on data declarations	y:\develop\github\backmir\bmclient\Common\GameRenderObject.h	312	1	BackMirClient
Error	7547	error C4430: missing type specifier - int assumed. Note: C++ does not support default-int	y:\develop\github\backmir\bmclient\Common\GameRenderObject.h	312	1	BackMirClient
Error	7548	error C4430: missing type specifier - int assumed. Note: C++ does not support default-int	y:\develop\github\backmir\bmclient\Common\GameRenderObject.h	313	1	BackMirClient
Warning	7549	warning C4183: 'GetDirection': missing return type; assumed to be a member function returning 'int'	y:\develop\github\backmir\bmclient\Common\GameRenderObject.h	315	1	BackMirClient
Error	7550	error C2061: syntax error : identifier 'PLAYER_STATUS'	y:\develop\github\backmir\bmclient\Common\GameRenderObject.h	316	1	BackMirClient
Error	7551	error C2146: syntax error : missing ';' before identifier 'GetStatus'	y:\develop\github\backmir\bmclient\Common\GameRenderObject.h	326	1	BackMirClient
Error	7552	error C2433: 'GameObject::PLAYER_STATUS' : 'inline' not permitted on data declarations	y:\develop\github\backmir\bmclient\Common\GameRenderObject.h	326	1	BackMirClient
Error	7553	error C4430: missing type specifier - int assumed. Note: C++ does not support default-int	y:\develop\github\backmir\bmclient\Common\GameRenderObject.h	326	1	BackMirClient
Error	7554	error C4430: missing type specifier - int assumed. Note: C++ does not support default-int	y:\develop\github\backmir\bmclient\Common\GameRenderObject.h	327	1	BackMirClient
Warning	7555	warning C4183: 'GetStatus': missing return type; assumed to be a member function returning 'int'	y:\develop\github\backmir\bmclient\Common\GameRenderObject.h	329	1	BackMirClient
Error	7556	error C2146: syntax error : missing ';' before identifier 'GetPreStatus'	y:\develop\github\backmir\bmclient\Common\GameRenderObject.h	330	1	BackMirClient
Error	7557	error C2433: 'GameObject::PLAYER_STATUS' : 'inline' not permitted on data declarations	y:\develop\github\backmir\bmclient\Common\GameRenderObject.h	330	1	BackMirClient
Error	7558	error C4430: missing type specifier - int assumed. Note: C++ does not support default-int	y:\develop\github\backmir\bmclient\Common\GameRenderObject.h	330	1	BackMirClient
Error	7559	error C4430: missing type specifier - int assumed. Note: C++ does not support default-int	y:\develop\github\backmir\bmclient\Common\GameRenderObject.h	331	1	BackMirClient
Warning	7560	warning C4183: 'GetPreStatus': missing return type; assumed to be a member function returning 'int'	y:\develop\github\backmir\bmclient\Common\GameRenderObject.h	333	1	BackMirClient
Error	7561	error C2061: syntax error : identifier 'PLAYER_SEX'	y:\develop\github\backmir\bmclient\Common\GameRenderObject.h	354	1	BackMirClient
Error	7562	error C2146: syntax error : missing ';' before identifier 'GetPlayerSex'	y:\develop\github\backmir\bmclient\Common\GameRenderObject.h	358	1	BackMirClient
Error	7563	error C2433: 'GameObject::PLAYER_SEX' : 'inline' not permitted on data declarations	y:\develop\github\backmir\bmclient\Common\GameRenderObject.h	358	1	BackMirClient
Error	7564	error C4430: missing type specifier - int assumed. Note: C++ does not support default-int	y:\develop\github\backmir\bmclient\Common\GameRenderObject.h	358	1	BackMirClient
Error	7565	error C4430: missing type specifier - int assumed. Note: C++ does not support default-int	y:\develop\github\backmir\bmclient\Common\GameRenderObject.h	359	1	BackMirClient
Warning	7566	warning C4183: 'GetPlayerSex': missing return type; assumed to be a member function returning 'int'	y:\develop\github\backmir\bmclient\Common\GameRenderObject.h	361	1	BackMirClient
Error	7567	error C4430: missing type specifier - int assumed. Note: C++ does not support default-int	y:\develop\github\backmir\bmclient\Common\GameRenderObject.h	503	1	BackMirClient
Error	7568	error C2143: syntax error : missing ',' before '&'	y:\develop\github\backmir\bmclient\Common\GameRenderObject.h	503	1	BackMirClient
Error	7569	error C4430: missing type specifier - int assumed. Note: C++ does not support default-int	y:\develop\github\backmir\bmclient\Common\GameRenderObject.h	504	1	BackMirClient
Error	7570	error C2143: syntax error : missing ',' before '&'	y:\develop\github\backmir\bmclient\Common\GameRenderObject.h	504	1	BackMirClient
Error	7571	error C2535: 'void GameObject::DoPacket(const int)' : member function already defined or declared	y:\develop\github\backmir\bmclient\Common\GameRenderObject.h	504	1	BackMirClient
Error	7572	error C4430: missing type specifier - int assumed. Note: C++ does not support default-int	y:\develop\github\backmir\bmclient\Common\GameRenderObject.h	505	1	BackMirClient
Error	7573	error C2143: syntax error : missing ',' before '&'	y:\develop\github\backmir\bmclient\Common\GameRenderObject.h	505	1	BackMirClient
Error	7574	error C2535: 'void GameObject::DoPacket(const int)' : member function already defined or declared	y:\develop\github\backmir\bmclient\Common\GameRenderObject.h	505	1	BackMirClient
Error	7575	error C2061: syntax error : identifier 'PLAYER_STATUS'	y:\develop\github\backmir\bmclient\Common\GameRenderObject.h	513	1	BackMirClient
Error	7576	error C2146: syntax error : missing ';' before identifier 'm_drt'	y:\develop\github\backmir\bmclient\Common\GameRenderObject.h	554	1	BackMirClient
Error	7577	error C4430: missing type specifier - int assumed. Note: C++ does not support default-int	y:\develop\github\backmir\bmclient\Common\GameRenderObject.h	554	1	BackMirClient
Error	7578	error C2146: syntax error : missing ';' before identifier 'm_sex'	y:\develop\github\backmir\bmclient\Common\GameRenderObject.h	555	1	BackMirClient
Error	7579	error C4430: missing type specifier - int assumed. Note: C++ does not support default-int	y:\develop\github\backmir\bmclient\Common\GameRenderObject.h	555	1	BackMirClient
Error	7580	error C2146: syntax error : missing ';' before identifier 'm_stat'	y:\develop\github\backmir\bmclient\Common\GameRenderObject.h	556	1	BackMirClient
Error	7581	error C4430: missing type specifier - int assumed. Note: C++ does not support default-int	y:\develop\github\backmir\bmclient\Common\GameRenderObject.h	556	1	BackMirClient
Error	7582	error C2146: syntax error : missing ';' before identifier 'm_preStat'	y:\develop\github\backmir\bmclient\Common\GameRenderObject.h	557	1	BackMirClient
Error	7583	error C4430: missing type specifier - int assumed. Note: C++ does not support default-int	y:\develop\github\backmir\bmclient\Common\GameRenderObject.h	557	1	BackMirClient
Error	7584	error C2065: 'm_drt' : undeclared identifier	y:\develop\github\backmir\bmclient\Common\GameRenderObject.h	253	1	BackMirClient
Error	7585	error C2065: 'PDT_DOWN' : undeclared identifier	y:\develop\github\backmir\bmclient\Common\GameRenderObject.h	253	1	BackMirClient
Error	7586	error C2065: 'm_sex' : undeclared identifier	y:\develop\github\backmir\bmclient\Common\GameRenderObject.h	254	1	BackMirClient
Error	7587	error C2065: 'PSX_MAN' : undeclared identifier	y:\develop\github\backmir\bmclient\Common\GameRenderObject.h	254	1	BackMirClient
Error	7588	error C2065: 'm_preStat' : undeclared identifier	y:\develop\github\backmir\bmclient\Common\GameRenderObject.h	255	1	BackMirClient
Error	7589	error C2065: 'm_stat' : undeclared identifier	y:\develop\github\backmir\bmclient\Common\GameRenderObject.h	255	1	BackMirClient
Error	7590	error C2065: 'PST_STAND' : undeclared identifier	y:\develop\github\backmir\bmclient\Common\GameRenderObject.h	255	1	BackMirClient
Error	7591	error C2065: 'm_drt' : undeclared identifier	y:\develop\github\backmir\bmclient\Common\GameRenderObject.h	310	1	BackMirClient
Error	7592	error C2065: '_pd' : undeclared identifier	y:\develop\github\backmir\bmclient\Common\GameRenderObject.h	310	1	BackMirClient
Error	7593	error C2065: 'm_drt' : undeclared identifier	y:\develop\github\backmir\bmclient\Common\GameRenderObject.h	314	1	BackMirClient
Error	7594	error C2065: 'm_stat' : undeclared identifier	y:\develop\github\backmir\bmclient\Common\GameRenderObject.h	318	1	BackMirClient
Error	7595	error C2065: '_ps' : undeclared identifier	y:\develop\github\backmir\bmclient\Common\GameRenderObject.h	318	1	BackMirClient
Error	7596	error C2065: '_ps' : undeclared identifier	y:\develop\github\backmir\bmclient\Common\GameRenderObject.h	320	1	BackMirClient
Error	7597	error C2065: 'PST_STAND' : undeclared identifier	y:\develop\github\backmir\bmclient\Common\GameRenderObject.h	320	1	BackMirClient
Error	7598	error C2065: '_ps' : undeclared identifier	y:\develop\github\backmir\bmclient\Common\GameRenderObject.h	324	1	BackMirClient
Error	7599	error C2065: 'm_stat' : undeclared identifier	y:\develop\github\backmir\bmclient\Common\GameRenderObject.h	328	1	BackMirClient
Error	7600	error C2065: 'm_preStat' : undeclared identifier	y:\develop\github\backmir\bmclient\Common\GameRenderObject.h	332	1	BackMirClient
Error	7601	error C2065: 'm_sex' : undeclared identifier	y:\develop\github\backmir\bmclient\Common\GameRenderObject.h	356	1	BackMirClient
Error	7602	error C2065: '_ps' : undeclared identifier	y:\develop\github\backmir\bmclient\Common\GameRenderObject.h	356	1	BackMirClient
Error	7603	error C2065: 'm_sex' : undeclared identifier	y:\develop\github\backmir\bmclient\Common\GameRenderObject.h	360	1	BackMirClient
Error	7604	error C2065: 'PST_DEAD' : undeclared identifier	y:\develop\github\backmir\bmclient\Common\GameRenderObject.h	429	1	BackMirClient
Error	7605	error C1083: Cannot open include file: 'FastDelegateBind.h': No such file or directory	y:\develop\github\backmir\bmclient\GameDialog\GameCommonDlg.h	9	1	BackMirClient
Warning	7606	warning C4819: The file contains a character that cannot be represented in the current code page (936). Save the file in Unicode format to prevent data loss	y:\develop\github\backmir\bmclient\Common\GlobalDefine.h	1	1	BackMirClient
Error	7607	error C2447: '{' : missing function header (old-style formal list?)	y:\develop\github\backmir\bmclient\Common\GlobalDefine.h	91	1	BackMirClient
Error	7608	error C2447: '{' : missing function header (old-style formal list?)	y:\develop\github\backmir\bmclient\Common\GlobalDefine.h	103	1	BackMirClient
Error	7609	error C2447: '{' : missing function header (old-style formal list?)	y:\develop\github\backmir\bmclient\Common\GlobalDefine.h	128	1	BackMirClient
Error	7610	error C2146: syntax error : missing ';' before identifier 'GetAngle'	y:\develop\github\backmir\bmclient\Common\GlobalFunction.h	26	1	BackMirClient
Error	7611	error C4430: missing type specifier - int assumed. Note: C++ does not support default-int	y:\develop\github\backmir\bmclient\Common\GlobalFunction.h	26	1	BackMirClient
Error	7612	error C4430: missing type specifier - int assumed. Note: C++ does not support default-int	y:\develop\github\backmir\bmclient\net\PacketHandler.h	71	1	BackMirClient
Error	7613	error C2143: syntax error : missing ',' before '&'	y:\develop\github\backmir\bmclient\net\PacketHandler.h	71	1	BackMirClient
Warning	7614	warning C4819: The file contains a character that cannot be represented in the current code page (936). Save the file in Unicode format to prevent data loss	y:\develop\github\backmir\CommonModule\MagicEffectID.h	1	1	BackMirClient
Error	7615	error C2061: syntax error : identifier 'PLAYER_DIRECTION'	y:\develop\github\backmir\bmclient\Common\GameRenderObject.h	308	1	BackMirClient
Error	7616	error C2146: syntax error : missing ';' before identifier 'GetDirection'	y:\develop\github\backmir\bmclient\Common\GameRenderObject.h	312	1	BackMirClient
Error	7617	error C2433: 'GameObject::PLAYER_DIRECTION' : 'inline' not permitted on data declarations	y:\develop\github\backmir\bmclient\Common\GameRenderObject.h	312	1	BackMirClient
Error	7618	error C4430: missing type specifier - int assumed. Note: C++ does not support default-int	y:\develop\github\backmir\bmclient\Common\GameRenderObject.h	312	1	BackMirClient
Error	7619	error C4430: missing type specifier - int assumed. Note: C++ does not support default-int	y:\develop\github\backmir\bmclient\Common\GameRenderObject.h	313	1	BackMirClient
Warning	7620	warning C4183: 'GetDirection': missing return type; assumed to be a member function returning 'int'	y:\develop\github\backmir\bmclient\Common\GameRenderObject.h	315	1	BackMirClient
Error	7621	error C2061: syntax error : identifier 'PLAYER_STATUS'	y:\develop\github\backmir\bmclient\Common\GameRenderObject.h	316	1	BackMirClient
Error	7622	error C2146: syntax error : missing ';' before identifier 'GetStatus'	y:\develop\github\backmir\bmclient\Common\GameRenderObject.h	326	1	BackMirClient
Error	7623	error C2433: 'GameObject::PLAYER_STATUS' : 'inline' not permitted on data declarations	y:\develop\github\backmir\bmclient\Common\GameRenderObject.h	326	1	BackMirClient
Error	7624	error C4430: missing type specifier - int assumed. Note: C++ does not support default-int	y:\develop\github\backmir\bmclient\Common\GameRenderObject.h	326	1	BackMirClient
Error	7625	error C4430: missing type specifier - int assumed. Note: C++ does not support default-int	y:\develop\github\backmir\bmclient\Common\GameRenderObject.h	327	1	BackMirClient
Warning	7626	warning C4183: 'GetStatus': missing return type; assumed to be a member function returning 'int'	y:\develop\github\backmir\bmclient\Common\GameRenderObject.h	329	1	BackMirClient
Error	7627	error C2146: syntax error : missing ';' before identifier 'GetPreStatus'	y:\develop\github\backmir\bmclient\Common\GameRenderObject.h	330	1	BackMirClient
Error	7628	error C2433: 'GameObject::PLAYER_STATUS' : 'inline' not permitted on data declarations	y:\develop\github\backmir\bmclient\Common\GameRenderObject.h	330	1	BackMirClient
Error	7629	error C4430: missing type specifier - int assumed. Note: C++ does not support default-int	y:\develop\github\backmir\bmclient\Common\GameRenderObject.h	330	1	BackMirClient
Error	7630	error C4430: missing type specifier - int assumed. Note: C++ does not support default-int	y:\develop\github\backmir\bmclient\Common\GameRenderObject.h	331	1	BackMirClient
Warning	7631	warning C4183: 'GetPreStatus': missing return type; assumed to be a member function returning 'int'	y:\develop\github\backmir\bmclient\Common\GameRenderObject.h	333	1	BackMirClient
Error	7632	error C2061: syntax error : identifier 'PLAYER_SEX'	y:\develop\github\backmir\bmclient\Common\GameRenderObject.h	354	1	BackMirClient
Error	7633	error C2146: syntax error : missing ';' before identifier 'GetPlayerSex'	y:\develop\github\backmir\bmclient\Common\GameRenderObject.h	358	1	BackMirClient
Error	7634	error C2433: 'GameObject::PLAYER_SEX' : 'inline' not permitted on data declarations	y:\develop\github\backmir\bmclient\Common\GameRenderObject.h	358	1	BackMirClient
Error	7635	error C4430: missing type specifier - int assumed. Note: C++ does not support default-int	y:\develop\github\backmir\bmclient\Common\GameRenderObject.h	358	1	BackMirClient
Error	7636	error C4430: missing type specifier - int assumed. Note: C++ does not support default-int	y:\develop\github\backmir\bmclient\Common\GameRenderObject.h	359	1	BackMirClient
Warning	7637	warning C4183: 'GetPlayerSex': missing return type; assumed to be a member function returning 'int'	y:\develop\github\backmir\bmclient\Common\GameRenderObject.h	361	1	BackMirClient
Error	7638	error C4430: missing type specifier - int assumed. Note: C++ does not support default-int	y:\develop\github\backmir\bmclient\Common\GameRenderObject.h	503	1	BackMirClient
Error	7639	error C2143: syntax error : missing ',' before '&'	y:\develop\github\backmir\bmclient\Common\GameRenderObject.h	503	1	BackMirClient
Error	7640	error C4430: missing type specifier - int assumed. Note: C++ does not support default-int	y:\develop\github\backmir\bmclient\Common\GameRenderObject.h	504	1	BackMirClient
Error	7641	error C2143: syntax error : missing ',' before '&'	y:\develop\github\backmir\bmclient\Common\GameRenderObject.h	504	1	BackMirClient
Error	7642	error C2535: 'void GameObject::DoPacket(const int)' : member function already defined or declared	y:\develop\github\backmir\bmclient\Common\GameRenderObject.h	504	1	BackMirClient
Error	7643	error C4430: missing type specifier - int assumed. Note: C++ does not support default-int	y:\develop\github\backmir\bmclient\Common\GameRenderObject.h	505	1	BackMirClient
Error	7644	error C2143: syntax error : missing ',' before '&'	y:\develop\github\backmir\bmclient\Common\GameRenderObject.h	505	1	BackMirClient
Error	7645	error C2535: 'void GameObject::DoPacket(const int)' : member function already defined or declared	y:\develop\github\backmir\bmclient\Common\GameRenderObject.h	505	1	BackMirClient
Error	7646	error C2061: syntax error : identifier 'PLAYER_STATUS'	y:\develop\github\backmir\bmclient\Common\GameRenderObject.h	513	1	BackMirClient
Error	7647	error C2146: syntax error : missing ';' before identifier 'm_drt'	y:\develop\github\backmir\bmclient\Common\GameRenderObject.h	554	1	BackMirClient
Error	7648	error C4430: missing type specifier - int assumed. Note: C++ does not support default-int	y:\develop\github\backmir\bmclient\Common\GameRenderObject.h	554	1	BackMirClient
Error	7649	error C2146: syntax error : missing ';' before identifier 'm_sex'	y:\develop\github\backmir\bmclient\Common\GameRenderObject.h	555	1	BackMirClient
Error	7650	error C4430: missing type specifier - int assumed. Note: C++ does not support default-int	y:\develop\github\backmir\bmclient\Common\GameRenderObject.h	555	1	BackMirClient
Error	7651	error C2146: syntax error : missing ';' before identifier 'm_stat'	y:\develop\github\backmir\bmclient\Common\GameRenderObject.h	556	1	BackMirClient
Error	7652	error C4430: missing type specifier - int assumed. Note: C++ does not support default-int	y:\develop\github\backmir\bmclient\Common\GameRenderObject.h	556	1	BackMirClient
Error	7653	error C2146: syntax error : missing ';' before identifier 'm_preStat'	y:\develop\github\backmir\bmclient\Common\GameRenderObject.h	557	1	BackMirClient
Error	7654	error C4430: missing type specifier - int assumed. Note: C++ does not support default-int	y:\develop\github\backmir\bmclient\Common\GameRenderObject.h	557	1	BackMirClient
Error	7655	error C2065: 'm_drt' : undeclared identifier	y:\develop\github\backmir\bmclient\Common\GameRenderObject.h	253	1	BackMirClient
Error	7656	error C2065: 'PDT_DOWN' : undeclared identifier	y:\develop\github\backmir\bmclient\Common\GameRenderObject.h	253	1	BackMirClient
Error	7657	error C2065: 'm_sex' : undeclared identifier	y:\develop\github\backmir\bmclient\Common\GameRenderObject.h	254	1	BackMirClient
Error	7658	error C2065: 'PSX_MAN' : undeclared identifier	y:\develop\github\backmir\bmclient\Common\GameRenderObject.h	254	1	BackMirClient
Error	7659	error C2065: 'm_preStat' : undeclared identifier	y:\develop\github\backmir\bmclient\Common\GameRenderObject.h	255	1	BackMirClient
Error	7660	error C2065: 'm_stat' : undeclared identifier	y:\develop\github\backmir\bmclient\Common\GameRenderObject.h	255	1	BackMirClient
Error	7661	error C2065: 'PST_STAND' : undeclared identifier	y:\develop\github\backmir\bmclient\Common\GameRenderObject.h	255	1	BackMirClient
Error	7662	error C2065: 'm_drt' : undeclared identifier	y:\develop\github\backmir\bmclient\Common\GameRenderObject.h	310	1	BackMirClient
Error	7663	error C2065: '_pd' : undeclared identifier	y:\develop\github\backmir\bmclient\Common\GameRenderObject.h	310	1	BackMirClient
Error	7664	error C2065: 'm_drt' : undeclared identifier	y:\develop\github\backmir\bmclient\Common\GameRenderObject.h	314	1	BackMirClient
Error	7665	error C2065: 'm_stat' : undeclared identifier	y:\develop\github\backmir\bmclient\Common\GameRenderObject.h	318	1	BackMirClient
Error	7666	error C2065: '_ps' : undeclared identifier	y:\develop\github\backmir\bmclient\Common\GameRenderObject.h	318	1	BackMirClient
Error	7667	error C2065: '_ps' : undeclared identifier	y:\develop\github\backmir\bmclient\Common\GameRenderObject.h	320	1	BackMirClient
Error	7668	error C2065: 'PST_STAND' : undeclared identifier	y:\develop\github\backmir\bmclient\Common\GameRenderObject.h	320	1	BackMirClient
Error	7669	error C2065: '_ps' : undeclared identifier	y:\develop\github\backmir\bmclient\Common\GameRenderObject.h	324	1	BackMirClient
Error	7670	error C2065: 'm_stat' : undeclared identifier	y:\develop\github\backmir\bmclient\Common\GameRenderObject.h	328	1	BackMirClient
Error	7671	error C2065: 'm_preStat' : undeclared identifier	y:\develop\github\backmir\bmclient\Common\GameRenderObject.h	332	1	BackMirClient
Error	7672	error C2065: 'm_sex' : undeclared identifier	y:\develop\github\backmir\bmclient\Common\GameRenderObject.h	356	1	BackMirClient
Error	7673	error C2065: '_ps' : undeclared identifier	y:\develop\github\backmir\bmclient\Common\GameRenderObject.h	356	1	BackMirClient
Error	7674	error C2065: 'm_sex' : undeclared identifier	y:\develop\github\backmir\bmclient\Common\GameRenderObject.h	360	1	BackMirClient
Error	7675	error C2065: 'PST_DEAD' : undeclared identifier	y:\develop\github\backmir\bmclient\Common\GameRenderObject.h	429	1	BackMirClient
Error	7676	error C1083: Cannot open include file: 'FastDelegateBind.h': No such file or directory	y:\develop\github\backmir\bmclient\gamedialog\GameCommonDlg.h	9	1	BackMirClient
Warning	7677	warning C4819: The file contains a character that cannot be represented in the current code page (936). Save the file in Unicode format to prevent data loss	y:\develop\github\backmir\bmclient\Common\GlobalDefine.h	1	1	BackMirClient
Error	7678	error C2447: '{' : missing function header (old-style formal list?)	y:\develop\github\backmir\bmclient\Common\GlobalDefine.h	91	1	BackMirClient
Error	7679	error C2447: '{' : missing function header (old-style formal list?)	y:\develop\github\backmir\bmclient\Common\GlobalDefine.h	103	1	BackMirClient
Error	7680	error C2447: '{' : missing function header (old-style formal list?)	y:\develop\github\backmir\bmclient\Common\GlobalDefine.h	128	1	BackMirClient
Error	7681	error C2146: syntax error : missing ';' before identifier 'GetAngle'	y:\develop\github\backmir\bmclient\Common\GlobalFunction.h	26	1	BackMirClient
Error	7682	error C4430: missing type specifier - int assumed. Note: C++ does not support default-int	y:\develop\github\backmir\bmclient\Common\GlobalFunction.h	26	1	BackMirClient
Error	7683	error C4430: missing type specifier - int assumed. Note: C++ does not support default-int	y:\develop\github\backmir\bmclient\net\PacketHandler.h	71	1	BackMirClient
Error	7684	error C2143: syntax error : missing ',' before '&'	y:\develop\github\backmir\bmclient\net\PacketHandler.h	71	1	BackMirClient
Warning	7685	warning C4819: The file contains a character that cannot be represented in the current code page (936). Save the file in Unicode format to prevent data loss	y:\develop\github\backmir\CommonModule\MagicEffectID.h	1	1	BackMirClient
Error	7686	error C2061: syntax error : identifier 'PLAYER_DIRECTION'	y:\develop\github\backmir\bmclient\Common\GameRenderObject.h	308	1	BackMirClient
Error	7687	error C2146: syntax error : missing ';' before identifier 'GetDirection'	y:\develop\github\backmir\bmclient\Common\GameRenderObject.h	312	1	BackMirClient
Error	7688	error C2433: 'GameObject::PLAYER_DIRECTION' : 'inline' not permitted on data declarations	y:\develop\github\backmir\bmclient\Common\GameRenderObject.h	312	1	BackMirClient
Error	7689	error C4430: missing type specifier - int assumed. Note: C++ does not support default-int	y:\develop\github\backmir\bmclient\Common\GameRenderObject.h	312	1	BackMirClient
Error	7690	error C4430: missing type specifier - int assumed. Note: C++ does not support default-int	y:\develop\github\backmir\bmclient\Common\GameRenderObject.h	313	1	BackMirClient
Warning	7691	warning C4183: 'GetDirection': missing return type; assumed to be a member function returning 'int'	y:\develop\github\backmir\bmclient\Common\GameRenderObject.h	315	1	BackMirClient
Error	7692	error C2061: syntax error : identifier 'PLAYER_STATUS'	y:\develop\github\backmir\bmclient\Common\GameRenderObject.h	316	1	BackMirClient
Error	7693	error C2146: syntax error : missing ';' before identifier 'GetStatus'	y:\develop\github\backmir\bmclient\Common\GameRenderObject.h	326	1	BackMirClient
Error	7694	error C2433: 'GameObject::PLAYER_STATUS' : 'inline' not permitted on data declarations	y:\develop\github\backmir\bmclient\Common\GameRenderObject.h	326	1	BackMirClient
Error	7695	error C4430: missing type specifier - int assumed. Note: C++ does not support default-int	y:\develop\github\backmir\bmclient\Common\GameRenderObject.h	326	1	BackMirClient
Error	7696	error C4430: missing type specifier - int assumed. Note: C++ does not support default-int	y:\develop\github\backmir\bmclient\Common\GameRenderObject.h	327	1	BackMirClient
Warning	7697	warning C4183: 'GetStatus': missing return type; assumed to be a member function returning 'int'	y:\develop\github\backmir\bmclient\Common\GameRenderObject.h	329	1	BackMirClient
Error	7698	error C2146: syntax error : missing ';' before identifier 'GetPreStatus'	y:\develop\github\backmir\bmclient\Common\GameRenderObject.h	330	1	BackMirClient
Error	7699	error C2433: 'GameObject::PLAYER_STATUS' : 'inline' not permitted on data declarations	y:\develop\github\backmir\bmclient\Common\GameRenderObject.h	330	1	BackMirClient
Error	7700	error C4430: missing type specifier - int assumed. Note: C++ does not support default-int	y:\develop\github\backmir\bmclient\Common\GameRenderObject.h	330	1	BackMirClient
Error	7701	error C4430: missing type specifier - int assumed. Note: C++ does not support default-int	y:\develop\github\backmir\bmclient\Common\GameRenderObject.h	331	1	BackMirClient
Warning	7702	warning C4183: 'GetPreStatus': missing return type; assumed to be a member function returning 'int'	y:\develop\github\backmir\bmclient\Common\GameRenderObject.h	333	1	BackMirClient
Error	7703	error C2061: syntax error : identifier 'PLAYER_SEX'	y:\develop\github\backmir\bmclient\Common\GameRenderObject.h	354	1	BackMirClient
Error	7704	error C2146: syntax error : missing ';' before identifier 'GetPlayerSex'	y:\develop\github\backmir\bmclient\Common\GameRenderObject.h	358	1	BackMirClient
Error	7705	error C2433: 'GameObject::PLAYER_SEX' : 'inline' not permitted on data declarations	y:\develop\github\backmir\bmclient\Common\GameRenderObject.h	358	1	BackMirClient
Error	7706	error C4430: missing type specifier - int assumed. Note: C++ does not support default-int	y:\develop\github\backmir\bmclient\Common\GameRenderObject.h	358	1	BackMirClient
Error	7707	error C4430: missing type specifier - int assumed. Note: C++ does not support default-int	y:\develop\github\backmir\bmclient\Common\GameRenderObject.h	359	1	BackMirClient
Warning	7708	warning C4183: 'GetPlayerSex': missing return type; assumed to be a member function returning 'int'	y:\develop\github\backmir\bmclient\Common\GameRenderObject.h	361	1	BackMirClient
Error	7709	error C4430: missing type specifier - int assumed. Note: C++ does not support default-int	y:\develop\github\backmir\bmclient\Common\GameRenderObject.h	503	1	BackMirClient
Error	7710	error C2143: syntax error : missing ',' before '&'	y:\develop\github\backmir\bmclient\Common\GameRenderObject.h	503	1	BackMirClient
Error	7711	error C4430: missing type specifier - int assumed. Note: C++ does not support default-int	y:\develop\github\backmir\bmclient\Common\GameRenderObject.h	504	1	BackMirClient
Error	7712	error C2143: syntax error : missing ',' before '&'	y:\develop\github\backmir\bmclient\Common\GameRenderObject.h	504	1	BackMirClient
Error	7713	error C2535: 'void GameObject::DoPacket(const int)' : member function already defined or declared	y:\develop\github\backmir\bmclient\Common\GameRenderObject.h	504	1	BackMirClient
Error	7714	error C4430: missing type specifier - int assumed. Note: C++ does not support default-int	y:\develop\github\backmir\bmclient\Common\GameRenderObject.h	505	1	BackMirClient
Error	7715	error C2143: syntax error : missing ',' before '&'	y:\develop\github\backmir\bmclient\Common\GameRenderObject.h	505	1	BackMirClient
Error	7716	error C2535: 'void GameObject::DoPacket(const int)' : member function already defined or declared	y:\develop\github\backmir\bmclient\Common\GameRenderObject.h	505	1	BackMirClient
Error	7717	error C2061: syntax error : identifier 'PLAYER_STATUS'	y:\develop\github\backmir\bmclient\Common\GameRenderObject.h	513	1	BackMirClient
Error	7718	error C2146: syntax error : missing ';' before identifier 'm_drt'	y:\develop\github\backmir\bmclient\Common\GameRenderObject.h	554	1	BackMirClient
Error	7719	error C4430: missing type specifier - int assumed. Note: C++ does not support default-int	y:\develop\github\backmir\bmclient\Common\GameRenderObject.h	554	1	BackMirClient
Error	7720	error C2146: syntax error : missing ';' before identifier 'm_sex'	y:\develop\github\backmir\bmclient\Common\GameRenderObject.h	555	1	BackMirClient
Error	7721	error C4430: missing type specifier - int assumed. Note: C++ does not support default-int	y:\develop\github\backmir\bmclient\Common\GameRenderObject.h	555	1	BackMirClient
Error	7722	error C2146: syntax error : missing ';' before identifier 'm_stat'	y:\develop\github\backmir\bmclient\Common\GameRenderObject.h	556	1	BackMirClient
Error	7723	error C4430: missing type specifier - int assumed. Note: C++ does not support default-int	y:\develop\github\backmir\bmclient\Common\GameRenderObject.h	556	1	BackMirClient
Error	7724	error C2146: syntax error : missing ';' before identifier 'm_preStat'	y:\develop\github\backmir\bmclient\Common\GameRenderObject.h	557	1	BackMirClient
Error	7725	error C4430: missing type specifier - int assumed. Note: C++ does not support default-int	y:\develop\github\backmir\bmclient\Common\GameRenderObject.h	557	1	BackMirClient
Error	7726	error C2065: 'm_drt' : undeclared identifier	y:\develop\github\backmir\bmclient\Common\GameRenderObject.h	253	1	BackMirClient
Error	7727	error C2065: 'PDT_DOWN' : undeclared identifier	y:\develop\github\backmir\bmclient\Common\GameRenderObject.h	253	1	BackMirClient
Error	7728	error C2065: 'm_sex' : undeclared identifier	y:\develop\github\backmir\bmclient\Common\GameRenderObject.h	254	1	BackMirClient
Error	7729	error C2065: 'PSX_MAN' : undeclared identifier	y:\develop\github\backmir\bmclient\Common\GameRenderObject.h	254	1	BackMirClient
Error	7730	error C2065: 'm_preStat' : undeclared identifier	y:\develop\github\backmir\bmclient\Common\GameRenderObject.h	255	1	BackMirClient
Error	7731	error C2065: 'm_stat' : undeclared identifier	y:\develop\github\backmir\bmclient\Common\GameRenderObject.h	255	1	BackMirClient
Error	7732	error C2065: 'PST_STAND' : undeclared identifier	y:\develop\github\backmir\bmclient\Common\GameRenderObject.h	255	1	BackMirClient
Error	7733	error C2065: 'm_drt' : undeclared identifier	y:\develop\github\backmir\bmclient\Common\GameRenderObject.h	310	1	BackMirClient
Error	7734	error C2065: '_pd' : undeclared identifier	y:\develop\github\backmir\bmclient\Common\GameRenderObject.h	310	1	BackMirClient
Error	7735	error C2065: 'm_drt' : undeclared identifier	y:\develop\github\backmir\bmclient\Common\GameRenderObject.h	314	1	BackMirClient
Error	7736	error C2065: 'm_stat' : undeclared identifier	y:\develop\github\backmir\bmclient\Common\GameRenderObject.h	318	1	BackMirClient
Error	7737	error C2065: '_ps' : undeclared identifier	y:\develop\github\backmir\bmclient\Common\GameRenderObject.h	318	1	BackMirClient
Error	7738	error C2065: '_ps' : undeclared identifier	y:\develop\github\backmir\bmclient\Common\GameRenderObject.h	320	1	BackMirClient
Error	7739	error C2065: 'PST_STAND' : undeclared identifier	y:\develop\github\backmir\bmclient\Common\GameRenderObject.h	320	1	BackMirClient
Error	7740	error C2065: '_ps' : undeclared identifier	y:\develop\github\backmir\bmclient\Common\GameRenderObject.h	324	1	BackMirClient
Error	7741	error C2065: 'm_stat' : undeclared identifier	y:\develop\github\backmir\bmclient\Common\GameRenderObject.h	328	1	BackMirClient
Error	7742	error C2065: 'm_preStat' : undeclared identifier	y:\develop\github\backmir\bmclient\Common\GameRenderObject.h	332	1	BackMirClient
Error	7743	error C2065: 'm_sex' : undeclared identifier	y:\develop\github\backmir\bmclient\Common\GameRenderObject.h	356	1	BackMirClient
Error	7744	error C2065: '_ps' : undeclared identifier	y:\develop\github\backmir\bmclient\Common\GameRenderObject.h	356	1	BackMirClient
Error	7745	error C2065: 'm_sex' : undeclared identifier	y:\develop\github\backmir\bmclient\Common\GameRenderObject.h	360	1	BackMirClient
Error	7746	error C2065: 'PST_DEAD' : undeclared identifier	y:\develop\github\backmir\bmclient\Common\GameRenderObject.h	429	1	BackMirClient
Error	7747	error C1083: Cannot open include file: 'FastDelegateBind.h': No such file or directory	y:\develop\github\backmir\bmclient\GameDialog\GameCommonDlg.h	9	1	BackMirClient
Warning	7748	warning C4819: The file contains a character that cannot be represented in the current code page (936). Save the file in Unicode format to prevent data loss	y:\develop\github\backmir\bmclient\Common\GlobalDefine.h	1	1	BackMirClient
Error	7749	error C2447: '{' : missing function header (old-style formal list?)	y:\develop\github\backmir\bmclient\Common\GlobalDefine.h	91	1	BackMirClient
Error	7750	error C2447: '{' : missing function header (old-style formal list?)	y:\develop\github\backmir\bmclient\Common\GlobalDefine.h	103	1	BackMirClient
Error	7751	error C2447: '{' : missing function header (old-style formal list?)	y:\develop\github\backmir\bmclient\Common\GlobalDefine.h	128	1	BackMirClient
Error	7752	error C2146: syntax error : missing ';' before identifier 'GetAngle'	y:\develop\github\backmir\bmclient\Common\GlobalFunction.h	26	1	BackMirClient
Error	7753	error C4430: missing type specifier - int assumed. Note: C++ does not support default-int	y:\develop\github\backmir\bmclient\Common\GlobalFunction.h	26	1	BackMirClient
Error	7754	error C4430: missing type specifier - int assumed. Note: C++ does not support default-int	y:\develop\github\backmir\bmclient\net\PacketHandler.h	71	1	BackMirClient
Error	7755	error C2143: syntax error : missing ',' before '&'	y:\develop\github\backmir\bmclient\net\PacketHandler.h	71	1	BackMirClient
Warning	7756	warning C4819: The file contains a character that cannot be represented in the current code page (936). Save the file in Unicode format to prevent data loss	y:\develop\github\backmir\CommonModule\MagicEffectID.h	1	1	BackMirClient
Error	7757	error C2061: syntax error : identifier 'PLAYER_DIRECTION'	y:\develop\github\backmir\bmclient\Common\GameRenderObject.h	308	1	BackMirClient
Error	7758	error C2146: syntax error : missing ';' before identifier 'GetDirection'	y:\develop\github\backmir\bmclient\Common\GameRenderObject.h	312	1	BackMirClient
Error	7759	error C2433: 'GameObject::PLAYER_DIRECTION' : 'inline' not permitted on data declarations	y:\develop\github\backmir\bmclient\Common\GameRenderObject.h	312	1	BackMirClient
Error	7760	error C4430: missing type specifier - int assumed. Note: C++ does not support default-int	y:\develop\github\backmir\bmclient\Common\GameRenderObject.h	312	1	BackMirClient
Error	7761	error C4430: missing type specifier - int assumed. Note: C++ does not support default-int	y:\develop\github\backmir\bmclient\Common\GameRenderObject.h	313	1	BackMirClient
Warning	7762	warning C4183: 'GetDirection': missing return type; assumed to be a member function returning 'int'	y:\develop\github\backmir\bmclient\Common\GameRenderObject.h	315	1	BackMirClient
Error	7763	error C2061: syntax error : identifier 'PLAYER_STATUS'	y:\develop\github\backmir\bmclient\Common\GameRenderObject.h	316	1	BackMirClient
Error	7764	error C2146: syntax error : missing ';' before identifier 'GetStatus'	y:\develop\github\backmir\bmclient\Common\GameRenderObject.h	326	1	BackMirClient
Error	7765	error C2433: 'GameObject::PLAYER_STATUS' : 'inline' not permitted on data declarations	y:\develop\github\backmir\bmclient\Common\GameRenderObject.h	326	1	BackMirClient
Error	7766	error C4430: missing type specifier - int assumed. Note: C++ does not support default-int	y:\develop\github\backmir\bmclient\Common\GameRenderObject.h	326	1	BackMirClient
Error	7767	error C4430: missing type specifier - int assumed. Note: C++ does not support default-int	y:\develop\github\backmir\bmclient\Common\GameRenderObject.h	327	1	BackMirClient
Warning	7768	warning C4183: 'GetStatus': missing return type; assumed to be a member function returning 'int'	y:\develop\github\backmir\bmclient\Common\GameRenderObject.h	329	1	BackMirClient
Error	7769	error C2146: syntax error : missing ';' before identifier 'GetPreStatus'	y:\develop\github\backmir\bmclient\Common\GameRenderObject.h	330	1	BackMirClient
Error	7770	error C2433: 'GameObject::PLAYER_STATUS' : 'inline' not permitted on data declarations	y:\develop\github\backmir\bmclient\Common\GameRenderObject.h	330	1	BackMirClient
Error	7771	error C4430: missing type specifier - int assumed. Note: C++ does not support default-int	y:\develop\github\backmir\bmclient\Common\GameRenderObject.h	330	1	BackMirClient
Error	7772	error C4430: missing type specifier - int assumed. Note: C++ does not support default-int	y:\develop\github\backmir\bmclient\Common\GameRenderObject.h	331	1	BackMirClient
Warning	7773	warning C4183: 'GetPreStatus': missing return type; assumed to be a member function returning 'int'	y:\develop\github\backmir\bmclient\Common\GameRenderObject.h	333	1	BackMirClient
Error	7774	error C2061: syntax error : identifier 'PLAYER_SEX'	y:\develop\github\backmir\bmclient\Common\GameRenderObject.h	354	1	BackMirClient
Error	7775	error C2146: syntax error : missing ';' before identifier 'GetPlayerSex'	y:\develop\github\backmir\bmclient\Common\GameRenderObject.h	358	1	BackMirClient
Error	7776	error C2433: 'GameObject::PLAYER_SEX' : 'inline' not permitted on data declarations	y:\develop\github\backmir\bmclient\Common\GameRenderObject.h	358	1	BackMirClient
Error	7777	error C4430: missing type specifier - int assumed. Note: C++ does not support default-int	y:\develop\github\backmir\bmclient\Common\GameRenderObject.h	358	1	BackMirClient
Error	7778	error C4430: missing type specifier - int assumed. Note: C++ does not support default-int	y:\develop\github\backmir\bmclient\Common\GameRenderObject.h	359	1	BackMirClient
Warning	7779	warning C4183: 'GetPlayerSex': missing return type; assumed to be a member function returning 'int'	y:\develop\github\backmir\bmclient\Common\GameRenderObject.h	361	1	BackMirClient
Error	7780	error C4430: missing type specifier - int assumed. Note: C++ does not support default-int	y:\develop\github\backmir\bmclient\Common\GameRenderObject.h	503	1	BackMirClient
Error	7781	error C2143: syntax error : missing ',' before '&'	y:\develop\github\backmir\bmclient\Common\GameRenderObject.h	503	1	BackMirClient
Error	7782	error C4430: missing type specifier - int assumed. Note: C++ does not support default-int	y:\develop\github\backmir\bmclient\Common\GameRenderObject.h	504	1	BackMirClient
Error	7783	error C2143: syntax error : missing ',' before '&'	y:\develop\github\backmir\bmclient\Common\GameRenderObject.h	504	1	BackMirClient
Error	7784	error C2535: 'void GameObject::DoPacket(const int)' : member function already defined or declared	y:\develop\github\backmir\bmclient\Common\GameRenderObject.h	504	1	BackMirClient
Error	7785	error C4430: missing type specifier - int assumed. Note: C++ does not support default-int	y:\develop\github\backmir\bmclient\Common\GameRenderObject.h	505	1	BackMirClient
Error	7786	error C2143: syntax error : missing ',' before '&'	y:\develop\github\backmir\bmclient\Common\GameRenderObject.h	505	1	BackMirClient
Error	7787	error C2535: 'void GameObject::DoPacket(const int)' : member function already defined or declared	y:\develop\github\backmir\bmclient\Common\GameRenderObject.h	505	1	BackMirClient
Error	7788	error C2061: syntax error : identifier 'PLAYER_STATUS'	y:\develop\github\backmir\bmclient\Common\GameRenderObject.h	513	1	BackMirClient
Error	7789	error C2146: syntax error : missing ';' before identifier 'm_drt'	y:\develop\github\backmir\bmclient\Common\GameRenderObject.h	554	1	BackMirClient
Error	7790	error C4430: missing type specifier - int assumed. Note: C++ does not support default-int	y:\develop\github\backmir\bmclient\Common\GameRenderObject.h	554	1	BackMirClient
Error	7791	error C2146: syntax error : missing ';' before identifier 'm_sex'	y:\develop\github\backmir\bmclient\Common\GameRenderObject.h	555	1	BackMirClient
Error	7792	error C4430: missing type specifier - int assumed. Note: C++ does not support default-int	y:\develop\github\backmir\bmclient\Common\GameRenderObject.h	555	1	BackMirClient
Error	7793	error C2146: syntax error : missing ';' before identifier 'm_stat'	y:\develop\github\backmir\bmclient\Common\GameRenderObject.h	556	1	BackMirClient
Error	7794	error C4430: missing type specifier - int assumed. Note: C++ does not support default-int	y:\develop\github\backmir\bmclient\Common\GameRenderObject.h	556	1	BackMirClient
Error	7795	error C2146: syntax error : missing ';' before identifier 'm_preStat'	y:\develop\github\backmir\bmclient\Common\GameRenderObject.h	557	1	BackMirClient
Error	7796	error C4430: missing type specifier - int assumed. Note: C++ does not support default-int	y:\develop\github\backmir\bmclient\Common\GameRenderObject.h	557	1	BackMirClient
Error	7797	error C2065: 'm_drt' : undeclared identifier	y:\develop\github\backmir\bmclient\Common\GameRenderObject.h	253	1	BackMirClient
Error	7798	error C2065: 'PDT_DOWN' : undeclared identifier	y:\develop\github\backmir\bmclient\Common\GameRenderObject.h	253	1	BackMirClient
Error	7799	error C2065: 'm_sex' : undeclared identifier	y:\develop\github\backmir\bmclient\Common\GameRenderObject.h	254	1	BackMirClient
Error	7800	error C2065: 'PSX_MAN' : undeclared identifier	y:\develop\github\backmir\bmclient\Common\GameRenderObject.h	254	1	BackMirClient
Error	7801	error C2065: 'm_preStat' : undeclared identifier	y:\develop\github\backmir\bmclient\Common\GameRenderObject.h	255	1	BackMirClient
Error	7802	error C2065: 'm_stat' : undeclared identifier	y:\develop\github\backmir\bmclient\Common\GameRenderObject.h	255	1	BackMirClient
Error	7803	error C2065: 'PST_STAND' : undeclared identifier	y:\develop\github\backmir\bmclient\Common\GameRenderObject.h	255	1	BackMirClient
Error	7804	error C2065: 'm_drt' : undeclared identifier	y:\develop\github\backmir\bmclient\Common\GameRenderObject.h	310	1	BackMirClient
Error	7805	error C2065: '_pd' : undeclared identifier	y:\develop\github\backmir\bmclient\Common\GameRenderObject.h	310	1	BackMirClient
Error	7806	error C2065: 'm_drt' : undeclared identifier	y:\develop\github\backmir\bmclient\Common\GameRenderObject.h	314	1	BackMirClient
Error	7807	error C2065: 'm_stat' : undeclared identifier	y:\develop\github\backmir\bmclient\Common\GameRenderObject.h	318	1	BackMirClient
Error	7808	error C2065: '_ps' : undeclared identifier	y:\develop\github\backmir\bmclient\Common\GameRenderObject.h	318	1	BackMirClient
Error	7809	error C2065: '_ps' : undeclared identifier	y:\develop\github\backmir\bmclient\Common\GameRenderObject.h	320	1	BackMirClient
Error	7810	error C2065: 'PST_STAND' : undeclared identifier	y:\develop\github\backmir\bmclient\Common\GameRenderObject.h	320	1	BackMirClient
Error	7811	error C2065: '_ps' : undeclared identifier	y:\develop\github\backmir\bmclient\Common\GameRenderObject.h	324	1	BackMirClient
Error	7812	error C2065: 'm_stat' : undeclared identifier	y:\develop\github\backmir\bmclient\Common\GameRenderObject.h	328	1	BackMirClient
Error	7813	error C2065: 'm_preStat' : undeclared identifier	y:\develop\github\backmir\bmclient\Common\GameRenderObject.h	332	1	BackMirClient
Error	7814	error C2065: 'm_sex' : undeclared identifier	y:\develop\github\backmir\bmclient\Common\GameRenderObject.h	356	1	BackMirClient
Error	7815	error C2065: '_ps' : undeclared identifier	y:\develop\github\backmir\bmclient\Common\GameRenderObject.h	356	1	BackMirClient
Error	7816	error C2065: 'm_sex' : undeclared identifier	y:\develop\github\backmir\bmclient\Common\GameRenderObject.h	360	1	BackMirClient
Error	7817	error C2065: 'PST_DEAD' : undeclared identifier	y:\develop\github\backmir\bmclient\Common\GameRenderObject.h	429	1	BackMirClient
Error	7818	error C1083: Cannot open include file: 'FastDelegateBind.h': No such file or directory	y:\develop\github\backmir\bmclient\GameDialog\GameCommonDlg.h	9	1	BackMirClient
Warning	7819	warning C4819: The file contains a character that cannot be represented in the current code page (936). Save the file in Unicode format to prevent data loss	y:\develop\github\backmir\bmclient\Common\GlobalDefine.h	1	1	BackMirClient
Error	7820	error C2447: '{' : missing function header (old-style formal list?)	y:\develop\github\backmir\bmclient\Common\GlobalDefine.h	91	1	BackMirClient
Error	7821	error C2447: '{' : missing function header (old-style formal list?)	y:\develop\github\backmir\bmclient\Common\GlobalDefine.h	103	1	BackMirClient
Error	7822	error C2447: '{' : missing function header (old-style formal list?)	y:\develop\github\backmir\bmclient\Common\GlobalDefine.h	128	1	BackMirClient
Error	7823	error C2146: syntax error : missing ';' before identifier 'GetAngle'	y:\develop\github\backmir\bmclient\Common\GlobalFunction.h	26	1	BackMirClient
Error	7824	error C4430: missing type specifier - int assumed. Note: C++ does not support default-int	y:\develop\github\backmir\bmclient\Common\GlobalFunction.h	26	1	BackMirClient
Error	7825	error C4430: missing type specifier - int assumed. Note: C++ does not support default-int	y:\develop\github\backmir\bmclient\net\PacketHandler.h	71	1	BackMirClient
Error	7826	error C2143: syntax error : missing ',' before '&'	y:\develop\github\backmir\bmclient\net\PacketHandler.h	71	1	BackMirClient
Warning	7827	warning C4819: The file contains a character that cannot be represented in the current code page (936). Save the file in Unicode format to prevent data loss	y:\develop\github\backmir\CommonModule\MagicEffectID.h	1	1	BackMirClient
Error	7828	error C2061: syntax error : identifier 'PLAYER_DIRECTION'	y:\develop\github\backmir\bmclient\Common\GameRenderObject.h	308	1	BackMirClient
Error	7829	error C2146: syntax error : missing ';' before identifier 'GetDirection'	y:\develop\github\backmir\bmclient\Common\GameRenderObject.h	312	1	BackMirClient
Error	7830	error C2433: 'GameObject::PLAYER_DIRECTION' : 'inline' not permitted on data declarations	y:\develop\github\backmir\bmclient\Common\GameRenderObject.h	312	1	BackMirClient
Error	7831	error C4430: missing type specifier - int assumed. Note: C++ does not support default-int	y:\develop\github\backmir\bmclient\Common\GameRenderObject.h	312	1	BackMirClient
Error	7832	error C4430: missing type specifier - int assumed. Note: C++ does not support default-int	y:\develop\github\backmir\bmclient\Common\GameRenderObject.h	313	1	BackMirClient
Warning	7833	warning C4183: 'GetDirection': missing return type; assumed to be a member function returning 'int'	y:\develop\github\backmir\bmclient\Common\GameRenderObject.h	315	1	BackMirClient
Error	7834	error C2061: syntax error : identifier 'PLAYER_STATUS'	y:\develop\github\backmir\bmclient\Common\GameRenderObject.h	316	1	BackMirClient
Error	7835	error C2146: syntax error : missing ';' before identifier 'GetStatus'	y:\develop\github\backmir\bmclient\Common\GameRenderObject.h	326	1	BackMirClient
Error	7836	error C2433: 'GameObject::PLAYER_STATUS' : 'inline' not permitted on data declarations	y:\develop\github\backmir\bmclient\Common\GameRenderObject.h	326	1	BackMirClient
Error	7837	error C4430: missing type specifier - int assumed. Note: C++ does not support default-int	y:\develop\github\backmir\bmclient\Common\GameRenderObject.h	326	1	BackMirClient
Error	7838	error C4430: missing type specifier - int assumed. Note: C++ does not support default-int	y:\develop\github\backmir\bmclient\Common\GameRenderObject.h	327	1	BackMirClient
Warning	7839	warning C4183: 'GetStatus': missing return type; assumed to be a member function returning 'int'	y:\develop\github\backmir\bmclient\Common\GameRenderObject.h	329	1	BackMirClient
Error	7840	error C2146: syntax error : missing ';' before identifier 'GetPreStatus'	y:\develop\github\backmir\bmclient\Common\GameRenderObject.h	330	1	BackMirClient
Error	7841	error C2433: 'GameObject::PLAYER_STATUS' : 'inline' not permitted on data declarations	y:\develop\github\backmir\bmclient\Common\GameRenderObject.h	330	1	BackMirClient
Error	7842	error C4430: missing type specifier - int assumed. Note: C++ does not support default-int	y:\develop\github\backmir\bmclient\Common\GameRenderObject.h	330	1	BackMirClient
Error	7843	error C4430: missing type specifier - int assumed. Note: C++ does not support default-int	y:\develop\github\backmir\bmclient\Common\GameRenderObject.h	331	1	BackMirClient
Warning	7844	warning C4183: 'GetPreStatus': missing return type; assumed to be a member function returning 'int'	y:\develop\github\backmir\bmclient\Common\GameRenderObject.h	333	1	BackMirClient
Error	7845	error C2061: syntax error : identifier 'PLAYER_SEX'	y:\develop\github\backmir\bmclient\Common\GameRenderObject.h	354	1	BackMirClient
Error	7846	error C2146: syntax error : missing ';' before identifier 'GetPlayerSex'	y:\develop\github\backmir\bmclient\Common\GameRenderObject.h	358	1	BackMirClient
Error	7847	error C2433: 'GameObject::PLAYER_SEX' : 'inline' not permitted on data declarations	y:\develop\github\backmir\bmclient\Common\GameRenderObject.h	358	1	BackMirClient
Error	7848	error C4430: missing type specifier - int assumed. Note: C++ does not support default-int	y:\develop\github\backmir\bmclient\Common\GameRenderObject.h	358	1	BackMirClient
Error	7849	error C4430: missing type specifier - int assumed. Note: C++ does not support default-int	y:\develop\github\backmir\bmclient\Common\GameRenderObject.h	359	1	BackMirClient
Warning	7850	warning C4183: 'GetPlayerSex': missing return type; assumed to be a member function returning 'int'	y:\develop\github\backmir\bmclient\Common\GameRenderObject.h	361	1	BackMirClient
Error	7851	error C4430: missing type specifier - int assumed. Note: C++ does not support default-int	y:\develop\github\backmir\bmclient\Common\GameRenderObject.h	503	1	BackMirClient
Error	7852	error C2143: syntax error : missing ',' before '&'	y:\develop\github\backmir\bmclient\Common\GameRenderObject.h	503	1	BackMirClient
Error	7853	error C4430: missing type specifier - int assumed. Note: C++ does not support default-int	y:\develop\github\backmir\bmclient\Common\GameRenderObject.h	504	1	BackMirClient
Error	7854	error C2143: syntax error : missing ',' before '&'	y:\develop\github\backmir\bmclient\Common\GameRenderObject.h	504	1	BackMirClient
Error	7855	error C2535: 'void GameObject::DoPacket(const int)' : member function already defined or declared	y:\develop\github\backmir\bmclient\Common\GameRenderObject.h	504	1	BackMirClient
Error	7856	error C4430: missing type specifier - int assumed. Note: C++ does not support default-int	y:\develop\github\backmir\bmclient\Common\GameRenderObject.h	505	1	BackMirClient
Error	7857	error C2143: syntax error : missing ',' before '&'	y:\develop\github\backmir\bmclient\Common\GameRenderObject.h	505	1	BackMirClient
Error	7858	error C2535: 'void GameObject::DoPacket(const int)' : member function already defined or declared	y:\develop\github\backmir\bmclient\Common\GameRenderObject.h	505	1	BackMirClient
Error	7859	error C2061: syntax error : identifier 'PLAYER_STATUS'	y:\develop\github\backmir\bmclient\Common\GameRenderObject.h	513	1	BackMirClient
Error	7860	error C2146: syntax error : missing ';' before identifier 'm_drt'	y:\develop\github\backmir\bmclient\Common\GameRenderObject.h	554	1	BackMirClient
Error	7861	error C4430: missing type specifier - int assumed. Note: C++ does not support default-int	y:\develop\github\backmir\bmclient\Common\GameRenderObject.h	554	1	BackMirClient
Error	7862	error C2146: syntax error : missing ';' before identifier 'm_sex'	y:\develop\github\backmir\bmclient\Common\GameRenderObject.h	555	1	BackMirClient
Error	7863	error C4430: missing type specifier - int assumed. Note: C++ does not support default-int	y:\develop\github\backmir\bmclient\Common\GameRenderObject.h	555	1	BackMirClient
Error	7864	error C2146: syntax error : missing ';' before identifier 'm_stat'	y:\develop\github\backmir\bmclient\Common\GameRenderObject.h	556	1	BackMirClient
Error	7865	error C4430: missing type specifier - int assumed. Note: C++ does not support default-int	y:\develop\github\backmir\bmclient\Common\GameRenderObject.h	556	1	BackMirClient
Error	7866	error C2146: syntax error : missing ';' before identifier 'm_preStat'	y:\develop\github\backmir\bmclient\Common\GameRenderObject.h	557	1	BackMirClient
Error	7867	error C4430: missing type specifier - int assumed. Note: C++ does not support default-int	y:\develop\github\backmir\bmclient\Common\GameRenderObject.h	557	1	BackMirClient
Error	7868	error C2065: 'm_drt' : undeclared identifier	y:\develop\github\backmir\bmclient\Common\GameRenderObject.h	253	1	BackMirClient
Error	7869	error C2065: 'PDT_DOWN' : undeclared identifier	y:\develop\github\backmir\bmclient\Common\GameRenderObject.h	253	1	BackMirClient
Error	7870	error C2065: 'm_sex' : undeclared identifier	y:\develop\github\backmir\bmclient\Common\GameRenderObject.h	254	1	BackMirClient
Error	7871	error C2065: 'PSX_MAN' : undeclared identifier	y:\develop\github\backmir\bmclient\Common\GameRenderObject.h	254	1	BackMirClient
Error	7872	error C2065: 'm_preStat' : undeclared identifier	y:\develop\github\backmir\bmclient\Common\GameRenderObject.h	255	1	BackMirClient
Error	7873	error C2065: 'm_stat' : undeclared identifier	y:\develop\github\backmir\bmclient\Common\GameRenderObject.h	255	1	BackMirClient
Error	7874	error C2065: 'PST_STAND' : undeclared identifier	y:\develop\github\backmir\bmclient\Common\GameRenderObject.h	255	1	BackMirClient
Error	7875	error C2065: 'm_drt' : undeclared identifier	y:\develop\github\backmir\bmclient\Common\GameRenderObject.h	310	1	BackMirClient
Error	7876	error C2065: '_pd' : undeclared identifier	y:\develop\github\backmir\bmclient\Common\GameRenderObject.h	310	1	BackMirClient
Error	7877	error C2065: 'm_drt' : undeclared identifier	y:\develop\github\backmir\bmclient\Common\GameRenderObject.h	314	1	BackMirClient
Error	7878	error C2065: 'm_stat' : undeclared identifier	y:\develop\github\backmir\bmclient\Common\GameRenderObject.h	318	1	BackMirClient
Error	7879	error C2065: '_ps' : undeclared identifier	y:\develop\github\backmir\bmclient\Common\GameRenderObject.h	318	1	BackMirClient
Error	7880	error C2065: '_ps' : undeclared identifier	y:\develop\github\backmir\bmclient\Common\GameRenderObject.h	320	1	BackMirClient
Error	7881	error C2065: 'PST_STAND' : undeclared identifier	y:\develop\github\backmir\bmclient\Common\GameRenderObject.h	320	1	BackMirClient
Error	7882	error C2065: '_ps' : undeclared identifier	y:\develop\github\backmir\bmclient\Common\GameRenderObject.h	324	1	BackMirClient
Error	7883	error C2065: 'm_stat' : undeclared identifier	y:\develop\github\backmir\bmclient\Common\GameRenderObject.h	328	1	BackMirClient
Error	7884	error C2065: 'm_preStat' : undeclared identifier	y:\develop\github\backmir\bmclient\Common\GameRenderObject.h	332	1	BackMirClient
Error	7885	error C2065: 'm_sex' : undeclared identifier	y:\develop\github\backmir\bmclient\Common\GameRenderObject.h	356	1	BackMirClient
Error	7886	error C2065: '_ps' : undeclared identifier	y:\develop\github\backmir\bmclient\Common\GameRenderObject.h	356	1	BackMirClient
Error	7887	error C2065: 'm_sex' : undeclared identifier	y:\develop\github\backmir\bmclient\Common\GameRenderObject.h	360	1	BackMirClient
Error	7888	error C2065: 'PST_DEAD' : undeclared identifier	y:\develop\github\backmir\bmclient\Common\GameRenderObject.h	429	1	BackMirClient
Error	7889	error C1083: Cannot open include file: 'FastDelegateBind.h': No such file or directory	y:\develop\github\backmir\bmclient\gamedialog\GameCommonDlg.h	9	1	BackMirClient
Warning	7890	warning C4819: The file contains a character that cannot be represented in the current code page (936). Save the file in Unicode format to prevent data loss	y:\develop\github\backmir\bmclient\Common\GlobalDefine.h	1	1	BackMirClient
Error	7891	error C2447: '{' : missing function header (old-style formal list?)	y:\develop\github\backmir\bmclient\Common\GlobalDefine.h	91	1	BackMirClient
Error	7892	error C2447: '{' : missing function header (old-style formal list?)	y:\develop\github\backmir\bmclient\Common\GlobalDefine.h	103	1	BackMirClient
Error	7893	error C2447: '{' : missing function header (old-style formal list?)	y:\develop\github\backmir\bmclient\Common\GlobalDefine.h	128	1	BackMirClient
Error	7894	error C2146: syntax error : missing ';' before identifier 'GetAngle'	y:\develop\github\backmir\bmclient\Common\GlobalFunction.h	26	1	BackMirClient
Error	7895	error C4430: missing type specifier - int assumed. Note: C++ does not support default-int	y:\develop\github\backmir\bmclient\Common\GlobalFunction.h	26	1	BackMirClient
Error	7896	error C4430: missing type specifier - int assumed. Note: C++ does not support default-int	y:\develop\github\backmir\bmclient\net\PacketHandler.h	71	1	BackMirClient
Error	7897	error C2143: syntax error : missing ',' before '&'	y:\develop\github\backmir\bmclient\net\PacketHandler.h	71	1	BackMirClient
Warning	7898	warning C4819: The file contains a character that cannot be represented in the current code page (936). Save the file in Unicode format to prevent data loss	y:\develop\github\backmir\CommonModule\MagicEffectID.h	1	1	BackMirClient
Error	7899	error C2061: syntax error : identifier 'PLAYER_DIRECTION'	y:\develop\github\backmir\bmclient\Common\GameRenderObject.h	308	1	BackMirClient
Error	7900	error C2146: syntax error : missing ';' before identifier 'GetDirection'	y:\develop\github\backmir\bmclient\Common\GameRenderObject.h	312	1	BackMirClient
Error	7901	error C2433: 'GameObject::PLAYER_DIRECTION' : 'inline' not permitted on data declarations	y:\develop\github\backmir\bmclient\Common\GameRenderObject.h	312	1	BackMirClient
Error	7902	error C4430: missing type specifier - int assumed. Note: C++ does not support default-int	y:\develop\github\backmir\bmclient\Common\GameRenderObject.h	312	1	BackMirClient
Error	7903	error C4430: missing type specifier - int assumed. Note: C++ does not support default-int	y:\develop\github\backmir\bmclient\Common\GameRenderObject.h	313	1	BackMirClient
Warning	7904	warning C4183: 'GetDirection': missing return type; assumed to be a member function returning 'int'	y:\develop\github\backmir\bmclient\Common\GameRenderObject.h	315	1	BackMirClient
Error	7905	error C2061: syntax error : identifier 'PLAYER_STATUS'	y:\develop\github\backmir\bmclient\Common\GameRenderObject.h	316	1	BackMirClient
Error	7906	error C2146: syntax error : missing ';' before identifier 'GetStatus'	y:\develop\github\backmir\bmclient\Common\GameRenderObject.h	326	1	BackMirClient
Error	7907	error C2433: 'GameObject::PLAYER_STATUS' : 'inline' not permitted on data declarations	y:\develop\github\backmir\bmclient\Common\GameRenderObject.h	326	1	BackMirClient
Error	7908	error C4430: missing type specifier - int assumed. Note: C++ does not support default-int	y:\develop\github\backmir\bmclient\Common\GameRenderObject.h	326	1	BackMirClient
Error	7909	error C4430: missing type specifier - int assumed. Note: C++ does not support default-int	y:\develop\github\backmir\bmclient\Common\GameRenderObject.h	327	1	BackMirClient
Warning	7910	warning C4183: 'GetStatus': missing return type; assumed to be a member function returning 'int'	y:\develop\github\backmir\bmclient\Common\GameRenderObject.h	329	1	BackMirClient
Error	7911	error C2146: syntax error : missing ';' before identifier 'GetPreStatus'	y:\develop\github\backmir\bmclient\Common\GameRenderObject.h	330	1	BackMirClient
Error	7912	error C2433: 'GameObject::PLAYER_STATUS' : 'inline' not permitted on data declarations	y:\develop\github\backmir\bmclient\Common\GameRenderObject.h	330	1	BackMirClient
Error	7913	error C4430: missing type specifier - int assumed. Note: C++ does not support default-int	y:\develop\github\backmir\bmclient\Common\GameRenderObject.h	330	1	BackMirClient
Error	7914	error C4430: missing type specifier - int assumed. Note: C++ does not support default-int	y:\develop\github\backmir\bmclient\Common\GameRenderObject.h	331	1	BackMirClient
Warning	7915	warning C4183: 'GetPreStatus': missing return type; assumed to be a member function returning 'int'	y:\develop\github\backmir\bmclient\Common\GameRenderObject.h	333	1	BackMirClient
Error	7916	error C2061: syntax error : identifier 'PLAYER_SEX'	y:\develop\github\backmir\bmclient\Common\GameRenderObject.h	354	1	BackMirClient
Error	7917	error C2146: syntax error : missing ';' before identifier 'GetPlayerSex'	y:\develop\github\backmir\bmclient\Common\GameRenderObject.h	358	1	BackMirClient
Error	7918	error C2433: 'GameObject::PLAYER_SEX' : 'inline' not permitted on data declarations	y:\develop\github\backmir\bmclient\Common\GameRenderObject.h	358	1	BackMirClient
Error	7919	error C4430: missing type specifier - int assumed. Note: C++ does not support default-int	y:\develop\github\backmir\bmclient\Common\GameRenderObject.h	358	1	BackMirClient
Error	7920	error C4430: missing type specifier - int assumed. Note: C++ does not support default-int	y:\develop\github\backmir\bmclient\Common\GameRenderObject.h	359	1	BackMirClient
Warning	7921	warning C4183: 'GetPlayerSex': missing return type; assumed to be a member function returning 'int'	y:\develop\github\backmir\bmclient\Common\GameRenderObject.h	361	1	BackMirClient
Error	7922	error C4430: missing type specifier - int assumed. Note: C++ does not support default-int	y:\develop\github\backmir\bmclient\Common\GameRenderObject.h	503	1	BackMirClient
Error	7923	error C2143: syntax error : missing ',' before '&'	y:\develop\github\backmir\bmclient\Common\GameRenderObject.h	503	1	BackMirClient
Error	7924	error C4430: missing type specifier - int assumed. Note: C++ does not support default-int	y:\develop\github\backmir\bmclient\Common\GameRenderObject.h	504	1	BackMirClient
Error	7925	error C2143: syntax error : missing ',' before '&'	y:\develop\github\backmir\bmclient\Common\GameRenderObject.h	504	1	BackMirClient
Error	7926	error C2535: 'void GameObject::DoPacket(const int)' : member function already defined or declared	y:\develop\github\backmir\bmclient\Common\GameRenderObject.h	504	1	BackMirClient
Error	7927	error C4430: missing type specifier - int assumed. Note: C++ does not support default-int	y:\develop\github\backmir\bmclient\Common\GameRenderObject.h	505	1	BackMirClient
Error	7928	error C2143: syntax error : missing ',' before '&'	y:\develop\github\backmir\bmclient\Common\GameRenderObject.h	505	1	BackMirClient
Error	7929	error C2535: 'void GameObject::DoPacket(const int)' : member function already defined or declared	y:\develop\github\backmir\bmclient\Common\GameRenderObject.h	505	1	BackMirClient
Error	7930	error C2061: syntax error : identifier 'PLAYER_STATUS'	y:\develop\github\backmir\bmclient\Common\GameRenderObject.h	513	1	BackMirClient
Error	7931	error C2146: syntax error : missing ';' before identifier 'm_drt'	y:\develop\github\backmir\bmclient\Common\GameRenderObject.h	554	1	BackMirClient
Error	7932	error C4430: missing type specifier - int assumed. Note: C++ does not support default-int	y:\develop\github\backmir\bmclient\Common\GameRenderObject.h	554	1	BackMirClient
Error	7933	error C2146: syntax error : missing ';' before identifier 'm_sex'	y:\develop\github\backmir\bmclient\Common\GameRenderObject.h	555	1	BackMirClient
Error	7934	error C4430: missing type specifier - int assumed. Note: C++ does not support default-int	y:\develop\github\backmir\bmclient\Common\GameRenderObject.h	555	1	BackMirClient
Error	7935	error C2146: syntax error : missing ';' before identifier 'm_stat'	y:\develop\github\backmir\bmclient\Common\GameRenderObject.h	556	1	BackMirClient
Error	7936	error C4430: missing type specifier - int assumed. Note: C++ does not support default-int	y:\develop\github\backmir\bmclient\Common\GameRenderObject.h	556	1	BackMirClient
Error	7937	error C2146: syntax error : missing ';' before identifier 'm_preStat'	y:\develop\github\backmir\bmclient\Common\GameRenderObject.h	557	1	BackMirClient
Error	7938	error C4430: missing type specifier - int assumed. Note: C++ does not support default-int	y:\develop\github\backmir\bmclient\Common\GameRenderObject.h	557	1	BackMirClient
Error	7939	error C2065: 'm_drt' : undeclared identifier	y:\develop\github\backmir\bmclient\Common\GameRenderObject.h	253	1	BackMirClient
Error	7940	error C2065: 'PDT_DOWN' : undeclared identifier	y:\develop\github\backmir\bmclient\Common\GameRenderObject.h	253	1	BackMirClient
Error	7941	error C2065: 'm_sex' : undeclared identifier	y:\develop\github\backmir\bmclient\Common\GameRenderObject.h	254	1	BackMirClient
Error	7942	error C2065: 'PSX_MAN' : undeclared identifier	y:\develop\github\backmir\bmclient\Common\GameRenderObject.h	254	1	BackMirClient
Error	7943	error C2065: 'm_preStat' : undeclared identifier	y:\develop\github\backmir\bmclient\Common\GameRenderObject.h	255	1	BackMirClient
Error	7944	error C2065: 'm_stat' : undeclared identifier	y:\develop\github\backmir\bmclient\Common\GameRenderObject.h	255	1	BackMirClient
Error	7945	error C2065: 'PST_STAND' : undeclared identifier	y:\develop\github\backmir\bmclient\Common\GameRenderObject.h	255	1	BackMirClient
Error	7946	error C2065: 'm_drt' : undeclared identifier	y:\develop\github\backmir\bmclient\Common\GameRenderObject.h	310	1	BackMirClient
Error	7947	error C2065: '_pd' : undeclared identifier	y:\develop\github\backmir\bmclient\Common\GameRenderObject.h	310	1	BackMirClient
Error	7948	error C2065: 'm_drt' : undeclared identifier	y:\develop\github\backmir\bmclient\Common\GameRenderObject.h	314	1	BackMirClient
Error	7949	error C2065: 'm_stat' : undeclared identifier	y:\develop\github\backmir\bmclient\Common\GameRenderObject.h	318	1	BackMirClient
Error	7950	error C2065: '_ps' : undeclared identifier	y:\develop\github\backmir\bmclient\Common\GameRenderObject.h	318	1	BackMirClient
Error	7951	error C2065: '_ps' : undeclared identifier	y:\develop\github\backmir\bmclient\Common\GameRenderObject.h	320	1	BackMirClient
Error	7952	error C2065: 'PST_STAND' : undeclared identifier	y:\develop\github\backmir\bmclient\Common\GameRenderObject.h	320	1	BackMirClient
Error	7953	error C2065: '_ps' : undeclared identifier	y:\develop\github\backmir\bmclient\Common\GameRenderObject.h	324	1	BackMirClient
Error	7954	error C2065: 'm_stat' : undeclared identifier	y:\develop\github\backmir\bmclient\Common\GameRenderObject.h	328	1	BackMirClient
Error	7955	error C2065: 'm_preStat' : undeclared identifier	y:\develop\github\backmir\bmclient\Common\GameRenderObject.h	332	1	BackMirClient
Error	7956	error C2065: 'm_sex' : undeclared identifier	y:\develop\github\backmir\bmclient\Common\GameRenderObject.h	356	1	BackMirClient
Error	7957	error C2065: '_ps' : undeclared identifier	y:\develop\github\backmir\bmclient\Common\GameRenderObject.h	356	1	BackMirClient
Error	7958	error C2065: 'm_sex' : undeclared identifier	y:\develop\github\backmir\bmclient\Common\GameRenderObject.h	360	1	BackMirClient
Error	7959	error C2065: 'PST_DEAD' : undeclared identifier	y:\develop\github\backmir\bmclient\Common\GameRenderObject.h	429	1	BackMirClient
Error	7960	error C1083: Cannot open include file: 'FastDelegateBind.h': No such file or directory	y:\develop\github\backmir\bmclient\GameDialog\GameCommonDlg.h	9	1	BackMirClient
Warning	7961	warning C4819: The file contains a character that cannot be represented in the current code page (936). Save the file in Unicode format to prevent data loss	y:\develop\github\backmir\bmclient\Common\GlobalDefine.h	1	1	BackMirClient
Error	7962	error C2447: '{' : missing function header (old-style formal list?)	y:\develop\github\backmir\bmclient\Common\GlobalDefine.h	91	1	BackMirClient
Error	7963	error C2447: '{' : missing function header (old-style formal list?)	y:\develop\github\backmir\bmclient\Common\GlobalDefine.h	103	1	BackMirClient
Error	7964	error C2447: '{' : missing function header (old-style formal list?)	y:\develop\github\backmir\bmclient\Common\GlobalDefine.h	128	1	BackMirClient
Error	7965	error C2146: syntax error : missing ';' before identifier 'GetAngle'	y:\develop\github\backmir\bmclient\Common\GlobalFunction.h	26	1	BackMirClient
Error	7966	error C4430: missing type specifier - int assumed. Note: C++ does not support default-int	y:\develop\github\backmir\bmclient\Common\GlobalFunction.h	26	1	BackMirClient
Error	7967	error C4430: missing type specifier - int assumed. Note: C++ does not support default-int	y:\develop\github\backmir\bmclient\net\PacketHandler.h	71	1	BackMirClient
Error	7968	error C2143: syntax error : missing ',' before '&'	y:\develop\github\backmir\bmclient\net\PacketHandler.h	71	1	BackMirClient
Warning	7969	warning C4819: The file contains a character that cannot be represented in the current code page (936). Save the file in Unicode format to prevent data loss	y:\develop\github\backmir\CommonModule\MagicEffectID.h	1	1	BackMirClient
Error	7970	error C2061: syntax error : identifier 'PLAYER_DIRECTION'	y:\develop\github\backmir\bmclient\Common\GameRenderObject.h	308	1	BackMirClient
Error	7971	error C2146: syntax error : missing ';' before identifier 'GetDirection'	y:\develop\github\backmir\bmclient\Common\GameRenderObject.h	312	1	BackMirClient
Error	7972	error C2433: 'GameObject::PLAYER_DIRECTION' : 'inline' not permitted on data declarations	y:\develop\github\backmir\bmclient\Common\GameRenderObject.h	312	1	BackMirClient
Error	7973	error C4430: missing type specifier - int assumed. Note: C++ does not support default-int	y:\develop\github\backmir\bmclient\Common\GameRenderObject.h	312	1	BackMirClient
Error	7974	error C4430: missing type specifier - int assumed. Note: C++ does not support default-int	y:\develop\github\backmir\bmclient\Common\GameRenderObject.h	313	1	BackMirClient
Warning	7975	warning C4183: 'GetDirection': missing return type; assumed to be a member function returning 'int'	y:\develop\github\backmir\bmclient\Common\GameRenderObject.h	315	1	BackMirClient
Error	7976	error C2061: syntax error : identifier 'PLAYER_STATUS'	y:\develop\github\backmir\bmclient\Common\GameRenderObject.h	316	1	BackMirClient
Error	7977	error C2146: syntax error : missing ';' before identifier 'GetStatus'	y:\develop\github\backmir\bmclient\Common\GameRenderObject.h	326	1	BackMirClient
Error	7978	error C2433: 'GameObject::PLAYER_STATUS' : 'inline' not permitted on data declarations	y:\develop\github\backmir\bmclient\Common\GameRenderObject.h	326	1	BackMirClient
Error	7979	error C4430: missing type specifier - int assumed. Note: C++ does not support default-int	y:\develop\github\backmir\bmclient\Common\GameRenderObject.h	326	1	BackMirClient
Error	7980	error C4430: missing type specifier - int assumed. Note: C++ does not support default-int	y:\develop\github\backmir\bmclient\Common\GameRenderObject.h	327	1	BackMirClient
Warning	7981	warning C4183: 'GetStatus': missing return type; assumed to be a member function returning 'int'	y:\develop\github\backmir\bmclient\Common\GameRenderObject.h	329	1	BackMirClient
Error	7982	error C2146: syntax error : missing ';' before identifier 'GetPreStatus'	y:\develop\github\backmir\bmclient\Common\GameRenderObject.h	330	1	BackMirClient
Error	7983	error C2433: 'GameObject::PLAYER_STATUS' : 'inline' not permitted on data declarations	y:\develop\github\backmir\bmclient\Common\GameRenderObject.h	330	1	BackMirClient
Error	7984	error C4430: missing type specifier - int assumed. Note: C++ does not support default-int	y:\develop\github\backmir\bmclient\Common\GameRenderObject.h	330	1	BackMirClient
Error	7985	error C4430: missing type specifier - int assumed. Note: C++ does not support default-int	y:\develop\github\backmir\bmclient\Common\GameRenderObject.h	331	1	BackMirClient
Warning	7986	warning C4183: 'GetPreStatus': missing return type; assumed to be a member function returning 'int'	y:\develop\github\backmir\bmclient\Common\GameRenderObject.h	333	1	BackMirClient
Error	7987	error C2061: syntax error : identifier 'PLAYER_SEX'	y:\develop\github\backmir\bmclient\Common\GameRenderObject.h	354	1	BackMirClient
Error	7988	error C2146: syntax error : missing ';' before identifier 'GetPlayerSex'	y:\develop\github\backmir\bmclient\Common\GameRenderObject.h	358	1	BackMirClient
Error	7989	error C2433: 'GameObject::PLAYER_SEX' : 'inline' not permitted on data declarations	y:\develop\github\backmir\bmclient\Common\GameRenderObject.h	358	1	BackMirClient
Error	7990	error C4430: missing type specifier - int assumed. Note: C++ does not support default-int	y:\develop\github\backmir\bmclient\Common\GameRenderObject.h	358	1	BackMirClient
Error	7991	error C4430: missing type specifier - int assumed. Note: C++ does not support default-int	y:\develop\github\backmir\bmclient\Common\GameRenderObject.h	359	1	BackMirClient
Warning	7992	warning C4183: 'GetPlayerSex': missing return type; assumed to be a member function returning 'int'	y:\develop\github\backmir\bmclient\Common\GameRenderObject.h	361	1	BackMirClient
Error	7993	error C4430: missing type specifier - int assumed. Note: C++ does not support default-int	y:\develop\github\backmir\bmclient\Common\GameRenderObject.h	503	1	BackMirClient
Error	7994	error C2143: syntax error : missing ',' before '&'	y:\develop\github\backmir\bmclient\Common\GameRenderObject.h	503	1	BackMirClient
Error	7995	error C4430: missing type specifier - int assumed. Note: C++ does not support default-int	y:\develop\github\backmir\bmclient\Common\GameRenderObject.h	504	1	BackMirClient
Error	7996	error C2143: syntax error : missing ',' before '&'	y:\develop\github\backmir\bmclient\Common\GameRenderObject.h	504	1	BackMirClient
Error	7997	error C2535: 'void GameObject::DoPacket(const int)' : member function already defined or declared	y:\develop\github\backmir\bmclient\Common\GameRenderObject.h	504	1	BackMirClient
Error	7998	error C4430: missing type specifier - int assumed. Note: C++ does not support default-int	y:\develop\github\backmir\bmclient\Common\GameRenderObject.h	505	1	BackMirClient
Error	7999	error C2143: syntax error : missing ',' before '&'	y:\develop\github\backmir\bmclient\Common\GameRenderObject.h	505	1	BackMirClient
Error	8000	error C2535: 'void GameObject::DoPacket(const int)' : member function already defined or declared	y:\develop\github\backmir\bmclient\Common\GameRenderObject.h	505	1	BackMirClient
Error	8001	error C2061: syntax error : identifier 'PLAYER_STATUS'	y:\develop\github\backmir\bmclient\Common\GameRenderObject.h	513	1	BackMirClient
Error	8002	error C2146: syntax error : missing ';' before identifier 'm_drt'	y:\develop\github\backmir\bmclient\Common\GameRenderObject.h	554	1	BackMirClient
Error	8003	error C4430: missing type specifier - int assumed. Note: C++ does not support default-int	y:\develop\github\backmir\bmclient\Common\GameRenderObject.h	554	1	BackMirClient
Error	8004	error C2146: syntax error : missing ';' before identifier 'm_sex'	y:\develop\github\backmir\bmclient\Common\GameRenderObject.h	555	1	BackMirClient
Error	8005	error C4430: missing type specifier - int assumed. Note: C++ does not support default-int	y:\develop\github\backmir\bmclient\Common\GameRenderObject.h	555	1	BackMirClient
Error	8006	error C2146: syntax error : missing ';' before identifier 'm_stat'	y:\develop\github\backmir\bmclient\Common\GameRenderObject.h	556	1	BackMirClient
Error	8007	error C4430: missing type specifier - int assumed. Note: C++ does not support default-int	y:\develop\github\backmir\bmclient\Common\GameRenderObject.h	556	1	BackMirClient
Error	8008	error C2146: syntax error : missing ';' before identifier 'm_preStat'	y:\develop\github\backmir\bmclient\Common\GameRenderObject.h	557	1	BackMirClient
Error	8009	error C4430: missing type specifier - int assumed. Note: C++ does not support default-int	y:\develop\github\backmir\bmclient\Common\GameRenderObject.h	557	1	BackMirClient
Error	8010	error C2065: 'm_drt' : undeclared identifier	y:\develop\github\backmir\bmclient\Common\GameRenderObject.h	253	1	BackMirClient
Error	8011	error C2065: 'PDT_DOWN' : undeclared identifier	y:\develop\github\backmir\bmclient\Common\GameRenderObject.h	253	1	BackMirClient
Error	8012	error C2065: 'm_sex' : undeclared identifier	y:\develop\github\backmir\bmclient\Common\GameRenderObject.h	254	1	BackMirClient
Error	8013	error C2065: 'PSX_MAN' : undeclared identifier	y:\develop\github\backmir\bmclient\Common\GameRenderObject.h	254	1	BackMirClient
Error	8014	error C2065: 'm_preStat' : undeclared identifier	y:\develop\github\backmir\bmclient\Common\GameRenderObject.h	255	1	BackMirClient
Error	8015	error C2065: 'm_stat' : undeclared identifier	y:\develop\github\backmir\bmclient\Common\GameRenderObject.h	255	1	BackMirClient
Error	8016	error C2065: 'PST_STAND' : undeclared identifier	y:\develop\github\backmir\bmclient\Common\GameRenderObject.h	255	1	BackMirClient
Error	8017	error C2065: 'm_drt' : undeclared identifier	y:\develop\github\backmir\bmclient\Common\GameRenderObject.h	310	1	BackMirClient
Error	8018	error C2065: '_pd' : undeclared identifier	y:\develop\github\backmir\bmclient\Common\GameRenderObject.h	310	1	BackMirClient
Error	8019	error C2065: 'm_drt' : undeclared identifier	y:\develop\github\backmir\bmclient\Common\GameRenderObject.h	314	1	BackMirClient
Error	8020	error C2065: 'm_stat' : undeclared identifier	y:\develop\github\backmir\bmclient\Common\GameRenderObject.h	318	1	BackMirClient
Error	8021	error C2065: '_ps' : undeclared identifier	y:\develop\github\backmir\bmclient\Common\GameRenderObject.h	318	1	BackMirClient
Error	8022	error C2065: '_ps' : undeclared identifier	y:\develop\github\backmir\bmclient\Common\GameRenderObject.h	320	1	BackMirClient
Error	8023	error C2065: 'PST_STAND' : undeclared identifier	y:\develop\github\backmir\bmclient\Common\GameRenderObject.h	320	1	BackMirClient
Error	8024	error C2065: '_ps' : undeclared identifier	y:\develop\github\backmir\bmclient\Common\GameRenderObject.h	324	1	BackMirClient
Error	8025	error C2065: 'm_stat' : undeclared identifier	y:\develop\github\backmir\bmclient\Common\GameRenderObject.h	328	1	BackMirClient
Error	8026	error C2065: 'm_preStat' : undeclared identifier	y:\develop\github\backmir\bmclient\Common\GameRenderObject.h	332	1	BackMirClient
Error	8027	error C2065: 'm_sex' : undeclared identifier	y:\develop\github\backmir\bmclient\Common\GameRenderObject.h	356	1	BackMirClient
Error	8028	error C2065: '_ps' : undeclared identifier	y:\develop\github\backmir\bmclient\Common\GameRenderObject.h	356	1	BackMirClient
Error	8029	error C2065: 'm_sex' : undeclared identifier	y:\develop\github\backmir\bmclient\Common\GameRenderObject.h	360	1	BackMirClient
Error	8030	error C2065: 'PST_DEAD' : undeclared identifier	y:\develop\github\backmir\bmclient\Common\GameRenderObject.h	429	1	BackMirClient
Error	8031	error C1083: Cannot open include file: 'FastDelegateBind.h': No such file or directory	y:\develop\github\backmir\bmclient\GameDialog\GameCommonDlg.h	9	1	BackMirClient
Warning	8032	warning C4819: The file contains a character that cannot be represented in the current code page (936). Save the file in Unicode format to prevent data loss	y:\develop\github\backmir\bmclient\Common\GlobalDefine.h	1	1	BackMirClient
Error	8033	error C2447: '{' : missing function header (old-style formal list?)	y:\develop\github\backmir\bmclient\Common\GlobalDefine.h	91	1	BackMirClient
Error	8034	error C2447: '{' : missing function header (old-style formal list?)	y:\develop\github\backmir\bmclient\Common\GlobalDefine.h	103	1	BackMirClient
Error	8035	error C2447: '{' : missing function header (old-style formal list?)	y:\develop\github\backmir\bmclient\Common\GlobalDefine.h	128	1	BackMirClient
Error	8036	error C2146: syntax error : missing ';' before identifier 'GetAngle'	y:\develop\github\backmir\bmclient\Common\GlobalFunction.h	26	1	BackMirClient
Error	8037	error C4430: missing type specifier - int assumed. Note: C++ does not support default-int	y:\develop\github\backmir\bmclient\Common\GlobalFunction.h	26	1	BackMirClient
Error	8038	error C4430: missing type specifier - int assumed. Note: C++ does not support default-int	y:\develop\github\backmir\bmclient\net\PacketHandler.h	71	1	BackMirClient
Error	8039	error C2143: syntax error : missing ',' before '&'	y:\develop\github\backmir\bmclient\net\PacketHandler.h	71	1	BackMirClient
Warning	8040	warning C4819: The file contains a character that cannot be represented in the current code page (936). Save the file in Unicode format to prevent data loss	y:\develop\github\backmir\CommonModule\MagicEffectID.h	1	1	BackMirClient
Error	8041	error C2061: syntax error : identifier 'PLAYER_DIRECTION'	y:\develop\github\backmir\bmclient\Common\GameRenderObject.h	308	1	BackMirClient
Error	8042	error C2146: syntax error : missing ';' before identifier 'GetDirection'	y:\develop\github\backmir\bmclient\Common\GameRenderObject.h	312	1	BackMirClient
Error	8043	error C2433: 'GameObject::PLAYER_DIRECTION' : 'inline' not permitted on data declarations	y:\develop\github\backmir\bmclient\Common\GameRenderObject.h	312	1	BackMirClient
Error	8044	error C4430: missing type specifier - int assumed. Note: C++ does not support default-int	y:\develop\github\backmir\bmclient\Common\GameRenderObject.h	312	1	BackMirClient
Error	8045	error C4430: missing type specifier - int assumed. Note: C++ does not support default-int	y:\develop\github\backmir\bmclient\Common\GameRenderObject.h	313	1	BackMirClient
Warning	8046	warning C4183: 'GetDirection': missing return type; assumed to be a member function returning 'int'	y:\develop\github\backmir\bmclient\Common\GameRenderObject.h	315	1	BackMirClient
Error	8047	error C2061: syntax error : identifier 'PLAYER_STATUS'	y:\develop\github\backmir\bmclient\Common\GameRenderObject.h	316	1	BackMirClient
Error	8048	error C2146: syntax error : missing ';' before identifier 'GetStatus'	y:\develop\github\backmir\bmclient\Common\GameRenderObject.h	326	1	BackMirClient
Error	8049	error C2433: 'GameObject::PLAYER_STATUS' : 'inline' not permitted on data declarations	y:\develop\github\backmir\bmclient\Common\GameRenderObject.h	326	1	BackMirClient
Error	8050	error C4430: missing type specifier - int assumed. Note: C++ does not support default-int	y:\develop\github\backmir\bmclient\Common\GameRenderObject.h	326	1	BackMirClient
Error	8051	error C4430: missing type specifier - int assumed. Note: C++ does not support default-int	y:\develop\github\backmir\bmclient\Common\GameRenderObject.h	327	1	BackMirClient
Warning	8052	warning C4183: 'GetStatus': missing return type; assumed to be a member function returning 'int'	y:\develop\github\backmir\bmclient\Common\GameRenderObject.h	329	1	BackMirClient
Error	8053	error C2146: syntax error : missing ';' before identifier 'GetPreStatus'	y:\develop\github\backmir\bmclient\Common\GameRenderObject.h	330	1	BackMirClient
Error	8054	error C2433: 'GameObject::PLAYER_STATUS' : 'inline' not permitted on data declarations	y:\develop\github\backmir\bmclient\Common\GameRenderObject.h	330	1	BackMirClient
Error	8055	error C4430: missing type specifier - int assumed. Note: C++ does not support default-int	y:\develop\github\backmir\bmclient\Common\GameRenderObject.h	330	1	BackMirClient
Error	8056	error C4430: missing type specifier - int assumed. Note: C++ does not support default-int	y:\develop\github\backmir\bmclient\Common\GameRenderObject.h	331	1	BackMirClient
Warning	8057	warning C4183: 'GetPreStatus': missing return type; assumed to be a member function returning 'int'	y:\develop\github\backmir\bmclient\Common\GameRenderObject.h	333	1	BackMirClient
Error	8058	error C2061: syntax error : identifier 'PLAYER_SEX'	y:\develop\github\backmir\bmclient\Common\GameRenderObject.h	354	1	BackMirClient
Error	8059	error C2146: syntax error : missing ';' before identifier 'GetPlayerSex'	y:\develop\github\backmir\bmclient\Common\GameRenderObject.h	358	1	BackMirClient
Error	8060	error C2433: 'GameObject::PLAYER_SEX' : 'inline' not permitted on data declarations	y:\develop\github\backmir\bmclient\Common\GameRenderObject.h	358	1	BackMirClient
Error	8061	error C4430: missing type specifier - int assumed. Note: C++ does not support default-int	y:\develop\github\backmir\bmclient\Common\GameRenderObject.h	358	1	BackMirClient
Error	8062	error C4430: missing type specifier - int assumed. Note: C++ does not support default-int	y:\develop\github\backmir\bmclient\Common\GameRenderObject.h	359	1	BackMirClient
Warning	8063	warning C4183: 'GetPlayerSex': missing return type; assumed to be a member function returning 'int'	y:\develop\github\backmir\bmclient\Common\GameRenderObject.h	361	1	BackMirClient
Error	8064	error C4430: missing type specifier - int assumed. Note: C++ does not support default-int	y:\develop\github\backmir\bmclient\Common\GameRenderObject.h	503	1	BackMirClient
Error	8065	error C2143: syntax error : missing ',' before '&'	y:\develop\github\backmir\bmclient\Common\GameRenderObject.h	503	1	BackMirClient
Error	8066	error C4430: missing type specifier - int assumed. Note: C++ does not support default-int	y:\develop\github\backmir\bmclient\Common\GameRenderObject.h	504	1	BackMirClient
Error	8067	error C2143: syntax error : missing ',' before '&'	y:\develop\github\backmir\bmclient\Common\GameRenderObject.h	504	1	BackMirClient
Error	8068	error C2535: 'void GameObject::DoPacket(const int)' : member function already defined or declared	y:\develop\github\backmir\bmclient\Common\GameRenderObject.h	504	1	BackMirClient
Error	8069	error C4430: missing type specifier - int assumed. Note: C++ does not support default-int	y:\develop\github\backmir\bmclient\Common\GameRenderObject.h	505	1	BackMirClient
Error	8070	error C2143: syntax error : missing ',' before '&'	y:\develop\github\backmir\bmclient\Common\GameRenderObject.h	505	1	BackMirClient
Error	8071	error C2535: 'void GameObject::DoPacket(const int)' : member function already defined or declared	y:\develop\github\backmir\bmclient\Common\GameRenderObject.h	505	1	BackMirClient
Error	8072	error C2061: syntax error : identifier 'PLAYER_STATUS'	y:\develop\github\backmir\bmclient\Common\GameRenderObject.h	513	1	BackMirClient
Error	8073	error C2146: syntax error : missing ';' before identifier 'm_drt'	y:\develop\github\backmir\bmclient\Common\GameRenderObject.h	554	1	BackMirClient
Error	8074	error C4430: missing type specifier - int assumed. Note: C++ does not support default-int	y:\develop\github\backmir\bmclient\Common\GameRenderObject.h	554	1	BackMirClient
Error	8075	error C2146: syntax error : missing ';' before identifier 'm_sex'	y:\develop\github\backmir\bmclient\Common\GameRenderObject.h	555	1	BackMirClient
Error	8076	error C4430: missing type specifier - int assumed. Note: C++ does not support default-int	y:\develop\github\backmir\bmclient\Common\GameRenderObject.h	555	1	BackMirClient
Error	8077	error C2146: syntax error : missing ';' before identifier 'm_stat'	y:\develop\github\backmir\bmclient\Common\GameRenderObject.h	556	1	BackMirClient
Error	8078	error C4430: missing type specifier - int assumed. Note: C++ does not support default-int	y:\develop\github\backmir\bmclient\Common\GameRenderObject.h	556	1	BackMirClient
Error	8079	error C2146: syntax error : missing ';' before identifier 'm_preStat'	y:\develop\github\backmir\bmclient\Common\GameRenderObject.h	557	1	BackMirClient
Error	8080	error C4430: missing type specifier - int assumed. Note: C++ does not support default-int	y:\develop\github\backmir\bmclient\Common\GameRenderObject.h	557	1	BackMirClient
Error	8081	error C2065: 'm_drt' : undeclared identifier	y:\develop\github\backmir\bmclient\Common\GameRenderObject.h	253	1	BackMirClient
Error	8082	error C2065: 'PDT_DOWN' : undeclared identifier	y:\develop\github\backmir\bmclient\Common\GameRenderObject.h	253	1	BackMirClient
Error	8083	error C2065: 'm_sex' : undeclared identifier	y:\develop\github\backmir\bmclient\Common\GameRenderObject.h	254	1	BackMirClient
Error	8084	error C2065: 'PSX_MAN' : undeclared identifier	y:\develop\github\backmir\bmclient\Common\GameRenderObject.h	254	1	BackMirClient
Error	8085	error C2065: 'm_preStat' : undeclared identifier	y:\develop\github\backmir\bmclient\Common\GameRenderObject.h	255	1	BackMirClient
Error	8086	error C2065: 'm_stat' : undeclared identifier	y:\develop\github\backmir\bmclient\Common\GameRenderObject.h	255	1	BackMirClient
Error	8087	error C2065: 'PST_STAND' : undeclared identifier	y:\develop\github\backmir\bmclient\Common\GameRenderObject.h	255	1	BackMirClient
Error	8088	error C2065: 'm_drt' : undeclared identifier	y:\develop\github\backmir\bmclient\Common\GameRenderObject.h	310	1	BackMirClient
Error	8089	error C2065: '_pd' : undeclared identifier	y:\develop\github\backmir\bmclient\Common\GameRenderObject.h	310	1	BackMirClient
Error	8090	error C2065: 'm_drt' : undeclared identifier	y:\develop\github\backmir\bmclient\Common\GameRenderObject.h	314	1	BackMirClient
Error	8091	error C2065: 'm_stat' : undeclared identifier	y:\develop\github\backmir\bmclient\Common\GameRenderObject.h	318	1	BackMirClient
Error	8092	error C2065: '_ps' : undeclared identifier	y:\develop\github\backmir\bmclient\Common\GameRenderObject.h	318	1	BackMirClient
Error	8093	error C2065: '_ps' : undeclared identifier	y:\develop\github\backmir\bmclient\Common\GameRenderObject.h	320	1	BackMirClient
Error	8094	error C2065: 'PST_STAND' : undeclared identifier	y:\develop\github\backmir\bmclient\Common\GameRenderObject.h	320	1	BackMirClient
Error	8095	error C2065: '_ps' : undeclared identifier	y:\develop\github\backmir\bmclient\Common\GameRenderObject.h	324	1	BackMirClient
Error	8096	error C2065: 'm_stat' : undeclared identifier	y:\develop\github\backmir\bmclient\Common\GameRenderObject.h	328	1	BackMirClient
Error	8097	error C2065: 'm_preStat' : undeclared identifier	y:\develop\github\backmir\bmclient\Common\GameRenderObject.h	332	1	BackMirClient
Error	8098	error C2065: 'm_sex' : undeclared identifier	y:\develop\github\backmir\bmclient\Common\GameRenderObject.h	356	1	BackMirClient
Error	8099	error C2065: '_ps' : undeclared identifier	y:\develop\github\backmir\bmclient\Common\GameRenderObject.h	356	1	BackMirClient
Error	8100	error C2065: 'm_sex' : undeclared identifier	y:\develop\github\backmir\bmclient\Common\GameRenderObject.h	360	1	BackMirClient
Error	8101	error C2065: 'PST_DEAD' : undeclared identifier	y:\develop\github\backmir\bmclient\Common\GameRenderObject.h	429	1	BackMirClient
Error	8102	error C1083: Cannot open include file: 'FastDelegateBind.h': No such file or directory	y:\develop\github\backmir\bmclient\gamedialog\GameCommonDlg.h	9	1	BackMirClient
Warning	8103	warning C4819: The file contains a character that cannot be represented in the current code page (936). Save the file in Unicode format to prevent data loss	y:\develop\github\backmir\bmclient\Common\GlobalDefine.h	1	1	BackMirClient
Error	8104	error C2447: '{' : missing function header (old-style formal list?)	y:\develop\github\backmir\bmclient\Common\GlobalDefine.h	91	1	BackMirClient
Error	8105	error C2447: '{' : missing function header (old-style formal list?)	y:\develop\github\backmir\bmclient\Common\GlobalDefine.h	103	1	BackMirClient
Error	8106	error C2447: '{' : missing function header (old-style formal list?)	y:\develop\github\backmir\bmclient\Common\GlobalDefine.h	128	1	BackMirClient
Error	8107	error C2146: syntax error : missing ';' before identifier 'GetAngle'	y:\develop\github\backmir\bmclient\Common\GlobalFunction.h	26	1	BackMirClient
Error	8108	error C4430: missing type specifier - int assumed. Note: C++ does not support default-int	y:\develop\github\backmir\bmclient\Common\GlobalFunction.h	26	1	BackMirClient
Error	8109	error C4430: missing type specifier - int assumed. Note: C++ does not support default-int	y:\develop\github\backmir\bmclient\net\PacketHandler.h	71	1	BackMirClient
Error	8110	error C2143: syntax error : missing ',' before '&'	y:\develop\github\backmir\bmclient\net\PacketHandler.h	71	1	BackMirClient
Warning	8111	warning C4819: The file contains a character that cannot be represented in the current code page (936). Save the file in Unicode format to prevent data loss	y:\develop\github\backmir\CommonModule\MagicEffectID.h	1	1	BackMirClient
Error	8112	error C2061: syntax error : identifier 'PLAYER_DIRECTION'	y:\develop\github\backmir\bmclient\Common\GameRenderObject.h	308	1	BackMirClient
Error	8113	error C2146: syntax error : missing ';' before identifier 'GetDirection'	y:\develop\github\backmir\bmclient\Common\GameRenderObject.h	312	1	BackMirClient
Error	8114	error C2433: 'GameObject::PLAYER_DIRECTION' : 'inline' not permitted on data declarations	y:\develop\github\backmir\bmclient\Common\GameRenderObject.h	312	1	BackMirClient
Error	8115	error C4430: missing type specifier - int assumed. Note: C++ does not support default-int	y:\develop\github\backmir\bmclient\Common\GameRenderObject.h	312	1	BackMirClient
Error	8116	error C4430: missing type specifier - int assumed. Note: C++ does not support default-int	y:\develop\github\backmir\bmclient\Common\GameRenderObject.h	313	1	BackMirClient
Warning	8117	warning C4183: 'GetDirection': missing return type; assumed to be a member function returning 'int'	y:\develop\github\backmir\bmclient\Common\GameRenderObject.h	315	1	BackMirClient
Error	8118	error C2061: syntax error : identifier 'PLAYER_STATUS'	y:\develop\github\backmir\bmclient\Common\GameRenderObject.h	316	1	BackMirClient
Error	8119	error C2146: syntax error : missing ';' before identifier 'GetStatus'	y:\develop\github\backmir\bmclient\Common\GameRenderObject.h	326	1	BackMirClient
Error	8120	error C2433: 'GameObject::PLAYER_STATUS' : 'inline' not permitted on data declarations	y:\develop\github\backmir\bmclient\Common\GameRenderObject.h	326	1	BackMirClient
Error	8121	error C4430: missing type specifier - int assumed. Note: C++ does not support default-int	y:\develop\github\backmir\bmclient\Common\GameRenderObject.h	326	1	BackMirClient
Error	8122	error C4430: missing type specifier - int assumed. Note: C++ does not support default-int	y:\develop\github\backmir\bmclient\Common\GameRenderObject.h	327	1	BackMirClient
Warning	8123	warning C4183: 'GetStatus': missing return type; assumed to be a member function returning 'int'	y:\develop\github\backmir\bmclient\Common\GameRenderObject.h	329	1	BackMirClient
Error	8124	error C2146: syntax error : missing ';' before identifier 'GetPreStatus'	y:\develop\github\backmir\bmclient\Common\GameRenderObject.h	330	1	BackMirClient
Error	8125	error C2433: 'GameObject::PLAYER_STATUS' : 'inline' not permitted on data declarations	y:\develop\github\backmir\bmclient\Common\GameRenderObject.h	330	1	BackMirClient
Error	8126	error C4430: missing type specifier - int assumed. Note: C++ does not support default-int	y:\develop\github\backmir\bmclient\Common\GameRenderObject.h	330	1	BackMirClient
Error	8127	error C4430: missing type specifier - int assumed. Note: C++ does not support default-int	y:\develop\github\backmir\bmclient\Common\GameRenderObject.h	331	1	BackMirClient
Warning	8128	warning C4183: 'GetPreStatus': missing return type; assumed to be a member function returning 'int'	y:\develop\github\backmir\bmclient\Common\GameRenderObject.h	333	1	BackMirClient
Error	8129	error C2061: syntax error : identifier 'PLAYER_SEX'	y:\develop\github\backmir\bmclient\Common\GameRenderObject.h	354	1	BackMirClient
Error	8130	error C2146: syntax error : missing ';' before identifier 'GetPlayerSex'	y:\develop\github\backmir\bmclient\Common\GameRenderObject.h	358	1	BackMirClient
Error	8131	error C2433: 'GameObject::PLAYER_SEX' : 'inline' not permitted on data declarations	y:\develop\github\backmir\bmclient\Common\GameRenderObject.h	358	1	BackMirClient
Error	8132	error C4430: missing type specifier - int assumed. Note: C++ does not support default-int	y:\develop\github\backmir\bmclient\Common\GameRenderObject.h	358	1	BackMirClient
Error	8133	error C4430: missing type specifier - int assumed. Note: C++ does not support default-int	y:\develop\github\backmir\bmclient\Common\GameRenderObject.h	359	1	BackMirClient
Warning	8134	warning C4183: 'GetPlayerSex': missing return type; assumed to be a member function returning 'int'	y:\develop\github\backmir\bmclient\Common\GameRenderObject.h	361	1	BackMirClient
Error	8135	error C4430: missing type specifier - int assumed. Note: C++ does not support default-int	y:\develop\github\backmir\bmclient\Common\GameRenderObject.h	503	1	BackMirClient
Error	8136	error C2143: syntax error : missing ',' before '&'	y:\develop\github\backmir\bmclient\Common\GameRenderObject.h	503	1	BackMirClient
Error	8137	error C4430: missing type specifier - int assumed. Note: C++ does not support default-int	y:\develop\github\backmir\bmclient\Common\GameRenderObject.h	504	1	BackMirClient
Error	8138	error C2143: syntax error : missing ',' before '&'	y:\develop\github\backmir\bmclient\Common\GameRenderObject.h	504	1	BackMirClient
Error	8139	error C2535: 'void GameObject::DoPacket(const int)' : member function already defined or declared	y:\develop\github\backmir\bmclient\Common\GameRenderObject.h	504	1	BackMirClient
Error	8140	error C4430: missing type specifier - int assumed. Note: C++ does not support default-int	y:\develop\github\backmir\bmclient\Common\GameRenderObject.h	505	1	BackMirClient
Error	8141	error C2143: syntax error : missing ',' before '&'	y:\develop\github\backmir\bmclient\Common\GameRenderObject.h	505	1	BackMirClient
Error	8142	error C2535: 'void GameObject::DoPacket(const int)' : member function already defined or declared	y:\develop\github\backmir\bmclient\Common\GameRenderObject.h	505	1	BackMirClient
Error	8143	error C2061: syntax error : identifier 'PLAYER_STATUS'	y:\develop\github\backmir\bmclient\Common\GameRenderObject.h	513	1	BackMirClient
Error	8144	error C2146: syntax error : missing ';' before identifier 'm_drt'	y:\develop\github\backmir\bmclient\Common\GameRenderObject.h	554	1	BackMirClient
Error	8145	error C4430: missing type specifier - int assumed. Note: C++ does not support default-int	y:\develop\github\backmir\bmclient\Common\GameRenderObject.h	554	1	BackMirClient
Error	8146	error C2146: syntax error : missing ';' before identifier 'm_sex'	y:\develop\github\backmir\bmclient\Common\GameRenderObject.h	555	1	BackMirClient
Error	8147	error C4430: missing type specifier - int assumed. Note: C++ does not support default-int	y:\develop\github\backmir\bmclient\Common\GameRenderObject.h	555	1	BackMirClient
Error	8148	error C2146: syntax error : missing ';' before identifier 'm_stat'	y:\develop\github\backmir\bmclient\Common\GameRenderObject.h	556	1	BackMirClient
Error	8149	error C4430: missing type specifier - int assumed. Note: C++ does not support default-int	y:\develop\github\backmir\bmclient\Common\GameRenderObject.h	556	1	BackMirClient
Error	8150	error C2146: syntax error : missing ';' before identifier 'm_preStat'	y:\develop\github\backmir\bmclient\Common\GameRenderObject.h	557	1	BackMirClient
Error	8151	error C4430: missing type specifier - int assumed. Note: C++ does not support default-int	y:\develop\github\backmir\bmclient\Common\GameRenderObject.h	557	1	BackMirClient
Error	8152	error C2065: 'm_drt' : undeclared identifier	y:\develop\github\backmir\bmclient\Common\GameRenderObject.h	253	1	BackMirClient
Error	8153	error C2065: 'PDT_DOWN' : undeclared identifier	y:\develop\github\backmir\bmclient\Common\GameRenderObject.h	253	1	BackMirClient
Error	8154	error C2065: 'm_sex' : undeclared identifier	y:\develop\github\backmir\bmclient\Common\GameRenderObject.h	254	1	BackMirClient
Error	8155	error C2065: 'PSX_MAN' : undeclared identifier	y:\develop\github\backmir\bmclient\Common\GameRenderObject.h	254	1	BackMirClient
Error	8156	error C2065: 'm_preStat' : undeclared identifier	y:\develop\github\backmir\bmclient\Common\GameRenderObject.h	255	1	BackMirClient
Error	8157	error C2065: 'm_stat' : undeclared identifier	y:\develop\github\backmir\bmclient\Common\GameRenderObject.h	255	1	BackMirClient
Error	8158	error C2065: 'PST_STAND' : undeclared identifier	y:\develop\github\backmir\bmclient\Common\GameRenderObject.h	255	1	BackMirClient
Error	8159	error C2065: 'm_drt' : undeclared identifier	y:\develop\github\backmir\bmclient\Common\GameRenderObject.h	310	1	BackMirClient
Error	8160	error C2065: '_pd' : undeclared identifier	y:\develop\github\backmir\bmclient\Common\GameRenderObject.h	310	1	BackMirClient
Error	8161	error C2065: 'm_drt' : undeclared identifier	y:\develop\github\backmir\bmclient\Common\GameRenderObject.h	314	1	BackMirClient
Error	8162	error C2065: 'm_stat' : undeclared identifier	y:\develop\github\backmir\bmclient\Common\GameRenderObject.h	318	1	BackMirClient
Error	8163	error C2065: '_ps' : undeclared identifier	y:\develop\github\backmir\bmclient\Common\GameRenderObject.h	318	1	BackMirClient
Error	8164	error C2065: '_ps' : undeclared identifier	y:\develop\github\backmir\bmclient\Common\GameRenderObject.h	320	1	BackMirClient
Error	8165	error C2065: 'PST_STAND' : undeclared identifier	y:\develop\github\backmir\bmclient\Common\GameRenderObject.h	320	1	BackMirClient
Error	8166	error C2065: '_ps' : undeclared identifier	y:\develop\github\backmir\bmclient\Common\GameRenderObject.h	324	1	BackMirClient
Error	8167	error C2065: 'm_stat' : undeclared identifier	y:\develop\github\backmir\bmclient\Common\GameRenderObject.h	328	1	BackMirClient
Error	8168	error C2065: 'm_preStat' : undeclared identifier	y:\develop\github\backmir\bmclient\Common\GameRenderObject.h	332	1	BackMirClient
Error	8169	error C2065: 'm_sex' : undeclared identifier	y:\develop\github\backmir\bmclient\Common\GameRenderObject.h	356	1	BackMirClient
Error	8170	error C2065: '_ps' : undeclared identifier	y:\develop\github\backmir\bmclient\Common\GameRenderObject.h	356	1	BackMirClient
Error	8171	error C2065: 'm_sex' : undeclared identifier	y:\develop\github\backmir\bmclient\Common\GameRenderObject.h	360	1	BackMirClient
Error	8172	error C2065: 'PST_DEAD' : undeclared identifier	y:\develop\github\backmir\bmclient\Common\GameRenderObject.h	429	1	BackMirClient
Error	8173	error C1083: Cannot open include file: 'FastDelegateBind.h': No such file or directory	y:\develop\github\backmir\bmclient\GameDialog\GameCommonDlg.h	9	1	BackMirClient
Warning	8174	warning C4819: The file contains a character that cannot be represented in the current code page (936). Save the file in Unicode format to prevent data loss	y:\develop\github\backmir\bmclient\Common\GlobalDefine.h	1	1	BackMirClient
Error	8175	error C2447: '{' : missing function header (old-style formal list?)	y:\develop\github\backmir\bmclient\Common\GlobalDefine.h	91	1	BackMirClient
Error	8176	error C2447: '{' : missing function header (old-style formal list?)	y:\develop\github\backmir\bmclient\Common\GlobalDefine.h	103	1	BackMirClient
Error	8177	error C2447: '{' : missing function header (old-style formal list?)	y:\develop\github\backmir\bmclient\Common\GlobalDefine.h	128	1	BackMirClient
Error	8178	error C2146: syntax error : missing ';' before identifier 'GetAngle'	y:\develop\github\backmir\bmclient\Common\GlobalFunction.h	26	1	BackMirClient
Error	8179	error C4430: missing type specifier - int assumed. Note: C++ does not support default-int	y:\develop\github\backmir\bmclient\Common\GlobalFunction.h	26	1	BackMirClient
Error	8180	error C4430: missing type specifier - int assumed. Note: C++ does not support default-int	y:\develop\github\backmir\bmclient\net\PacketHandler.h	71	1	BackMirClient
Error	8181	error C2143: syntax error : missing ',' before '&'	y:\develop\github\backmir\bmclient\net\PacketHandler.h	71	1	BackMirClient
Warning	8182	warning C4819: The file contains a character that cannot be represented in the current code page (936). Save the file in Unicode format to prevent data loss	y:\develop\github\backmir\CommonModule\MagicEffectID.h	1	1	BackMirClient
Error	8183	error C2061: syntax error : identifier 'PLAYER_DIRECTION'	y:\develop\github\backmir\bmclient\Common\GameRenderObject.h	308	1	BackMirClient
Error	8184	error C2146: syntax error : missing ';' before identifier 'GetDirection'	y:\develop\github\backmir\bmclient\Common\GameRenderObject.h	312	1	BackMirClient
Error	8185	error C2433: 'GameObject::PLAYER_DIRECTION' : 'inline' not permitted on data declarations	y:\develop\github\backmir\bmclient\Common\GameRenderObject.h	312	1	BackMirClient
Error	8186	error C4430: missing type specifier - int assumed. Note: C++ does not support default-int	y:\develop\github\backmir\bmclient\Common\GameRenderObject.h	312	1	BackMirClient
Error	8187	error C4430: missing type specifier - int assumed. Note: C++ does not support default-int	y:\develop\github\backmir\bmclient\Common\GameRenderObject.h	313	1	BackMirClient
Warning	8188	warning C4183: 'GetDirection': missing return type; assumed to be a member function returning 'int'	y:\develop\github\backmir\bmclient\Common\GameRenderObject.h	315	1	BackMirClient
Error	8189	error C2061: syntax error : identifier 'PLAYER_STATUS'	y:\develop\github\backmir\bmclient\Common\GameRenderObject.h	316	1	BackMirClient
Error	8190	error C2146: syntax error : missing ';' before identifier 'GetStatus'	y:\develop\github\backmir\bmclient\Common\GameRenderObject.h	326	1	BackMirClient
Error	8191	error C2433: 'GameObject::PLAYER_STATUS' : 'inline' not permitted on data declarations	y:\develop\github\backmir\bmclient\Common\GameRenderObject.h	326	1	BackMirClient
Error	8192	error C4430: missing type specifier - int assumed. Note: C++ does not support default-int	y:\develop\github\backmir\bmclient\Common\GameRenderObject.h	326	1	BackMirClient
Error	8193	error C4430: missing type specifier - int assumed. Note: C++ does not support default-int	y:\develop\github\backmir\bmclient\Common\GameRenderObject.h	327	1	BackMirClient
Warning	8194	warning C4183: 'GetStatus': missing return type; assumed to be a member function returning 'int'	y:\develop\github\backmir\bmclient\Common\GameRenderObject.h	329	1	BackMirClient
Error	8195	error C2146: syntax error : missing ';' before identifier 'GetPreStatus'	y:\develop\github\backmir\bmclient\Common\GameRenderObject.h	330	1	BackMirClient
Error	8196	error C2433: 'GameObject::PLAYER_STATUS' : 'inline' not permitted on data declarations	y:\develop\github\backmir\bmclient\Common\GameRenderObject.h	330	1	BackMirClient
Error	8197	error C4430: missing type specifier - int assumed. Note: C++ does not support default-int	y:\develop\github\backmir\bmclient\Common\GameRenderObject.h	330	1	BackMirClient
Error	8198	error C4430: missing type specifier - int assumed. Note: C++ does not support default-int	y:\develop\github\backmir\bmclient\Common\GameRenderObject.h	331	1	BackMirClient
Warning	8199	warning C4183: 'GetPreStatus': missing return type; assumed to be a member function returning 'int'	y:\develop\github\backmir\bmclient\Common\GameRenderObject.h	333	1	BackMirClient
Error	8200	error C2061: syntax error : identifier 'PLAYER_SEX'	y:\develop\github\backmir\bmclient\Common\GameRenderObject.h	354	1	BackMirClient
Error	8201	error C2146: syntax error : missing ';' before identifier 'GetPlayerSex'	y:\develop\github\backmir\bmclient\Common\GameRenderObject.h	358	1	BackMirClient
Error	8202	error C2433: 'GameObject::PLAYER_SEX' : 'inline' not permitted on data declarations	y:\develop\github\backmir\bmclient\Common\GameRenderObject.h	358	1	BackMirClient
Error	8203	error C4430: missing type specifier - int assumed. Note: C++ does not support default-int	y:\develop\github\backmir\bmclient\Common\GameRenderObject.h	358	1	BackMirClient
Error	8204	error C4430: missing type specifier - int assumed. Note: C++ does not support default-int	y:\develop\github\backmir\bmclient\Common\GameRenderObject.h	359	1	BackMirClient
Warning	8205	warning C4183: 'GetPlayerSex': missing return type; assumed to be a member function returning 'int'	y:\develop\github\backmir\bmclient\Common\GameRenderObject.h	361	1	BackMirClient
Error	8206	error C4430: missing type specifier - int assumed. Note: C++ does not support default-int	y:\develop\github\backmir\bmclient\Common\GameRenderObject.h	503	1	BackMirClient
Error	8207	error C2143: syntax error : missing ',' before '&'	y:\develop\github\backmir\bmclient\Common\GameRenderObject.h	503	1	BackMirClient
Error	8208	error C4430: missing type specifier - int assumed. Note: C++ does not support default-int	y:\develop\github\backmir\bmclient\Common\GameRenderObject.h	504	1	BackMirClient
Error	8209	error C2143: syntax error : missing ',' before '&'	y:\develop\github\backmir\bmclient\Common\GameRenderObject.h	504	1	BackMirClient
Error	8210	error C2535: 'void GameObject::DoPacket(const int)' : member function already defined or declared	y:\develop\github\backmir\bmclient\Common\GameRenderObject.h	504	1	BackMirClient
Error	8211	error C4430: missing type specifier - int assumed. Note: C++ does not support default-int	y:\develop\github\backmir\bmclient\Common\GameRenderObject.h	505	1	BackMirClient
Error	8212	error C2143: syntax error : missing ',' before '&'	y:\develop\github\backmir\bmclient\Common\GameRenderObject.h	505	1	BackMirClient
Error	8213	error C2535: 'void GameObject::DoPacket(const int)' : member function already defined or declared	y:\develop\github\backmir\bmclient\Common\GameRenderObject.h	505	1	BackMirClient
Error	8214	error C2061: syntax error : identifier 'PLAYER_STATUS'	y:\develop\github\backmir\bmclient\Common\GameRenderObject.h	513	1	BackMirClient
Error	8215	error C2146: syntax error : missing ';' before identifier 'm_drt'	y:\develop\github\backmir\bmclient\Common\GameRenderObject.h	554	1	BackMirClient
Error	8216	error C4430: missing type specifier - int assumed. Note: C++ does not support default-int	y:\develop\github\backmir\bmclient\Common\GameRenderObject.h	554	1	BackMirClient
Error	8217	error C2146: syntax error : missing ';' before identifier 'm_sex'	y:\develop\github\backmir\bmclient\Common\GameRenderObject.h	555	1	BackMirClient
Error	8218	error C4430: missing type specifier - int assumed. Note: C++ does not support default-int	y:\develop\github\backmir\bmclient\Common\GameRenderObject.h	555	1	BackMirClient
Error	8219	error C2146: syntax error : missing ';' before identifier 'm_stat'	y:\develop\github\backmir\bmclient\Common\GameRenderObject.h	556	1	BackMirClient
Error	8220	error C4430: missing type specifier - int assumed. Note: C++ does not support default-int	y:\develop\github\backmir\bmclient\Common\GameRenderObject.h	556	1	BackMirClient
Error	8221	error C2146: syntax error : missing ';' before identifier 'm_preStat'	y:\develop\github\backmir\bmclient\Common\GameRenderObject.h	557	1	BackMirClient
Error	8222	error C4430: missing type specifier - int assumed. Note: C++ does not support default-int	y:\develop\github\backmir\bmclient\Common\GameRenderObject.h	557	1	BackMirClient
Error	8223	error C2065: 'm_drt' : undeclared identifier	y:\develop\github\backmir\bmclient\Common\GameRenderObject.h	253	1	BackMirClient
Error	8224	error C2065: 'PDT_DOWN' : undeclared identifier	y:\develop\github\backmir\bmclient\Common\GameRenderObject.h	253	1	BackMirClient
Error	8225	error C2065: 'm_sex' : undeclared identifier	y:\develop\github\backmir\bmclient\Common\GameRenderObject.h	254	1	BackMirClient
Error	8226	error C2065: 'PSX_MAN' : undeclared identifier	y:\develop\github\backmir\bmclient\Common\GameRenderObject.h	254	1	BackMirClient
Error	8227	error C2065: 'm_preStat' : undeclared identifier	y:\develop\github\backmir\bmclient\Common\GameRenderObject.h	255	1	BackMirClient
Error	8228	error C2065: 'm_stat' : undeclared identifier	y:\develop\github\backmir\bmclient\Common\GameRenderObject.h	255	1	BackMirClient
Error	8229	error C2065: 'PST_STAND' : undeclared identifier	y:\develop\github\backmir\bmclient\Common\GameRenderObject.h	255	1	BackMirClient
Error	8230	error C2065: 'm_drt' : undeclared identifier	y:\develop\github\backmir\bmclient\Common\GameRenderObject.h	310	1	BackMirClient
Error	8231	error C2065: '_pd' : undeclared identifier	y:\develop\github\backmir\bmclient\Common\GameRenderObject.h	310	1	BackMirClient
Error	8232	error C2065: 'm_drt' : undeclared identifier	y:\develop\github\backmir\bmclient\Common\GameRenderObject.h	314	1	BackMirClient
Error	8233	error C2065: 'm_stat' : undeclared identifier	y:\develop\github\backmir\bmclient\Common\GameRenderObject.h	318	1	BackMirClient
Error	8234	error C2065: '_ps' : undeclared identifier	y:\develop\github\backmir\bmclient\Common\GameRenderObject.h	318	1	BackMirClient
Error	8235	error C2065: '_ps' : undeclared identifier	y:\develop\github\backmir\bmclient\Common\GameRenderObject.h	320	1	BackMirClient
Error	8236	error C2065: 'PST_STAND' : undeclared identifier	y:\develop\github\backmir\bmclient\Common\GameRenderObject.h	320	1	BackMirClient
Error	8237	error C2065: '_ps' : undeclared identifier	y:\develop\github\backmir\bmclient\Common\GameRenderObject.h	324	1	BackMirClient
Error	8238	error C2065: 'm_stat' : undeclared identifier	y:\develop\github\backmir\bmclient\Common\GameRenderObject.h	328	1	BackMirClient
Error	8239	error C2065: 'm_preStat' : undeclared identifier	y:\develop\github\backmir\bmclient\Common\GameRenderObject.h	332	1	BackMirClient
Error	8240	error C2065: 'm_sex' : undeclared identifier	y:\develop\github\backmir\bmclient\Common\GameRenderObject.h	356	1	BackMirClient
Error	8241	error C2065: '_ps' : undeclared identifier	y:\develop\github\backmir\bmclient\Common\GameRenderObject.h	356	1	BackMirClient
Error	8242	error C2065: 'm_sex' : undeclared identifier	y:\develop\github\backmir\bmclient\Common\GameRenderObject.h	360	1	BackMirClient
Error	8243	error C2065: 'PST_DEAD' : undeclared identifier	y:\develop\github\backmir\bmclient\Common\GameRenderObject.h	429	1	BackMirClient
Error	8244	error C1083: Cannot open include file: 'FastDelegateBind.h': No such file or directory	y:\develop\github\backmir\bmclient\GameDialog\GameCommonDlg.h	9	1	BackMirClient
Warning	8245	warning C4819: The file contains a character that cannot be represented in the current code page (936). Save the file in Unicode format to prevent data loss	y:\develop\github\backmir\bmclient\Common\GlobalDefine.h	1	1	BackMirClient
Error	8246	error C2447: '{' : missing function header (old-style formal list?)	y:\develop\github\backmir\bmclient\Common\GlobalDefine.h	91	1	BackMirClient
Error	8247	error C2447: '{' : missing function header (old-style formal list?)	y:\develop\github\backmir\bmclient\Common\GlobalDefine.h	103	1	BackMirClient
Error	8248	error C2447: '{' : missing function header (old-style formal list?)	y:\develop\github\backmir\bmclient\Common\GlobalDefine.h	128	1	BackMirClient
Error	8249	error C2146: syntax error : missing ';' before identifier 'GetAngle'	y:\develop\github\backmir\bmclient\Common\GlobalFunction.h	26	1	BackMirClient
Error	8250	error C4430: missing type specifier - int assumed. Note: C++ does not support default-int	y:\develop\github\backmir\bmclient\Common\GlobalFunction.h	26	1	BackMirClient
Error	8251	error C4430: missing type specifier - int assumed. Note: C++ does not support default-int	y:\develop\github\backmir\bmclient\net\PacketHandler.h	71	1	BackMirClient
Error	8252	error C2143: syntax error : missing ',' before '&'	y:\develop\github\backmir\bmclient\net\PacketHandler.h	71	1	BackMirClient
Warning	8253	warning C4819: The file contains a character that cannot be represented in the current code page (936). Save the file in Unicode format to prevent data loss	y:\develop\github\backmir\CommonModule\MagicEffectID.h	1	1	BackMirClient
Error	8254	error C2061: syntax error : identifier 'PLAYER_DIRECTION'	y:\develop\github\backmir\bmclient\Common\GameRenderObject.h	308	1	BackMirClient
Error	8255	error C2146: syntax error : missing ';' before identifier 'GetDirection'	y:\develop\github\backmir\bmclient\Common\GameRenderObject.h	312	1	BackMirClient
Error	8256	error C2433: 'GameObject::PLAYER_DIRECTION' : 'inline' not permitted on data declarations	y:\develop\github\backmir\bmclient\Common\GameRenderObject.h	312	1	BackMirClient
Error	8257	error C4430: missing type specifier - int assumed. Note: C++ does not support default-int	y:\develop\github\backmir\bmclient\Common\GameRenderObject.h	312	1	BackMirClient
Error	8258	error C4430: missing type specifier - int assumed. Note: C++ does not support default-int	y:\develop\github\backmir\bmclient\Common\GameRenderObject.h	313	1	BackMirClient
Warning	8259	warning C4183: 'GetDirection': missing return type; assumed to be a member function returning 'int'	y:\develop\github\backmir\bmclient\Common\GameRenderObject.h	315	1	BackMirClient
Error	8260	error C2061: syntax error : identifier 'PLAYER_STATUS'	y:\develop\github\backmir\bmclient\Common\GameRenderObject.h	316	1	BackMirClient
Error	8261	error C2146: syntax error : missing ';' before identifier 'GetStatus'	y:\develop\github\backmir\bmclient\Common\GameRenderObject.h	326	1	BackMirClient
Error	8262	error C2433: 'GameObject::PLAYER_STATUS' : 'inline' not permitted on data declarations	y:\develop\github\backmir\bmclient\Common\GameRenderObject.h	326	1	BackMirClient
Error	8263	error C4430: missing type specifier - int assumed. Note: C++ does not support default-int	y:\develop\github\backmir\bmclient\Common\GameRenderObject.h	326	1	BackMirClient
Error	8264	error C4430: missing type specifier - int assumed. Note: C++ does not support default-int	y:\develop\github\backmir\bmclient\Common\GameRenderObject.h	327	1	BackMirClient
Warning	8265	warning C4183: 'GetStatus': missing return type; assumed to be a member function returning 'int'	y:\develop\github\backmir\bmclient\Common\GameRenderObject.h	329	1	BackMirClient
Error	8266	error C2146: syntax error : missing ';' before identifier 'GetPreStatus'	y:\develop\github\backmir\bmclient\Common\GameRenderObject.h	330	1	BackMirClient
Error	8267	error C2433: 'GameObject::PLAYER_STATUS' : 'inline' not permitted on data declarations	y:\develop\github\backmir\bmclient\Common\GameRenderObject.h	330	1	BackMirClient
Error	8268	error C4430: missing type specifier - int assumed. Note: C++ does not support default-int	y:\develop\github\backmir\bmclient\Common\GameRenderObject.h	330	1	BackMirClient
Error	8269	error C4430: missing type specifier - int assumed. Note: C++ does not support default-int	y:\develop\github\backmir\bmclient\Common\GameRenderObject.h	331	1	BackMirClient
Warning	8270	warning C4183: 'GetPreStatus': missing return type; assumed to be a member function returning 'int'	y:\develop\github\backmir\bmclient\Common\GameRenderObject.h	333	1	BackMirClient
Error	8271	error C2061: syntax error : identifier 'PLAYER_SEX'	y:\develop\github\backmir\bmclient\Common\GameRenderObject.h	354	1	BackMirClient
Error	8272	error C2146: syntax error : missing ';' before identifier 'GetPlayerSex'	y:\develop\github\backmir\bmclient\Common\GameRenderObject.h	358	1	BackMirClient
Error	8273	error C2433: 'GameObject::PLAYER_SEX' : 'inline' not permitted on data declarations	y:\develop\github\backmir\bmclient\Common\GameRenderObject.h	358	1	BackMirClient
Error	8274	error C4430: missing type specifier - int assumed. Note: C++ does not support default-int	y:\develop\github\backmir\bmclient\Common\GameRenderObject.h	358	1	BackMirClient
Error	8275	error C4430: missing type specifier - int assumed. Note: C++ does not support default-int	y:\develop\github\backmir\bmclient\Common\GameRenderObject.h	359	1	BackMirClient
Warning	8276	warning C4183: 'GetPlayerSex': missing return type; assumed to be a member function returning 'int'	y:\develop\github\backmir\bmclient\Common\GameRenderObject.h	361	1	BackMirClient
Error	8277	error C4430: missing type specifier - int assumed. Note: C++ does not support default-int	y:\develop\github\backmir\bmclient\Common\GameRenderObject.h	503	1	BackMirClient
Error	8278	error C2143: syntax error : missing ',' before '&'	y:\develop\github\backmir\bmclient\Common\GameRenderObject.h	503	1	BackMirClient
Error	8279	error C4430: missing type specifier - int assumed. Note: C++ does not support default-int	y:\develop\github\backmir\bmclient\Common\GameRenderObject.h	504	1	BackMirClient
Error	8280	error C2143: syntax error : missing ',' before '&'	y:\develop\github\backmir\bmclient\Common\GameRenderObject.h	504	1	BackMirClient
Error	8281	error C2535: 'void GameObject::DoPacket(const int)' : member function already defined or declared	y:\develop\github\backmir\bmclient\Common\GameRenderObject.h	504	1	BackMirClient
Error	8282	error C4430: missing type specifier - int assumed. Note: C++ does not support default-int	y:\develop\github\backmir\bmclient\Common\GameRenderObject.h	505	1	BackMirClient
Error	8283	error C2143: syntax error : missing ',' before '&'	y:\develop\github\backmir\bmclient\Common\GameRenderObject.h	505	1	BackMirClient
Error	8284	error C2535: 'void GameObject::DoPacket(const int)' : member function already defined or declared	y:\develop\github\backmir\bmclient\Common\GameRenderObject.h	505	1	BackMirClient
Error	8285	error C2061: syntax error : identifier 'PLAYER_STATUS'	y:\develop\github\backmir\bmclient\Common\GameRenderObject.h	513	1	BackMirClient
Error	8286	error C2146: syntax error : missing ';' before identifier 'm_drt'	y:\develop\github\backmir\bmclient\Common\GameRenderObject.h	554	1	BackMirClient
Error	8287	error C4430: missing type specifier - int assumed. Note: C++ does not support default-int	y:\develop\github\backmir\bmclient\Common\GameRenderObject.h	554	1	BackMirClient
Error	8288	error C2146: syntax error : missing ';' before identifier 'm_sex'	y:\develop\github\backmir\bmclient\Common\GameRenderObject.h	555	1	BackMirClient
Error	8289	error C4430: missing type specifier - int assumed. Note: C++ does not support default-int	y:\develop\github\backmir\bmclient\Common\GameRenderObject.h	555	1	BackMirClient
Error	8290	error C2146: syntax error : missing ';' before identifier 'm_stat'	y:\develop\github\backmir\bmclient\Common\GameRenderObject.h	556	1	BackMirClient
Error	8291	error C4430: missing type specifier - int assumed. Note: C++ does not support default-int	y:\develop\github\backmir\bmclient\Common\GameRenderObject.h	556	1	BackMirClient
Error	8292	error C2146: syntax error : missing ';' before identifier 'm_preStat'	y:\develop\github\backmir\bmclient\Common\GameRenderObject.h	557	1	BackMirClient
Error	8293	error C4430: missing type specifier - int assumed. Note: C++ does not support default-int	y:\develop\github\backmir\bmclient\Common\GameRenderObject.h	557	1	BackMirClient
Error	8294	error C2065: 'm_drt' : undeclared identifier	y:\develop\github\backmir\bmclient\Common\GameRenderObject.h	253	1	BackMirClient
Error	8295	error C2065: 'PDT_DOWN' : undeclared identifier	y:\develop\github\backmir\bmclient\Common\GameRenderObject.h	253	1	BackMirClient
Error	8296	error C2065: 'm_sex' : undeclared identifier	y:\develop\github\backmir\bmclient\Common\GameRenderObject.h	254	1	BackMirClient
Error	8297	error C2065: 'PSX_MAN' : undeclared identifier	y:\develop\github\backmir\bmclient\Common\GameRenderObject.h	254	1	BackMirClient
Error	8298	error C2065: 'm_preStat' : undeclared identifier	y:\develop\github\backmir\bmclient\Common\GameRenderObject.h	255	1	BackMirClient
Error	8299	error C2065: 'm_stat' : undeclared identifier	y:\develop\github\backmir\bmclient\Common\GameRenderObject.h	255	1	BackMirClient
Error	8300	error C2065: 'PST_STAND' : undeclared identifier	y:\develop\github\backmir\bmclient\Common\GameRenderObject.h	255	1	BackMirClient
Error	8301	error C2065: 'm_drt' : undeclared identifier	y:\develop\github\backmir\bmclient\Common\GameRenderObject.h	310	1	BackMirClient
Error	8302	error C2065: '_pd' : undeclared identifier	y:\develop\github\backmir\bmclient\Common\GameRenderObject.h	310	1	BackMirClient
Error	8303	error C2065: 'm_drt' : undeclared identifier	y:\develop\github\backmir\bmclient\Common\GameRenderObject.h	314	1	BackMirClient
Error	8304	error C2065: 'm_stat' : undeclared identifier	y:\develop\github\backmir\bmclient\Common\GameRenderObject.h	318	1	BackMirClient
Error	8305	error C2065: '_ps' : undeclared identifier	y:\develop\github\backmir\bmclient\Common\GameRenderObject.h	318	1	BackMirClient
Error	8306	error C2065: '_ps' : undeclared identifier	y:\develop\github\backmir\bmclient\Common\GameRenderObject.h	320	1	BackMirClient
Error	8307	error C2065: 'PST_STAND' : undeclared identifier	y:\develop\github\backmir\bmclient\Common\GameRenderObject.h	320	1	BackMirClient
Error	8308	error C2065: '_ps' : undeclared identifier	y:\develop\github\backmir\bmclient\Common\GameRenderObject.h	324	1	BackMirClient
Error	8309	error C2065: 'm_stat' : undeclared identifier	y:\develop\github\backmir\bmclient\Common\GameRenderObject.h	328	1	BackMirClient
Error	8310	error C2065: 'm_preStat' : undeclared identifier	y:\develop\github\backmir\bmclient\Common\GameRenderObject.h	332	1	BackMirClient
Error	8311	error C2065: 'm_sex' : undeclared identifier	y:\develop\github\backmir\bmclient\Common\GameRenderObject.h	356	1	BackMirClient
Error	8312	error C2065: '_ps' : undeclared identifier	y:\develop\github\backmir\bmclient\Common\GameRenderObject.h	356	1	BackMirClient
Error	8313	error C2065: 'm_sex' : undeclared identifier	y:\develop\github\backmir\bmclient\Common\GameRenderObject.h	360	1	BackMirClient
Error	8314	error C2065: 'PST_DEAD' : undeclared identifier	y:\develop\github\backmir\bmclient\Common\GameRenderObject.h	429	1	BackMirClient
Error	8315	error C1083: Cannot open include file: 'FastDelegateBind.h': No such file or directory	y:\develop\github\backmir\bmclient\GameDialog\GameCommonDlg.h	9	1	BackMirClient
Warning	8316	warning C4819: The file contains a character that cannot be represented in the current code page (936). Save the file in Unicode format to prevent data loss	y:\develop\github\backmir\bmclient\Common\GlobalDefine.h	1	1	BackMirClient
Error	8317	error C2447: '{' : missing function header (old-style formal list?)	y:\develop\github\backmir\bmclient\Common\GlobalDefine.h	91	1	BackMirClient
Error	8318	error C2447: '{' : missing function header (old-style formal list?)	y:\develop\github\backmir\bmclient\Common\GlobalDefine.h	103	1	BackMirClient
Error	8319	error C2447: '{' : missing function header (old-style formal list?)	y:\develop\github\backmir\bmclient\Common\GlobalDefine.h	128	1	BackMirClient
Error	8320	error C2146: syntax error : missing ';' before identifier 'GetAngle'	y:\develop\github\backmir\bmclient\Common\GlobalFunction.h	26	1	BackMirClient
Error	8321	error C4430: missing type specifier - int assumed. Note: C++ does not support default-int	y:\develop\github\backmir\bmclient\Common\GlobalFunction.h	26	1	BackMirClient
Error	8322	error C4430: missing type specifier - int assumed. Note: C++ does not support default-int	y:\develop\github\backmir\bmclient\net\PacketHandler.h	71	1	BackMirClient
Error	8323	error C2143: syntax error : missing ',' before '&'	y:\develop\github\backmir\bmclient\net\PacketHandler.h	71	1	BackMirClient
Warning	8324	warning C4819: The file contains a character that cannot be represented in the current code page (936). Save the file in Unicode format to prevent data loss	y:\develop\github\backmir\CommonModule\MagicEffectID.h	1	1	BackMirClient
Error	8325	error C2061: syntax error : identifier 'PLAYER_DIRECTION'	y:\develop\github\backmir\bmclient\Common\GameRenderObject.h	308	1	BackMirClient
Error	8326	error C2146: syntax error : missing ';' before identifier 'GetDirection'	y:\develop\github\backmir\bmclient\Common\GameRenderObject.h	312	1	BackMirClient
Error	8327	error C2433: 'GameObject::PLAYER_DIRECTION' : 'inline' not permitted on data declarations	y:\develop\github\backmir\bmclient\Common\GameRenderObject.h	312	1	BackMirClient
Error	8328	error C4430: missing type specifier - int assumed. Note: C++ does not support default-int	y:\develop\github\backmir\bmclient\Common\GameRenderObject.h	312	1	BackMirClient
Error	8329	error C4430: missing type specifier - int assumed. Note: C++ does not support default-int	y:\develop\github\backmir\bmclient\Common\GameRenderObject.h	313	1	BackMirClient
Warning	8330	warning C4183: 'GetDirection': missing return type; assumed to be a member function returning 'int'	y:\develop\github\backmir\bmclient\Common\GameRenderObject.h	315	1	BackMirClient
Error	8331	error C2061: syntax error : identifier 'PLAYER_STATUS'	y:\develop\github\backmir\bmclient\Common\GameRenderObject.h	316	1	BackMirClient
Error	8332	error C2146: syntax error : missing ';' before identifier 'GetStatus'	y:\develop\github\backmir\bmclient\Common\GameRenderObject.h	326	1	BackMirClient
Error	8333	error C2433: 'GameObject::PLAYER_STATUS' : 'inline' not permitted on data declarations	y:\develop\github\backmir\bmclient\Common\GameRenderObject.h	326	1	BackMirClient
Error	8334	error C4430: missing type specifier - int assumed. Note: C++ does not support default-int	y:\develop\github\backmir\bmclient\Common\GameRenderObject.h	326	1	BackMirClient
Error	8335	error C4430: missing type specifier - int assumed. Note: C++ does not support default-int	y:\develop\github\backmir\bmclient\Common\GameRenderObject.h	327	1	BackMirClient
Warning	8336	warning C4183: 'GetStatus': missing return type; assumed to be a member function returning 'int'	y:\develop\github\backmir\bmclient\Common\GameRenderObject.h	329	1	BackMirClient
Error	8337	error C2146: syntax error : missing ';' before identifier 'GetPreStatus'	y:\develop\github\backmir\bmclient\Common\GameRenderObject.h	330	1	BackMirClient
Error	8338	error C2433: 'GameObject::PLAYER_STATUS' : 'inline' not permitted on data declarations	y:\develop\github\backmir\bmclient\Common\GameRenderObject.h	330	1	BackMirClient
Error	8339	error C4430: missing type specifier - int assumed. Note: C++ does not support default-int	y:\develop\github\backmir\bmclient\Common\GameRenderObject.h	330	1	BackMirClient
Error	8340	error C4430: missing type specifier - int assumed. Note: C++ does not support default-int	y:\develop\github\backmir\bmclient\Common\GameRenderObject.h	331	1	BackMirClient
Warning	8341	warning C4183: 'GetPreStatus': missing return type; assumed to be a member function returning 'int'	y:\develop\github\backmir\bmclient\Common\GameRenderObject.h	333	1	BackMirClient
Error	8342	error C2061: syntax error : identifier 'PLAYER_SEX'	y:\develop\github\backmir\bmclient\Common\GameRenderObject.h	354	1	BackMirClient
Error	8343	error C2146: syntax error : missing ';' before identifier 'GetPlayerSex'	y:\develop\github\backmir\bmclient\Common\GameRenderObject.h	358	1	BackMirClient
Error	8344	error C2433: 'GameObject::PLAYER_SEX' : 'inline' not permitted on data declarations	y:\develop\github\backmir\bmclient\Common\GameRenderObject.h	358	1	BackMirClient
Error	8345	error C4430: missing type specifier - int assumed. Note: C++ does not support default-int	y:\develop\github\backmir\bmclient\Common\GameRenderObject.h	358	1	BackMirClient
Error	8346	error C4430: missing type specifier - int assumed. Note: C++ does not support default-int	y:\develop\github\backmir\bmclient\Common\GameRenderObject.h	359	1	BackMirClient
Warning	8347	warning C4183: 'GetPlayerSex': missing return type; assumed to be a member function returning 'int'	y:\develop\github\backmir\bmclient\Common\GameRenderObject.h	361	1	BackMirClient
Error	8348	error C4430: missing type specifier - int assumed. Note: C++ does not support default-int	y:\develop\github\backmir\bmclient\Common\GameRenderObject.h	503	1	BackMirClient
Error	8349	error C2143: syntax error : missing ',' before '&'	y:\develop\github\backmir\bmclient\Common\GameRenderObject.h	503	1	BackMirClient
Error	8350	error C4430: missing type specifier - int assumed. Note: C++ does not support default-int	y:\develop\github\backmir\bmclient\Common\GameRenderObject.h	504	1	BackMirClient
Error	8351	error C2143: syntax error : missing ',' before '&'	y:\develop\github\backmir\bmclient\Common\GameRenderObject.h	504	1	BackMirClient
Error	8352	error C2535: 'void GameObject::DoPacket(const int)' : member function already defined or declared	y:\develop\github\backmir\bmclient\Common\GameRenderObject.h	504	1	BackMirClient
Error	8353	error C4430: missing type specifier - int assumed. Note: C++ does not support default-int	y:\develop\github\backmir\bmclient\Common\GameRenderObject.h	505	1	BackMirClient
Error	8354	error C2143: syntax error : missing ',' before '&'	y:\develop\github\backmir\bmclient\Common\GameRenderObject.h	505	1	BackMirClient
Error	8355	error C2535: 'void GameObject::DoPacket(const int)' : member function already defined or declared	y:\develop\github\backmir\bmclient\Common\GameRenderObject.h	505	1	BackMirClient
Error	8356	error C2061: syntax error : identifier 'PLAYER_STATUS'	y:\develop\github\backmir\bmclient\Common\GameRenderObject.h	513	1	BackMirClient
Error	8357	error C2146: syntax error : missing ';' before identifier 'm_drt'	y:\develop\github\backmir\bmclient\Common\GameRenderObject.h	554	1	BackMirClient
Error	8358	error C4430: missing type specifier - int assumed. Note: C++ does not support default-int	y:\develop\github\backmir\bmclient\Common\GameRenderObject.h	554	1	BackMirClient
Error	8359	error C2146: syntax error : missing ';' before identifier 'm_sex'	y:\develop\github\backmir\bmclient\Common\GameRenderObject.h	555	1	BackMirClient
Error	8360	error C4430: missing type specifier - int assumed. Note: C++ does not support default-int	y:\develop\github\backmir\bmclient\Common\GameRenderObject.h	555	1	BackMirClient
Error	8361	error C2146: syntax error : missing ';' before identifier 'm_stat'	y:\develop\github\backmir\bmclient\Common\GameRenderObject.h	556	1	BackMirClient
Error	8362	error C4430: missing type specifier - int assumed. Note: C++ does not support default-int	y:\develop\github\backmir\bmclient\Common\GameRenderObject.h	556	1	BackMirClient
Error	8363	error C2146: syntax error : missing ';' before identifier 'm_preStat'	y:\develop\github\backmir\bmclient\Common\GameRenderObject.h	557	1	BackMirClient
Error	8364	error C4430: missing type specifier - int assumed. Note: C++ does not support default-int	y:\develop\github\backmir\bmclient\Common\GameRenderObject.h	557	1	BackMirClient
Error	8365	error C2065: 'm_drt' : undeclared identifier	y:\develop\github\backmir\bmclient\Common\GameRenderObject.h	253	1	BackMirClient
Error	8366	error C2065: 'PDT_DOWN' : undeclared identifier	y:\develop\github\backmir\bmclient\Common\GameRenderObject.h	253	1	BackMirClient
Error	8367	error C2065: 'm_sex' : undeclared identifier	y:\develop\github\backmir\bmclient\Common\GameRenderObject.h	254	1	BackMirClient
Error	8368	error C2065: 'PSX_MAN' : undeclared identifier	y:\develop\github\backmir\bmclient\Common\GameRenderObject.h	254	1	BackMirClient
Error	8369	error C2065: 'm_preStat' : undeclared identifier	y:\develop\github\backmir\bmclient\Common\GameRenderObject.h	255	1	BackMirClient
Error	8370	error C2065: 'm_stat' : undeclared identifier	y:\develop\github\backmir\bmclient\Common\GameRenderObject.h	255	1	BackMirClient
Error	8371	error C2065: 'PST_STAND' : undeclared identifier	y:\develop\github\backmir\bmclient\Common\GameRenderObject.h	255	1	BackMirClient
Error	8372	error C2065: 'm_drt' : undeclared identifier	y:\develop\github\backmir\bmclient\Common\GameRenderObject.h	310	1	BackMirClient
Error	8373	error C2065: '_pd' : undeclared identifier	y:\develop\github\backmir\bmclient\Common\GameRenderObject.h	310	1	BackMirClient
Error	8374	error C2065: 'm_drt' : undeclared identifier	y:\develop\github\backmir\bmclient\Common\GameRenderObject.h	314	1	BackMirClient
Error	8375	error C2065: 'm_stat' : undeclared identifier	y:\develop\github\backmir\bmclient\Common\GameRenderObject.h	318	1	BackMirClient
Error	8376	error C2065: '_ps' : undeclared identifier	y:\develop\github\backmir\bmclient\Common\GameRenderObject.h	318	1	BackMirClient
Error	8377	error C2065: '_ps' : undeclared identifier	y:\develop\github\backmir\bmclient\Common\GameRenderObject.h	320	1	BackMirClient
Error	8378	error C2065: 'PST_STAND' : undeclared identifier	y:\develop\github\backmir\bmclient\Common\GameRenderObject.h	320	1	BackMirClient
Error	8379	error C2065: '_ps' : undeclared identifier	y:\develop\github\backmir\bmclient\Common\GameRenderObject.h	324	1	BackMirClient
Error	8380	error C2065: 'm_stat' : undeclared identifier	y:\develop\github\backmir\bmclient\Common\GameRenderObject.h	328	1	BackMirClient
Error	8381	error C2065: 'm_preStat' : undeclared identifier	y:\develop\github\backmir\bmclient\Common\GameRenderObject.h	332	1	BackMirClient
Error	8382	error C2065: 'm_sex' : undeclared identifier	y:\develop\github\backmir\bmclient\Common\GameRenderObject.h	356	1	BackMirClient
Error	8383	error C2065: '_ps' : undeclared identifier	y:\develop\github\backmir\bmclient\Common\GameRenderObject.h	356	1	BackMirClient
Error	8384	error C2065: 'm_sex' : undeclared identifier	y:\develop\github\backmir\bmclient\Common\GameRenderObject.h	360	1	BackMirClient
Error	8385	error C2065: 'PST_DEAD' : undeclared identifier	y:\develop\github\backmir\bmclient\Common\GameRenderObject.h	429	1	BackMirClient
Error	8386	error C1083: Cannot open include file: 'FastDelegateBind.h': No such file or directory	y:\develop\github\backmir\bmclient\GameDialog\GameCommonDlg.h	9	1	BackMirClient
Warning	8387	warning C4819: The file contains a character that cannot be represented in the current code page (936). Save the file in Unicode format to prevent data loss	y:\develop\github\backmir\bmclient\Common\GlobalDefine.h	1	1	BackMirClient
Error	8388	error C2447: '{' : missing function header (old-style formal list?)	y:\develop\github\backmir\bmclient\Common\GlobalDefine.h	91	1	BackMirClient
Error	8389	error C2447: '{' : missing function header (old-style formal list?)	y:\develop\github\backmir\bmclient\Common\GlobalDefine.h	103	1	BackMirClient
Error	8390	error C2447: '{' : missing function header (old-style formal list?)	y:\develop\github\backmir\bmclient\Common\GlobalDefine.h	128	1	BackMirClient
Error	8391	error C2146: syntax error : missing ';' before identifier 'GetAngle'	y:\develop\github\backmir\bmclient\Common\GlobalFunction.h	26	1	BackMirClient
Error	8392	error C4430: missing type specifier - int assumed. Note: C++ does not support default-int	y:\develop\github\backmir\bmclient\Common\GlobalFunction.h	26	1	BackMirClient
Error	8393	error C4430: missing type specifier - int assumed. Note: C++ does not support default-int	y:\develop\github\backmir\bmclient\net\PacketHandler.h	71	1	BackMirClient
Error	8394	error C2143: syntax error : missing ',' before '&'	y:\develop\github\backmir\bmclient\net\PacketHandler.h	71	1	BackMirClient
Warning	8395	warning C4819: The file contains a character that cannot be represented in the current code page (936). Save the file in Unicode format to prevent data loss	y:\develop\github\backmir\CommonModule\MagicEffectID.h	1	1	BackMirClient
Error	8396	error C2061: syntax error : identifier 'PLAYER_DIRECTION'	y:\develop\github\backmir\bmclient\Common\GameRenderObject.h	308	1	BackMirClient
Error	8397	error C2146: syntax error : missing ';' before identifier 'GetDirection'	y:\develop\github\backmir\bmclient\Common\GameRenderObject.h	312	1	BackMirClient
Error	8398	error C2433: 'GameObject::PLAYER_DIRECTION' : 'inline' not permitted on data declarations	y:\develop\github\backmir\bmclient\Common\GameRenderObject.h	312	1	BackMirClient
Error	8399	error C4430: missing type specifier - int assumed. Note: C++ does not support default-int	y:\develop\github\backmir\bmclient\Common\GameRenderObject.h	312	1	BackMirClient
Error	8400	error C4430: missing type specifier - int assumed. Note: C++ does not support default-int	y:\develop\github\backmir\bmclient\Common\GameRenderObject.h	313	1	BackMirClient
Warning	8401	warning C4183: 'GetDirection': missing return type; assumed to be a member function returning 'int'	y:\develop\github\backmir\bmclient\Common\GameRenderObject.h	315	1	BackMirClient
Error	8402	error C2061: syntax error : identifier 'PLAYER_STATUS'	y:\develop\github\backmir\bmclient\Common\GameRenderObject.h	316	1	BackMirClient
Error	8403	error C2146: syntax error : missing ';' before identifier 'GetStatus'	y:\develop\github\backmir\bmclient\Common\GameRenderObject.h	326	1	BackMirClient
Error	8404	error C2433: 'GameObject::PLAYER_STATUS' : 'inline' not permitted on data declarations	y:\develop\github\backmir\bmclient\Common\GameRenderObject.h	326	1	BackMirClient
Error	8405	error C4430: missing type specifier - int assumed. Note: C++ does not support default-int	y:\develop\github\backmir\bmclient\Common\GameRenderObject.h	326	1	BackMirClient
Error	8406	error C4430: missing type specifier - int assumed. Note: C++ does not support default-int	y:\develop\github\backmir\bmclient\Common\GameRenderObject.h	327	1	BackMirClient
Warning	8407	warning C4183: 'GetStatus': missing return type; assumed to be a member function returning 'int'	y:\develop\github\backmir\bmclient\Common\GameRenderObject.h	329	1	BackMirClient
Error	8408	error C2146: syntax error : missing ';' before identifier 'GetPreStatus'	y:\develop\github\backmir\bmclient\Common\GameRenderObject.h	330	1	BackMirClient
Error	8409	error C2433: 'GameObject::PLAYER_STATUS' : 'inline' not permitted on data declarations	y:\develop\github\backmir\bmclient\Common\GameRenderObject.h	330	1	BackMirClient
Error	8410	error C4430: missing type specifier - int assumed. Note: C++ does not support default-int	y:\develop\github\backmir\bmclient\Common\GameRenderObject.h	330	1	BackMirClient
Error	8411	error C4430: missing type specifier - int assumed. Note: C++ does not support default-int	y:\develop\github\backmir\bmclient\Common\GameRenderObject.h	331	1	BackMirClient
Warning	8412	warning C4183: 'GetPreStatus': missing return type; assumed to be a member function returning 'int'	y:\develop\github\backmir\bmclient\Common\GameRenderObject.h	333	1	BackMirClient
Error	8413	error C2061: syntax error : identifier 'PLAYER_SEX'	y:\develop\github\backmir\bmclient\Common\GameRenderObject.h	354	1	BackMirClient
Error	8414	error C2146: syntax error : missing ';' before identifier 'GetPlayerSex'	y:\develop\github\backmir\bmclient\Common\GameRenderObject.h	358	1	BackMirClient
Error	8415	error C2433: 'GameObject::PLAYER_SEX' : 'inline' not permitted on data declarations	y:\develop\github\backmir\bmclient\Common\GameRenderObject.h	358	1	BackMirClient
Error	8416	error C4430: missing type specifier - int assumed. Note: C++ does not support default-int	y:\develop\github\backmir\bmclient\Common\GameRenderObject.h	358	1	BackMirClient
Error	8417	error C4430: missing type specifier - int assumed. Note: C++ does not support default-int	y:\develop\github\backmir\bmclient\Common\GameRenderObject.h	359	1	BackMirClient
Warning	8418	warning C4183: 'GetPlayerSex': missing return type; assumed to be a member function returning 'int'	y:\develop\github\backmir\bmclient\Common\GameRenderObject.h	361	1	BackMirClient
Error	8419	error C4430: missing type specifier - int assumed. Note: C++ does not support default-int	y:\develop\github\backmir\bmclient\Common\GameRenderObject.h	503	1	BackMirClient
Error	8420	error C2143: syntax error : missing ',' before '&'	y:\develop\github\backmir\bmclient\Common\GameRenderObject.h	503	1	BackMirClient
Error	8421	error C4430: missing type specifier - int assumed. Note: C++ does not support default-int	y:\develop\github\backmir\bmclient\Common\GameRenderObject.h	504	1	BackMirClient
Error	8422	error C2143: syntax error : missing ',' before '&'	y:\develop\github\backmir\bmclient\Common\GameRenderObject.h	504	1	BackMirClient
Error	8423	error C2535: 'void GameObject::DoPacket(const int)' : member function already defined or declared	y:\develop\github\backmir\bmclient\Common\GameRenderObject.h	504	1	BackMirClient
Error	8424	error C4430: missing type specifier - int assumed. Note: C++ does not support default-int	y:\develop\github\backmir\bmclient\Common\GameRenderObject.h	505	1	BackMirClient
Error	8425	error C2143: syntax error : missing ',' before '&'	y:\develop\github\backmir\bmclient\Common\GameRenderObject.h	505	1	BackMirClient
Error	8426	error C2535: 'void GameObject::DoPacket(const int)' : member function already defined or declared	y:\develop\github\backmir\bmclient\Common\GameRenderObject.h	505	1	BackMirClient
Error	8427	error C2061: syntax error : identifier 'PLAYER_STATUS'	y:\develop\github\backmir\bmclient\Common\GameRenderObject.h	513	1	BackMirClient
Error	8428	error C2146: syntax error : missing ';' before identifier 'm_drt'	y:\develop\github\backmir\bmclient\Common\GameRenderObject.h	554	1	BackMirClient
Error	8429	error C4430: missing type specifier - int assumed. Note: C++ does not support default-int	y:\develop\github\backmir\bmclient\Common\GameRenderObject.h	554	1	BackMirClient
Error	8430	error C2146: syntax error : missing ';' before identifier 'm_sex'	y:\develop\github\backmir\bmclient\Common\GameRenderObject.h	555	1	BackMirClient
Error	8431	error C4430: missing type specifier - int assumed. Note: C++ does not support default-int	y:\develop\github\backmir\bmclient\Common\GameRenderObject.h	555	1	BackMirClient
Error	8432	error C2146: syntax error : missing ';' before identifier 'm_stat'	y:\develop\github\backmir\bmclient\Common\GameRenderObject.h	556	1	BackMirClient
Error	8433	error C4430: missing type specifier - int assumed. Note: C++ does not support default-int	y:\develop\github\backmir\bmclient\Common\GameRenderObject.h	556	1	BackMirClient
Error	8434	error C2146: syntax error : missing ';' before identifier 'm_preStat'	y:\develop\github\backmir\bmclient\Common\GameRenderObject.h	557	1	BackMirClient
Error	8435	error C4430: missing type specifier - int assumed. Note: C++ does not support default-int	y:\develop\github\backmir\bmclient\Common\GameRenderObject.h	557	1	BackMirClient
Error	8436	error C2065: 'm_drt' : undeclared identifier	y:\develop\github\backmir\bmclient\Common\GameRenderObject.h	253	1	BackMirClient
Error	8437	error C2065: 'PDT_DOWN' : undeclared identifier	y:\develop\github\backmir\bmclient\Common\GameRenderObject.h	253	1	BackMirClient
Error	8438	error C2065: 'm_sex' : undeclared identifier	y:\develop\github\backmir\bmclient\Common\GameRenderObject.h	254	1	BackMirClient
Error	8439	error C2065: 'PSX_MAN' : undeclared identifier	y:\develop\github\backmir\bmclient\Common\GameRenderObject.h	254	1	BackMirClient
Error	8440	error C2065: 'm_preStat' : undeclared identifier	y:\develop\github\backmir\bmclient\Common\GameRenderObject.h	255	1	BackMirClient
Error	8441	error C2065: 'm_stat' : undeclared identifier	y:\develop\github\backmir\bmclient\Common\GameRenderObject.h	255	1	BackMirClient
Error	8442	error C2065: 'PST_STAND' : undeclared identifier	y:\develop\github\backmir\bmclient\Common\GameRenderObject.h	255	1	BackMirClient
Error	8443	error C2065: 'm_drt' : undeclared identifier	y:\develop\github\backmir\bmclient\Common\GameRenderObject.h	310	1	BackMirClient
Error	8444	error C2065: '_pd' : undeclared identifier	y:\develop\github\backmir\bmclient\Common\GameRenderObject.h	310	1	BackMirClient
Error	8445	error C2065: 'm_drt' : undeclared identifier	y:\develop\github\backmir\bmclient\Common\GameRenderObject.h	314	1	BackMirClient
Error	8446	error C2065: 'm_stat' : undeclared identifier	y:\develop\github\backmir\bmclient\Common\GameRenderObject.h	318	1	BackMirClient
Error	8447	error C2065: '_ps' : undeclared identifier	y:\develop\github\backmir\bmclient\Common\GameRenderObject.h	318	1	BackMirClient
Error	8448	error C2065: '_ps' : undeclared identifier	y:\develop\github\backmir\bmclient\Common\GameRenderObject.h	320	1	BackMirClient
Error	8449	error C2065: 'PST_STAND' : undeclared identifier	y:\develop\github\backmir\bmclient\Common\GameRenderObject.h	320	1	BackMirClient
Error	8450	error C2065: '_ps' : undeclared identifier	y:\develop\github\backmir\bmclient\Common\GameRenderObject.h	324	1	BackMirClient
Error	8451	error C2065: 'm_stat' : undeclared identifier	y:\develop\github\backmir\bmclient\Common\GameRenderObject.h	328	1	BackMirClient
Error	8452	error C2065: 'm_preStat' : undeclared identifier	y:\develop\github\backmir\bmclient\Common\GameRenderObject.h	332	1	BackMirClient
Error	8453	error C2065: 'm_sex' : undeclared identifier	y:\develop\github\backmir\bmclient\Common\GameRenderObject.h	356	1	BackMirClient
Error	8454	error C2065: '_ps' : undeclared identifier	y:\develop\github\backmir\bmclient\Common\GameRenderObject.h	356	1	BackMirClient
Error	8455	error C2065: 'm_sex' : undeclared identifier	y:\develop\github\backmir\bmclient\Common\GameRenderObject.h	360	1	BackMirClient
Error	8456	error C2065: 'PST_DEAD' : undeclared identifier	y:\develop\github\backmir\bmclient\Common\GameRenderObject.h	429	1	BackMirClient
Error	8457	error C2065: 'REQ_ERR_LEVEL' : undeclared identifier	Y:\develop\github\backmir\BMClient\GameDialog\GameInfoBoardDlg.cpp	177	1	BackMirClient
Error	8458	error C2051: case expression not constant	Y:\develop\github\backmir\BMClient\GameDialog\GameInfoBoardDlg.cpp	177	1	BackMirClient
Error	8459	error C2065: 'REQ_ERR_DC' : undeclared identifier	Y:\develop\github\backmir\BMClient\GameDialog\GameInfoBoardDlg.cpp	181	1	BackMirClient
Error	8460	error C2051: case expression not constant	Y:\develop\github\backmir\BMClient\GameDialog\GameInfoBoardDlg.cpp	181	1	BackMirClient
Error	8461	error C2065: 'REQ_ERR_MC' : undeclared identifier	Y:\develop\github\backmir\BMClient\GameDialog\GameInfoBoardDlg.cpp	185	1	BackMirClient
Error	8462	error C2051: case expression not constant	Y:\develop\github\backmir\BMClient\GameDialog\GameInfoBoardDlg.cpp	185	1	BackMirClient
Error	8463	error C2065: 'REQ_ERR_SC' : undeclared identifier	Y:\develop\github\backmir\BMClient\GameDialog\GameInfoBoardDlg.cpp	189	1	BackMirClient
Error	8464	error C2051: case expression not constant	Y:\develop\github\backmir\BMClient\GameDialog\GameInfoBoardDlg.cpp	189	1	BackMirClient
Error	8465	error C2065: 'REQ_ERR_SEX' : undeclared identifier	Y:\develop\github\backmir\BMClient\GameDialog\GameInfoBoardDlg.cpp	193	1	BackMirClient
Error	8466	error C2051: case expression not constant	Y:\develop\github\backmir\BMClient\GameDialog\GameInfoBoardDlg.cpp	193	1	BackMirClient
Warning	8467	warning C4065: switch statement contains 'default' but no 'case' labels	Y:\develop\github\backmir\BMClient\GameDialog\GameInfoBoardDlg.cpp	201	1	BackMirClient
Error	8468	error C2065: 'ITEM_NO' : undeclared identifier	Y:\develop\github\backmir\BMClient\GameDialog\GameInfoBoardDlg.cpp	206	1	BackMirClient
Warning	8469	warning C4819: The file contains a character that cannot be represented in the current code page (936). Save the file in Unicode format to prevent data loss	y:\develop\github\backmir\bmclient\Common\GlobalDefine.h	1	1	BackMirClient
Error	8470	error C2447: '{' : missing function header (old-style formal list?)	y:\develop\github\backmir\bmclient\Common\GlobalDefine.h	91	1	BackMirClient
Error	8471	error C2447: '{' : missing function header (old-style formal list?)	y:\develop\github\backmir\bmclient\Common\GlobalDefine.h	103	1	BackMirClient
Error	8472	error C2447: '{' : missing function header (old-style formal list?)	y:\develop\github\backmir\bmclient\Common\GlobalDefine.h	128	1	BackMirClient
Error	8473	error C2146: syntax error : missing ';' before identifier 'GetAngle'	y:\develop\github\backmir\bmclient\Common\GlobalFunction.h	26	1	BackMirClient
Error	8474	error C4430: missing type specifier - int assumed. Note: C++ does not support default-int	y:\develop\github\backmir\bmclient\Common\GlobalFunction.h	26	1	BackMirClient
Error	8475	error C4430: missing type specifier - int assumed. Note: C++ does not support default-int	y:\develop\github\backmir\bmclient\net\PacketHandler.h	71	1	BackMirClient
Error	8476	error C2143: syntax error : missing ',' before '&'	y:\develop\github\backmir\bmclient\net\PacketHandler.h	71	1	BackMirClient
Warning	8477	warning C4819: The file contains a character that cannot be represented in the current code page (936). Save the file in Unicode format to prevent data loss	y:\develop\github\backmir\CommonModule\MagicEffectID.h	1	1	BackMirClient
Error	8478	error C2061: syntax error : identifier 'PLAYER_DIRECTION'	y:\develop\github\backmir\bmclient\Common\GameRenderObject.h	308	1	BackMirClient
Error	8479	error C2146: syntax error : missing ';' before identifier 'GetDirection'	y:\develop\github\backmir\bmclient\Common\GameRenderObject.h	312	1	BackMirClient
Error	8480	error C2433: 'GameObject::PLAYER_DIRECTION' : 'inline' not permitted on data declarations	y:\develop\github\backmir\bmclient\Common\GameRenderObject.h	312	1	BackMirClient
Error	8481	error C4430: missing type specifier - int assumed. Note: C++ does not support default-int	y:\develop\github\backmir\bmclient\Common\GameRenderObject.h	312	1	BackMirClient
Error	8482	error C4430: missing type specifier - int assumed. Note: C++ does not support default-int	y:\develop\github\backmir\bmclient\Common\GameRenderObject.h	313	1	BackMirClient
Warning	8483	warning C4183: 'GetDirection': missing return type; assumed to be a member function returning 'int'	y:\develop\github\backmir\bmclient\Common\GameRenderObject.h	315	1	BackMirClient
Error	8484	error C2061: syntax error : identifier 'PLAYER_STATUS'	y:\develop\github\backmir\bmclient\Common\GameRenderObject.h	316	1	BackMirClient
Error	8485	error C2146: syntax error : missing ';' before identifier 'GetStatus'	y:\develop\github\backmir\bmclient\Common\GameRenderObject.h	326	1	BackMirClient
Error	8486	error C2433: 'GameObject::PLAYER_STATUS' : 'inline' not permitted on data declarations	y:\develop\github\backmir\bmclient\Common\GameRenderObject.h	326	1	BackMirClient
Error	8487	error C4430: missing type specifier - int assumed. Note: C++ does not support default-int	y:\develop\github\backmir\bmclient\Common\GameRenderObject.h	326	1	BackMirClient
Error	8488	error C4430: missing type specifier - int assumed. Note: C++ does not support default-int	y:\develop\github\backmir\bmclient\Common\GameRenderObject.h	327	1	BackMirClient
Warning	8489	warning C4183: 'GetStatus': missing return type; assumed to be a member function returning 'int'	y:\develop\github\backmir\bmclient\Common\GameRenderObject.h	329	1	BackMirClient
Error	8490	error C2146: syntax error : missing ';' before identifier 'GetPreStatus'	y:\develop\github\backmir\bmclient\Common\GameRenderObject.h	330	1	BackMirClient
Error	8491	error C2433: 'GameObject::PLAYER_STATUS' : 'inline' not permitted on data declarations	y:\develop\github\backmir\bmclient\Common\GameRenderObject.h	330	1	BackMirClient
Error	8492	error C4430: missing type specifier - int assumed. Note: C++ does not support default-int	y:\develop\github\backmir\bmclient\Common\GameRenderObject.h	330	1	BackMirClient
Error	8493	error C4430: missing type specifier - int assumed. Note: C++ does not support default-int	y:\develop\github\backmir\bmclient\Common\GameRenderObject.h	331	1	BackMirClient
Warning	8494	warning C4183: 'GetPreStatus': missing return type; assumed to be a member function returning 'int'	y:\develop\github\backmir\bmclient\Common\GameRenderObject.h	333	1	BackMirClient
Error	8495	error C2061: syntax error : identifier 'PLAYER_SEX'	y:\develop\github\backmir\bmclient\Common\GameRenderObject.h	354	1	BackMirClient
Error	8496	error C2146: syntax error : missing ';' before identifier 'GetPlayerSex'	y:\develop\github\backmir\bmclient\Common\GameRenderObject.h	358	1	BackMirClient
Error	8497	error C2433: 'GameObject::PLAYER_SEX' : 'inline' not permitted on data declarations	y:\develop\github\backmir\bmclient\Common\GameRenderObject.h	358	1	BackMirClient
Error	8498	error C4430: missing type specifier - int assumed. Note: C++ does not support default-int	y:\develop\github\backmir\bmclient\Common\GameRenderObject.h	358	1	BackMirClient
Error	8499	error C4430: missing type specifier - int assumed. Note: C++ does not support default-int	y:\develop\github\backmir\bmclient\Common\GameRenderObject.h	359	1	BackMirClient
Warning	8500	warning C4183: 'GetPlayerSex': missing return type; assumed to be a member function returning 'int'	y:\develop\github\backmir\bmclient\Common\GameRenderObject.h	361	1	BackMirClient
Error	8501	error C4430: missing type specifier - int assumed. Note: C++ does not support default-int	y:\develop\github\backmir\bmclient\Common\GameRenderObject.h	503	1	BackMirClient
Error	8502	error C2143: syntax error : missing ',' before '&'	y:\develop\github\backmir\bmclient\Common\GameRenderObject.h	503	1	BackMirClient
Error	8503	error C4430: missing type specifier - int assumed. Note: C++ does not support default-int	y:\develop\github\backmir\bmclient\Common\GameRenderObject.h	504	1	BackMirClient
Error	8504	error C2143: syntax error : missing ',' before '&'	y:\develop\github\backmir\bmclient\Common\GameRenderObject.h	504	1	BackMirClient
Error	8505	error C2535: 'void GameObject::DoPacket(const int)' : member function already defined or declared	y:\develop\github\backmir\bmclient\Common\GameRenderObject.h	504	1	BackMirClient
Error	8506	error C4430: missing type specifier - int assumed. Note: C++ does not support default-int	y:\develop\github\backmir\bmclient\Common\GameRenderObject.h	505	1	BackMirClient
Error	8507	error C2143: syntax error : missing ',' before '&'	y:\develop\github\backmir\bmclient\Common\GameRenderObject.h	505	1	BackMirClient
Error	8508	error C2535: 'void GameObject::DoPacket(const int)' : member function already defined or declared	y:\develop\github\backmir\bmclient\Common\GameRenderObject.h	505	1	BackMirClient
Error	8509	error C2061: syntax error : identifier 'PLAYER_STATUS'	y:\develop\github\backmir\bmclient\Common\GameRenderObject.h	513	1	BackMirClient
Error	8510	error C2146: syntax error : missing ';' before identifier 'm_drt'	y:\develop\github\backmir\bmclient\Common\GameRenderObject.h	554	1	BackMirClient
Error	8511	error C4430: missing type specifier - int assumed. Note: C++ does not support default-int	y:\develop\github\backmir\bmclient\Common\GameRenderObject.h	554	1	BackMirClient
Error	8512	error C2146: syntax error : missing ';' before identifier 'm_sex'	y:\develop\github\backmir\bmclient\Common\GameRenderObject.h	555	1	BackMirClient
Error	8513	error C4430: missing type specifier - int assumed. Note: C++ does not support default-int	y:\develop\github\backmir\bmclient\Common\GameRenderObject.h	555	1	BackMirClient
Error	8514	error C2146: syntax error : missing ';' before identifier 'm_stat'	y:\develop\github\backmir\bmclient\Common\GameRenderObject.h	556	1	BackMirClient
Error	8515	error C4430: missing type specifier - int assumed. Note: C++ does not support default-int	y:\develop\github\backmir\bmclient\Common\GameRenderObject.h	556	1	BackMirClient
Error	8516	error C2146: syntax error : missing ';' before identifier 'm_preStat'	y:\develop\github\backmir\bmclient\Common\GameRenderObject.h	557	1	BackMirClient
Error	8517	error C4430: missing type specifier - int assumed. Note: C++ does not support default-int	y:\develop\github\backmir\bmclient\Common\GameRenderObject.h	557	1	BackMirClient
Error	8518	error C2065: 'm_drt' : undeclared identifier	y:\develop\github\backmir\bmclient\Common\GameRenderObject.h	253	1	BackMirClient
Error	8519	error C2065: 'PDT_DOWN' : undeclared identifier	y:\develop\github\backmir\bmclient\Common\GameRenderObject.h	253	1	BackMirClient
Error	8520	error C2065: 'm_sex' : undeclared identifier	y:\develop\github\backmir\bmclient\Common\GameRenderObject.h	254	1	BackMirClient
Error	8521	error C2065: 'PSX_MAN' : undeclared identifier	y:\develop\github\backmir\bmclient\Common\GameRenderObject.h	254	1	BackMirClient
Error	8522	error C2065: 'm_preStat' : undeclared identifier	y:\develop\github\backmir\bmclient\Common\GameRenderObject.h	255	1	BackMirClient
Error	8523	error C2065: 'm_stat' : undeclared identifier	y:\develop\github\backmir\bmclient\Common\GameRenderObject.h	255	1	BackMirClient
Error	8524	error C2065: 'PST_STAND' : undeclared identifier	y:\develop\github\backmir\bmclient\Common\GameRenderObject.h	255	1	BackMirClient
Error	8525	error C2065: 'm_drt' : undeclared identifier	y:\develop\github\backmir\bmclient\Common\GameRenderObject.h	310	1	BackMirClient
Error	8526	error C2065: '_pd' : undeclared identifier	y:\develop\github\backmir\bmclient\Common\GameRenderObject.h	310	1	BackMirClient
Error	8527	error C2065: 'm_drt' : undeclared identifier	y:\develop\github\backmir\bmclient\Common\GameRenderObject.h	314	1	BackMirClient
Error	8528	error C2065: 'm_stat' : undeclared identifier	y:\develop\github\backmir\bmclient\Common\GameRenderObject.h	318	1	BackMirClient
Error	8529	error C2065: '_ps' : undeclared identifier	y:\develop\github\backmir\bmclient\Common\GameRenderObject.h	318	1	BackMirClient
Error	8530	error C2065: '_ps' : undeclared identifier	y:\develop\github\backmir\bmclient\Common\GameRenderObject.h	320	1	BackMirClient
Error	8531	error C2065: 'PST_STAND' : undeclared identifier	y:\develop\github\backmir\bmclient\Common\GameRenderObject.h	320	1	BackMirClient
Error	8532	error C2065: '_ps' : undeclared identifier	y:\develop\github\backmir\bmclient\Common\GameRenderObject.h	324	1	BackMirClient
Error	8533	error C2065: 'm_stat' : undeclared identifier	y:\develop\github\backmir\bmclient\Common\GameRenderObject.h	328	1	BackMirClient
Error	8534	error C2065: 'm_preStat' : undeclared identifier	y:\develop\github\backmir\bmclient\Common\GameRenderObject.h	332	1	BackMirClient
Error	8535	error C2065: 'm_sex' : undeclared identifier	y:\develop\github\backmir\bmclient\Common\GameRenderObject.h	356	1	BackMirClient
Error	8536	error C2065: '_ps' : undeclared identifier	y:\develop\github\backmir\bmclient\Common\GameRenderObject.h	356	1	BackMirClient
Error	8537	error C2065: 'm_sex' : undeclared identifier	y:\develop\github\backmir\bmclient\Common\GameRenderObject.h	360	1	BackMirClient
Error	8538	error C2065: 'PST_DEAD' : undeclared identifier	y:\develop\github\backmir\bmclient\Common\GameRenderObject.h	429	1	BackMirClient
Error	8539	error C1083: Cannot open include file: 'FastDelegateBind.h': No such file or directory	y:\develop\github\backmir\bmclient\GameDialog\GameCommonDlg.h	9	1	BackMirClient
Warning	8540	warning C4819: The file contains a character that cannot be represented in the current code page (936). Save the file in Unicode format to prevent data loss	y:\develop\github\backmir\bmclient\Common\GlobalDefine.h	1	1	BackMirClient
Error	8541	error C2447: '{' : missing function header (old-style formal list?)	y:\develop\github\backmir\bmclient\Common\GlobalDefine.h	91	1	BackMirClient
Error	8542	error C2447: '{' : missing function header (old-style formal list?)	y:\develop\github\backmir\bmclient\Common\GlobalDefine.h	103	1	BackMirClient
Error	8543	error C2447: '{' : missing function header (old-style formal list?)	y:\develop\github\backmir\bmclient\Common\GlobalDefine.h	128	1	BackMirClient
Error	8544	error C2146: syntax error : missing ';' before identifier 'GetAngle'	y:\develop\github\backmir\bmclient\Common\GlobalFunction.h	26	1	BackMirClient
Error	8545	error C4430: missing type specifier - int assumed. Note: C++ does not support default-int	y:\develop\github\backmir\bmclient\Common\GlobalFunction.h	26	1	BackMirClient
Error	8546	error C4430: missing type specifier - int assumed. Note: C++ does not support default-int	y:\develop\github\backmir\bmclient\net\PacketHandler.h	71	1	BackMirClient
Error	8547	error C2143: syntax error : missing ',' before '&'	y:\develop\github\backmir\bmclient\net\PacketHandler.h	71	1	BackMirClient
Warning	8548	warning C4819: The file contains a character that cannot be represented in the current code page (936). Save the file in Unicode format to prevent data loss	y:\develop\github\backmir\CommonModule\MagicEffectID.h	1	1	BackMirClient
Error	8549	error C2061: syntax error : identifier 'PLAYER_DIRECTION'	y:\develop\github\backmir\bmclient\Common\GameRenderObject.h	308	1	BackMirClient
Error	8550	error C2146: syntax error : missing ';' before identifier 'GetDirection'	y:\develop\github\backmir\bmclient\Common\GameRenderObject.h	312	1	BackMirClient
Error	8551	error C2433: 'GameObject::PLAYER_DIRECTION' : 'inline' not permitted on data declarations	y:\develop\github\backmir\bmclient\Common\GameRenderObject.h	312	1	BackMirClient
Error	8552	error C4430: missing type specifier - int assumed. Note: C++ does not support default-int	y:\develop\github\backmir\bmclient\Common\GameRenderObject.h	312	1	BackMirClient
Error	8553	error C4430: missing type specifier - int assumed. Note: C++ does not support default-int	y:\develop\github\backmir\bmclient\Common\GameRenderObject.h	313	1	BackMirClient
Warning	8554	warning C4183: 'GetDirection': missing return type; assumed to be a member function returning 'int'	y:\develop\github\backmir\bmclient\Common\GameRenderObject.h	315	1	BackMirClient
Error	8555	error C2061: syntax error : identifier 'PLAYER_STATUS'	y:\develop\github\backmir\bmclient\Common\GameRenderObject.h	316	1	BackMirClient
Error	8556	error C2146: syntax error : missing ';' before identifier 'GetStatus'	y:\develop\github\backmir\bmclient\Common\GameRenderObject.h	326	1	BackMirClient
Error	8557	error C2433: 'GameObject::PLAYER_STATUS' : 'inline' not permitted on data declarations	y:\develop\github\backmir\bmclient\Common\GameRenderObject.h	326	1	BackMirClient
Error	8558	error C4430: missing type specifier - int assumed. Note: C++ does not support default-int	y:\develop\github\backmir\bmclient\Common\GameRenderObject.h	326	1	BackMirClient
Error	8559	error C4430: missing type specifier - int assumed. Note: C++ does not support default-int	y:\develop\github\backmir\bmclient\Common\GameRenderObject.h	327	1	BackMirClient
Warning	8560	warning C4183: 'GetStatus': missing return type; assumed to be a member function returning 'int'	y:\develop\github\backmir\bmclient\Common\GameRenderObject.h	329	1	BackMirClient
Error	8561	error C2146: syntax error : missing ';' before identifier 'GetPreStatus'	y:\develop\github\backmir\bmclient\Common\GameRenderObject.h	330	1	BackMirClient
Error	8562	error C2433: 'GameObject::PLAYER_STATUS' : 'inline' not permitted on data declarations	y:\develop\github\backmir\bmclient\Common\GameRenderObject.h	330	1	BackMirClient
Error	8563	error C4430: missing type specifier - int assumed. Note: C++ does not support default-int	y:\develop\github\backmir\bmclient\Common\GameRenderObject.h	330	1	BackMirClient
Error	8564	error C4430: missing type specifier - int assumed. Note: C++ does not support default-int	y:\develop\github\backmir\bmclient\Common\GameRenderObject.h	331	1	BackMirClient
Warning	8565	warning C4183: 'GetPreStatus': missing return type; assumed to be a member function returning 'int'	y:\develop\github\backmir\bmclient\Common\GameRenderObject.h	333	1	BackMirClient
Error	8566	error C2061: syntax error : identifier 'PLAYER_SEX'	y:\develop\github\backmir\bmclient\Common\GameRenderObject.h	354	1	BackMirClient
Error	8567	error C2146: syntax error : missing ';' before identifier 'GetPlayerSex'	y:\develop\github\backmir\bmclient\Common\GameRenderObject.h	358	1	BackMirClient
Error	8568	error C2433: 'GameObject::PLAYER_SEX' : 'inline' not permitted on data declarations	y:\develop\github\backmir\bmclient\Common\GameRenderObject.h	358	1	BackMirClient
Error	8569	error C4430: missing type specifier - int assumed. Note: C++ does not support default-int	y:\develop\github\backmir\bmclient\Common\GameRenderObject.h	358	1	BackMirClient
Error	8570	error C4430: missing type specifier - int assumed. Note: C++ does not support default-int	y:\develop\github\backmir\bmclient\Common\GameRenderObject.h	359	1	BackMirClient
Warning	8571	warning C4183: 'GetPlayerSex': missing return type; assumed to be a member function returning 'int'	y:\develop\github\backmir\bmclient\Common\GameRenderObject.h	361	1	BackMirClient
Error	8572	error C4430: missing type specifier - int assumed. Note: C++ does not support default-int	y:\develop\github\backmir\bmclient\Common\GameRenderObject.h	503	1	BackMirClient
Error	8573	error C2143: syntax error : missing ',' before '&'	y:\develop\github\backmir\bmclient\Common\GameRenderObject.h	503	1	BackMirClient
Error	8574	error C4430: missing type specifier - int assumed. Note: C++ does not support default-int	y:\develop\github\backmir\bmclient\Common\GameRenderObject.h	504	1	BackMirClient
Error	8575	error C2143: syntax error : missing ',' before '&'	y:\develop\github\backmir\bmclient\Common\GameRenderObject.h	504	1	BackMirClient
Error	8576	error C2535: 'void GameObject::DoPacket(const int)' : member function already defined or declared	y:\develop\github\backmir\bmclient\Common\GameRenderObject.h	504	1	BackMirClient
Error	8577	error C4430: missing type specifier - int assumed. Note: C++ does not support default-int	y:\develop\github\backmir\bmclient\Common\GameRenderObject.h	505	1	BackMirClient
Error	8578	error C2143: syntax error : missing ',' before '&'	y:\develop\github\backmir\bmclient\Common\GameRenderObject.h	505	1	BackMirClient
Error	8579	error C2535: 'void GameObject::DoPacket(const int)' : member function already defined or declared	y:\develop\github\backmir\bmclient\Common\GameRenderObject.h	505	1	BackMirClient
Error	8580	error C2061: syntax error : identifier 'PLAYER_STATUS'	y:\develop\github\backmir\bmclient\Common\GameRenderObject.h	513	1	BackMirClient
Error	8581	error C2146: syntax error : missing ';' before identifier 'm_drt'	y:\develop\github\backmir\bmclient\Common\GameRenderObject.h	554	1	BackMirClient
Error	8582	error C4430: missing type specifier - int assumed. Note: C++ does not support default-int	y:\develop\github\backmir\bmclient\Common\GameRenderObject.h	554	1	BackMirClient
Error	8583	error C2146: syntax error : missing ';' before identifier 'm_sex'	y:\develop\github\backmir\bmclient\Common\GameRenderObject.h	555	1	BackMirClient
Error	8584	error C4430: missing type specifier - int assumed. Note: C++ does not support default-int	y:\develop\github\backmir\bmclient\Common\GameRenderObject.h	555	1	BackMirClient
Error	8585	error C2146: syntax error : missing ';' before identifier 'm_stat'	y:\develop\github\backmir\bmclient\Common\GameRenderObject.h	556	1	BackMirClient
Error	8586	error C4430: missing type specifier - int assumed. Note: C++ does not support default-int	y:\develop\github\backmir\bmclient\Common\GameRenderObject.h	556	1	BackMirClient
Error	8587	error C2146: syntax error : missing ';' before identifier 'm_preStat'	y:\develop\github\backmir\bmclient\Common\GameRenderObject.h	557	1	BackMirClient
Error	8588	error C4430: missing type specifier - int assumed. Note: C++ does not support default-int	y:\develop\github\backmir\bmclient\Common\GameRenderObject.h	557	1	BackMirClient
Error	8589	error C2065: 'm_drt' : undeclared identifier	y:\develop\github\backmir\bmclient\Common\GameRenderObject.h	253	1	BackMirClient
Error	8590	error C2065: 'PDT_DOWN' : undeclared identifier	y:\develop\github\backmir\bmclient\Common\GameRenderObject.h	253	1	BackMirClient
Error	8591	error C2065: 'm_sex' : undeclared identifier	y:\develop\github\backmir\bmclient\Common\GameRenderObject.h	254	1	BackMirClient
Error	8592	error C2065: 'PSX_MAN' : undeclared identifier	y:\develop\github\backmir\bmclient\Common\GameRenderObject.h	254	1	BackMirClient
Error	8593	error C2065: 'm_preStat' : undeclared identifier	y:\develop\github\backmir\bmclient\Common\GameRenderObject.h	255	1	BackMirClient
Error	8594	error C2065: 'm_stat' : undeclared identifier	y:\develop\github\backmir\bmclient\Common\GameRenderObject.h	255	1	BackMirClient
Error	8595	error C2065: 'PST_STAND' : undeclared identifier	y:\develop\github\backmir\bmclient\Common\GameRenderObject.h	255	1	BackMirClient
Error	8596	error C2065: 'm_drt' : undeclared identifier	y:\develop\github\backmir\bmclient\Common\GameRenderObject.h	310	1	BackMirClient
Error	8597	error C2065: '_pd' : undeclared identifier	y:\develop\github\backmir\bmclient\Common\GameRenderObject.h	310	1	BackMirClient
Error	8598	error C2065: 'm_drt' : undeclared identifier	y:\develop\github\backmir\bmclient\Common\GameRenderObject.h	314	1	BackMirClient
Error	8599	error C2065: 'm_stat' : undeclared identifier	y:\develop\github\backmir\bmclient\Common\GameRenderObject.h	318	1	BackMirClient
Error	8600	error C2065: '_ps' : undeclared identifier	y:\develop\github\backmir\bmclient\Common\GameRenderObject.h	318	1	BackMirClient
Error	8601	error C2065: '_ps' : undeclared identifier	y:\develop\github\backmir\bmclient\Common\GameRenderObject.h	320	1	BackMirClient
Error	8602	error C2065: 'PST_STAND' : undeclared identifier	y:\develop\github\backmir\bmclient\Common\GameRenderObject.h	320	1	BackMirClient
Error	8603	error C2065: '_ps' : undeclared identifier	y:\develop\github\backmir\bmclient\Common\GameRenderObject.h	324	1	BackMirClient
Error	8604	error C2065: 'm_stat' : undeclared identifier	y:\develop\github\backmir\bmclient\Common\GameRenderObject.h	328	1	BackMirClient
Error	8605	error C2065: 'm_preStat' : undeclared identifier	y:\develop\github\backmir\bmclient\Common\GameRenderObject.h	332	1	BackMirClient
Error	8606	error C2065: 'm_sex' : undeclared identifier	y:\develop\github\backmir\bmclient\Common\GameRenderObject.h	356	1	BackMirClient
Error	8607	error C2065: '_ps' : undeclared identifier	y:\develop\github\backmir\bmclient\Common\GameRenderObject.h	356	1	BackMirClient
Error	8608	error C2065: 'm_sex' : undeclared identifier	y:\develop\github\backmir\bmclient\Common\GameRenderObject.h	360	1	BackMirClient
Error	8609	error C2065: 'PST_DEAD' : undeclared identifier	y:\develop\github\backmir\bmclient\Common\GameRenderObject.h	429	1	BackMirClient
Error	8610	error C1083: Cannot open include file: 'FastDelegateBind.h': No such file or directory	y:\develop\github\backmir\bmclient\GameDialog\GameCommonDlg.h	9	1	BackMirClient
Warning	8611	warning C4819: The file contains a character that cannot be represented in the current code page (936). Save the file in Unicode format to prevent data loss	y:\develop\github\backmir\bmclient\Common\GlobalDefine.h	1	1	BackMirClient
Error	8612	error C2447: '{' : missing function header (old-style formal list?)	y:\develop\github\backmir\bmclient\Common\GlobalDefine.h	91	1	BackMirClient
Error	8613	error C2447: '{' : missing function header (old-style formal list?)	y:\develop\github\backmir\bmclient\Common\GlobalDefine.h	103	1	BackMirClient
Error	8614	error C2447: '{' : missing function header (old-style formal list?)	y:\develop\github\backmir\bmclient\Common\GlobalDefine.h	128	1	BackMirClient
Error	8615	error C2146: syntax error : missing ';' before identifier 'GetAngle'	y:\develop\github\backmir\bmclient\Common\GlobalFunction.h	26	1	BackMirClient
Error	8616	error C4430: missing type specifier - int assumed. Note: C++ does not support default-int	y:\develop\github\backmir\bmclient\Common\GlobalFunction.h	26	1	BackMirClient
Error	8617	error C4430: missing type specifier - int assumed. Note: C++ does not support default-int	y:\develop\github\backmir\bmclient\net\PacketHandler.h	71	1	BackMirClient
Error	8618	error C2143: syntax error : missing ',' before '&'	y:\develop\github\backmir\bmclient\net\PacketHandler.h	71	1	BackMirClient
Warning	8619	warning C4819: The file contains a character that cannot be represented in the current code page (936). Save the file in Unicode format to prevent data loss	y:\develop\github\backmir\CommonModule\MagicEffectID.h	1	1	BackMirClient
Error	8620	error C2061: syntax error : identifier 'PLAYER_DIRECTION'	y:\develop\github\backmir\bmclient\Common\GameRenderObject.h	308	1	BackMirClient
Error	8621	error C2146: syntax error : missing ';' before identifier 'GetDirection'	y:\develop\github\backmir\bmclient\Common\GameRenderObject.h	312	1	BackMirClient
Error	8622	error C2433: 'GameObject::PLAYER_DIRECTION' : 'inline' not permitted on data declarations	y:\develop\github\backmir\bmclient\Common\GameRenderObject.h	312	1	BackMirClient
Error	8623	error C4430: missing type specifier - int assumed. Note: C++ does not support default-int	y:\develop\github\backmir\bmclient\Common\GameRenderObject.h	312	1	BackMirClient
Error	8624	error C4430: missing type specifier - int assumed. Note: C++ does not support default-int	y:\develop\github\backmir\bmclient\Common\GameRenderObject.h	313	1	BackMirClient
Warning	8625	warning C4183: 'GetDirection': missing return type; assumed to be a member function returning 'int'	y:\develop\github\backmir\bmclient\Common\GameRenderObject.h	315	1	BackMirClient
Error	8626	error C2061: syntax error : identifier 'PLAYER_STATUS'	y:\develop\github\backmir\bmclient\Common\GameRenderObject.h	316	1	BackMirClient
Error	8627	error C2146: syntax error : missing ';' before identifier 'GetStatus'	y:\develop\github\backmir\bmclient\Common\GameRenderObject.h	326	1	BackMirClient
Error	8628	error C2433: 'GameObject::PLAYER_STATUS' : 'inline' not permitted on data declarations	y:\develop\github\backmir\bmclient\Common\GameRenderObject.h	326	1	BackMirClient
Error	8629	error C4430: missing type specifier - int assumed. Note: C++ does not support default-int	y:\develop\github\backmir\bmclient\Common\GameRenderObject.h	326	1	BackMirClient
Error	8630	error C4430: missing type specifier - int assumed. Note: C++ does not support default-int	y:\develop\github\backmir\bmclient\Common\GameRenderObject.h	327	1	BackMirClient
Warning	8631	warning C4183: 'GetStatus': missing return type; assumed to be a member function returning 'int'	y:\develop\github\backmir\bmclient\Common\GameRenderObject.h	329	1	BackMirClient
Error	8632	error C2146: syntax error : missing ';' before identifier 'GetPreStatus'	y:\develop\github\backmir\bmclient\Common\GameRenderObject.h	330	1	BackMirClient
Error	8633	error C2433: 'GameObject::PLAYER_STATUS' : 'inline' not permitted on data declarations	y:\develop\github\backmir\bmclient\Common\GameRenderObject.h	330	1	BackMirClient
Error	8634	error C4430: missing type specifier - int assumed. Note: C++ does not support default-int	y:\develop\github\backmir\bmclient\Common\GameRenderObject.h	330	1	BackMirClient
Error	8635	error C4430: missing type specifier - int assumed. Note: C++ does not support default-int	y:\develop\github\backmir\bmclient\Common\GameRenderObject.h	331	1	BackMirClient
Warning	8636	warning C4183: 'GetPreStatus': missing return type; assumed to be a member function returning 'int'	y:\develop\github\backmir\bmclient\Common\GameRenderObject.h	333	1	BackMirClient
Error	8637	error C2061: syntax error : identifier 'PLAYER_SEX'	y:\develop\github\backmir\bmclient\Common\GameRenderObject.h	354	1	BackMirClient
Error	8638	error C2146: syntax error : missing ';' before identifier 'GetPlayerSex'	y:\develop\github\backmir\bmclient\Common\GameRenderObject.h	358	1	BackMirClient
Error	8639	error C2433: 'GameObject::PLAYER_SEX' : 'inline' not permitted on data declarations	y:\develop\github\backmir\bmclient\Common\GameRenderObject.h	358	1	BackMirClient
Error	8640	error C4430: missing type specifier - int assumed. Note: C++ does not support default-int	y:\develop\github\backmir\bmclient\Common\GameRenderObject.h	358	1	BackMirClient
Error	8641	error C4430: missing type specifier - int assumed. Note: C++ does not support default-int	y:\develop\github\backmir\bmclient\Common\GameRenderObject.h	359	1	BackMirClient
Warning	8642	warning C4183: 'GetPlayerSex': missing return type; assumed to be a member function returning 'int'	y:\develop\github\backmir\bmclient\Common\GameRenderObject.h	361	1	BackMirClient
Error	8643	error C4430: missing type specifier - int assumed. Note: C++ does not support default-int	y:\develop\github\backmir\bmclient\Common\GameRenderObject.h	503	1	BackMirClient
Error	8644	error C2143: syntax error : missing ',' before '&'	y:\develop\github\backmir\bmclient\Common\GameRenderObject.h	503	1	BackMirClient
Error	8645	error C4430: missing type specifier - int assumed. Note: C++ does not support default-int	y:\develop\github\backmir\bmclient\Common\GameRenderObject.h	504	1	BackMirClient
Error	8646	error C2143: syntax error : missing ',' before '&'	y:\develop\github\backmir\bmclient\Common\GameRenderObject.h	504	1	BackMirClient
Error	8647	error C2535: 'void GameObject::DoPacket(const int)' : member function already defined or declared	y:\develop\github\backmir\bmclient\Common\GameRenderObject.h	504	1	BackMirClient
Error	8648	error C4430: missing type specifier - int assumed. Note: C++ does not support default-int	y:\develop\github\backmir\bmclient\Common\GameRenderObject.h	505	1	BackMirClient
Error	8649	error C2143: syntax error : missing ',' before '&'	y:\develop\github\backmir\bmclient\Common\GameRenderObject.h	505	1	BackMirClient
Error	8650	error C2535: 'void GameObject::DoPacket(const int)' : member function already defined or declared	y:\develop\github\backmir\bmclient\Common\GameRenderObject.h	505	1	BackMirClient
Error	8651	error C2061: syntax error : identifier 'PLAYER_STATUS'	y:\develop\github\backmir\bmclient\Common\GameRenderObject.h	513	1	BackMirClient
Error	8652	error C2146: syntax error : missing ';' before identifier 'm_drt'	y:\develop\github\backmir\bmclient\Common\GameRenderObject.h	554	1	BackMirClient
Error	8653	error C4430: missing type specifier - int assumed. Note: C++ does not support default-int	y:\develop\github\backmir\bmclient\Common\GameRenderObject.h	554	1	BackMirClient
Error	8654	error C2146: syntax error : missing ';' before identifier 'm_sex'	y:\develop\github\backmir\bmclient\Common\GameRenderObject.h	555	1	BackMirClient
Error	8655	error C4430: missing type specifier - int assumed. Note: C++ does not support default-int	y:\develop\github\backmir\bmclient\Common\GameRenderObject.h	555	1	BackMirClient
Error	8656	error C2146: syntax error : missing ';' before identifier 'm_stat'	y:\develop\github\backmir\bmclient\Common\GameRenderObject.h	556	1	BackMirClient
Error	8657	error C4430: missing type specifier - int assumed. Note: C++ does not support default-int	y:\develop\github\backmir\bmclient\Common\GameRenderObject.h	556	1	BackMirClient
Error	8658	error C2146: syntax error : missing ';' before identifier 'm_preStat'	y:\develop\github\backmir\bmclient\Common\GameRenderObject.h	557	1	BackMirClient
Error	8659	error C4430: missing type specifier - int assumed. Note: C++ does not support default-int	y:\develop\github\backmir\bmclient\Common\GameRenderObject.h	557	1	BackMirClient
Error	8660	error C2065: 'm_drt' : undeclared identifier	y:\develop\github\backmir\bmclient\Common\GameRenderObject.h	253	1	BackMirClient
Error	8661	error C2065: 'PDT_DOWN' : undeclared identifier	y:\develop\github\backmir\bmclient\Common\GameRenderObject.h	253	1	BackMirClient
Error	8662	error C2065: 'm_sex' : undeclared identifier	y:\develop\github\backmir\bmclient\Common\GameRenderObject.h	254	1	BackMirClient
Error	8663	error C2065: 'PSX_MAN' : undeclared identifier	y:\develop\github\backmir\bmclient\Common\GameRenderObject.h	254	1	BackMirClient
Error	8664	error C2065: 'm_preStat' : undeclared identifier	y:\develop\github\backmir\bmclient\Common\GameRenderObject.h	255	1	BackMirClient
Error	8665	error C2065: 'm_stat' : undeclared identifier	y:\develop\github\backmir\bmclient\Common\GameRenderObject.h	255	1	BackMirClient
Error	8666	error C2065: 'PST_STAND' : undeclared identifier	y:\develop\github\backmir\bmclient\Common\GameRenderObject.h	255	1	BackMirClient
Error	8667	error C2065: 'm_drt' : undeclared identifier	y:\develop\github\backmir\bmclient\Common\GameRenderObject.h	310	1	BackMirClient
Error	8668	error C2065: '_pd' : undeclared identifier	y:\develop\github\backmir\bmclient\Common\GameRenderObject.h	310	1	BackMirClient
Error	8669	error C2065: 'm_drt' : undeclared identifier	y:\develop\github\backmir\bmclient\Common\GameRenderObject.h	314	1	BackMirClient
Error	8670	error C2065: 'm_stat' : undeclared identifier	y:\develop\github\backmir\bmclient\Common\GameRenderObject.h	318	1	BackMirClient
Error	8671	error C2065: '_ps' : undeclared identifier	y:\develop\github\backmir\bmclient\Common\GameRenderObject.h	318	1	BackMirClient
Error	8672	error C2065: '_ps' : undeclared identifier	y:\develop\github\backmir\bmclient\Common\GameRenderObject.h	320	1	BackMirClient
Error	8673	error C2065: 'PST_STAND' : undeclared identifier	y:\develop\github\backmir\bmclient\Common\GameRenderObject.h	320	1	BackMirClient
Error	8674	error C2065: '_ps' : undeclared identifier	y:\develop\github\backmir\bmclient\Common\GameRenderObject.h	324	1	BackMirClient
Error	8675	error C2065: 'm_stat' : undeclared identifier	y:\develop\github\backmir\bmclient\Common\GameRenderObject.h	328	1	BackMirClient
Error	8676	error C2065: 'm_preStat' : undeclared identifier	y:\develop\github\backmir\bmclient\Common\GameRenderObject.h	332	1	BackMirClient
Error	8677	error C2065: 'm_sex' : undeclared identifier	y:\develop\github\backmir\bmclient\Common\GameRenderObject.h	356	1	BackMirClient
Error	8678	error C2065: '_ps' : undeclared identifier	y:\develop\github\backmir\bmclient\Common\GameRenderObject.h	356	1	BackMirClient
Error	8679	error C2065: 'm_sex' : undeclared identifier	y:\develop\github\backmir\bmclient\Common\GameRenderObject.h	360	1	BackMirClient
Error	8680	error C2065: 'PST_DEAD' : undeclared identifier	y:\develop\github\backmir\bmclient\Common\GameRenderObject.h	429	1	BackMirClient
Error	8681	error C1083: Cannot open include file: 'FastDelegateBind.h': No such file or directory	y:\develop\github\backmir\bmclient\GameDialog\GameCommonDlg.h	9	1	BackMirClient
Warning	8682	warning C4819: The file contains a character that cannot be represented in the current code page (936). Save the file in Unicode format to prevent data loss	y:\develop\github\backmir\bmclient\Common\GlobalDefine.h	1	1	BackMirClient
Error	8683	error C2447: '{' : missing function header (old-style formal list?)	y:\develop\github\backmir\bmclient\Common\GlobalDefine.h	91	1	BackMirClient
Error	8684	error C2447: '{' : missing function header (old-style formal list?)	y:\develop\github\backmir\bmclient\Common\GlobalDefine.h	103	1	BackMirClient
Error	8685	error C2447: '{' : missing function header (old-style formal list?)	y:\develop\github\backmir\bmclient\Common\GlobalDefine.h	128	1	BackMirClient
Error	8686	error C2146: syntax error : missing ';' before identifier 'GetAngle'	y:\develop\github\backmir\bmclient\Common\GlobalFunction.h	26	1	BackMirClient
Error	8687	error C4430: missing type specifier - int assumed. Note: C++ does not support default-int	y:\develop\github\backmir\bmclient\Common\GlobalFunction.h	26	1	BackMirClient
Error	8688	error C4430: missing type specifier - int assumed. Note: C++ does not support default-int	y:\develop\github\backmir\bmclient\net\PacketHandler.h	71	1	BackMirClient
Error	8689	error C2143: syntax error : missing ',' before '&'	y:\develop\github\backmir\bmclient\net\PacketHandler.h	71	1	BackMirClient
Warning	8690	warning C4819: The file contains a character that cannot be represented in the current code page (936). Save the file in Unicode format to prevent data loss	y:\develop\github\backmir\CommonModule\MagicEffectID.h	1	1	BackMirClient
Error	8691	error C2061: syntax error : identifier 'PLAYER_DIRECTION'	y:\develop\github\backmir\bmclient\Common\GameRenderObject.h	308	1	BackMirClient
Error	8692	error C2146: syntax error : missing ';' before identifier 'GetDirection'	y:\develop\github\backmir\bmclient\Common\GameRenderObject.h	312	1	BackMirClient
Error	8693	error C2433: 'GameObject::PLAYER_DIRECTION' : 'inline' not permitted on data declarations	y:\develop\github\backmir\bmclient\Common\GameRenderObject.h	312	1	BackMirClient
Error	8694	error C4430: missing type specifier - int assumed. Note: C++ does not support default-int	y:\develop\github\backmir\bmclient\Common\GameRenderObject.h	312	1	BackMirClient
Error	8695	error C4430: missing type specifier - int assumed. Note: C++ does not support default-int	y:\develop\github\backmir\bmclient\Common\GameRenderObject.h	313	1	BackMirClient
Warning	8696	warning C4183: 'GetDirection': missing return type; assumed to be a member function returning 'int'	y:\develop\github\backmir\bmclient\Common\GameRenderObject.h	315	1	BackMirClient
Error	8697	error C2061: syntax error : identifier 'PLAYER_STATUS'	y:\develop\github\backmir\bmclient\Common\GameRenderObject.h	316	1	BackMirClient
Error	8698	error C2146: syntax error : missing ';' before identifier 'GetStatus'	y:\develop\github\backmir\bmclient\Common\GameRenderObject.h	326	1	BackMirClient
Error	8699	error C2433: 'GameObject::PLAYER_STATUS' : 'inline' not permitted on data declarations	y:\develop\github\backmir\bmclient\Common\GameRenderObject.h	326	1	BackMirClient
Error	8700	error C4430: missing type specifier - int assumed. Note: C++ does not support default-int	y:\develop\github\backmir\bmclient\Common\GameRenderObject.h	326	1	BackMirClient
Error	8701	error C4430: missing type specifier - int assumed. Note: C++ does not support default-int	y:\develop\github\backmir\bmclient\Common\GameRenderObject.h	327	1	BackMirClient
Warning	8702	warning C4183: 'GetStatus': missing return type; assumed to be a member function returning 'int'	y:\develop\github\backmir\bmclient\Common\GameRenderObject.h	329	1	BackMirClient
Error	8703	error C2146: syntax error : missing ';' before identifier 'GetPreStatus'	y:\develop\github\backmir\bmclient\Common\GameRenderObject.h	330	1	BackMirClient
Error	8704	error C2433: 'GameObject::PLAYER_STATUS' : 'inline' not permitted on data declarations	y:\develop\github\backmir\bmclient\Common\GameRenderObject.h	330	1	BackMirClient
Error	8705	error C4430: missing type specifier - int assumed. Note: C++ does not support default-int	y:\develop\github\backmir\bmclient\Common\GameRenderObject.h	330	1	BackMirClient
Error	8706	error C4430: missing type specifier - int assumed. Note: C++ does not support default-int	y:\develop\github\backmir\bmclient\Common\GameRenderObject.h	331	1	BackMirClient
Warning	8707	warning C4183: 'GetPreStatus': missing return type; assumed to be a member function returning 'int'	y:\develop\github\backmir\bmclient\Common\GameRenderObject.h	333	1	BackMirClient
Error	8708	error C2061: syntax error : identifier 'PLAYER_SEX'	y:\develop\github\backmir\bmclient\Common\GameRenderObject.h	354	1	BackMirClient
Error	8709	error C2146: syntax error : missing ';' before identifier 'GetPlayerSex'	y:\develop\github\backmir\bmclient\Common\GameRenderObject.h	358	1	BackMirClient
Error	8710	error C2433: 'GameObject::PLAYER_SEX' : 'inline' not permitted on data declarations	y:\develop\github\backmir\bmclient\Common\GameRenderObject.h	358	1	BackMirClient
Error	8711	error C4430: missing type specifier - int assumed. Note: C++ does not support default-int	y:\develop\github\backmir\bmclient\Common\GameRenderObject.h	358	1	BackMirClient
Error	8712	error C4430: missing type specifier - int assumed. Note: C++ does not support default-int	y:\develop\github\backmir\bmclient\Common\GameRenderObject.h	359	1	BackMirClient
Warning	8713	warning C4183: 'GetPlayerSex': missing return type; assumed to be a member function returning 'int'	y:\develop\github\backmir\bmclient\Common\GameRenderObject.h	361	1	BackMirClient
Error	8714	error C4430: missing type specifier - int assumed. Note: C++ does not support default-int	y:\develop\github\backmir\bmclient\Common\GameRenderObject.h	503	1	BackMirClient
Error	8715	error C2143: syntax error : missing ',' before '&'	y:\develop\github\backmir\bmclient\Common\GameRenderObject.h	503	1	BackMirClient
Error	8716	error C4430: missing type specifier - int assumed. Note: C++ does not support default-int	y:\develop\github\backmir\bmclient\Common\GameRenderObject.h	504	1	BackMirClient
Error	8717	error C2143: syntax error : missing ',' before '&'	y:\develop\github\backmir\bmclient\Common\GameRenderObject.h	504	1	BackMirClient
Error	8718	error C2535: 'void GameObject::DoPacket(const int)' : member function already defined or declared	y:\develop\github\backmir\bmclient\Common\GameRenderObject.h	504	1	BackMirClient
Error	8719	error C4430: missing type specifier - int assumed. Note: C++ does not support default-int	y:\develop\github\backmir\bmclient\Common\GameRenderObject.h	505	1	BackMirClient
Error	8720	error C2143: syntax error : missing ',' before '&'	y:\develop\github\backmir\bmclient\Common\GameRenderObject.h	505	1	BackMirClient
Error	8721	error C2535: 'void GameObject::DoPacket(const int)' : member function already defined or declared	y:\develop\github\backmir\bmclient\Common\GameRenderObject.h	505	1	BackMirClient
Error	8722	error C2061: syntax error : identifier 'PLAYER_STATUS'	y:\develop\github\backmir\bmclient\Common\GameRenderObject.h	513	1	BackMirClient
Error	8723	error C2146: syntax error : missing ';' before identifier 'm_drt'	y:\develop\github\backmir\bmclient\Common\GameRenderObject.h	554	1	BackMirClient
Error	8724	error C4430: missing type specifier - int assumed. Note: C++ does not support default-int	y:\develop\github\backmir\bmclient\Common\GameRenderObject.h	554	1	BackMirClient
Error	8725	error C2146: syntax error : missing ';' before identifier 'm_sex'	y:\develop\github\backmir\bmclient\Common\GameRenderObject.h	555	1	BackMirClient
Error	8726	error C4430: missing type specifier - int assumed. Note: C++ does not support default-int	y:\develop\github\backmir\bmclient\Common\GameRenderObject.h	555	1	BackMirClient
Error	8727	error C2146: syntax error : missing ';' before identifier 'm_stat'	y:\develop\github\backmir\bmclient\Common\GameRenderObject.h	556	1	BackMirClient
Error	8728	error C4430: missing type specifier - int assumed. Note: C++ does not support default-int	y:\develop\github\backmir\bmclient\Common\GameRenderObject.h	556	1	BackMirClient
Error	8729	error C2146: syntax error : missing ';' before identifier 'm_preStat'	y:\develop\github\backmir\bmclient\Common\GameRenderObject.h	557	1	BackMirClient
Error	8730	error C4430: missing type specifier - int assumed. Note: C++ does not support default-int	y:\develop\github\backmir\bmclient\Common\GameRenderObject.h	557	1	BackMirClient
Error	8731	error C2065: 'm_drt' : undeclared identifier	y:\develop\github\backmir\bmclient\Common\GameRenderObject.h	253	1	BackMirClient
Error	8732	error C2065: 'PDT_DOWN' : undeclared identifier	y:\develop\github\backmir\bmclient\Common\GameRenderObject.h	253	1	BackMirClient
Error	8733	error C2065: 'm_sex' : undeclared identifier	y:\develop\github\backmir\bmclient\Common\GameRenderObject.h	254	1	BackMirClient
Error	8734	error C2065: 'PSX_MAN' : undeclared identifier	y:\develop\github\backmir\bmclient\Common\GameRenderObject.h	254	1	BackMirClient
Error	8735	error C2065: 'm_preStat' : undeclared identifier	y:\develop\github\backmir\bmclient\Common\GameRenderObject.h	255	1	BackMirClient
Error	8736	error C2065: 'm_stat' : undeclared identifier	y:\develop\github\backmir\bmclient\Common\GameRenderObject.h	255	1	BackMirClient
Error	8737	error C2065: 'PST_STAND' : undeclared identifier	y:\develop\github\backmir\bmclient\Common\GameRenderObject.h	255	1	BackMirClient
Error	8738	error C2065: 'm_drt' : undeclared identifier	y:\develop\github\backmir\bmclient\Common\GameRenderObject.h	310	1	BackMirClient
Error	8739	error C2065: '_pd' : undeclared identifier	y:\develop\github\backmir\bmclient\Common\GameRenderObject.h	310	1	BackMirClient
Error	8740	error C2065: 'm_drt' : undeclared identifier	y:\develop\github\backmir\bmclient\Common\GameRenderObject.h	314	1	BackMirClient
Error	8741	error C2065: 'm_stat' : undeclared identifier	y:\develop\github\backmir\bmclient\Common\GameRenderObject.h	318	1	BackMirClient
Error	8742	error C2065: '_ps' : undeclared identifier	y:\develop\github\backmir\bmclient\Common\GameRenderObject.h	318	1	BackMirClient
Error	8743	error C2065: '_ps' : undeclared identifier	y:\develop\github\backmir\bmclient\Common\GameRenderObject.h	320	1	BackMirClient
Error	8744	error C2065: 'PST_STAND' : undeclared identifier	y:\develop\github\backmir\bmclient\Common\GameRenderObject.h	320	1	BackMirClient
Error	8745	error C2065: '_ps' : undeclared identifier	y:\develop\github\backmir\bmclient\Common\GameRenderObject.h	324	1	BackMirClient
Error	8746	error C2065: 'm_stat' : undeclared identifier	y:\develop\github\backmir\bmclient\Common\GameRenderObject.h	328	1	BackMirClient
Error	8747	error C2065: 'm_preStat' : undeclared identifier	y:\develop\github\backmir\bmclient\Common\GameRenderObject.h	332	1	BackMirClient
Error	8748	error C2065: 'm_sex' : undeclared identifier	y:\develop\github\backmir\bmclient\Common\GameRenderObject.h	356	1	BackMirClient
Error	8749	error C2065: '_ps' : undeclared identifier	y:\develop\github\backmir\bmclient\Common\GameRenderObject.h	356	1	BackMirClient
Error	8750	error C2065: 'm_sex' : undeclared identifier	y:\develop\github\backmir\bmclient\Common\GameRenderObject.h	360	1	BackMirClient
Error	8751	error C2065: 'PST_DEAD' : undeclared identifier	y:\develop\github\backmir\bmclient\Common\GameRenderObject.h	429	1	BackMirClient
Error	8752	error C1083: Cannot open include file: 'FastDelegateBind.h': No such file or directory	y:\develop\github\backmir\bmclient\gamedialog\GameCommonDlg.h	9	1	BackMirClient
Warning	8753	warning C4819: The file contains a character that cannot be represented in the current code page (936). Save the file in Unicode format to prevent data loss	y:\develop\github\backmir\bmclient\Common\GlobalDefine.h	1	1	BackMirClient
Error	8754	error C2447: '{' : missing function header (old-style formal list?)	y:\develop\github\backmir\bmclient\Common\GlobalDefine.h	91	1	BackMirClient
Error	8755	error C2447: '{' : missing function header (old-style formal list?)	y:\develop\github\backmir\bmclient\Common\GlobalDefine.h	103	1	BackMirClient
Error	8756	error C2447: '{' : missing function header (old-style formal list?)	y:\develop\github\backmir\bmclient\Common\GlobalDefine.h	128	1	BackMirClient
Error	8757	error C2146: syntax error : missing ';' before identifier 'GetAngle'	y:\develop\github\backmir\bmclient\Common\GlobalFunction.h	26	1	BackMirClient
Error	8758	error C4430: missing type specifier - int assumed. Note: C++ does not support default-int	y:\develop\github\backmir\bmclient\Common\GlobalFunction.h	26	1	BackMirClient
Error	8759	error C4430: missing type specifier - int assumed. Note: C++ does not support default-int	y:\develop\github\backmir\bmclient\net\PacketHandler.h	71	1	BackMirClient
Error	8760	error C2143: syntax error : missing ',' before '&'	y:\develop\github\backmir\bmclient\net\PacketHandler.h	71	1	BackMirClient
Warning	8761	warning C4819: The file contains a character that cannot be represented in the current code page (936). Save the file in Unicode format to prevent data loss	y:\develop\github\backmir\CommonModule\MagicEffectID.h	1	1	BackMirClient
Error	8762	error C2061: syntax error : identifier 'PLAYER_DIRECTION'	y:\develop\github\backmir\bmclient\Common\GameRenderObject.h	308	1	BackMirClient
Error	8763	error C2146: syntax error : missing ';' before identifier 'GetDirection'	y:\develop\github\backmir\bmclient\Common\GameRenderObject.h	312	1	BackMirClient
Error	8764	error C2433: 'GameObject::PLAYER_DIRECTION' : 'inline' not permitted on data declarations	y:\develop\github\backmir\bmclient\Common\GameRenderObject.h	312	1	BackMirClient
Error	8765	error C4430: missing type specifier - int assumed. Note: C++ does not support default-int	y:\develop\github\backmir\bmclient\Common\GameRenderObject.h	312	1	BackMirClient
Error	8766	error C4430: missing type specifier - int assumed. Note: C++ does not support default-int	y:\develop\github\backmir\bmclient\Common\GameRenderObject.h	313	1	BackMirClient
Warning	8767	warning C4183: 'GetDirection': missing return type; assumed to be a member function returning 'int'	y:\develop\github\backmir\bmclient\Common\GameRenderObject.h	315	1	BackMirClient
Error	8768	error C2061: syntax error : identifier 'PLAYER_STATUS'	y:\develop\github\backmir\bmclient\Common\GameRenderObject.h	316	1	BackMirClient
Error	8769	error C2146: syntax error : missing ';' before identifier 'GetStatus'	y:\develop\github\backmir\bmclient\Common\GameRenderObject.h	326	1	BackMirClient
Error	8770	error C2433: 'GameObject::PLAYER_STATUS' : 'inline' not permitted on data declarations	y:\develop\github\backmir\bmclient\Common\GameRenderObject.h	326	1	BackMirClient
Error	8771	error C4430: missing type specifier - int assumed. Note: C++ does not support default-int	y:\develop\github\backmir\bmclient\Common\GameRenderObject.h	326	1	BackMirClient
Error	8772	error C4430: missing type specifier - int assumed. Note: C++ does not support default-int	y:\develop\github\backmir\bmclient\Common\GameRenderObject.h	327	1	BackMirClient
Warning	8773	warning C4183: 'GetStatus': missing return type; assumed to be a member function returning 'int'	y:\develop\github\backmir\bmclient\Common\GameRenderObject.h	329	1	BackMirClient
Error	8774	error C2146: syntax error : missing ';' before identifier 'GetPreStatus'	y:\develop\github\backmir\bmclient\Common\GameRenderObject.h	330	1	BackMirClient
Error	8775	error C2433: 'GameObject::PLAYER_STATUS' : 'inline' not permitted on data declarations	y:\develop\github\backmir\bmclient\Common\GameRenderObject.h	330	1	BackMirClient
Error	8776	error C4430: missing type specifier - int assumed. Note: C++ does not support default-int	y:\develop\github\backmir\bmclient\Common\GameRenderObject.h	330	1	BackMirClient
Error	8777	error C4430: missing type specifier - int assumed. Note: C++ does not support default-int	y:\develop\github\backmir\bmclient\Common\GameRenderObject.h	331	1	BackMirClient
Warning	8778	warning C4183: 'GetPreStatus': missing return type; assumed to be a member function returning 'int'	y:\develop\github\backmir\bmclient\Common\GameRenderObject.h	333	1	BackMirClient
Error	8779	error C2061: syntax error : identifier 'PLAYER_SEX'	y:\develop\github\backmir\bmclient\Common\GameRenderObject.h	354	1	BackMirClient
Error	8780	error C2146: syntax error : missing ';' before identifier 'GetPlayerSex'	y:\develop\github\backmir\bmclient\Common\GameRenderObject.h	358	1	BackMirClient
Error	8781	error C2433: 'GameObject::PLAYER_SEX' : 'inline' not permitted on data declarations	y:\develop\github\backmir\bmclient\Common\GameRenderObject.h	358	1	BackMirClient
Error	8782	error C4430: missing type specifier - int assumed. Note: C++ does not support default-int	y:\develop\github\backmir\bmclient\Common\GameRenderObject.h	358	1	BackMirClient
Error	8783	error C4430: missing type specifier - int assumed. Note: C++ does not support default-int	y:\develop\github\backmir\bmclient\Common\GameRenderObject.h	359	1	BackMirClient
Warning	8784	warning C4183: 'GetPlayerSex': missing return type; assumed to be a member function returning 'int'	y:\develop\github\backmir\bmclient\Common\GameRenderObject.h	361	1	BackMirClient
Error	8785	error C4430: missing type specifier - int assumed. Note: C++ does not support default-int	y:\develop\github\backmir\bmclient\Common\GameRenderObject.h	503	1	BackMirClient
Error	8786	error C2143: syntax error : missing ',' before '&'	y:\develop\github\backmir\bmclient\Common\GameRenderObject.h	503	1	BackMirClient
Error	8787	error C4430: missing type specifier - int assumed. Note: C++ does not support default-int	y:\develop\github\backmir\bmclient\Common\GameRenderObject.h	504	1	BackMirClient
Error	8788	error C2143: syntax error : missing ',' before '&'	y:\develop\github\backmir\bmclient\Common\GameRenderObject.h	504	1	BackMirClient
Error	8789	error C2535: 'void GameObject::DoPacket(const int)' : member function already defined or declared	y:\develop\github\backmir\bmclient\Common\GameRenderObject.h	504	1	BackMirClient
Error	8790	error C4430: missing type specifier - int assumed. Note: C++ does not support default-int	y:\develop\github\backmir\bmclient\Common\GameRenderObject.h	505	1	BackMirClient
Error	8791	error C2143: syntax error : missing ',' before '&'	y:\develop\github\backmir\bmclient\Common\GameRenderObject.h	505	1	BackMirClient
Error	8792	error C2535: 'void GameObject::DoPacket(const int)' : member function already defined or declared	y:\develop\github\backmir\bmclient\Common\GameRenderObject.h	505	1	BackMirClient
Error	8793	error C2061: syntax error : identifier 'PLAYER_STATUS'	y:\develop\github\backmir\bmclient\Common\GameRenderObject.h	513	1	BackMirClient
Error	8794	error C2146: syntax error : missing ';' before identifier 'm_drt'	y:\develop\github\backmir\bmclient\Common\GameRenderObject.h	554	1	BackMirClient
Error	8795	error C4430: missing type specifier - int assumed. Note: C++ does not support default-int	y:\develop\github\backmir\bmclient\Common\GameRenderObject.h	554	1	BackMirClient
Error	8796	error C2146: syntax error : missing ';' before identifier 'm_sex'	y:\develop\github\backmir\bmclient\Common\GameRenderObject.h	555	1	BackMirClient
Error	8797	error C4430: missing type specifier - int assumed. Note: C++ does not support default-int	y:\develop\github\backmir\bmclient\Common\GameRenderObject.h	555	1	BackMirClient
Error	8798	error C2146: syntax error : missing ';' before identifier 'm_stat'	y:\develop\github\backmir\bmclient\Common\GameRenderObject.h	556	1	BackMirClient
Error	8799	error C4430: missing type specifier - int assumed. Note: C++ does not support default-int	y:\develop\github\backmir\bmclient\Common\GameRenderObject.h	556	1	BackMirClient
Error	8800	error C2146: syntax error : missing ';' before identifier 'm_preStat'	y:\develop\github\backmir\bmclient\Common\GameRenderObject.h	557	1	BackMirClient
Error	8801	error C4430: missing type specifier - int assumed. Note: C++ does not support default-int	y:\develop\github\backmir\bmclient\Common\GameRenderObject.h	557	1	BackMirClient
Error	8802	error C2065: 'm_drt' : undeclared identifier	y:\develop\github\backmir\bmclient\Common\GameRenderObject.h	253	1	BackMirClient
Error	8803	error C2065: 'PDT_DOWN' : undeclared identifier	y:\develop\github\backmir\bmclient\Common\GameRenderObject.h	253	1	BackMirClient
Error	8804	error C2065: 'm_sex' : undeclared identifier	y:\develop\github\backmir\bmclient\Common\GameRenderObject.h	254	1	BackMirClient
Error	8805	error C2065: 'PSX_MAN' : undeclared identifier	y:\develop\github\backmir\bmclient\Common\GameRenderObject.h	254	1	BackMirClient
Error	8806	error C2065: 'm_preStat' : undeclared identifier	y:\develop\github\backmir\bmclient\Common\GameRenderObject.h	255	1	BackMirClient
Error	8807	error C2065: 'm_stat' : undeclared identifier	y:\develop\github\backmir\bmclient\Common\GameRenderObject.h	255	1	BackMirClient
Error	8808	error C2065: 'PST_STAND' : undeclared identifier	y:\develop\github\backmir\bmclient\Common\GameRenderObject.h	255	1	BackMirClient
Error	8809	error C2065: 'm_drt' : undeclared identifier	y:\develop\github\backmir\bmclient\Common\GameRenderObject.h	310	1	BackMirClient
Error	8810	error C2065: '_pd' : undeclared identifier	y:\develop\github\backmir\bmclient\Common\GameRenderObject.h	310	1	BackMirClient
Error	8811	error C2065: 'm_drt' : undeclared identifier	y:\develop\github\backmir\bmclient\Common\GameRenderObject.h	314	1	BackMirClient
Error	8812	error C2065: 'm_stat' : undeclared identifier	y:\develop\github\backmir\bmclient\Common\GameRenderObject.h	318	1	BackMirClient
Error	8813	error C2065: '_ps' : undeclared identifier	y:\develop\github\backmir\bmclient\Common\GameRenderObject.h	318	1	BackMirClient
Error	8814	error C2065: '_ps' : undeclared identifier	y:\develop\github\backmir\bmclient\Common\GameRenderObject.h	320	1	BackMirClient
Error	8815	error C2065: 'PST_STAND' : undeclared identifier	y:\develop\github\backmir\bmclient\Common\GameRenderObject.h	320	1	BackMirClient
Error	8816	error C2065: '_ps' : undeclared identifier	y:\develop\github\backmir\bmclient\Common\GameRenderObject.h	324	1	BackMirClient
Error	8817	error C2065: 'm_stat' : undeclared identifier	y:\develop\github\backmir\bmclient\Common\GameRenderObject.h	328	1	BackMirClient
Error	8818	error C2065: 'm_preStat' : undeclared identifier	y:\develop\github\backmir\bmclient\Common\GameRenderObject.h	332	1	BackMirClient
Error	8819	error C2065: 'm_sex' : undeclared identifier	y:\develop\github\backmir\bmclient\Common\GameRenderObject.h	356	1	BackMirClient
Error	8820	error C2065: '_ps' : undeclared identifier	y:\develop\github\backmir\bmclient\Common\GameRenderObject.h	356	1	BackMirClient
Error	8821	error C2065: 'm_sex' : undeclared identifier	y:\develop\github\backmir\bmclient\Common\GameRenderObject.h	360	1	BackMirClient
Error	8822	error C2065: 'PST_DEAD' : undeclared identifier	y:\develop\github\backmir\bmclient\Common\GameRenderObject.h	429	1	BackMirClient
Error	8823	error C1083: Cannot open include file: 'FastDelegateBind.h': No such file or directory	y:\develop\github\backmir\bmclient\gamedialog\GameCommonDlg.h	9	1	BackMirClient
Warning	8824	warning C4819: The file contains a character that cannot be represented in the current code page (936). Save the file in Unicode format to prevent data loss	y:\develop\github\backmir\bmclient\Common\GlobalDefine.h	1	1	BackMirClient
Error	8825	error C2447: '{' : missing function header (old-style formal list?)	y:\develop\github\backmir\bmclient\Common\GlobalDefine.h	91	1	BackMirClient
Error	8826	error C2447: '{' : missing function header (old-style formal list?)	y:\develop\github\backmir\bmclient\Common\GlobalDefine.h	103	1	BackMirClient
Error	8827	error C2447: '{' : missing function header (old-style formal list?)	y:\develop\github\backmir\bmclient\Common\GlobalDefine.h	128	1	BackMirClient
Error	8828	error C2146: syntax error : missing ';' before identifier 'GetAngle'	y:\develop\github\backmir\bmclient\Common\GlobalFunction.h	26	1	BackMirClient
Error	8829	error C4430: missing type specifier - int assumed. Note: C++ does not support default-int	y:\develop\github\backmir\bmclient\Common\GlobalFunction.h	26	1	BackMirClient
Error	8830	error C4430: missing type specifier - int assumed. Note: C++ does not support default-int	y:\develop\github\backmir\bmclient\net\PacketHandler.h	71	1	BackMirClient
Error	8831	error C2143: syntax error : missing ',' before '&'	y:\develop\github\backmir\bmclient\net\PacketHandler.h	71	1	BackMirClient
Warning	8832	warning C4819: The file contains a character that cannot be represented in the current code page (936). Save the file in Unicode format to prevent data loss	y:\develop\github\backmir\CommonModule\MagicEffectID.h	1	1	BackMirClient
Error	8833	error C2061: syntax error : identifier 'PLAYER_DIRECTION'	y:\develop\github\backmir\bmclient\Common\GameRenderObject.h	308	1	BackMirClient
Error	8834	error C2146: syntax error : missing ';' before identifier 'GetDirection'	y:\develop\github\backmir\bmclient\Common\GameRenderObject.h	312	1	BackMirClient
Error	8835	error C2433: 'GameObject::PLAYER_DIRECTION' : 'inline' not permitted on data declarations	y:\develop\github\backmir\bmclient\Common\GameRenderObject.h	312	1	BackMirClient
Error	8836	error C4430: missing type specifier - int assumed. Note: C++ does not support default-int	y:\develop\github\backmir\bmclient\Common\GameRenderObject.h	312	1	BackMirClient
Error	8837	error C4430: missing type specifier - int assumed. Note: C++ does not support default-int	y:\develop\github\backmir\bmclient\Common\GameRenderObject.h	313	1	BackMirClient
Warning	8838	warning C4183: 'GetDirection': missing return type; assumed to be a member function returning 'int'	y:\develop\github\backmir\bmclient\Common\GameRenderObject.h	315	1	BackMirClient
Error	8839	error C2061: syntax error : identifier 'PLAYER_STATUS'	y:\develop\github\backmir\bmclient\Common\GameRenderObject.h	316	1	BackMirClient
Error	8840	error C2146: syntax error : missing ';' before identifier 'GetStatus'	y:\develop\github\backmir\bmclient\Common\GameRenderObject.h	326	1	BackMirClient
Error	8841	error C2433: 'GameObject::PLAYER_STATUS' : 'inline' not permitted on data declarations	y:\develop\github\backmir\bmclient\Common\GameRenderObject.h	326	1	BackMirClient
Error	8842	error C4430: missing type specifier - int assumed. Note: C++ does not support default-int	y:\develop\github\backmir\bmclient\Common\GameRenderObject.h	326	1	BackMirClient
Error	8843	error C4430: missing type specifier - int assumed. Note: C++ does not support default-int	y:\develop\github\backmir\bmclient\Common\GameRenderObject.h	327	1	BackMirClient
Warning	8844	warning C4183: 'GetStatus': missing return type; assumed to be a member function returning 'int'	y:\develop\github\backmir\bmclient\Common\GameRenderObject.h	329	1	BackMirClient
Error	8845	error C2146: syntax error : missing ';' before identifier 'GetPreStatus'	y:\develop\github\backmir\bmclient\Common\GameRenderObject.h	330	1	BackMirClient
Error	8846	error C2433: 'GameObject::PLAYER_STATUS' : 'inline' not permitted on data declarations	y:\develop\github\backmir\bmclient\Common\GameRenderObject.h	330	1	BackMirClient
Error	8847	error C4430: missing type specifier - int assumed. Note: C++ does not support default-int	y:\develop\github\backmir\bmclient\Common\GameRenderObject.h	330	1	BackMirClient
Error	8848	error C4430: missing type specifier - int assumed. Note: C++ does not support default-int	y:\develop\github\backmir\bmclient\Common\GameRenderObject.h	331	1	BackMirClient
Warning	8849	warning C4183: 'GetPreStatus': missing return type; assumed to be a member function returning 'int'	y:\develop\github\backmir\bmclient\Common\GameRenderObject.h	333	1	BackMirClient
Error	8850	error C2061: syntax error : identifier 'PLAYER_SEX'	y:\develop\github\backmir\bmclient\Common\GameRenderObject.h	354	1	BackMirClient
Error	8851	error C2146: syntax error : missing ';' before identifier 'GetPlayerSex'	y:\develop\github\backmir\bmclient\Common\GameRenderObject.h	358	1	BackMirClient
Error	8852	error C2433: 'GameObject::PLAYER_SEX' : 'inline' not permitted on data declarations	y:\develop\github\backmir\bmclient\Common\GameRenderObject.h	358	1	BackMirClient
Error	8853	error C4430: missing type specifier - int assumed. Note: C++ does not support default-int	y:\develop\github\backmir\bmclient\Common\GameRenderObject.h	358	1	BackMirClient
Error	8854	error C4430: missing type specifier - int assumed. Note: C++ does not support default-int	y:\develop\github\backmir\bmclient\Common\GameRenderObject.h	359	1	BackMirClient
Warning	8855	warning C4183: 'GetPlayerSex': missing return type; assumed to be a member function returning 'int'	y:\develop\github\backmir\bmclient\Common\GameRenderObject.h	361	1	BackMirClient
Error	8856	error C4430: missing type specifier - int assumed. Note: C++ does not support default-int	y:\develop\github\backmir\bmclient\Common\GameRenderObject.h	503	1	BackMirClient
Error	8857	error C2143: syntax error : missing ',' before '&'	y:\develop\github\backmir\bmclient\Common\GameRenderObject.h	503	1	BackMirClient
Error	8858	error C4430: missing type specifier - int assumed. Note: C++ does not support default-int	y:\develop\github\backmir\bmclient\Common\GameRenderObject.h	504	1	BackMirClient
Error	8859	error C2143: syntax error : missing ',' before '&'	y:\develop\github\backmir\bmclient\Common\GameRenderObject.h	504	1	BackMirClient
Error	8860	error C2535: 'void GameObject::DoPacket(const int)' : member function already defined or declared	y:\develop\github\backmir\bmclient\Common\GameRenderObject.h	504	1	BackMirClient
Error	8861	error C4430: missing type specifier - int assumed. Note: C++ does not support default-int	y:\develop\github\backmir\bmclient\Common\GameRenderObject.h	505	1	BackMirClient
Error	8862	error C2143: syntax error : missing ',' before '&'	y:\develop\github\backmir\bmclient\Common\GameRenderObject.h	505	1	BackMirClient
Error	8863	error C2535: 'void GameObject::DoPacket(const int)' : member function already defined or declared	y:\develop\github\backmir\bmclient\Common\GameRenderObject.h	505	1	BackMirClient
Error	8864	error C2061: syntax error : identifier 'PLAYER_STATUS'	y:\develop\github\backmir\bmclient\Common\GameRenderObject.h	513	1	BackMirClient
Error	8865	error C2146: syntax error : missing ';' before identifier 'm_drt'	y:\develop\github\backmir\bmclient\Common\GameRenderObject.h	554	1	BackMirClient
Error	8866	error C4430: missing type specifier - int assumed. Note: C++ does not support default-int	y:\develop\github\backmir\bmclient\Common\GameRenderObject.h	554	1	BackMirClient
Error	8867	error C2146: syntax error : missing ';' before identifier 'm_sex'	y:\develop\github\backmir\bmclient\Common\GameRenderObject.h	555	1	BackMirClient
Error	8868	error C4430: missing type specifier - int assumed. Note: C++ does not support default-int	y:\develop\github\backmir\bmclient\Common\GameRenderObject.h	555	1	BackMirClient
Error	8869	error C2146: syntax error : missing ';' before identifier 'm_stat'	y:\develop\github\backmir\bmclient\Common\GameRenderObject.h	556	1	BackMirClient
Error	8870	error C4430: missing type specifier - int assumed. Note: C++ does not support default-int	y:\develop\github\backmir\bmclient\Common\GameRenderObject.h	556	1	BackMirClient
Error	8871	error C2146: syntax error : missing ';' before identifier 'm_preStat'	y:\develop\github\backmir\bmclient\Common\GameRenderObject.h	557	1	BackMirClient
Error	8872	error C4430: missing type specifier - int assumed. Note: C++ does not support default-int	y:\develop\github\backmir\bmclient\Common\GameRenderObject.h	557	1	BackMirClient
Error	8873	error C2065: 'm_drt' : undeclared identifier	y:\develop\github\backmir\bmclient\Common\GameRenderObject.h	253	1	BackMirClient
Error	8874	error C2065: 'PDT_DOWN' : undeclared identifier	y:\develop\github\backmir\bmclient\Common\GameRenderObject.h	253	1	BackMirClient
Error	8875	error C2065: 'm_sex' : undeclared identifier	y:\develop\github\backmir\bmclient\Common\GameRenderObject.h	254	1	BackMirClient
Error	8876	error C2065: 'PSX_MAN' : undeclared identifier	y:\develop\github\backmir\bmclient\Common\GameRenderObject.h	254	1	BackMirClient
Error	8877	error C2065: 'm_preStat' : undeclared identifier	y:\develop\github\backmir\bmclient\Common\GameRenderObject.h	255	1	BackMirClient
Error	8878	error C2065: 'm_stat' : undeclared identifier	y:\develop\github\backmir\bmclient\Common\GameRenderObject.h	255	1	BackMirClient
Error	8879	error C2065: 'PST_STAND' : undeclared identifier	y:\develop\github\backmir\bmclient\Common\GameRenderObject.h	255	1	BackMirClient
Error	8880	error C2065: 'm_drt' : undeclared identifier	y:\develop\github\backmir\bmclient\Common\GameRenderObject.h	310	1	BackMirClient
Error	8881	error C2065: '_pd' : undeclared identifier	y:\develop\github\backmir\bmclient\Common\GameRenderObject.h	310	1	BackMirClient
Error	8882	error C2065: 'm_drt' : undeclared identifier	y:\develop\github\backmir\bmclient\Common\GameRenderObject.h	314	1	BackMirClient
Error	8883	error C2065: 'm_stat' : undeclared identifier	y:\develop\github\backmir\bmclient\Common\GameRenderObject.h	318	1	BackMirClient
Error	8884	error C2065: '_ps' : undeclared identifier	y:\develop\github\backmir\bmclient\Common\GameRenderObject.h	318	1	BackMirClient
Error	8885	error C2065: '_ps' : undeclared identifier	y:\develop\github\backmir\bmclient\Common\GameRenderObject.h	320	1	BackMirClient
Error	8886	error C2065: 'PST_STAND' : undeclared identifier	y:\develop\github\backmir\bmclient\Common\GameRenderObject.h	320	1	BackMirClient
Error	8887	error C2065: '_ps' : undeclared identifier	y:\develop\github\backmir\bmclient\Common\GameRenderObject.h	324	1	BackMirClient
Error	8888	error C2065: 'm_stat' : undeclared identifier	y:\develop\github\backmir\bmclient\Common\GameRenderObject.h	328	1	BackMirClient
Error	8889	error C2065: 'm_preStat' : undeclared identifier	y:\develop\github\backmir\bmclient\Common\GameRenderObject.h	332	1	BackMirClient
Error	8890	error C2065: 'm_sex' : undeclared identifier	y:\develop\github\backmir\bmclient\Common\GameRenderObject.h	356	1	BackMirClient
Error	8891	error C2065: '_ps' : undeclared identifier	y:\develop\github\backmir\bmclient\Common\GameRenderObject.h	356	1	BackMirClient
Error	8892	error C2065: 'm_sex' : undeclared identifier	y:\develop\github\backmir\bmclient\Common\GameRenderObject.h	360	1	BackMirClient
Error	8893	error C2065: 'PST_DEAD' : undeclared identifier	y:\develop\github\backmir\bmclient\Common\GameRenderObject.h	429	1	BackMirClient
Error	8894	error C1083: Cannot open include file: 'FastDelegateBind.h': No such file or directory	y:\develop\github\backmir\bmclient\gamedialog\GameCommonDlg.h	9	1	BackMirClient
Warning	8895	warning C4819: The file contains a character that cannot be represented in the current code page (936). Save the file in Unicode format to prevent data loss	y:\develop\github\backmir\bmclient\Common\GlobalDefine.h	1	1	BackMirClient
Error	8896	error C2447: '{' : missing function header (old-style formal list?)	y:\develop\github\backmir\bmclient\Common\GlobalDefine.h	91	1	BackMirClient
Error	8897	error C2447: '{' : missing function header (old-style formal list?)	y:\develop\github\backmir\bmclient\Common\GlobalDefine.h	103	1	BackMirClient
Error	8898	error C2447: '{' : missing function header (old-style formal list?)	y:\develop\github\backmir\bmclient\Common\GlobalDefine.h	128	1	BackMirClient
Error	8899	error C2146: syntax error : missing ';' before identifier 'GetAngle'	y:\develop\github\backmir\bmclient\Common\GlobalFunction.h	26	1	BackMirClient
Error	8900	error C4430: missing type specifier - int assumed. Note: C++ does not support default-int	y:\develop\github\backmir\bmclient\Common\GlobalFunction.h	26	1	BackMirClient
Error	8901	error C4430: missing type specifier - int assumed. Note: C++ does not support default-int	y:\develop\github\backmir\bmclient\net\PacketHandler.h	71	1	BackMirClient
Error	8902	error C2143: syntax error : missing ',' before '&'	y:\develop\github\backmir\bmclient\net\PacketHandler.h	71	1	BackMirClient
Warning	8903	warning C4819: The file contains a character that cannot be represented in the current code page (936). Save the file in Unicode format to prevent data loss	y:\develop\github\backmir\CommonModule\MagicEffectID.h	1	1	BackMirClient
Error	8904	error C2061: syntax error : identifier 'PLAYER_DIRECTION'	y:\develop\github\backmir\bmclient\Common\GameRenderObject.h	308	1	BackMirClient
Error	8905	error C2146: syntax error : missing ';' before identifier 'GetDirection'	y:\develop\github\backmir\bmclient\Common\GameRenderObject.h	312	1	BackMirClient
Error	8906	error C2433: 'GameObject::PLAYER_DIRECTION' : 'inline' not permitted on data declarations	y:\develop\github\backmir\bmclient\Common\GameRenderObject.h	312	1	BackMirClient
Error	8907	error C4430: missing type specifier - int assumed. Note: C++ does not support default-int	y:\develop\github\backmir\bmclient\Common\GameRenderObject.h	312	1	BackMirClient
Error	8908	error C4430: missing type specifier - int assumed. Note: C++ does not support default-int	y:\develop\github\backmir\bmclient\Common\GameRenderObject.h	313	1	BackMirClient
Warning	8909	warning C4183: 'GetDirection': missing return type; assumed to be a member function returning 'int'	y:\develop\github\backmir\bmclient\Common\GameRenderObject.h	315	1	BackMirClient
Error	8910	error C2061: syntax error : identifier 'PLAYER_STATUS'	y:\develop\github\backmir\bmclient\Common\GameRenderObject.h	316	1	BackMirClient
Error	8911	error C2146: syntax error : missing ';' before identifier 'GetStatus'	y:\develop\github\backmir\bmclient\Common\GameRenderObject.h	326	1	BackMirClient
Error	8912	error C2433: 'GameObject::PLAYER_STATUS' : 'inline' not permitted on data declarations	y:\develop\github\backmir\bmclient\Common\GameRenderObject.h	326	1	BackMirClient
Error	8913	error C4430: missing type specifier - int assumed. Note: C++ does not support default-int	y:\develop\github\backmir\bmclient\Common\GameRenderObject.h	326	1	BackMirClient
Error	8914	error C4430: missing type specifier - int assumed. Note: C++ does not support default-int	y:\develop\github\backmir\bmclient\Common\GameRenderObject.h	327	1	BackMirClient
Warning	8915	warning C4183: 'GetStatus': missing return type; assumed to be a member function returning 'int'	y:\develop\github\backmir\bmclient\Common\GameRenderObject.h	329	1	BackMirClient
Error	8916	error C2146: syntax error : missing ';' before identifier 'GetPreStatus'	y:\develop\github\backmir\bmclient\Common\GameRenderObject.h	330	1	BackMirClient
Error	8917	error C2433: 'GameObject::PLAYER_STATUS' : 'inline' not permitted on data declarations	y:\develop\github\backmir\bmclient\Common\GameRenderObject.h	330	1	BackMirClient
Error	8918	error C4430: missing type specifier - int assumed. Note: C++ does not support default-int	y:\develop\github\backmir\bmclient\Common\GameRenderObject.h	330	1	BackMirClient
Error	8919	error C4430: missing type specifier - int assumed. Note: C++ does not support default-int	y:\develop\github\backmir\bmclient\Common\GameRenderObject.h	331	1	BackMirClient
Warning	8920	warning C4183: 'GetPreStatus': missing return type; assumed to be a member function returning 'int'	y:\develop\github\backmir\bmclient\Common\GameRenderObject.h	333	1	BackMirClient
Error	8921	error C2061: syntax error : identifier 'PLAYER_SEX'	y:\develop\github\backmir\bmclient\Common\GameRenderObject.h	354	1	BackMirClient
Error	8922	error C2146: syntax error : missing ';' before identifier 'GetPlayerSex'	y:\develop\github\backmir\bmclient\Common\GameRenderObject.h	358	1	BackMirClient
Error	8923	error C2433: 'GameObject::PLAYER_SEX' : 'inline' not permitted on data declarations	y:\develop\github\backmir\bmclient\Common\GameRenderObject.h	358	1	BackMirClient
Error	8924	error C4430: missing type specifier - int assumed. Note: C++ does not support default-int	y:\develop\github\backmir\bmclient\Common\GameRenderObject.h	358	1	BackMirClient
Error	8925	error C4430: missing type specifier - int assumed. Note: C++ does not support default-int	y:\develop\github\backmir\bmclient\Common\GameRenderObject.h	359	1	BackMirClient
Warning	8926	warning C4183: 'GetPlayerSex': missing return type; assumed to be a member function returning 'int'	y:\develop\github\backmir\bmclient\Common\GameRenderObject.h	361	1	BackMirClient
Error	8927	error C4430: missing type specifier - int assumed. Note: C++ does not support default-int	y:\develop\github\backmir\bmclient\Common\GameRenderObject.h	503	1	BackMirClient
Error	8928	error C2143: syntax error : missing ',' before '&'	y:\develop\github\backmir\bmclient\Common\GameRenderObject.h	503	1	BackMirClient
Error	8929	error C4430: missing type specifier - int assumed. Note: C++ does not support default-int	y:\develop\github\backmir\bmclient\Common\GameRenderObject.h	504	1	BackMirClient
Error	8930	error C2143: syntax error : missing ',' before '&'	y:\develop\github\backmir\bmclient\Common\GameRenderObject.h	504	1	BackMirClient
Error	8931	error C2535: 'void GameObject::DoPacket(const int)' : member function already defined or declared	y:\develop\github\backmir\bmclient\Common\GameRenderObject.h	504	1	BackMirClient
Error	8932	error C4430: missing type specifier - int assumed. Note: C++ does not support default-int	y:\develop\github\backmir\bmclient\Common\GameRenderObject.h	505	1	BackMirClient
Error	8933	error C2143: syntax error : missing ',' before '&'	y:\develop\github\backmir\bmclient\Common\GameRenderObject.h	505	1	BackMirClient
Error	8934	error C2535: 'void GameObject::DoPacket(const int)' : member function already defined or declared	y:\develop\github\backmir\bmclient\Common\GameRenderObject.h	505	1	BackMirClient
Error	8935	error C2061: syntax error : identifier 'PLAYER_STATUS'	y:\develop\github\backmir\bmclient\Common\GameRenderObject.h	513	1	BackMirClient
Error	8936	error C2146: syntax error : missing ';' before identifier 'm_drt'	y:\develop\github\backmir\bmclient\Common\GameRenderObject.h	554	1	BackMirClient
Error	8937	error C4430: missing type specifier - int assumed. Note: C++ does not support default-int	y:\develop\github\backmir\bmclient\Common\GameRenderObject.h	554	1	BackMirClient
Error	8938	error C2146: syntax error : missing ';' before identifier 'm_sex'	y:\develop\github\backmir\bmclient\Common\GameRenderObject.h	555	1	BackMirClient
Error	8939	error C4430: missing type specifier - int assumed. Note: C++ does not support default-int	y:\develop\github\backmir\bmclient\Common\GameRenderObject.h	555	1	BackMirClient
Error	8940	error C2146: syntax error : missing ';' before identifier 'm_stat'	y:\develop\github\backmir\bmclient\Common\GameRenderObject.h	556	1	BackMirClient
Error	8941	error C4430: missing type specifier - int assumed. Note: C++ does not support default-int	y:\develop\github\backmir\bmclient\Common\GameRenderObject.h	556	1	BackMirClient
Error	8942	error C2146: syntax error : missing ';' before identifier 'm_preStat'	y:\develop\github\backmir\bmclient\Common\GameRenderObject.h	557	1	BackMirClient
Error	8943	error C4430: missing type specifier - int assumed. Note: C++ does not support default-int	y:\develop\github\backmir\bmclient\Common\GameRenderObject.h	557	1	BackMirClient
Error	8944	error C2065: 'm_drt' : undeclared identifier	y:\develop\github\backmir\bmclient\Common\GameRenderObject.h	253	1	BackMirClient
Error	8945	error C2065: 'PDT_DOWN' : undeclared identifier	y:\develop\github\backmir\bmclient\Common\GameRenderObject.h	253	1	BackMirClient
Error	8946	error C2065: 'm_sex' : undeclared identifier	y:\develop\github\backmir\bmclient\Common\GameRenderObject.h	254	1	BackMirClient
Error	8947	error C2065: 'PSX_MAN' : undeclared identifier	y:\develop\github\backmir\bmclient\Common\GameRenderObject.h	254	1	BackMirClient
Error	8948	error C2065: 'm_preStat' : undeclared identifier	y:\develop\github\backmir\bmclient\Common\GameRenderObject.h	255	1	BackMirClient
Error	8949	error C2065: 'm_stat' : undeclared identifier	y:\develop\github\backmir\bmclient\Common\GameRenderObject.h	255	1	BackMirClient
Error	8950	error C2065: 'PST_STAND' : undeclared identifier	y:\develop\github\backmir\bmclient\Common\GameRenderObject.h	255	1	BackMirClient
Error	8951	error C2065: 'm_drt' : undeclared identifier	y:\develop\github\backmir\bmclient\Common\GameRenderObject.h	310	1	BackMirClient
Error	8952	error C2065: '_pd' : undeclared identifier	y:\develop\github\backmir\bmclient\Common\GameRenderObject.h	310	1	BackMirClient
Error	8953	error C2065: 'm_drt' : undeclared identifier	y:\develop\github\backmir\bmclient\Common\GameRenderObject.h	314	1	BackMirClient
Error	8954	error C2065: 'm_stat' : undeclared identifier	y:\develop\github\backmir\bmclient\Common\GameRenderObject.h	318	1	BackMirClient
Error	8955	error C2065: '_ps' : undeclared identifier	y:\develop\github\backmir\bmclient\Common\GameRenderObject.h	318	1	BackMirClient
Error	8956	error C2065: '_ps' : undeclared identifier	y:\develop\github\backmir\bmclient\Common\GameRenderObject.h	320	1	BackMirClient
Error	8957	error C2065: 'PST_STAND' : undeclared identifier	y:\develop\github\backmir\bmclient\Common\GameRenderObject.h	320	1	BackMirClient
Error	8958	error C2065: '_ps' : undeclared identifier	y:\develop\github\backmir\bmclient\Common\GameRenderObject.h	324	1	BackMirClient
Error	8959	error C2065: 'm_stat' : undeclared identifier	y:\develop\github\backmir\bmclient\Common\GameRenderObject.h	328	1	BackMirClient
Error	8960	error C2065: 'm_preStat' : undeclared identifier	y:\develop\github\backmir\bmclient\Common\GameRenderObject.h	332	1	BackMirClient
Error	8961	error C2065: 'm_sex' : undeclared identifier	y:\develop\github\backmir\bmclient\Common\GameRenderObject.h	356	1	BackMirClient
Error	8962	error C2065: '_ps' : undeclared identifier	y:\develop\github\backmir\bmclient\Common\GameRenderObject.h	356	1	BackMirClient
Error	8963	error C2065: 'm_sex' : undeclared identifier	y:\develop\github\backmir\bmclient\Common\GameRenderObject.h	360	1	BackMirClient
Error	8964	error C2065: 'PST_DEAD' : undeclared identifier	y:\develop\github\backmir\bmclient\Common\GameRenderObject.h	429	1	BackMirClient
Error	8965	error C1083: Cannot open include file: 'FastDelegateBind.h': No such file or directory	y:\develop\github\backmir\bmclient\gamedialog\GameCommonDlg.h	9	1	BackMirClient
Warning	8966	warning C4819: The file contains a character that cannot be represented in the current code page (936). Save the file in Unicode format to prevent data loss	y:\develop\github\backmir\bmclient\Common\GlobalDefine.h	1	1	BackMirClient
Error	8967	error C2447: '{' : missing function header (old-style formal list?)	y:\develop\github\backmir\bmclient\Common\GlobalDefine.h	91	1	BackMirClient
Error	8968	error C2447: '{' : missing function header (old-style formal list?)	y:\develop\github\backmir\bmclient\Common\GlobalDefine.h	103	1	BackMirClient
Error	8969	error C2447: '{' : missing function header (old-style formal list?)	y:\develop\github\backmir\bmclient\Common\GlobalDefine.h	128	1	BackMirClient
Error	8970	error C2146: syntax error : missing ';' before identifier 'GetAngle'	y:\develop\github\backmir\bmclient\Common\GlobalFunction.h	26	1	BackMirClient
Error	8971	error C4430: missing type specifier - int assumed. Note: C++ does not support default-int	y:\develop\github\backmir\bmclient\Common\GlobalFunction.h	26	1	BackMirClient
Error	8972	error C4430: missing type specifier - int assumed. Note: C++ does not support default-int	y:\develop\github\backmir\bmclient\net\PacketHandler.h	71	1	BackMirClient
Error	8973	error C2143: syntax error : missing ',' before '&'	y:\develop\github\backmir\bmclient\net\PacketHandler.h	71	1	BackMirClient
Warning	8974	warning C4819: The file contains a character that cannot be represented in the current code page (936). Save the file in Unicode format to prevent data loss	y:\develop\github\backmir\CommonModule\MagicEffectID.h	1	1	BackMirClient
Error	8975	error C2061: syntax error : identifier 'PLAYER_DIRECTION'	y:\develop\github\backmir\bmclient\Common\GameRenderObject.h	308	1	BackMirClient
Error	8976	error C2146: syntax error : missing ';' before identifier 'GetDirection'	y:\develop\github\backmir\bmclient\Common\GameRenderObject.h	312	1	BackMirClient
Error	8977	error C2433: 'GameObject::PLAYER_DIRECTION' : 'inline' not permitted on data declarations	y:\develop\github\backmir\bmclient\Common\GameRenderObject.h	312	1	BackMirClient
Error	8978	error C4430: missing type specifier - int assumed. Note: C++ does not support default-int	y:\develop\github\backmir\bmclient\Common\GameRenderObject.h	312	1	BackMirClient
Error	8979	error C4430: missing type specifier - int assumed. Note: C++ does not support default-int	y:\develop\github\backmir\bmclient\Common\GameRenderObject.h	313	1	BackMirClient
Warning	8980	warning C4183: 'GetDirection': missing return type; assumed to be a member function returning 'int'	y:\develop\github\backmir\bmclient\Common\GameRenderObject.h	315	1	BackMirClient
Error	8981	error C2061: syntax error : identifier 'PLAYER_STATUS'	y:\develop\github\backmir\bmclient\Common\GameRenderObject.h	316	1	BackMirClient
Error	8982	error C2146: syntax error : missing ';' before identifier 'GetStatus'	y:\develop\github\backmir\bmclient\Common\GameRenderObject.h	326	1	BackMirClient
Error	8983	error C2433: 'GameObject::PLAYER_STATUS' : 'inline' not permitted on data declarations	y:\develop\github\backmir\bmclient\Common\GameRenderObject.h	326	1	BackMirClient
Error	8984	error C4430: missing type specifier - int assumed. Note: C++ does not support default-int	y:\develop\github\backmir\bmclient\Common\GameRenderObject.h	326	1	BackMirClient
Error	8985	error C4430: missing type specifier - int assumed. Note: C++ does not support default-int	y:\develop\github\backmir\bmclient\Common\GameRenderObject.h	327	1	BackMirClient
Warning	8986	warning C4183: 'GetStatus': missing return type; assumed to be a member function returning 'int'	y:\develop\github\backmir\bmclient\Common\GameRenderObject.h	329	1	BackMirClient
Error	8987	error C2146: syntax error : missing ';' before identifier 'GetPreStatus'	y:\develop\github\backmir\bmclient\Common\GameRenderObject.h	330	1	BackMirClient
Error	8988	error C2433: 'GameObject::PLAYER_STATUS' : 'inline' not permitted on data declarations	y:\develop\github\backmir\bmclient\Common\GameRenderObject.h	330	1	BackMirClient
Error	8989	error C4430: missing type specifier - int assumed. Note: C++ does not support default-int	y:\develop\github\backmir\bmclient\Common\GameRenderObject.h	330	1	BackMirClient
Error	8990	error C4430: missing type specifier - int assumed. Note: C++ does not support default-int	y:\develop\github\backmir\bmclient\Common\GameRenderObject.h	331	1	BackMirClient
Warning	8991	warning C4183: 'GetPreStatus': missing return type; assumed to be a member function returning 'int'	y:\develop\github\backmir\bmclient\Common\GameRenderObject.h	333	1	BackMirClient
Error	8992	error C2061: syntax error : identifier 'PLAYER_SEX'	y:\develop\github\backmir\bmclient\Common\GameRenderObject.h	354	1	BackMirClient
Error	8993	error C2146: syntax error : missing ';' before identifier 'GetPlayerSex'	y:\develop\github\backmir\bmclient\Common\GameRenderObject.h	358	1	BackMirClient
Error	8994	error C2433: 'GameObject::PLAYER_SEX' : 'inline' not permitted on data declarations	y:\develop\github\backmir\bmclient\Common\GameRenderObject.h	358	1	BackMirClient
Error	8995	error C4430: missing type specifier - int assumed. Note: C++ does not support default-int	y:\develop\github\backmir\bmclient\Common\GameRenderObject.h	358	1	BackMirClient
Error	8996	error C4430: missing type specifier - int assumed. Note: C++ does not support default-int	y:\develop\github\backmir\bmclient\Common\GameRenderObject.h	359	1	BackMirClient
Warning	8997	warning C4183: 'GetPlayerSex': missing return type; assumed to be a member function returning 'int'	y:\develop\github\backmir\bmclient\Common\GameRenderObject.h	361	1	BackMirClient
Error	8998	error C4430: missing type specifier - int assumed. Note: C++ does not support default-int	y:\develop\github\backmir\bmclient\Common\GameRenderObject.h	503	1	BackMirClient
Error	8999	error C2143: syntax error : missing ',' before '&'	y:\develop\github\backmir\bmclient\Common\GameRenderObject.h	503	1	BackMirClient
Error	9000	error C4430: missing type specifier - int assumed. Note: C++ does not support default-int	y:\develop\github\backmir\bmclient\Common\GameRenderObject.h	504	1	BackMirClient
Error	9001	error C2143: syntax error : missing ',' before '&'	y:\develop\github\backmir\bmclient\Common\GameRenderObject.h	504	1	BackMirClient
Error	9002	error C2535: 'void GameObject::DoPacket(const int)' : member function already defined or declared	y:\develop\github\backmir\bmclient\Common\GameRenderObject.h	504	1	BackMirClient
Error	9003	error C4430: missing type specifier - int assumed. Note: C++ does not support default-int	y:\develop\github\backmir\bmclient\Common\GameRenderObject.h	505	1	BackMirClient
Error	9004	error C2143: syntax error : missing ',' before '&'	y:\develop\github\backmir\bmclient\Common\GameRenderObject.h	505	1	BackMirClient
Error	9005	error C2535: 'void GameObject::DoPacket(const int)' : member function already defined or declared	y:\develop\github\backmir\bmclient\Common\GameRenderObject.h	505	1	BackMirClient
Error	9006	error C2061: syntax error : identifier 'PLAYER_STATUS'	y:\develop\github\backmir\bmclient\Common\GameRenderObject.h	513	1	BackMirClient
Error	9007	error C2146: syntax error : missing ';' before identifier 'm_drt'	y:\develop\github\backmir\bmclient\Common\GameRenderObject.h	554	1	BackMirClient
Error	9008	error C4430: missing type specifier - int assumed. Note: C++ does not support default-int	y:\develop\github\backmir\bmclient\Common\GameRenderObject.h	554	1	BackMirClient
Error	9009	error C2146: syntax error : missing ';' before identifier 'm_sex'	y:\develop\github\backmir\bmclient\Common\GameRenderObject.h	555	1	BackMirClient
Error	9010	error C4430: missing type specifier - int assumed. Note: C++ does not support default-int	y:\develop\github\backmir\bmclient\Common\GameRenderObject.h	555	1	BackMirClient
Error	9011	error C2146: syntax error : missing ';' before identifier 'm_stat'	y:\develop\github\backmir\bmclient\Common\GameRenderObject.h	556	1	BackMirClient
Error	9012	error C4430: missing type specifier - int assumed. Note: C++ does not support default-int	y:\develop\github\backmir\bmclient\Common\GameRenderObject.h	556	1	BackMirClient
Error	9013	error C2146: syntax error : missing ';' before identifier 'm_preStat'	y:\develop\github\backmir\bmclient\Common\GameRenderObject.h	557	1	BackMirClient
Error	9014	error C4430: missing type specifier - int assumed. Note: C++ does not support default-int	y:\develop\github\backmir\bmclient\Common\GameRenderObject.h	557	1	BackMirClient
Error	9015	error C2065: 'm_drt' : undeclared identifier	y:\develop\github\backmir\bmclient\Common\GameRenderObject.h	253	1	BackMirClient
Error	9016	error C2065: 'PDT_DOWN' : undeclared identifier	y:\develop\github\backmir\bmclient\Common\GameRenderObject.h	253	1	BackMirClient
Error	9017	error C2065: 'm_sex' : undeclared identifier	y:\develop\github\backmir\bmclient\Common\GameRenderObject.h	254	1	BackMirClient
Error	9018	error C2065: 'PSX_MAN' : undeclared identifier	y:\develop\github\backmir\bmclient\Common\GameRenderObject.h	254	1	BackMirClient
Error	9019	error C2065: 'm_preStat' : undeclared identifier	y:\develop\github\backmir\bmclient\Common\GameRenderObject.h	255	1	BackMirClient
Error	9020	error C2065: 'm_stat' : undeclared identifier	y:\develop\github\backmir\bmclient\Common\GameRenderObject.h	255	1	BackMirClient
Error	9021	error C2065: 'PST_STAND' : undeclared identifier	y:\develop\github\backmir\bmclient\Common\GameRenderObject.h	255	1	BackMirClient
Error	9022	error C2065: 'm_drt' : undeclared identifier	y:\develop\github\backmir\bmclient\Common\GameRenderObject.h	310	1	BackMirClient
Error	9023	error C2065: '_pd' : undeclared identifier	y:\develop\github\backmir\bmclient\Common\GameRenderObject.h	310	1	BackMirClient
Error	9024	error C2065: 'm_drt' : undeclared identifier	y:\develop\github\backmir\bmclient\Common\GameRenderObject.h	314	1	BackMirClient
Error	9025	error C2065: 'm_stat' : undeclared identifier	y:\develop\github\backmir\bmclient\Common\GameRenderObject.h	318	1	BackMirClient
Error	9026	error C2065: '_ps' : undeclared identifier	y:\develop\github\backmir\bmclient\Common\GameRenderObject.h	318	1	BackMirClient
Error	9027	error C2065: '_ps' : undeclared identifier	y:\develop\github\backmir\bmclient\Common\GameRenderObject.h	320	1	BackMirClient
Error	9028	error C2065: 'PST_STAND' : undeclared identifier	y:\develop\github\backmir\bmclient\Common\GameRenderObject.h	320	1	BackMirClient
Error	9029	error C2065: '_ps' : undeclared identifier	y:\develop\github\backmir\bmclient\Common\GameRenderObject.h	324	1	BackMirClient
Error	9030	error C2065: 'm_stat' : undeclared identifier	y:\develop\github\backmir\bmclient\Common\GameRenderObject.h	328	1	BackMirClient
Error	9031	error C2065: 'm_preStat' : undeclared identifier	y:\develop\github\backmir\bmclient\Common\GameRenderObject.h	332	1	BackMirClient
Error	9032	error C2065: 'm_sex' : undeclared identifier	y:\develop\github\backmir\bmclient\Common\GameRenderObject.h	356	1	BackMirClient
Error	9033	error C2065: '_ps' : undeclared identifier	y:\develop\github\backmir\bmclient\Common\GameRenderObject.h	356	1	BackMirClient
Error	9034	error C2065: 'm_sex' : undeclared identifier	y:\develop\github\backmir\bmclient\Common\GameRenderObject.h	360	1	BackMirClient
Error	9035	error C2065: 'PST_DEAD' : undeclared identifier	y:\develop\github\backmir\bmclient\Common\GameRenderObject.h	429	1	BackMirClient
Error	9036	error C1083: Cannot open include file: 'FastDelegateBind.h': No such file or directory	y:\develop\github\backmir\bmclient\GameDialog\GameCommonDlg.h	9	1	BackMirClient
Warning	9037	warning C4819: The file contains a character that cannot be represented in the current code page (936). Save the file in Unicode format to prevent data loss	y:\develop\github\backmir\bmclient\Common\GlobalDefine.h	1	1	BackMirClient
Error	9038	error C2447: '{' : missing function header (old-style formal list?)	y:\develop\github\backmir\bmclient\Common\GlobalDefine.h	91	1	BackMirClient
Error	9039	error C2447: '{' : missing function header (old-style formal list?)	y:\develop\github\backmir\bmclient\Common\GlobalDefine.h	103	1	BackMirClient
Error	9040	error C2447: '{' : missing function header (old-style formal list?)	y:\develop\github\backmir\bmclient\Common\GlobalDefine.h	128	1	BackMirClient
Error	9041	error C2146: syntax error : missing ';' before identifier 'GetAngle'	y:\develop\github\backmir\bmclient\Common\GlobalFunction.h	26	1	BackMirClient
Error	9042	error C4430: missing type specifier - int assumed. Note: C++ does not support default-int	y:\develop\github\backmir\bmclient\Common\GlobalFunction.h	26	1	BackMirClient
Error	9043	error C4430: missing type specifier - int assumed. Note: C++ does not support default-int	y:\develop\github\backmir\bmclient\net\PacketHandler.h	71	1	BackMirClient
Error	9044	error C2143: syntax error : missing ',' before '&'	y:\develop\github\backmir\bmclient\net\PacketHandler.h	71	1	BackMirClient
Warning	9045	warning C4819: The file contains a character that cannot be represented in the current code page (936). Save the file in Unicode format to prevent data loss	y:\develop\github\backmir\CommonModule\MagicEffectID.h	1	1	BackMirClient
Error	9046	error C2061: syntax error : identifier 'PLAYER_DIRECTION'	y:\develop\github\backmir\bmclient\Common\GameRenderObject.h	308	1	BackMirClient
Error	9047	error C2146: syntax error : missing ';' before identifier 'GetDirection'	y:\develop\github\backmir\bmclient\Common\GameRenderObject.h	312	1	BackMirClient
Error	9048	error C2433: 'GameObject::PLAYER_DIRECTION' : 'inline' not permitted on data declarations	y:\develop\github\backmir\bmclient\Common\GameRenderObject.h	312	1	BackMirClient
Error	9049	error C4430: missing type specifier - int assumed. Note: C++ does not support default-int	y:\develop\github\backmir\bmclient\Common\GameRenderObject.h	312	1	BackMirClient
Error	9050	error C4430: missing type specifier - int assumed. Note: C++ does not support default-int	y:\develop\github\backmir\bmclient\Common\GameRenderObject.h	313	1	BackMirClient
Warning	9051	warning C4183: 'GetDirection': missing return type; assumed to be a member function returning 'int'	y:\develop\github\backmir\bmclient\Common\GameRenderObject.h	315	1	BackMirClient
Error	9052	error C2061: syntax error : identifier 'PLAYER_STATUS'	y:\develop\github\backmir\bmclient\Common\GameRenderObject.h	316	1	BackMirClient
Error	9053	error C2146: syntax error : missing ';' before identifier 'GetStatus'	y:\develop\github\backmir\bmclient\Common\GameRenderObject.h	326	1	BackMirClient
Error	9054	error C2433: 'GameObject::PLAYER_STATUS' : 'inline' not permitted on data declarations	y:\develop\github\backmir\bmclient\Common\GameRenderObject.h	326	1	BackMirClient
Error	9055	error C4430: missing type specifier - int assumed. Note: C++ does not support default-int	y:\develop\github\backmir\bmclient\Common\GameRenderObject.h	326	1	BackMirClient
Error	9056	error C4430: missing type specifier - int assumed. Note: C++ does not support default-int	y:\develop\github\backmir\bmclient\Common\GameRenderObject.h	327	1	BackMirClient
Warning	9057	warning C4183: 'GetStatus': missing return type; assumed to be a member function returning 'int'	y:\develop\github\backmir\bmclient\Common\GameRenderObject.h	329	1	BackMirClient
Error	9058	error C2146: syntax error : missing ';' before identifier 'GetPreStatus'	y:\develop\github\backmir\bmclient\Common\GameRenderObject.h	330	1	BackMirClient
Error	9059	error C2433: 'GameObject::PLAYER_STATUS' : 'inline' not permitted on data declarations	y:\develop\github\backmir\bmclient\Common\GameRenderObject.h	330	1	BackMirClient
Error	9060	error C4430: missing type specifier - int assumed. Note: C++ does not support default-int	y:\develop\github\backmir\bmclient\Common\GameRenderObject.h	330	1	BackMirClient
Error	9061	error C4430: missing type specifier - int assumed. Note: C++ does not support default-int	y:\develop\github\backmir\bmclient\Common\GameRenderObject.h	331	1	BackMirClient
Warning	9062	warning C4183: 'GetPreStatus': missing return type; assumed to be a member function returning 'int'	y:\develop\github\backmir\bmclient\Common\GameRenderObject.h	333	1	BackMirClient
Error	9063	error C2061: syntax error : identifier 'PLAYER_SEX'	y:\develop\github\backmir\bmclient\Common\GameRenderObject.h	354	1	BackMirClient
Error	9064	error C2146: syntax error : missing ';' before identifier 'GetPlayerSex'	y:\develop\github\backmir\bmclient\Common\GameRenderObject.h	358	1	BackMirClient
Error	9065	error C2433: 'GameObject::PLAYER_SEX' : 'inline' not permitted on data declarations	y:\develop\github\backmir\bmclient\Common\GameRenderObject.h	358	1	BackMirClient
Error	9066	error C4430: missing type specifier - int assumed. Note: C++ does not support default-int	y:\develop\github\backmir\bmclient\Common\GameRenderObject.h	358	1	BackMirClient
Error	9067	error C4430: missing type specifier - int assumed. Note: C++ does not support default-int	y:\develop\github\backmir\bmclient\Common\GameRenderObject.h	359	1	BackMirClient
Warning	9068	warning C4183: 'GetPlayerSex': missing return type; assumed to be a member function returning 'int'	y:\develop\github\backmir\bmclient\Common\GameRenderObject.h	361	1	BackMirClient
Error	9069	error C4430: missing type specifier - int assumed. Note: C++ does not support default-int	y:\develop\github\backmir\bmclient\Common\GameRenderObject.h	503	1	BackMirClient
Error	9070	error C2143: syntax error : missing ',' before '&'	y:\develop\github\backmir\bmclient\Common\GameRenderObject.h	503	1	BackMirClient
Error	9071	error C4430: missing type specifier - int assumed. Note: C++ does not support default-int	y:\develop\github\backmir\bmclient\Common\GameRenderObject.h	504	1	BackMirClient
Error	9072	error C2143: syntax error : missing ',' before '&'	y:\develop\github\backmir\bmclient\Common\GameRenderObject.h	504	1	BackMirClient
Error	9073	error C2535: 'void GameObject::DoPacket(const int)' : member function already defined or declared	y:\develop\github\backmir\bmclient\Common\GameRenderObject.h	504	1	BackMirClient
Error	9074	error C4430: missing type specifier - int assumed. Note: C++ does not support default-int	y:\develop\github\backmir\bmclient\Common\GameRenderObject.h	505	1	BackMirClient
Error	9075	error C2143: syntax error : missing ',' before '&'	y:\develop\github\backmir\bmclient\Common\GameRenderObject.h	505	1	BackMirClient
Error	9076	error C2535: 'void GameObject::DoPacket(const int)' : member function already defined or declared	y:\develop\github\backmir\bmclient\Common\GameRenderObject.h	505	1	BackMirClient
Error	9077	error C2061: syntax error : identifier 'PLAYER_STATUS'	y:\develop\github\backmir\bmclient\Common\GameRenderObject.h	513	1	BackMirClient
Error	9078	error C2146: syntax error : missing ';' before identifier 'm_drt'	y:\develop\github\backmir\bmclient\Common\GameRenderObject.h	554	1	BackMirClient
Error	9079	error C4430: missing type specifier - int assumed. Note: C++ does not support default-int	y:\develop\github\backmir\bmclient\Common\GameRenderObject.h	554	1	BackMirClient
Error	9080	error C2146: syntax error : missing ';' before identifier 'm_sex'	y:\develop\github\backmir\bmclient\Common\GameRenderObject.h	555	1	BackMirClient
Error	9081	error C4430: missing type specifier - int assumed. Note: C++ does not support default-int	y:\develop\github\backmir\bmclient\Common\GameRenderObject.h	555	1	BackMirClient
Error	9082	error C2146: syntax error : missing ';' before identifier 'm_stat'	y:\develop\github\backmir\bmclient\Common\GameRenderObject.h	556	1	BackMirClient
Error	9083	error C4430: missing type specifier - int assumed. Note: C++ does not support default-int	y:\develop\github\backmir\bmclient\Common\GameRenderObject.h	556	1	BackMirClient
Error	9084	error C2146: syntax error : missing ';' before identifier 'm_preStat'	y:\develop\github\backmir\bmclient\Common\GameRenderObject.h	557	1	BackMirClient
Error	9085	error C4430: missing type specifier - int assumed. Note: C++ does not support default-int	y:\develop\github\backmir\bmclient\Common\GameRenderObject.h	557	1	BackMirClient
Error	9086	error C2065: 'm_drt' : undeclared identifier	y:\develop\github\backmir\bmclient\Common\GameRenderObject.h	253	1	BackMirClient
Error	9087	error C2065: 'PDT_DOWN' : undeclared identifier	y:\develop\github\backmir\bmclient\Common\GameRenderObject.h	253	1	BackMirClient
Error	9088	error C2065: 'm_sex' : undeclared identifier	y:\develop\github\backmir\bmclient\Common\GameRenderObject.h	254	1	BackMirClient
Error	9089	error C2065: 'PSX_MAN' : undeclared identifier	y:\develop\github\backmir\bmclient\Common\GameRenderObject.h	254	1	BackMirClient
Error	9090	error C2065: 'm_preStat' : undeclared identifier	y:\develop\github\backmir\bmclient\Common\GameRenderObject.h	255	1	BackMirClient
Error	9091	error C2065: 'm_stat' : undeclared identifier	y:\develop\github\backmir\bmclient\Common\GameRenderObject.h	255	1	BackMirClient
Error	9092	error C2065: 'PST_STAND' : undeclared identifier	y:\develop\github\backmir\bmclient\Common\GameRenderObject.h	255	1	BackMirClient
Error	9093	error C2065: 'm_drt' : undeclared identifier	y:\develop\github\backmir\bmclient\Common\GameRenderObject.h	310	1	BackMirClient
Error	9094	error C2065: '_pd' : undeclared identifier	y:\develop\github\backmir\bmclient\Common\GameRenderObject.h	310	1	BackMirClient
Error	9095	error C2065: 'm_drt' : undeclared identifier	y:\develop\github\backmir\bmclient\Common\GameRenderObject.h	314	1	BackMirClient
Error	9096	error C2065: 'm_stat' : undeclared identifier	y:\develop\github\backmir\bmclient\Common\GameRenderObject.h	318	1	BackMirClient
Error	9097	error C2065: '_ps' : undeclared identifier	y:\develop\github\backmir\bmclient\Common\GameRenderObject.h	318	1	BackMirClient
Error	9098	error C2065: '_ps' : undeclared identifier	y:\develop\github\backmir\bmclient\Common\GameRenderObject.h	320	1	BackMirClient
Error	9099	error C2065: 'PST_STAND' : undeclared identifier	y:\develop\github\backmir\bmclient\Common\GameRenderObject.h	320	1	BackMirClient
Error	9100	error C2065: '_ps' : undeclared identifier	y:\develop\github\backmir\bmclient\Common\GameRenderObject.h	324	1	BackMirClient
Error	9101	error C2065: 'm_stat' : undeclared identifier	y:\develop\github\backmir\bmclient\Common\GameRenderObject.h	328	1	BackMirClient
Error	9102	error C2065: 'm_preStat' : undeclared identifier	y:\develop\github\backmir\bmclient\Common\GameRenderObject.h	332	1	BackMirClient
Error	9103	error C2065: 'm_sex' : undeclared identifier	y:\develop\github\backmir\bmclient\Common\GameRenderObject.h	356	1	BackMirClient
Error	9104	error C2065: '_ps' : undeclared identifier	y:\develop\github\backmir\bmclient\Common\GameRenderObject.h	356	1	BackMirClient
Error	9105	error C2065: 'm_sex' : undeclared identifier	y:\develop\github\backmir\bmclient\Common\GameRenderObject.h	360	1	BackMirClient
Error	9106	error C2065: 'PST_DEAD' : undeclared identifier	y:\develop\github\backmir\bmclient\Common\GameRenderObject.h	429	1	BackMirClient
Error	9107	error C1083: Cannot open include file: 'FastDelegateBind.h': No such file or directory	y:\develop\github\backmir\bmclient\GameDialog\GameCommonDlg.h	9	1	BackMirClient
Warning	9108	warning C4819: The file contains a character that cannot be represented in the current code page (936). Save the file in Unicode format to prevent data loss	y:\develop\github\backmir\bmclient\Common\GlobalDefine.h	1	1	BackMirClient
Error	9109	error C2447: '{' : missing function header (old-style formal list?)	y:\develop\github\backmir\bmclient\Common\GlobalDefine.h	91	1	BackMirClient
Error	9110	error C2447: '{' : missing function header (old-style formal list?)	y:\develop\github\backmir\bmclient\Common\GlobalDefine.h	103	1	BackMirClient
Error	9111	error C2447: '{' : missing function header (old-style formal list?)	y:\develop\github\backmir\bmclient\Common\GlobalDefine.h	128	1	BackMirClient
Error	9112	error C2146: syntax error : missing ';' before identifier 'GetAngle'	y:\develop\github\backmir\bmclient\Common\GlobalFunction.h	26	1	BackMirClient
Error	9113	error C4430: missing type specifier - int assumed. Note: C++ does not support default-int	y:\develop\github\backmir\bmclient\Common\GlobalFunction.h	26	1	BackMirClient
Error	9114	error C4430: missing type specifier - int assumed. Note: C++ does not support default-int	y:\develop\github\backmir\bmclient\net\PacketHandler.h	71	1	BackMirClient
Error	9115	error C2143: syntax error : missing ',' before '&'	y:\develop\github\backmir\bmclient\net\PacketHandler.h	71	1	BackMirClient
Warning	9116	warning C4819: The file contains a character that cannot be represented in the current code page (936). Save the file in Unicode format to prevent data loss	y:\develop\github\backmir\CommonModule\MagicEffectID.h	1	1	BackMirClient
Error	9117	error C2061: syntax error : identifier 'PLAYER_DIRECTION'	y:\develop\github\backmir\bmclient\Common\GameRenderObject.h	308	1	BackMirClient
Error	9118	error C2146: syntax error : missing ';' before identifier 'GetDirection'	y:\develop\github\backmir\bmclient\Common\GameRenderObject.h	312	1	BackMirClient
Error	9119	error C2433: 'GameObject::PLAYER_DIRECTION' : 'inline' not permitted on data declarations	y:\develop\github\backmir\bmclient\Common\GameRenderObject.h	312	1	BackMirClient
Error	9120	error C4430: missing type specifier - int assumed. Note: C++ does not support default-int	y:\develop\github\backmir\bmclient\Common\GameRenderObject.h	312	1	BackMirClient
Error	9121	error C4430: missing type specifier - int assumed. Note: C++ does not support default-int	y:\develop\github\backmir\bmclient\Common\GameRenderObject.h	313	1	BackMirClient
Warning	9122	warning C4183: 'GetDirection': missing return type; assumed to be a member function returning 'int'	y:\develop\github\backmir\bmclient\Common\GameRenderObject.h	315	1	BackMirClient
Error	9123	error C2061: syntax error : identifier 'PLAYER_STATUS'	y:\develop\github\backmir\bmclient\Common\GameRenderObject.h	316	1	BackMirClient
Error	9124	error C2146: syntax error : missing ';' before identifier 'GetStatus'	y:\develop\github\backmir\bmclient\Common\GameRenderObject.h	326	1	BackMirClient
Error	9125	error C2433: 'GameObject::PLAYER_STATUS' : 'inline' not permitted on data declarations	y:\develop\github\backmir\bmclient\Common\GameRenderObject.h	326	1	BackMirClient
Error	9126	error C4430: missing type specifier - int assumed. Note: C++ does not support default-int	y:\develop\github\backmir\bmclient\Common\GameRenderObject.h	326	1	BackMirClient
Error	9127	error C4430: missing type specifier - int assumed. Note: C++ does not support default-int	y:\develop\github\backmir\bmclient\Common\GameRenderObject.h	327	1	BackMirClient
Warning	9128	warning C4183: 'GetStatus': missing return type; assumed to be a member function returning 'int'	y:\develop\github\backmir\bmclient\Common\GameRenderObject.h	329	1	BackMirClient
Error	9129	error C2146: syntax error : missing ';' before identifier 'GetPreStatus'	y:\develop\github\backmir\bmclient\Common\GameRenderObject.h	330	1	BackMirClient
Error	9130	error C2433: 'GameObject::PLAYER_STATUS' : 'inline' not permitted on data declarations	y:\develop\github\backmir\bmclient\Common\GameRenderObject.h	330	1	BackMirClient
Error	9131	error C4430: missing type specifier - int assumed. Note: C++ does not support default-int	y:\develop\github\backmir\bmclient\Common\GameRenderObject.h	330	1	BackMirClient
Error	9132	error C4430: missing type specifier - int assumed. Note: C++ does not support default-int	y:\develop\github\backmir\bmclient\Common\GameRenderObject.h	331	1	BackMirClient
Warning	9133	warning C4183: 'GetPreStatus': missing return type; assumed to be a member function returning 'int'	y:\develop\github\backmir\bmclient\Common\GameRenderObject.h	333	1	BackMirClient
Error	9134	error C2061: syntax error : identifier 'PLAYER_SEX'	y:\develop\github\backmir\bmclient\Common\GameRenderObject.h	354	1	BackMirClient
Error	9135	error C2146: syntax error : missing ';' before identifier 'GetPlayerSex'	y:\develop\github\backmir\bmclient\Common\GameRenderObject.h	358	1	BackMirClient
Error	9136	error C2433: 'GameObject::PLAYER_SEX' : 'inline' not permitted on data declarations	y:\develop\github\backmir\bmclient\Common\GameRenderObject.h	358	1	BackMirClient
Error	9137	error C4430: missing type specifier - int assumed. Note: C++ does not support default-int	y:\develop\github\backmir\bmclient\Common\GameRenderObject.h	358	1	BackMirClient
Error	9138	error C4430: missing type specifier - int assumed. Note: C++ does not support default-int	y:\develop\github\backmir\bmclient\Common\GameRenderObject.h	359	1	BackMirClient
Warning	9139	warning C4183: 'GetPlayerSex': missing return type; assumed to be a member function returning 'int'	y:\develop\github\backmir\bmclient\Common\GameRenderObject.h	361	1	BackMirClient
Error	9140	error C4430: missing type specifier - int assumed. Note: C++ does not support default-int	y:\develop\github\backmir\bmclient\Common\GameRenderObject.h	503	1	BackMirClient
Error	9141	error C2143: syntax error : missing ',' before '&'	y:\develop\github\backmir\bmclient\Common\GameRenderObject.h	503	1	BackMirClient
Error	9142	error C4430: missing type specifier - int assumed. Note: C++ does not support default-int	y:\develop\github\backmir\bmclient\Common\GameRenderObject.h	504	1	BackMirClient
Error	9143	error C2143: syntax error : missing ',' before '&'	y:\develop\github\backmir\bmclient\Common\GameRenderObject.h	504	1	BackMirClient
Error	9144	error C2535: 'void GameObject::DoPacket(const int)' : member function already defined or declared	y:\develop\github\backmir\bmclient\Common\GameRenderObject.h	504	1	BackMirClient
Error	9145	error C4430: missing type specifier - int assumed. Note: C++ does not support default-int	y:\develop\github\backmir\bmclient\Common\GameRenderObject.h	505	1	BackMirClient
Error	9146	error C2143: syntax error : missing ',' before '&'	y:\develop\github\backmir\bmclient\Common\GameRenderObject.h	505	1	BackMirClient
Error	9147	error C2535: 'void GameObject::DoPacket(const int)' : member function already defined or declared	y:\develop\github\backmir\bmclient\Common\GameRenderObject.h	505	1	BackMirClient
Error	9148	error C2061: syntax error : identifier 'PLAYER_STATUS'	y:\develop\github\backmir\bmclient\Common\GameRenderObject.h	513	1	BackMirClient
Error	9149	error C2146: syntax error : missing ';' before identifier 'm_drt'	y:\develop\github\backmir\bmclient\Common\GameRenderObject.h	554	1	BackMirClient
Error	9150	error C4430: missing type specifier - int assumed. Note: C++ does not support default-int	y:\develop\github\backmir\bmclient\Common\GameRenderObject.h	554	1	BackMirClient
Error	9151	error C2146: syntax error : missing ';' before identifier 'm_sex'	y:\develop\github\backmir\bmclient\Common\GameRenderObject.h	555	1	BackMirClient
Error	9152	error C4430: missing type specifier - int assumed. Note: C++ does not support default-int	y:\develop\github\backmir\bmclient\Common\GameRenderObject.h	555	1	BackMirClient
Error	9153	error C2146: syntax error : missing ';' before identifier 'm_stat'	y:\develop\github\backmir\bmclient\Common\GameRenderObject.h	556	1	BackMirClient
Error	9154	error C4430: missing type specifier - int assumed. Note: C++ does not support default-int	y:\develop\github\backmir\bmclient\Common\GameRenderObject.h	556	1	BackMirClient
Error	9155	error C2146: syntax error : missing ';' before identifier 'm_preStat'	y:\develop\github\backmir\bmclient\Common\GameRenderObject.h	557	1	BackMirClient
Error	9156	error C4430: missing type specifier - int assumed. Note: C++ does not support default-int	y:\develop\github\backmir\bmclient\Common\GameRenderObject.h	557	1	BackMirClient
Error	9157	error C2065: 'm_drt' : undeclared identifier	y:\develop\github\backmir\bmclient\Common\GameRenderObject.h	253	1	BackMirClient
Error	9158	error C2065: 'PDT_DOWN' : undeclared identifier	y:\develop\github\backmir\bmclient\Common\GameRenderObject.h	253	1	BackMirClient
Error	9159	error C2065: 'm_sex' : undeclared identifier	y:\develop\github\backmir\bmclient\Common\GameRenderObject.h	254	1	BackMirClient
Error	9160	error C2065: 'PSX_MAN' : undeclared identifier	y:\develop\github\backmir\bmclient\Common\GameRenderObject.h	254	1	BackMirClient
Error	9161	error C2065: 'm_preStat' : undeclared identifier	y:\develop\github\backmir\bmclient\Common\GameRenderObject.h	255	1	BackMirClient
Error	9162	error C2065: 'm_stat' : undeclared identifier	y:\develop\github\backmir\bmclient\Common\GameRenderObject.h	255	1	BackMirClient
Error	9163	error C2065: 'PST_STAND' : undeclared identifier	y:\develop\github\backmir\bmclient\Common\GameRenderObject.h	255	1	BackMirClient
Error	9164	error C2065: 'm_drt' : undeclared identifier	y:\develop\github\backmir\bmclient\Common\GameRenderObject.h	310	1	BackMirClient
Error	9165	error C2065: '_pd' : undeclared identifier	y:\develop\github\backmir\bmclient\Common\GameRenderObject.h	310	1	BackMirClient
Error	9166	error C2065: 'm_drt' : undeclared identifier	y:\develop\github\backmir\bmclient\Common\GameRenderObject.h	314	1	BackMirClient
Error	9167	error C2065: 'm_stat' : undeclared identifier	y:\develop\github\backmir\bmclient\Common\GameRenderObject.h	318	1	BackMirClient
Error	9168	error C2065: '_ps' : undeclared identifier	y:\develop\github\backmir\bmclient\Common\GameRenderObject.h	318	1	BackMirClient
Error	9169	error C2065: '_ps' : undeclared identifier	y:\develop\github\backmir\bmclient\Common\GameRenderObject.h	320	1	BackMirClient
Error	9170	error C2065: 'PST_STAND' : undeclared identifier	y:\develop\github\backmir\bmclient\Common\GameRenderObject.h	320	1	BackMirClient
Error	9171	error C2065: '_ps' : undeclared identifier	y:\develop\github\backmir\bmclient\Common\GameRenderObject.h	324	1	BackMirClient
Error	9172	error C2065: 'm_stat' : undeclared identifier	y:\develop\github\backmir\bmclient\Common\GameRenderObject.h	328	1	BackMirClient
Error	9173	error C2065: 'm_preStat' : undeclared identifier	y:\develop\github\backmir\bmclient\Common\GameRenderObject.h	332	1	BackMirClient
Error	9174	error C2065: 'm_sex' : undeclared identifier	y:\develop\github\backmir\bmclient\Common\GameRenderObject.h	356	1	BackMirClient
Error	9175	error C2065: '_ps' : undeclared identifier	y:\develop\github\backmir\bmclient\Common\GameRenderObject.h	356	1	BackMirClient
Error	9176	error C2065: 'm_sex' : undeclared identifier	y:\develop\github\backmir\bmclient\Common\GameRenderObject.h	360	1	BackMirClient
Error	9177	error C2065: 'PST_DEAD' : undeclared identifier	y:\develop\github\backmir\bmclient\Common\GameRenderObject.h	429	1	BackMirClient
Error	9178	error C1083: Cannot open include file: 'FastDelegateBind.h': No such file or directory	y:\develop\github\backmir\bmclient\gamedialog\GameCommonDlg.h	9	1	BackMirClient
Warning	9179	warning C4819: The file contains a character that cannot be represented in the current code page (936). Save the file in Unicode format to prevent data loss	y:\develop\github\backmir\bmclient\Common\GlobalDefine.h	1	1	BackMirClient
Error	9180	error C2447: '{' : missing function header (old-style formal list?)	y:\develop\github\backmir\bmclient\Common\GlobalDefine.h	91	1	BackMirClient
Error	9181	error C2447: '{' : missing function header (old-style formal list?)	y:\develop\github\backmir\bmclient\Common\GlobalDefine.h	103	1	BackMirClient
Error	9182	error C2447: '{' : missing function header (old-style formal list?)	y:\develop\github\backmir\bmclient\Common\GlobalDefine.h	128	1	BackMirClient
Error	9183	error C2146: syntax error : missing ';' before identifier 'GetAngle'	y:\develop\github\backmir\bmclient\Common\GlobalFunction.h	26	1	BackMirClient
Error	9184	error C4430: missing type specifier - int assumed. Note: C++ does not support default-int	y:\develop\github\backmir\bmclient\Common\GlobalFunction.h	26	1	BackMirClient
Error	9185	error C4430: missing type specifier - int assumed. Note: C++ does not support default-int	y:\develop\github\backmir\bmclient\net\PacketHandler.h	71	1	BackMirClient
Error	9186	error C2143: syntax error : missing ',' before '&'	y:\develop\github\backmir\bmclient\net\PacketHandler.h	71	1	BackMirClient
Warning	9187	warning C4819: The file contains a character that cannot be represented in the current code page (936). Save the file in Unicode format to prevent data loss	y:\develop\github\backmir\CommonModule\MagicEffectID.h	1	1	BackMirClient
Error	9188	error C2061: syntax error : identifier 'PLAYER_DIRECTION'	y:\develop\github\backmir\bmclient\Common\GameRenderObject.h	308	1	BackMirClient
Error	9189	error C2146: syntax error : missing ';' before identifier 'GetDirection'	y:\develop\github\backmir\bmclient\Common\GameRenderObject.h	312	1	BackMirClient
Error	9190	error C2433: 'GameObject::PLAYER_DIRECTION' : 'inline' not permitted on data declarations	y:\develop\github\backmir\bmclient\Common\GameRenderObject.h	312	1	BackMirClient
Error	9191	error C4430: missing type specifier - int assumed. Note: C++ does not support default-int	y:\develop\github\backmir\bmclient\Common\GameRenderObject.h	312	1	BackMirClient
Error	9192	error C4430: missing type specifier - int assumed. Note: C++ does not support default-int	y:\develop\github\backmir\bmclient\Common\GameRenderObject.h	313	1	BackMirClient
Warning	9193	warning C4183: 'GetDirection': missing return type; assumed to be a member function returning 'int'	y:\develop\github\backmir\bmclient\Common\GameRenderObject.h	315	1	BackMirClient
Error	9194	error C2061: syntax error : identifier 'PLAYER_STATUS'	y:\develop\github\backmir\bmclient\Common\GameRenderObject.h	316	1	BackMirClient
Error	9195	error C2146: syntax error : missing ';' before identifier 'GetStatus'	y:\develop\github\backmir\bmclient\Common\GameRenderObject.h	326	1	BackMirClient
Error	9196	error C2433: 'GameObject::PLAYER_STATUS' : 'inline' not permitted on data declarations	y:\develop\github\backmir\bmclient\Common\GameRenderObject.h	326	1	BackMirClient
Error	9197	error C4430: missing type specifier - int assumed. Note: C++ does not support default-int	y:\develop\github\backmir\bmclient\Common\GameRenderObject.h	326	1	BackMirClient
Error	9198	error C4430: missing type specifier - int assumed. Note: C++ does not support default-int	y:\develop\github\backmir\bmclient\Common\GameRenderObject.h	327	1	BackMirClient
Warning	9199	warning C4183: 'GetStatus': missing return type; assumed to be a member function returning 'int'	y:\develop\github\backmir\bmclient\Common\GameRenderObject.h	329	1	BackMirClient
Error	9200	error C2146: syntax error : missing ';' before identifier 'GetPreStatus'	y:\develop\github\backmir\bmclient\Common\GameRenderObject.h	330	1	BackMirClient
Error	9201	error C2433: 'GameObject::PLAYER_STATUS' : 'inline' not permitted on data declarations	y:\develop\github\backmir\bmclient\Common\GameRenderObject.h	330	1	BackMirClient
Error	9202	error C4430: missing type specifier - int assumed. Note: C++ does not support default-int	y:\develop\github\backmir\bmclient\Common\GameRenderObject.h	330	1	BackMirClient
Error	9203	error C4430: missing type specifier - int assumed. Note: C++ does not support default-int	y:\develop\github\backmir\bmclient\Common\GameRenderObject.h	331	1	BackMirClient
Warning	9204	warning C4183: 'GetPreStatus': missing return type; assumed to be a member function returning 'int'	y:\develop\github\backmir\bmclient\Common\GameRenderObject.h	333	1	BackMirClient
Error	9205	error C2061: syntax error : identifier 'PLAYER_SEX'	y:\develop\github\backmir\bmclient\Common\GameRenderObject.h	354	1	BackMirClient
Error	9206	error C2146: syntax error : missing ';' before identifier 'GetPlayerSex'	y:\develop\github\backmir\bmclient\Common\GameRenderObject.h	358	1	BackMirClient
Error	9207	error C2433: 'GameObject::PLAYER_SEX' : 'inline' not permitted on data declarations	y:\develop\github\backmir\bmclient\Common\GameRenderObject.h	358	1	BackMirClient
Error	9208	error C4430: missing type specifier - int assumed. Note: C++ does not support default-int	y:\develop\github\backmir\bmclient\Common\GameRenderObject.h	358	1	BackMirClient
Error	9209	error C4430: missing type specifier - int assumed. Note: C++ does not support default-int	y:\develop\github\backmir\bmclient\Common\GameRenderObject.h	359	1	BackMirClient
Warning	9210	warning C4183: 'GetPlayerSex': missing return type; assumed to be a member function returning 'int'	y:\develop\github\backmir\bmclient\Common\GameRenderObject.h	361	1	BackMirClient
Error	9211	error C4430: missing type specifier - int assumed. Note: C++ does not support default-int	y:\develop\github\backmir\bmclient\Common\GameRenderObject.h	503	1	BackMirClient
Error	9212	error C2143: syntax error : missing ',' before '&'	y:\develop\github\backmir\bmclient\Common\GameRenderObject.h	503	1	BackMirClient
Error	9213	error C4430: missing type specifier - int assumed. Note: C++ does not support default-int	y:\develop\github\backmir\bmclient\Common\GameRenderObject.h	504	1	BackMirClient
Error	9214	error C2143: syntax error : missing ',' before '&'	y:\develop\github\backmir\bmclient\Common\GameRenderObject.h	504	1	BackMirClient
Error	9215	error C2535: 'void GameObject::DoPacket(const int)' : member function already defined or declared	y:\develop\github\backmir\bmclient\Common\GameRenderObject.h	504	1	BackMirClient
Error	9216	error C4430: missing type specifier - int assumed. Note: C++ does not support default-int	y:\develop\github\backmir\bmclient\Common\GameRenderObject.h	505	1	BackMirClient
Error	9217	error C2143: syntax error : missing ',' before '&'	y:\develop\github\backmir\bmclient\Common\GameRenderObject.h	505	1	BackMirClient
Error	9218	error C2535: 'void GameObject::DoPacket(const int)' : member function already defined or declared	y:\develop\github\backmir\bmclient\Common\GameRenderObject.h	505	1	BackMirClient
Error	9219	error C2061: syntax error : identifier 'PLAYER_STATUS'	y:\develop\github\backmir\bmclient\Common\GameRenderObject.h	513	1	BackMirClient
Error	9220	error C2146: syntax error : missing ';' before identifier 'm_drt'	y:\develop\github\backmir\bmclient\Common\GameRenderObject.h	554	1	BackMirClient
Error	9221	error C4430: missing type specifier - int assumed. Note: C++ does not support default-int	y:\develop\github\backmir\bmclient\Common\GameRenderObject.h	554	1	BackMirClient
Error	9222	error C2146: syntax error : missing ';' before identifier 'm_sex'	y:\develop\github\backmir\bmclient\Common\GameRenderObject.h	555	1	BackMirClient
Error	9223	error C4430: missing type specifier - int assumed. Note: C++ does not support default-int	y:\develop\github\backmir\bmclient\Common\GameRenderObject.h	555	1	BackMirClient
Error	9224	error C2146: syntax error : missing ';' before identifier 'm_stat'	y:\develop\github\backmir\bmclient\Common\GameRenderObject.h	556	1	BackMirClient
Error	9225	error C4430: missing type specifier - int assumed. Note: C++ does not support default-int	y:\develop\github\backmir\bmclient\Common\GameRenderObject.h	556	1	BackMirClient
Error	9226	error C2146: syntax error : missing ';' before identifier 'm_preStat'	y:\develop\github\backmir\bmclient\Common\GameRenderObject.h	557	1	BackMirClient
Error	9227	error C4430: missing type specifier - int assumed. Note: C++ does not support default-int	y:\develop\github\backmir\bmclient\Common\GameRenderObject.h	557	1	BackMirClient
Error	9228	error C2065: 'm_drt' : undeclared identifier	y:\develop\github\backmir\bmclient\Common\GameRenderObject.h	253	1	BackMirClient
Error	9229	error C2065: 'PDT_DOWN' : undeclared identifier	y:\develop\github\backmir\bmclient\Common\GameRenderObject.h	253	1	BackMirClient
Error	9230	error C2065: 'm_sex' : undeclared identifier	y:\develop\github\backmir\bmclient\Common\GameRenderObject.h	254	1	BackMirClient
Error	9231	error C2065: 'PSX_MAN' : undeclared identifier	y:\develop\github\backmir\bmclient\Common\GameRenderObject.h	254	1	BackMirClient
Error	9232	error C2065: 'm_preStat' : undeclared identifier	y:\develop\github\backmir\bmclient\Common\GameRenderObject.h	255	1	BackMirClient
Error	9233	error C2065: 'm_stat' : undeclared identifier	y:\develop\github\backmir\bmclient\Common\GameRenderObject.h	255	1	BackMirClient
Error	9234	error C2065: 'PST_STAND' : undeclared identifier	y:\develop\github\backmir\bmclient\Common\GameRenderObject.h	255	1	BackMirClient
Error	9235	error C2065: 'm_drt' : undeclared identifier	y:\develop\github\backmir\bmclient\Common\GameRenderObject.h	310	1	BackMirClient
Error	9236	error C2065: '_pd' : undeclared identifier	y:\develop\github\backmir\bmclient\Common\GameRenderObject.h	310	1	BackMirClient
Error	9237	error C2065: 'm_drt' : undeclared identifier	y:\develop\github\backmir\bmclient\Common\GameRenderObject.h	314	1	BackMirClient
Error	9238	error C2065: 'm_stat' : undeclared identifier	y:\develop\github\backmir\bmclient\Common\GameRenderObject.h	318	1	BackMirClient
Error	9239	error C2065: '_ps' : undeclared identifier	y:\develop\github\backmir\bmclient\Common\GameRenderObject.h	318	1	BackMirClient
Error	9240	error C2065: '_ps' : undeclared identifier	y:\develop\github\backmir\bmclient\Common\GameRenderObject.h	320	1	BackMirClient
Error	9241	error C2065: 'PST_STAND' : undeclared identifier	y:\develop\github\backmir\bmclient\Common\GameRenderObject.h	320	1	BackMirClient
Error	9242	error C2065: '_ps' : undeclared identifier	y:\develop\github\backmir\bmclient\Common\GameRenderObject.h	324	1	BackMirClient
Error	9243	error C2065: 'm_stat' : undeclared identifier	y:\develop\github\backmir\bmclient\Common\GameRenderObject.h	328	1	BackMirClient
Error	9244	error C2065: 'm_preStat' : undeclared identifier	y:\develop\github\backmir\bmclient\Common\GameRenderObject.h	332	1	BackMirClient
Error	9245	error C2065: 'm_sex' : undeclared identifier	y:\develop\github\backmir\bmclient\Common\GameRenderObject.h	356	1	BackMirClient
Error	9246	error C2065: '_ps' : undeclared identifier	y:\develop\github\backmir\bmclient\Common\GameRenderObject.h	356	1	BackMirClient
Error	9247	error C2065: 'm_sex' : undeclared identifier	y:\develop\github\backmir\bmclient\Common\GameRenderObject.h	360	1	BackMirClient
Error	9248	error C2065: 'PST_DEAD' : undeclared identifier	y:\develop\github\backmir\bmclient\Common\GameRenderObject.h	429	1	BackMirClient
Warning	9249	warning C4819: The file contains a character that cannot be represented in the current code page (936). Save the file in Unicode format to prevent data loss	y:\develop\github\backmir\CommonModule\ShareDefine.h	1	1	BackMirClient
Error	9250	error C2365: 'RES_ITEMS' : redefinition; previous definition was 'enumerator'	y:\develop\github\backmir\CommonModule\ShareDefine.h	79	1	BackMirClient
Error	9251	error C2365: 'RES_STATUS' : redefinition; previous definition was 'enumerator'	y:\develop\github\backmir\CommonModule\ShareDefine.h	80	1	BackMirClient
Error	9252	error C2365: 'RES_CUSTOM' : redefinition; previous definition was 'enumerator'	y:\develop\github\backmir\CommonModule\ShareDefine.h	81	1	BackMirClient
Error	9253	error C2365: 'RES_TOTAL' : redefinition; previous definition was 'enumerator'	y:\develop\github\backmir\CommonModule\ShareDefine.h	82	1	BackMirClient
Error	9254	error C2065: 'MEFF_USERTOTAL' : undeclared identifier	y:\develop\github\backmir\bmclient\GameScene\MagicEffect.h	8	1	BackMirClient
Error	9255	error C2061: syntax error : identifier 'PLAYER_STATUS'	y:\develop\github\backmir\bmclient\gamescene\GameOtherPlayer.h	29	1	BackMirClient
Error	9256	error C2061: syntax error : identifier 'MAGICEFFECT_TYPE'	y:\develop\github\backmir\bmclient\gamescene\GameOtherPlayer.h	52	1	BackMirClient
Error	9257	error C2061: syntax error : identifier 'MAGICEFFECT_TYPE'	y:\develop\github\backmir\bmclient\gamescene\GameOtherPlayer.h	53	1	BackMirClient
Error	9258	error C4430: missing type specifier - int assumed. Note: C++ does not support default-int	y:\develop\github\backmir\bmclient\gamescene\GameOtherPlayer.h	157	1	BackMirClient
Error	9259	error C2143: syntax error : missing ',' before '&'	y:\develop\github\backmir\bmclient\gamescene\GameOtherPlayer.h	157	1	BackMirClient
Error	9260	error C4430: missing type specifier - int assumed. Note: C++ does not support default-int	y:\develop\github\backmir\bmclient\gamescene\GameOtherPlayer.h	201	1	BackMirClient
Error	9261	error C2143: syntax error : missing ',' before '&'	y:\develop\github\backmir\bmclient\gamescene\GameOtherPlayer.h	201	1	BackMirClient
Error	9262	error C2535: 'void GameOtherPlayer::DoPacket(const int)' : member function already defined or declared	y:\develop\github\backmir\bmclient\gamescene\GameOtherPlayer.h	201	1	BackMirClient
Error	9263	error C2146: syntax error : missing ';' before identifier 'm_eEffect'	y:\develop\github\backmir\bmclient\gamescene\GameOtherPlayer.h	228	1	BackMirClient
Error	9264	error C4430: missing type specifier - int assumed. Note: C++ does not support default-int	y:\develop\github\backmir\bmclient\gamescene\GameOtherPlayer.h	228	1	BackMirClient
Error	9265	error C2065: 'MAGICEFFECT_TOTAL' : undeclared identifier	y:\develop\github\backmir\bmclient\gamescene\GameOtherPlayer.h	228	1	BackMirClient
Warning	9266	warning C4819: The file contains a character that cannot be represented in the current code page (936). Save the file in Unicode format to prevent data loss	y:\develop\github\backmir\CommonModule\RandGenerator.h	1	1	BackMirClient
Warning	9267	warning C4819: The file contains a character that cannot be represented in the current code page (936). Save the file in Unicode format to prevent data loss	y:\develop\github\backmir\CommonModule\CollDownController.h	1	1	BackMirClient
Error	9268	error C2061: syntax error : identifier 'PLAYER_DIRECTION'	y:\develop\github\backmir\bmclient\gamescene\GamePlayer.h	57	1	BackMirClient
Error	9269	error C2061: syntax error : identifier 'PLAYER_DIRECTION'	y:\develop\github\backmir\bmclient\gamescene\GamePlayer.h	58	1	BackMirClient
Error	9270	error C2143: syntax error : missing ';' before '*'	y:\develop\github\backmir\bmclient\gamescene\GamePlayer.h	73	1	BackMirClient
Error	9271	error C4430: missing type specifier - int assumed. Note: C++ does not support default-int	y:\develop\github\backmir\bmclient\gamescene\GamePlayer.h	73	1	BackMirClient
Error	9272	error C4430: missing type specifier - int assumed. Note: C++ does not support default-int	y:\develop\github\backmir\bmclient\gamescene\GamePlayer.h	74	1	BackMirClient
Warning	9273	warning C4183: 'GetEquip': missing return type; assumed to be a member function returning 'int'	y:\develop\github\backmir\bmclient\gamescene\GamePlayer.h	76	1	BackMirClient
Error	9274	error C2146: syntax error : missing ';' before identifier 'm_equipAttrib'	y:\develop\github\backmir\bmclient\gamescene\GamePlayer.h	350	1	BackMirClient
Error	9275	error C4430: missing type specifier - int assumed. Note: C++ does not support default-int	y:\develop\github\backmir\bmclient\gamescene\GamePlayer.h	350	1	BackMirClient
Error	9276	error C2146: syntax error : missing ';' before identifier 'm_indexs'	y:\develop\github\backmir\bmclient\gamescene\GamePlayer.h	361	1	BackMirClient
Error	9277	error C4430: missing type specifier - int assumed. Note: C++ does not support default-int	y:\develop\github\backmir\bmclient\gamescene\GamePlayer.h	361	1	BackMirClient
Error	9278	error C2065: 'ADD_NORMAL' : undeclared identifier	y:\develop\github\backmir\bmclient\gamescene\GamePlayer.h	182	1	BackMirClient
Error	9279	error C2065: 'ADD_NORMAL' : undeclared identifier	y:\develop\github\backmir\bmclient\gamescene\GamePlayer.h	183	1	BackMirClient
Error	9280	error C2065: 'm_equipAttrib' : undeclared identifier	y:\develop\github\backmir\bmclient\gamescene\GamePlayer.h	75	1	BackMirClient
Error	9281	error C2065: 'PST_NONE' : undeclared identifier	y:\develop\github\backmir\bmclient\gamescene\GamePlayer.h	84	1	BackMirClient
Error	9282	error C2065: 'g_nWanLiTable' : undeclared identifier	y:\develop\github\backmir\bmclient\gamescene\GamePlayer.h	135	1	BackMirClient
Error	9283	error C2146: syntax error : missing ';' before identifier 'm_xShowItems'	y:\develop\github\backmir\bmclient\GameScene\GameMapManager.h	137	1	BackMirClient
Error	9284	error C4430: missing type specifier - int assumed. Note: C++ does not support default-int	y:\develop\github\backmir\bmclient\GameScene\GameMapManager.h	137	1	BackMirClient
Error	9285	error C2146: syntax error : missing ';' before identifier 'm_xMouseItems'	y:\develop\github\backmir\bmclient\GameScene\GameMapManager.h	138	1	BackMirClient
Error	9286	error C4430: missing type specifier - int assumed. Note: C++ does not support default-int	y:\develop\github\backmir\bmclient\GameScene\GameMapManager.h	138	1	BackMirClient
Error	9287	error C2065: 'm_xMouseItems' : undeclared identifier	y:\develop\github\backmir\bmclient\GameScene\GameMapManager.h	80	1	BackMirClient
Error	9288	error C2228: left of '.push_back' must have class/struct/union	y:\develop\github\backmir\bmclient\GameScene\GameMapManager.h	80	1	BackMirClient
Error	9289	error C1083: Cannot open include file: 'FastDelegateBind.h': No such file or directory	y:\develop\github\backmir\bmclient\GameDialog\GameCommonDlg.h	9	1	BackMirClient
Warning	9290	warning C4819: The file contains a character that cannot be represented in the current code page (936). Save the file in Unicode format to prevent data loss	y:\develop\github\backmir\bmclient\Common\GlobalDefine.h	1	1	BackMirClient
Error	9291	error C2447: '{' : missing function header (old-style formal list?)	y:\develop\github\backmir\bmclient\Common\GlobalDefine.h	91	1	BackMirClient
Error	9292	error C2447: '{' : missing function header (old-style formal list?)	y:\develop\github\backmir\bmclient\Common\GlobalDefine.h	103	1	BackMirClient
Error	9293	error C2447: '{' : missing function header (old-style formal list?)	y:\develop\github\backmir\bmclient\Common\GlobalDefine.h	128	1	BackMirClient
Error	9294	error C2146: syntax error : missing ';' before identifier 'GetAngle'	y:\develop\github\backmir\bmclient\Common\GlobalFunction.h	26	1	BackMirClient
Error	9295	error C4430: missing type specifier - int assumed. Note: C++ does not support default-int	y:\develop\github\backmir\bmclient\Common\GlobalFunction.h	26	1	BackMirClient
Error	9296	error C4430: missing type specifier - int assumed. Note: C++ does not support default-int	y:\develop\github\backmir\bmclient\net\PacketHandler.h	71	1	BackMirClient
Error	9297	error C2143: syntax error : missing ',' before '&'	y:\develop\github\backmir\bmclient\net\PacketHandler.h	71	1	BackMirClient
Warning	9298	warning C4819: The file contains a character that cannot be represented in the current code page (936). Save the file in Unicode format to prevent data loss	y:\develop\github\backmir\CommonModule\MagicEffectID.h	1	1	BackMirClient
Error	9299	error C2061: syntax error : identifier 'PLAYER_DIRECTION'	y:\develop\github\backmir\bmclient\Common\GameRenderObject.h	308	1	BackMirClient
Error	9300	error C2146: syntax error : missing ';' before identifier 'GetDirection'	y:\develop\github\backmir\bmclient\Common\GameRenderObject.h	312	1	BackMirClient
Error	9301	error C2433: 'GameObject::PLAYER_DIRECTION' : 'inline' not permitted on data declarations	y:\develop\github\backmir\bmclient\Common\GameRenderObject.h	312	1	BackMirClient
Error	9302	error C4430: missing type specifier - int assumed. Note: C++ does not support default-int	y:\develop\github\backmir\bmclient\Common\GameRenderObject.h	312	1	BackMirClient
Error	9303	error C4430: missing type specifier - int assumed. Note: C++ does not support default-int	y:\develop\github\backmir\bmclient\Common\GameRenderObject.h	313	1	BackMirClient
Warning	9304	warning C4183: 'GetDirection': missing return type; assumed to be a member function returning 'int'	y:\develop\github\backmir\bmclient\Common\GameRenderObject.h	315	1	BackMirClient
Error	9305	error C2061: syntax error : identifier 'PLAYER_STATUS'	y:\develop\github\backmir\bmclient\Common\GameRenderObject.h	316	1	BackMirClient
Error	9306	error C2146: syntax error : missing ';' before identifier 'GetStatus'	y:\develop\github\backmir\bmclient\Common\GameRenderObject.h	326	1	BackMirClient
Error	9307	error C2433: 'GameObject::PLAYER_STATUS' : 'inline' not permitted on data declarations	y:\develop\github\backmir\bmclient\Common\GameRenderObject.h	326	1	BackMirClient
Error	9308	error C4430: missing type specifier - int assumed. Note: C++ does not support default-int	y:\develop\github\backmir\bmclient\Common\GameRenderObject.h	326	1	BackMirClient
Error	9309	error C4430: missing type specifier - int assumed. Note: C++ does not support default-int	y:\develop\github\backmir\bmclient\Common\GameRenderObject.h	327	1	BackMirClient
Warning	9310	warning C4183: 'GetStatus': missing return type; assumed to be a member function returning 'int'	y:\develop\github\backmir\bmclient\Common\GameRenderObject.h	329	1	BackMirClient
Error	9311	error C2146: syntax error : missing ';' before identifier 'GetPreStatus'	y:\develop\github\backmir\bmclient\Common\GameRenderObject.h	330	1	BackMirClient
Error	9312	error C2433: 'GameObject::PLAYER_STATUS' : 'inline' not permitted on data declarations	y:\develop\github\backmir\bmclient\Common\GameRenderObject.h	330	1	BackMirClient
Error	9313	error C4430: missing type specifier - int assumed. Note: C++ does not support default-int	y:\develop\github\backmir\bmclient\Common\GameRenderObject.h	330	1	BackMirClient
Error	9314	error C4430: missing type specifier - int assumed. Note: C++ does not support default-int	y:\develop\github\backmir\bmclient\Common\GameRenderObject.h	331	1	BackMirClient
Warning	9315	warning C4183: 'GetPreStatus': missing return type; assumed to be a member function returning 'int'	y:\develop\github\backmir\bmclient\Common\GameRenderObject.h	333	1	BackMirClient
Error	9316	error C2061: syntax error : identifier 'PLAYER_SEX'	y:\develop\github\backmir\bmclient\Common\GameRenderObject.h	354	1	BackMirClient
Error	9317	error C2146: syntax error : missing ';' before identifier 'GetPlayerSex'	y:\develop\github\backmir\bmclient\Common\GameRenderObject.h	358	1	BackMirClient
Error	9318	error C2433: 'GameObject::PLAYER_SEX' : 'inline' not permitted on data declarations	y:\develop\github\backmir\bmclient\Common\GameRenderObject.h	358	1	BackMirClient
Error	9319	error C4430: missing type specifier - int assumed. Note: C++ does not support default-int	y:\develop\github\backmir\bmclient\Common\GameRenderObject.h	358	1	BackMirClient
Error	9320	error C4430: missing type specifier - int assumed. Note: C++ does not support default-int	y:\develop\github\backmir\bmclient\Common\GameRenderObject.h	359	1	BackMirClient
Warning	9321	warning C4183: 'GetPlayerSex': missing return type; assumed to be a member function returning 'int'	y:\develop\github\backmir\bmclient\Common\GameRenderObject.h	361	1	BackMirClient
Error	9322	error C4430: missing type specifier - int assumed. Note: C++ does not support default-int	y:\develop\github\backmir\bmclient\Common\GameRenderObject.h	503	1	BackMirClient
Error	9323	error C2143: syntax error : missing ',' before '&'	y:\develop\github\backmir\bmclient\Common\GameRenderObject.h	503	1	BackMirClient
Error	9324	error C4430: missing type specifier - int assumed. Note: C++ does not support default-int	y:\develop\github\backmir\bmclient\Common\GameRenderObject.h	504	1	BackMirClient
Error	9325	error C2143: syntax error : missing ',' before '&'	y:\develop\github\backmir\bmclient\Common\GameRenderObject.h	504	1	BackMirClient
Error	9326	error C2535: 'void GameObject::DoPacket(const int)' : member function already defined or declared	y:\develop\github\backmir\bmclient\Common\GameRenderObject.h	504	1	BackMirClient
Error	9327	error C4430: missing type specifier - int assumed. Note: C++ does not support default-int	y:\develop\github\backmir\bmclient\Common\GameRenderObject.h	505	1	BackMirClient
Error	9328	error C2143: syntax error : missing ',' before '&'	y:\develop\github\backmir\bmclient\Common\GameRenderObject.h	505	1	BackMirClient
Error	9329	error C2535: 'void GameObject::DoPacket(const int)' : member function already defined or declared	y:\develop\github\backmir\bmclient\Common\GameRenderObject.h	505	1	BackMirClient
Error	9330	error C2061: syntax error : identifier 'PLAYER_STATUS'	y:\develop\github\backmir\bmclient\Common\GameRenderObject.h	513	1	BackMirClient
Error	9331	error C2146: syntax error : missing ';' before identifier 'm_drt'	y:\develop\github\backmir\bmclient\Common\GameRenderObject.h	554	1	BackMirClient
Error	9332	error C4430: missing type specifier - int assumed. Note: C++ does not support default-int	y:\develop\github\backmir\bmclient\Common\GameRenderObject.h	554	1	BackMirClient
Error	9333	error C2146: syntax error : missing ';' before identifier 'm_sex'	y:\develop\github\backmir\bmclient\Common\GameRenderObject.h	555	1	BackMirClient
Error	9334	error C4430: missing type specifier - int assumed. Note: C++ does not support default-int	y:\develop\github\backmir\bmclient\Common\GameRenderObject.h	555	1	BackMirClient
Error	9335	error C2146: syntax error : missing ';' before identifier 'm_stat'	y:\develop\github\backmir\bmclient\Common\GameRenderObject.h	556	1	BackMirClient
Error	9336	error C4430: missing type specifier - int assumed. Note: C++ does not support default-int	y:\develop\github\backmir\bmclient\Common\GameRenderObject.h	556	1	BackMirClient
Error	9337	error C2146: syntax error : missing ';' before identifier 'm_preStat'	y:\develop\github\backmir\bmclient\Common\GameRenderObject.h	557	1	BackMirClient
Error	9338	error C4430: missing type specifier - int assumed. Note: C++ does not support default-int	y:\develop\github\backmir\bmclient\Common\GameRenderObject.h	557	1	BackMirClient
Error	9339	error C2065: 'm_drt' : undeclared identifier	y:\develop\github\backmir\bmclient\Common\GameRenderObject.h	253	1	BackMirClient
Error	9340	error C2065: 'PDT_DOWN' : undeclared identifier	y:\develop\github\backmir\bmclient\Common\GameRenderObject.h	253	1	BackMirClient
Error	9341	error C2065: 'm_sex' : undeclared identifier	y:\develop\github\backmir\bmclient\Common\GameRenderObject.h	254	1	BackMirClient
Error	9342	error C2065: 'PSX_MAN' : undeclared identifier	y:\develop\github\backmir\bmclient\Common\GameRenderObject.h	254	1	BackMirClient
Error	9343	error C2065: 'm_preStat' : undeclared identifier	y:\develop\github\backmir\bmclient\Common\GameRenderObject.h	255	1	BackMirClient
Error	9344	error C2065: 'm_stat' : undeclared identifier	y:\develop\github\backmir\bmclient\Common\GameRenderObject.h	255	1	BackMirClient
Error	9345	error C2065: 'PST_STAND' : undeclared identifier	y:\develop\github\backmir\bmclient\Common\GameRenderObject.h	255	1	BackMirClient
Error	9346	error C2065: 'm_drt' : undeclared identifier	y:\develop\github\backmir\bmclient\Common\GameRenderObject.h	310	1	BackMirClient
Error	9347	error C2065: '_pd' : undeclared identifier	y:\develop\github\backmir\bmclient\Common\GameRenderObject.h	310	1	BackMirClient
Error	9348	error C2065: 'm_drt' : undeclared identifier	y:\develop\github\backmir\bmclient\Common\GameRenderObject.h	314	1	BackMirClient
Error	9349	error C2065: 'm_stat' : undeclared identifier	y:\develop\github\backmir\bmclient\Common\GameRenderObject.h	318	1	BackMirClient
Error	9350	error C2065: '_ps' : undeclared identifier	y:\develop\github\backmir\bmclient\Common\GameRenderObject.h	318	1	BackMirClient
Error	9351	error C2065: '_ps' : undeclared identifier	y:\develop\github\backmir\bmclient\Common\GameRenderObject.h	320	1	BackMirClient
Error	9352	error C2065: 'PST_STAND' : undeclared identifier	y:\develop\github\backmir\bmclient\Common\GameRenderObject.h	320	1	BackMirClient
Error	9353	error C2065: '_ps' : undeclared identifier	y:\develop\github\backmir\bmclient\Common\GameRenderObject.h	324	1	BackMirClient
Error	9354	error C2065: 'm_stat' : undeclared identifier	y:\develop\github\backmir\bmclient\Common\GameRenderObject.h	328	1	BackMirClient
Error	9355	error C2065: 'm_preStat' : undeclared identifier	y:\develop\github\backmir\bmclient\Common\GameRenderObject.h	332	1	BackMirClient
Error	9356	error C2065: 'm_sex' : undeclared identifier	y:\develop\github\backmir\bmclient\Common\GameRenderObject.h	356	1	BackMirClient
Error	9357	error C2065: '_ps' : undeclared identifier	y:\develop\github\backmir\bmclient\Common\GameRenderObject.h	356	1	BackMirClient
Error	9358	error C2065: 'm_sex' : undeclared identifier	y:\develop\github\backmir\bmclient\Common\GameRenderObject.h	360	1	BackMirClient
Error	9359	error C2065: 'PST_DEAD' : undeclared identifier	y:\develop\github\backmir\bmclient\Common\GameRenderObject.h	429	1	BackMirClient
Error	9360	error C1083: Cannot open include file: 'FastDelegateBind.h': No such file or directory	y:\develop\github\backmir\bmclient\gamedialog\GameCommonDlg.h	9	1	BackMirClient
Warning	9361	warning C4819: The file contains a character that cannot be represented in the current code page (936). Save the file in Unicode format to prevent data loss	y:\develop\github\backmir\bmclient\Common\GlobalDefine.h	1	1	BackMirClient
Error	9362	error C2447: '{' : missing function header (old-style formal list?)	y:\develop\github\backmir\bmclient\Common\GlobalDefine.h	91	1	BackMirClient
Error	9363	error C2447: '{' : missing function header (old-style formal list?)	y:\develop\github\backmir\bmclient\Common\GlobalDefine.h	103	1	BackMirClient
Error	9364	error C2447: '{' : missing function header (old-style formal list?)	y:\develop\github\backmir\bmclient\Common\GlobalDefine.h	128	1	BackMirClient
Error	9365	error C2146: syntax error : missing ';' before identifier 'GetAngle'	y:\develop\github\backmir\bmclient\Common\GlobalFunction.h	26	1	BackMirClient
Error	9366	error C4430: missing type specifier - int assumed. Note: C++ does not support default-int	y:\develop\github\backmir\bmclient\Common\GlobalFunction.h	26	1	BackMirClient
Error	9367	error C4430: missing type specifier - int assumed. Note: C++ does not support default-int	y:\develop\github\backmir\bmclient\net\PacketHandler.h	71	1	BackMirClient
Error	9368	error C2143: syntax error : missing ',' before '&'	y:\develop\github\backmir\bmclient\net\PacketHandler.h	71	1	BackMirClient
Warning	9369	warning C4819: The file contains a character that cannot be represented in the current code page (936). Save the file in Unicode format to prevent data loss	y:\develop\github\backmir\CommonModule\MagicEffectID.h	1	1	BackMirClient
Error	9370	error C2061: syntax error : identifier 'PLAYER_DIRECTION'	y:\develop\github\backmir\bmclient\Common\GameRenderObject.h	308	1	BackMirClient
Error	9371	error C2146: syntax error : missing ';' before identifier 'GetDirection'	y:\develop\github\backmir\bmclient\Common\GameRenderObject.h	312	1	BackMirClient
Error	9372	error C2433: 'GameObject::PLAYER_DIRECTION' : 'inline' not permitted on data declarations	y:\develop\github\backmir\bmclient\Common\GameRenderObject.h	312	1	BackMirClient
Error	9373	error C4430: missing type specifier - int assumed. Note: C++ does not support default-int	y:\develop\github\backmir\bmclient\Common\GameRenderObject.h	312	1	BackMirClient
Error	9374	error C4430: missing type specifier - int assumed. Note: C++ does not support default-int	y:\develop\github\backmir\bmclient\Common\GameRenderObject.h	313	1	BackMirClient
Warning	9375	warning C4183: 'GetDirection': missing return type; assumed to be a member function returning 'int'	y:\develop\github\backmir\bmclient\Common\GameRenderObject.h	315	1	BackMirClient
Error	9376	error C2061: syntax error : identifier 'PLAYER_STATUS'	y:\develop\github\backmir\bmclient\Common\GameRenderObject.h	316	1	BackMirClient
Error	9377	error C2146: syntax error : missing ';' before identifier 'GetStatus'	y:\develop\github\backmir\bmclient\Common\GameRenderObject.h	326	1	BackMirClient
Error	9378	error C2433: 'GameObject::PLAYER_STATUS' : 'inline' not permitted on data declarations	y:\develop\github\backmir\bmclient\Common\GameRenderObject.h	326	1	BackMirClient
Error	9379	error C4430: missing type specifier - int assumed. Note: C++ does not support default-int	y:\develop\github\backmir\bmclient\Common\GameRenderObject.h	326	1	BackMirClient
Error	9380	error C4430: missing type specifier - int assumed. Note: C++ does not support default-int	y:\develop\github\backmir\bmclient\Common\GameRenderObject.h	327	1	BackMirClient
Warning	9381	warning C4183: 'GetStatus': missing return type; assumed to be a member function returning 'int'	y:\develop\github\backmir\bmclient\Common\GameRenderObject.h	329	1	BackMirClient
Error	9382	error C2146: syntax error : missing ';' before identifier 'GetPreStatus'	y:\develop\github\backmir\bmclient\Common\GameRenderObject.h	330	1	BackMirClient
Error	9383	error C2433: 'GameObject::PLAYER_STATUS' : 'inline' not permitted on data declarations	y:\develop\github\backmir\bmclient\Common\GameRenderObject.h	330	1	BackMirClient
Error	9384	error C4430: missing type specifier - int assumed. Note: C++ does not support default-int	y:\develop\github\backmir\bmclient\Common\GameRenderObject.h	330	1	BackMirClient
Error	9385	error C4430: missing type specifier - int assumed. Note: C++ does not support default-int	y:\develop\github\backmir\bmclient\Common\GameRenderObject.h	331	1	BackMirClient
Warning	9386	warning C4183: 'GetPreStatus': missing return type; assumed to be a member function returning 'int'	y:\develop\github\backmir\bmclient\Common\GameRenderObject.h	333	1	BackMirClient
Error	9387	error C2061: syntax error : identifier 'PLAYER_SEX'	y:\develop\github\backmir\bmclient\Common\GameRenderObject.h	354	1	BackMirClient
Error	9388	error C2146: syntax error : missing ';' before identifier 'GetPlayerSex'	y:\develop\github\backmir\bmclient\Common\GameRenderObject.h	358	1	BackMirClient
Error	9389	error C2433: 'GameObject::PLAYER_SEX' : 'inline' not permitted on data declarations	y:\develop\github\backmir\bmclient\Common\GameRenderObject.h	358	1	BackMirClient
Error	9390	error C4430: missing type specifier - int assumed. Note: C++ does not support default-int	y:\develop\github\backmir\bmclient\Common\GameRenderObject.h	358	1	BackMirClient
Error	9391	error C4430: missing type specifier - int assumed. Note: C++ does not support default-int	y:\develop\github\backmir\bmclient\Common\GameRenderObject.h	359	1	BackMirClient
Warning	9392	warning C4183: 'GetPlayerSex': missing return type; assumed to be a member function returning 'int'	y:\develop\github\backmir\bmclient\Common\GameRenderObject.h	361	1	BackMirClient
Error	9393	error C4430: missing type specifier - int assumed. Note: C++ does not support default-int	y:\develop\github\backmir\bmclient\Common\GameRenderObject.h	503	1	BackMirClient
Error	9394	error C2143: syntax error : missing ',' before '&'	y:\develop\github\backmir\bmclient\Common\GameRenderObject.h	503	1	BackMirClient
Error	9395	error C4430: missing type specifier - int assumed. Note: C++ does not support default-int	y:\develop\github\backmir\bmclient\Common\GameRenderObject.h	504	1	BackMirClient
Error	9396	error C2143: syntax error : missing ',' before '&'	y:\develop\github\backmir\bmclient\Common\GameRenderObject.h	504	1	BackMirClient
Error	9397	error C2535: 'void GameObject::DoPacket(const int)' : member function already defined or declared	y:\develop\github\backmir\bmclient\Common\GameRenderObject.h	504	1	BackMirClient
Error	9398	error C4430: missing type specifier - int assumed. Note: C++ does not support default-int	y:\develop\github\backmir\bmclient\Common\GameRenderObject.h	505	1	BackMirClient
Error	9399	error C2143: syntax error : missing ',' before '&'	y:\develop\github\backmir\bmclient\Common\GameRenderObject.h	505	1	BackMirClient
Error	9400	error C2535: 'void GameObject::DoPacket(const int)' : member function already defined or declared	y:\develop\github\backmir\bmclient\Common\GameRenderObject.h	505	1	BackMirClient
Error	9401	error C2061: syntax error : identifier 'PLAYER_STATUS'	y:\develop\github\backmir\bmclient\Common\GameRenderObject.h	513	1	BackMirClient
Error	9402	error C2146: syntax error : missing ';' before identifier 'm_drt'	y:\develop\github\backmir\bmclient\Common\GameRenderObject.h	554	1	BackMirClient
Error	9403	error C4430: missing type specifier - int assumed. Note: C++ does not support default-int	y:\develop\github\backmir\bmclient\Common\GameRenderObject.h	554	1	BackMirClient
Error	9404	error C2146: syntax error : missing ';' before identifier 'm_sex'	y:\develop\github\backmir\bmclient\Common\GameRenderObject.h	555	1	BackMirClient
Error	9405	error C4430: missing type specifier - int assumed. Note: C++ does not support default-int	y:\develop\github\backmir\bmclient\Common\GameRenderObject.h	555	1	BackMirClient
Error	9406	error C2146: syntax error : missing ';' before identifier 'm_stat'	y:\develop\github\backmir\bmclient\Common\GameRenderObject.h	556	1	BackMirClient
Error	9407	error C4430: missing type specifier - int assumed. Note: C++ does not support default-int	y:\develop\github\backmir\bmclient\Common\GameRenderObject.h	556	1	BackMirClient
Error	9408	error C2146: syntax error : missing ';' before identifier 'm_preStat'	y:\develop\github\backmir\bmclient\Common\GameRenderObject.h	557	1	BackMirClient
Error	9409	error C4430: missing type specifier - int assumed. Note: C++ does not support default-int	y:\develop\github\backmir\bmclient\Common\GameRenderObject.h	557	1	BackMirClient
Error	9410	error C2065: 'm_drt' : undeclared identifier	y:\develop\github\backmir\bmclient\Common\GameRenderObject.h	253	1	BackMirClient
Error	9411	error C2065: 'PDT_DOWN' : undeclared identifier	y:\develop\github\backmir\bmclient\Common\GameRenderObject.h	253	1	BackMirClient
Error	9412	error C2065: 'm_sex' : undeclared identifier	y:\develop\github\backmir\bmclient\Common\GameRenderObject.h	254	1	BackMirClient
Error	9413	error C2065: 'PSX_MAN' : undeclared identifier	y:\develop\github\backmir\bmclient\Common\GameRenderObject.h	254	1	BackMirClient
Error	9414	error C2065: 'm_preStat' : undeclared identifier	y:\develop\github\backmir\bmclient\Common\GameRenderObject.h	255	1	BackMirClient
Error	9415	error C2065: 'm_stat' : undeclared identifier	y:\develop\github\backmir\bmclient\Common\GameRenderObject.h	255	1	BackMirClient
Error	9416	error C2065: 'PST_STAND' : undeclared identifier	y:\develop\github\backmir\bmclient\Common\GameRenderObject.h	255	1	BackMirClient
Error	9417	error C2065: 'm_drt' : undeclared identifier	y:\develop\github\backmir\bmclient\Common\GameRenderObject.h	310	1	BackMirClient
Error	9418	error C2065: '_pd' : undeclared identifier	y:\develop\github\backmir\bmclient\Common\GameRenderObject.h	310	1	BackMirClient
Error	9419	error C2065: 'm_drt' : undeclared identifier	y:\develop\github\backmir\bmclient\Common\GameRenderObject.h	314	1	BackMirClient
Error	9420	error C2065: 'm_stat' : undeclared identifier	y:\develop\github\backmir\bmclient\Common\GameRenderObject.h	318	1	BackMirClient
Error	9421	error C2065: '_ps' : undeclared identifier	y:\develop\github\backmir\bmclient\Common\GameRenderObject.h	318	1	BackMirClient
Error	9422	error C2065: '_ps' : undeclared identifier	y:\develop\github\backmir\bmclient\Common\GameRenderObject.h	320	1	BackMirClient
Error	9423	error C2065: 'PST_STAND' : undeclared identifier	y:\develop\github\backmir\bmclient\Common\GameRenderObject.h	320	1	BackMirClient
Error	9424	error C2065: '_ps' : undeclared identifier	y:\develop\github\backmir\bmclient\Common\GameRenderObject.h	324	1	BackMirClient
Error	9425	error C2065: 'm_stat' : undeclared identifier	y:\develop\github\backmir\bmclient\Common\GameRenderObject.h	328	1	BackMirClient
Error	9426	error C2065: 'm_preStat' : undeclared identifier	y:\develop\github\backmir\bmclient\Common\GameRenderObject.h	332	1	BackMirClient
Error	9427	error C2065: 'm_sex' : undeclared identifier	y:\develop\github\backmir\bmclient\Common\GameRenderObject.h	356	1	BackMirClient
Error	9428	error C2065: '_ps' : undeclared identifier	y:\develop\github\backmir\bmclient\Common\GameRenderObject.h	356	1	BackMirClient
Error	9429	error C2065: 'm_sex' : undeclared identifier	y:\develop\github\backmir\bmclient\Common\GameRenderObject.h	360	1	BackMirClient
Error	9430	error C2065: 'PST_DEAD' : undeclared identifier	y:\develop\github\backmir\bmclient\Common\GameRenderObject.h	429	1	BackMirClient
Error	9431	error C1083: Cannot open include file: 'FastDelegateBind.h': No such file or directory	y:\develop\github\backmir\bmclient\GameDialog\GameCommonDlg.h	9	1	BackMirClient
Warning	9432	warning C4819: The file contains a character that cannot be represented in the current code page (936). Save the file in Unicode format to prevent data loss	y:\develop\github\backmir\bmclient\Common\GlobalDefine.h	1	1	BackMirClient
Error	9433	error C2447: '{' : missing function header (old-style formal list?)	y:\develop\github\backmir\bmclient\Common\GlobalDefine.h	91	1	BackMirClient
Error	9434	error C2447: '{' : missing function header (old-style formal list?)	y:\develop\github\backmir\bmclient\Common\GlobalDefine.h	103	1	BackMirClient
Error	9435	error C2447: '{' : missing function header (old-style formal list?)	y:\develop\github\backmir\bmclient\Common\GlobalDefine.h	128	1	BackMirClient
Error	9436	error C2146: syntax error : missing ';' before identifier 'GetAngle'	y:\develop\github\backmir\bmclient\Common\GlobalFunction.h	26	1	BackMirClient
Error	9437	error C4430: missing type specifier - int assumed. Note: C++ does not support default-int	y:\develop\github\backmir\bmclient\Common\GlobalFunction.h	26	1	BackMirClient
Error	9438	error C4430: missing type specifier - int assumed. Note: C++ does not support default-int	y:\develop\github\backmir\bmclient\net\PacketHandler.h	71	1	BackMirClient
Error	9439	error C2143: syntax error : missing ',' before '&'	y:\develop\github\backmir\bmclient\net\PacketHandler.h	71	1	BackMirClient
Warning	9440	warning C4819: The file contains a character that cannot be represented in the current code page (936). Save the file in Unicode format to prevent data loss	y:\develop\github\backmir\CommonModule\MagicEffectID.h	1	1	BackMirClient
Error	9441	error C2061: syntax error : identifier 'PLAYER_DIRECTION'	y:\develop\github\backmir\bmclient\Common\GameRenderObject.h	308	1	BackMirClient
Error	9442	error C2146: syntax error : missing ';' before identifier 'GetDirection'	y:\develop\github\backmir\bmclient\Common\GameRenderObject.h	312	1	BackMirClient
Error	9443	error C2433: 'GameObject::PLAYER_DIRECTION' : 'inline' not permitted on data declarations	y:\develop\github\backmir\bmclient\Common\GameRenderObject.h	312	1	BackMirClient
Error	9444	error C4430: missing type specifier - int assumed. Note: C++ does not support default-int	y:\develop\github\backmir\bmclient\Common\GameRenderObject.h	312	1	BackMirClient
Error	9445	error C4430: missing type specifier - int assumed. Note: C++ does not support default-int	y:\develop\github\backmir\bmclient\Common\GameRenderObject.h	313	1	BackMirClient
Warning	9446	warning C4183: 'GetDirection': missing return type; assumed to be a member function returning 'int'	y:\develop\github\backmir\bmclient\Common\GameRenderObject.h	315	1	BackMirClient
Error	9447	error C2061: syntax error : identifier 'PLAYER_STATUS'	y:\develop\github\backmir\bmclient\Common\GameRenderObject.h	316	1	BackMirClient
Error	9448	error C2146: syntax error : missing ';' before identifier 'GetStatus'	y:\develop\github\backmir\bmclient\Common\GameRenderObject.h	326	1	BackMirClient
Error	9449	error C2433: 'GameObject::PLAYER_STATUS' : 'inline' not permitted on data declarations	y:\develop\github\backmir\bmclient\Common\GameRenderObject.h	326	1	BackMirClient
Error	9450	error C4430: missing type specifier - int assumed. Note: C++ does not support default-int	y:\develop\github\backmir\bmclient\Common\GameRenderObject.h	326	1	BackMirClient
Error	9451	error C4430: missing type specifier - int assumed. Note: C++ does not support default-int	y:\develop\github\backmir\bmclient\Common\GameRenderObject.h	327	1	BackMirClient
Warning	9452	warning C4183: 'GetStatus': missing return type; assumed to be a member function returning 'int'	y:\develop\github\backmir\bmclient\Common\GameRenderObject.h	329	1	BackMirClient
Error	9453	error C2146: syntax error : missing ';' before identifier 'GetPreStatus'	y:\develop\github\backmir\bmclient\Common\GameRenderObject.h	330	1	BackMirClient
Error	9454	error C2433: 'GameObject::PLAYER_STATUS' : 'inline' not permitted on data declarations	y:\develop\github\backmir\bmclient\Common\GameRenderObject.h	330	1	BackMirClient
Error	9455	error C4430: missing type specifier - int assumed. Note: C++ does not support default-int	y:\develop\github\backmir\bmclient\Common\GameRenderObject.h	330	1	BackMirClient
Error	9456	error C4430: missing type specifier - int assumed. Note: C++ does not support default-int	y:\develop\github\backmir\bmclient\Common\GameRenderObject.h	331	1	BackMirClient
Warning	9457	warning C4183: 'GetPreStatus': missing return type; assumed to be a member function returning 'int'	y:\develop\github\backmir\bmclient\Common\GameRenderObject.h	333	1	BackMirClient
Error	9458	error C2061: syntax error : identifier 'PLAYER_SEX'	y:\develop\github\backmir\bmclient\Common\GameRenderObject.h	354	1	BackMirClient
Error	9459	error C2146: syntax error : missing ';' before identifier 'GetPlayerSex'	y:\develop\github\backmir\bmclient\Common\GameRenderObject.h	358	1	BackMirClient
Error	9460	error C2433: 'GameObject::PLAYER_SEX' : 'inline' not permitted on data declarations	y:\develop\github\backmir\bmclient\Common\GameRenderObject.h	358	1	BackMirClient
Error	9461	error C4430: missing type specifier - int assumed. Note: C++ does not support default-int	y:\develop\github\backmir\bmclient\Common\GameRenderObject.h	358	1	BackMirClient
Error	9462	error C4430: missing type specifier - int assumed. Note: C++ does not support default-int	y:\develop\github\backmir\bmclient\Common\GameRenderObject.h	359	1	BackMirClient
Warning	9463	warning C4183: 'GetPlayerSex': missing return type; assumed to be a member function returning 'int'	y:\develop\github\backmir\bmclient\Common\GameRenderObject.h	361	1	BackMirClient
Error	9464	error C4430: missing type specifier - int assumed. Note: C++ does not support default-int	y:\develop\github\backmir\bmclient\Common\GameRenderObject.h	503	1	BackMirClient
Error	9465	error C2143: syntax error : missing ',' before '&'	y:\develop\github\backmir\bmclient\Common\GameRenderObject.h	503	1	BackMirClient
Error	9466	error C4430: missing type specifier - int assumed. Note: C++ does not support default-int	y:\develop\github\backmir\bmclient\Common\GameRenderObject.h	504	1	BackMirClient
Error	9467	error C2143: syntax error : missing ',' before '&'	y:\develop\github\backmir\bmclient\Common\GameRenderObject.h	504	1	BackMirClient
Error	9468	error C2535: 'void GameObject::DoPacket(const int)' : member function already defined or declared	y:\develop\github\backmir\bmclient\Common\GameRenderObject.h	504	1	BackMirClient
Error	9469	error C4430: missing type specifier - int assumed. Note: C++ does not support default-int	y:\develop\github\backmir\bmclient\Common\GameRenderObject.h	505	1	BackMirClient
Error	9470	error C2143: syntax error : missing ',' before '&'	y:\develop\github\backmir\bmclient\Common\GameRenderObject.h	505	1	BackMirClient
Error	9471	error C2535: 'void GameObject::DoPacket(const int)' : member function already defined or declared	y:\develop\github\backmir\bmclient\Common\GameRenderObject.h	505	1	BackMirClient
Error	9472	error C2061: syntax error : identifier 'PLAYER_STATUS'	y:\develop\github\backmir\bmclient\Common\GameRenderObject.h	513	1	BackMirClient
Error	9473	error C2146: syntax error : missing ';' before identifier 'm_drt'	y:\develop\github\backmir\bmclient\Common\GameRenderObject.h	554	1	BackMirClient
Error	9474	error C4430: missing type specifier - int assumed. Note: C++ does not support default-int	y:\develop\github\backmir\bmclient\Common\GameRenderObject.h	554	1	BackMirClient
Error	9475	error C2146: syntax error : missing ';' before identifier 'm_sex'	y:\develop\github\backmir\bmclient\Common\GameRenderObject.h	555	1	BackMirClient
Error	9476	error C4430: missing type specifier - int assumed. Note: C++ does not support default-int	y:\develop\github\backmir\bmclient\Common\GameRenderObject.h	555	1	BackMirClient
Error	9477	error C2146: syntax error : missing ';' before identifier 'm_stat'	y:\develop\github\backmir\bmclient\Common\GameRenderObject.h	556	1	BackMirClient
Error	9478	error C4430: missing type specifier - int assumed. Note: C++ does not support default-int	y:\develop\github\backmir\bmclient\Common\GameRenderObject.h	556	1	BackMirClient
Error	9479	error C2146: syntax error : missing ';' before identifier 'm_preStat'	y:\develop\github\backmir\bmclient\Common\GameRenderObject.h	557	1	BackMirClient
Error	9480	error C4430: missing type specifier - int assumed. Note: C++ does not support default-int	y:\develop\github\backmir\bmclient\Common\GameRenderObject.h	557	1	BackMirClient
Error	9481	error C2065: 'm_drt' : undeclared identifier	y:\develop\github\backmir\bmclient\Common\GameRenderObject.h	253	1	BackMirClient
Error	9482	error C2065: 'PDT_DOWN' : undeclared identifier	y:\develop\github\backmir\bmclient\Common\GameRenderObject.h	253	1	BackMirClient
Error	9483	error C2065: 'm_sex' : undeclared identifier	y:\develop\github\backmir\bmclient\Common\GameRenderObject.h	254	1	BackMirClient
Error	9484	error C2065: 'PSX_MAN' : undeclared identifier	y:\develop\github\backmir\bmclient\Common\GameRenderObject.h	254	1	BackMirClient
Error	9485	error C2065: 'm_preStat' : undeclared identifier	y:\develop\github\backmir\bmclient\Common\GameRenderObject.h	255	1	BackMirClient
Error	9486	error C2065: 'm_stat' : undeclared identifier	y:\develop\github\backmir\bmclient\Common\GameRenderObject.h	255	1	BackMirClient
Error	9487	error C2065: 'PST_STAND' : undeclared identifier	y:\develop\github\backmir\bmclient\Common\GameRenderObject.h	255	1	BackMirClient
Error	9488	error C2065: 'm_drt' : undeclared identifier	y:\develop\github\backmir\bmclient\Common\GameRenderObject.h	310	1	BackMirClient
Error	9489	error C2065: '_pd' : undeclared identifier	y:\develop\github\backmir\bmclient\Common\GameRenderObject.h	310	1	BackMirClient
Error	9490	error C2065: 'm_drt' : undeclared identifier	y:\develop\github\backmir\bmclient\Common\GameRenderObject.h	314	1	BackMirClient
Error	9491	error C2065: 'm_stat' : undeclared identifier	y:\develop\github\backmir\bmclient\Common\GameRenderObject.h	318	1	BackMirClient
Error	9492	error C2065: '_ps' : undeclared identifier	y:\develop\github\backmir\bmclient\Common\GameRenderObject.h	318	1	BackMirClient
Error	9493	error C2065: '_ps' : undeclared identifier	y:\develop\github\backmir\bmclient\Common\GameRenderObject.h	320	1	BackMirClient
Error	9494	error C2065: 'PST_STAND' : undeclared identifier	y:\develop\github\backmir\bmclient\Common\GameRenderObject.h	320	1	BackMirClient
Error	9495	error C2065: '_ps' : undeclared identifier	y:\develop\github\backmir\bmclient\Common\GameRenderObject.h	324	1	BackMirClient
Error	9496	error C2065: 'm_stat' : undeclared identifier	y:\develop\github\backmir\bmclient\Common\GameRenderObject.h	328	1	BackMirClient
Error	9497	error C2065: 'm_preStat' : undeclared identifier	y:\develop\github\backmir\bmclient\Common\GameRenderObject.h	332	1	BackMirClient
Error	9498	error C2065: 'm_sex' : undeclared identifier	y:\develop\github\backmir\bmclient\Common\GameRenderObject.h	356	1	BackMirClient
Error	9499	error C2065: '_ps' : undeclared identifier	y:\develop\github\backmir\bmclient\Common\GameRenderObject.h	356	1	BackMirClient
Error	9500	error C2065: 'm_sex' : undeclared identifier	y:\develop\github\backmir\bmclient\Common\GameRenderObject.h	360	1	BackMirClient
Error	9501	error C2065: 'PST_DEAD' : undeclared identifier	y:\develop\github\backmir\bmclient\Common\GameRenderObject.h	429	1	BackMirClient
Error	9502	error C1083: Cannot open include file: 'FastDelegateBind.h': No such file or directory	y:\develop\github\backmir\bmclient\GameDialog\GameCommonDlg.h	9	1	BackMirClient
Warning	9503	warning C4819: The file contains a character that cannot be represented in the current code page (936). Save the file in Unicode format to prevent data loss	y:\develop\github\backmir\bmclient\Common\GlobalDefine.h	1	1	BackMirClient
Error	9504	error C2447: '{' : missing function header (old-style formal list?)	y:\develop\github\backmir\bmclient\Common\GlobalDefine.h	91	1	BackMirClient
Error	9505	error C2447: '{' : missing function header (old-style formal list?)	y:\develop\github\backmir\bmclient\Common\GlobalDefine.h	103	1	BackMirClient
Error	9506	error C2447: '{' : missing function header (old-style formal list?)	y:\develop\github\backmir\bmclient\Common\GlobalDefine.h	128	1	BackMirClient
Error	9507	error C2146: syntax error : missing ';' before identifier 'GetAngle'	y:\develop\github\backmir\bmclient\Common\GlobalFunction.h	26	1	BackMirClient
Error	9508	error C4430: missing type specifier - int assumed. Note: C++ does not support default-int	y:\develop\github\backmir\bmclient\Common\GlobalFunction.h	26	1	BackMirClient
Error	9509	error C4430: missing type specifier - int assumed. Note: C++ does not support default-int	y:\develop\github\backmir\bmclient\net\PacketHandler.h	71	1	BackMirClient
Error	9510	error C2143: syntax error : missing ',' before '&'	y:\develop\github\backmir\bmclient\net\PacketHandler.h	71	1	BackMirClient
Warning	9511	warning C4819: The file contains a character that cannot be represented in the current code page (936). Save the file in Unicode format to prevent data loss	y:\develop\github\backmir\CommonModule\MagicEffectID.h	1	1	BackMirClient
Error	9512	error C2061: syntax error : identifier 'PLAYER_DIRECTION'	y:\develop\github\backmir\bmclient\Common\GameRenderObject.h	308	1	BackMirClient
Error	9513	error C2146: syntax error : missing ';' before identifier 'GetDirection'	y:\develop\github\backmir\bmclient\Common\GameRenderObject.h	312	1	BackMirClient
Error	9514	error C2433: 'GameObject::PLAYER_DIRECTION' : 'inline' not permitted on data declarations	y:\develop\github\backmir\bmclient\Common\GameRenderObject.h	312	1	BackMirClient
Error	9515	error C4430: missing type specifier - int assumed. Note: C++ does not support default-int	y:\develop\github\backmir\bmclient\Common\GameRenderObject.h	312	1	BackMirClient
Error	9516	error C4430: missing type specifier - int assumed. Note: C++ does not support default-int	y:\develop\github\backmir\bmclient\Common\GameRenderObject.h	313	1	BackMirClient
Warning	9517	warning C4183: 'GetDirection': missing return type; assumed to be a member function returning 'int'	y:\develop\github\backmir\bmclient\Common\GameRenderObject.h	315	1	BackMirClient
Error	9518	error C2061: syntax error : identifier 'PLAYER_STATUS'	y:\develop\github\backmir\bmclient\Common\GameRenderObject.h	316	1	BackMirClient
Error	9519	error C2146: syntax error : missing ';' before identifier 'GetStatus'	y:\develop\github\backmir\bmclient\Common\GameRenderObject.h	326	1	BackMirClient
Error	9520	error C2433: 'GameObject::PLAYER_STATUS' : 'inline' not permitted on data declarations	y:\develop\github\backmir\bmclient\Common\GameRenderObject.h	326	1	BackMirClient
Error	9521	error C4430: missing type specifier - int assumed. Note: C++ does not support default-int	y:\develop\github\backmir\bmclient\Common\GameRenderObject.h	326	1	BackMirClient
Error	9522	error C4430: missing type specifier - int assumed. Note: C++ does not support default-int	y:\develop\github\backmir\bmclient\Common\GameRenderObject.h	327	1	BackMirClient
Warning	9523	warning C4183: 'GetStatus': missing return type; assumed to be a member function returning 'int'	y:\develop\github\backmir\bmclient\Common\GameRenderObject.h	329	1	BackMirClient
Error	9524	error C2146: syntax error : missing ';' before identifier 'GetPreStatus'	y:\develop\github\backmir\bmclient\Common\GameRenderObject.h	330	1	BackMirClient
Error	9525	error C2433: 'GameObject::PLAYER_STATUS' : 'inline' not permitted on data declarations	y:\develop\github\backmir\bmclient\Common\GameRenderObject.h	330	1	BackMirClient
Error	9526	error C4430: missing type specifier - int assumed. Note: C++ does not support default-int	y:\develop\github\backmir\bmclient\Common\GameRenderObject.h	330	1	BackMirClient
Error	9527	error C4430: missing type specifier - int assumed. Note: C++ does not support default-int	y:\develop\github\backmir\bmclient\Common\GameRenderObject.h	331	1	BackMirClient
Warning	9528	warning C4183: 'GetPreStatus': missing return type; assumed to be a member function returning 'int'	y:\develop\github\backmir\bmclient\Common\GameRenderObject.h	333	1	BackMirClient
Error	9529	error C2061: syntax error : identifier 'PLAYER_SEX'	y:\develop\github\backmir\bmclient\Common\GameRenderObject.h	354	1	BackMirClient
Error	9530	error C2146: syntax error : missing ';' before identifier 'GetPlayerSex'	y:\develop\github\backmir\bmclient\Common\GameRenderObject.h	358	1	BackMirClient
Error	9531	error C2433: 'GameObject::PLAYER_SEX' : 'inline' not permitted on data declarations	y:\develop\github\backmir\bmclient\Common\GameRenderObject.h	358	1	BackMirClient
Error	9532	error C4430: missing type specifier - int assumed. Note: C++ does not support default-int	y:\develop\github\backmir\bmclient\Common\GameRenderObject.h	358	1	BackMirClient
Error	9533	error C4430: missing type specifier - int assumed. Note: C++ does not support default-int	y:\develop\github\backmir\bmclient\Common\GameRenderObject.h	359	1	BackMirClient
Warning	9534	warning C4183: 'GetPlayerSex': missing return type; assumed to be a member function returning 'int'	y:\develop\github\backmir\bmclient\Common\GameRenderObject.h	361	1	BackMirClient
Error	9535	error C4430: missing type specifier - int assumed. Note: C++ does not support default-int	y:\develop\github\backmir\bmclient\Common\GameRenderObject.h	503	1	BackMirClient
Error	9536	error C2143: syntax error : missing ',' before '&'	y:\develop\github\backmir\bmclient\Common\GameRenderObject.h	503	1	BackMirClient
Error	9537	error C4430: missing type specifier - int assumed. Note: C++ does not support default-int	y:\develop\github\backmir\bmclient\Common\GameRenderObject.h	504	1	BackMirClient
Error	9538	error C2143: syntax error : missing ',' before '&'	y:\develop\github\backmir\bmclient\Common\GameRenderObject.h	504	1	BackMirClient
Error	9539	error C2535: 'void GameObject::DoPacket(const int)' : member function already defined or declared	y:\develop\github\backmir\bmclient\Common\GameRenderObject.h	504	1	BackMirClient
Error	9540	error C4430: missing type specifier - int assumed. Note: C++ does not support default-int	y:\develop\github\backmir\bmclient\Common\GameRenderObject.h	505	1	BackMirClient
Error	9541	error C2143: syntax error : missing ',' before '&'	y:\develop\github\backmir\bmclient\Common\GameRenderObject.h	505	1	BackMirClient
Error	9542	error C2535: 'void GameObject::DoPacket(const int)' : member function already defined or declared	y:\develop\github\backmir\bmclient\Common\GameRenderObject.h	505	1	BackMirClient
Error	9543	error C2061: syntax error : identifier 'PLAYER_STATUS'	y:\develop\github\backmir\bmclient\Common\GameRenderObject.h	513	1	BackMirClient
Error	9544	error C2146: syntax error : missing ';' before identifier 'm_drt'	y:\develop\github\backmir\bmclient\Common\GameRenderObject.h	554	1	BackMirClient
Error	9545	error C4430: missing type specifier - int assumed. Note: C++ does not support default-int	y:\develop\github\backmir\bmclient\Common\GameRenderObject.h	554	1	BackMirClient
Error	9546	error C2146: syntax error : missing ';' before identifier 'm_sex'	y:\develop\github\backmir\bmclient\Common\GameRenderObject.h	555	1	BackMirClient
Error	9547	error C4430: missing type specifier - int assumed. Note: C++ does not support default-int	y:\develop\github\backmir\bmclient\Common\GameRenderObject.h	555	1	BackMirClient
Error	9548	error C2146: syntax error : missing ';' before identifier 'm_stat'	y:\develop\github\backmir\bmclient\Common\GameRenderObject.h	556	1	BackMirClient
Error	9549	error C4430: missing type specifier - int assumed. Note: C++ does not support default-int	y:\develop\github\backmir\bmclient\Common\GameRenderObject.h	556	1	BackMirClient
Error	9550	error C2146: syntax error : missing ';' before identifier 'm_preStat'	y:\develop\github\backmir\bmclient\Common\GameRenderObject.h	557	1	BackMirClient
Error	9551	error C4430: missing type specifier - int assumed. Note: C++ does not support default-int	y:\develop\github\backmir\bmclient\Common\GameRenderObject.h	557	1	BackMirClient
Error	9552	error C2065: 'm_drt' : undeclared identifier	y:\develop\github\backmir\bmclient\Common\GameRenderObject.h	253	1	BackMirClient
Error	9553	error C2065: 'PDT_DOWN' : undeclared identifier	y:\develop\github\backmir\bmclient\Common\GameRenderObject.h	253	1	BackMirClient
Error	9554	error C2065: 'm_sex' : undeclared identifier	y:\develop\github\backmir\bmclient\Common\GameRenderObject.h	254	1	BackMirClient
Error	9555	error C2065: 'PSX_MAN' : undeclared identifier	y:\develop\github\backmir\bmclient\Common\GameRenderObject.h	254	1	BackMirClient
Error	9556	error C2065: 'm_preStat' : undeclared identifier	y:\develop\github\backmir\bmclient\Common\GameRenderObject.h	255	1	BackMirClient
Error	9557	error C2065: 'm_stat' : undeclared identifier	y:\develop\github\backmir\bmclient\Common\GameRenderObject.h	255	1	BackMirClient
Error	9558	error C2065: 'PST_STAND' : undeclared identifier	y:\develop\github\backmir\bmclient\Common\GameRenderObject.h	255	1	BackMirClient
Error	9559	error C2065: 'm_drt' : undeclared identifier	y:\develop\github\backmir\bmclient\Common\GameRenderObject.h	310	1	BackMirClient
Error	9560	error C2065: '_pd' : undeclared identifier	y:\develop\github\backmir\bmclient\Common\GameRenderObject.h	310	1	BackMirClient
Error	9561	error C2065: 'm_drt' : undeclared identifier	y:\develop\github\backmir\bmclient\Common\GameRenderObject.h	314	1	BackMirClient
Error	9562	error C2065: 'm_stat' : undeclared identifier	y:\develop\github\backmir\bmclient\Common\GameRenderObject.h	318	1	BackMirClient
Error	9563	error C2065: '_ps' : undeclared identifier	y:\develop\github\backmir\bmclient\Common\GameRenderObject.h	318	1	BackMirClient
Error	9564	error C2065: '_ps' : undeclared identifier	y:\develop\github\backmir\bmclient\Common\GameRenderObject.h	320	1	BackMirClient
Error	9565	error C2065: 'PST_STAND' : undeclared identifier	y:\develop\github\backmir\bmclient\Common\GameRenderObject.h	320	1	BackMirClient
Error	9566	error C2065: '_ps' : undeclared identifier	y:\develop\github\backmir\bmclient\Common\GameRenderObject.h	324	1	BackMirClient
Error	9567	error C2065: 'm_stat' : undeclared identifier	y:\develop\github\backmir\bmclient\Common\GameRenderObject.h	328	1	BackMirClient
Error	9568	error C2065: 'm_preStat' : undeclared identifier	y:\develop\github\backmir\bmclient\Common\GameRenderObject.h	332	1	BackMirClient
Error	9569	error C2065: 'm_sex' : undeclared identifier	y:\develop\github\backmir\bmclient\Common\GameRenderObject.h	356	1	BackMirClient
Error	9570	error C2065: '_ps' : undeclared identifier	y:\develop\github\backmir\bmclient\Common\GameRenderObject.h	356	1	BackMirClient
Error	9571	error C2065: 'm_sex' : undeclared identifier	y:\develop\github\backmir\bmclient\Common\GameRenderObject.h	360	1	BackMirClient
Error	9572	error C2065: 'PST_DEAD' : undeclared identifier	y:\develop\github\backmir\bmclient\Common\GameRenderObject.h	429	1	BackMirClient
Error	9573	error C1083: Cannot open include file: 'FastDelegateBind.h': No such file or directory	y:\develop\github\backmir\bmclient\GameDialog\GameCommonDlg.h	9	1	BackMirClient
Warning	9574	warning C4819: The file contains a character that cannot be represented in the current code page (936). Save the file in Unicode format to prevent data loss	y:\develop\github\backmir\bmclient\Common\GlobalDefine.h	1	1	BackMirClient
Error	9575	error C2447: '{' : missing function header (old-style formal list?)	y:\develop\github\backmir\bmclient\Common\GlobalDefine.h	91	1	BackMirClient
Error	9576	error C2447: '{' : missing function header (old-style formal list?)	y:\develop\github\backmir\bmclient\Common\GlobalDefine.h	103	1	BackMirClient
Error	9577	error C2447: '{' : missing function header (old-style formal list?)	y:\develop\github\backmir\bmclient\Common\GlobalDefine.h	128	1	BackMirClient
Error	9578	error C2146: syntax error : missing ';' before identifier 'GetAngle'	y:\develop\github\backmir\bmclient\Common\GlobalFunction.h	26	1	BackMirClient
Error	9579	error C4430: missing type specifier - int assumed. Note: C++ does not support default-int	y:\develop\github\backmir\bmclient\Common\GlobalFunction.h	26	1	BackMirClient
Error	9580	error C4430: missing type specifier - int assumed. Note: C++ does not support default-int	y:\develop\github\backmir\bmclient\net\PacketHandler.h	71	1	BackMirClient
Error	9581	error C2143: syntax error : missing ',' before '&'	y:\develop\github\backmir\bmclient\net\PacketHandler.h	71	1	BackMirClient
Warning	9582	warning C4819: The file contains a character that cannot be represented in the current code page (936). Save the file in Unicode format to prevent data loss	y:\develop\github\backmir\CommonModule\MagicEffectID.h	1	1	BackMirClient
Error	9583	error C2061: syntax error : identifier 'PLAYER_DIRECTION'	y:\develop\github\backmir\bmclient\Common\GameRenderObject.h	308	1	BackMirClient
Error	9584	error C2146: syntax error : missing ';' before identifier 'GetDirection'	y:\develop\github\backmir\bmclient\Common\GameRenderObject.h	312	1	BackMirClient
Error	9585	error C2433: 'GameObject::PLAYER_DIRECTION' : 'inline' not permitted on data declarations	y:\develop\github\backmir\bmclient\Common\GameRenderObject.h	312	1	BackMirClient
Error	9586	error C4430: missing type specifier - int assumed. Note: C++ does not support default-int	y:\develop\github\backmir\bmclient\Common\GameRenderObject.h	312	1	BackMirClient
Error	9587	error C4430: missing type specifier - int assumed. Note: C++ does not support default-int	y:\develop\github\backmir\bmclient\Common\GameRenderObject.h	313	1	BackMirClient
Warning	9588	warning C4183: 'GetDirection': missing return type; assumed to be a member function returning 'int'	y:\develop\github\backmir\bmclient\Common\GameRenderObject.h	315	1	BackMirClient
Error	9589	error C2061: syntax error : identifier 'PLAYER_STATUS'	y:\develop\github\backmir\bmclient\Common\GameRenderObject.h	316	1	BackMirClient
Error	9590	error C2146: syntax error : missing ';' before identifier 'GetStatus'	y:\develop\github\backmir\bmclient\Common\GameRenderObject.h	326	1	BackMirClient
Error	9591	error C2433: 'GameObject::PLAYER_STATUS' : 'inline' not permitted on data declarations	y:\develop\github\backmir\bmclient\Common\GameRenderObject.h	326	1	BackMirClient
Error	9592	error C4430: missing type specifier - int assumed. Note: C++ does not support default-int	y:\develop\github\backmir\bmclient\Common\GameRenderObject.h	326	1	BackMirClient
Error	9593	error C4430: missing type specifier - int assumed. Note: C++ does not support default-int	y:\develop\github\backmir\bmclient\Common\GameRenderObject.h	327	1	BackMirClient
Warning	9594	warning C4183: 'GetStatus': missing return type; assumed to be a member function returning 'int'	y:\develop\github\backmir\bmclient\Common\GameRenderObject.h	329	1	BackMirClient
Error	9595	error C2146: syntax error : missing ';' before identifier 'GetPreStatus'	y:\develop\github\backmir\bmclient\Common\GameRenderObject.h	330	1	BackMirClient
Error	9596	error C2433: 'GameObject::PLAYER_STATUS' : 'inline' not permitted on data declarations	y:\develop\github\backmir\bmclient\Common\GameRenderObject.h	330	1	BackMirClient
Error	9597	error C4430: missing type specifier - int assumed. Note: C++ does not support default-int	y:\develop\github\backmir\bmclient\Common\GameRenderObject.h	330	1	BackMirClient
Error	9598	error C4430: missing type specifier - int assumed. Note: C++ does not support default-int	y:\develop\github\backmir\bmclient\Common\GameRenderObject.h	331	1	BackMirClient
Warning	9599	warning C4183: 'GetPreStatus': missing return type; assumed to be a member function returning 'int'	y:\develop\github\backmir\bmclient\Common\GameRenderObject.h	333	1	BackMirClient
Error	9600	error C2061: syntax error : identifier 'PLAYER_SEX'	y:\develop\github\backmir\bmclient\Common\GameRenderObject.h	354	1	BackMirClient
Error	9601	error C2146: syntax error : missing ';' before identifier 'GetPlayerSex'	y:\develop\github\backmir\bmclient\Common\GameRenderObject.h	358	1	BackMirClient
Error	9602	error C2433: 'GameObject::PLAYER_SEX' : 'inline' not permitted on data declarations	y:\develop\github\backmir\bmclient\Common\GameRenderObject.h	358	1	BackMirClient
Error	9603	error C4430: missing type specifier - int assumed. Note: C++ does not support default-int	y:\develop\github\backmir\bmclient\Common\GameRenderObject.h	358	1	BackMirClient
Error	9604	error C4430: missing type specifier - int assumed. Note: C++ does not support default-int	y:\develop\github\backmir\bmclient\Common\GameRenderObject.h	359	1	BackMirClient
Warning	9605	warning C4183: 'GetPlayerSex': missing return type; assumed to be a member function returning 'int'	y:\develop\github\backmir\bmclient\Common\GameRenderObject.h	361	1	BackMirClient
Error	9606	error C4430: missing type specifier - int assumed. Note: C++ does not support default-int	y:\develop\github\backmir\bmclient\Common\GameRenderObject.h	503	1	BackMirClient
Error	9607	error C2143: syntax error : missing ',' before '&'	y:\develop\github\backmir\bmclient\Common\GameRenderObject.h	503	1	BackMirClient
Error	9608	error C4430: missing type specifier - int assumed. Note: C++ does not support default-int	y:\develop\github\backmir\bmclient\Common\GameRenderObject.h	504	1	BackMirClient
Error	9609	error C2143: syntax error : missing ',' before '&'	y:\develop\github\backmir\bmclient\Common\GameRenderObject.h	504	1	BackMirClient
Error	9610	error C2535: 'void GameObject::DoPacket(const int)' : member function already defined or declared	y:\develop\github\backmir\bmclient\Common\GameRenderObject.h	504	1	BackMirClient
Error	9611	error C4430: missing type specifier - int assumed. Note: C++ does not support default-int	y:\develop\github\backmir\bmclient\Common\GameRenderObject.h	505	1	BackMirClient
Error	9612	error C2143: syntax error : missing ',' before '&'	y:\develop\github\backmir\bmclient\Common\GameRenderObject.h	505	1	BackMirClient
Error	9613	error C2535: 'void GameObject::DoPacket(const int)' : member function already defined or declared	y:\develop\github\backmir\bmclient\Common\GameRenderObject.h	505	1	BackMirClient
Error	9614	error C2061: syntax error : identifier 'PLAYER_STATUS'	y:\develop\github\backmir\bmclient\Common\GameRenderObject.h	513	1	BackMirClient
Error	9615	error C2146: syntax error : missing ';' before identifier 'm_drt'	y:\develop\github\backmir\bmclient\Common\GameRenderObject.h	554	1	BackMirClient
Error	9616	error C4430: missing type specifier - int assumed. Note: C++ does not support default-int	y:\develop\github\backmir\bmclient\Common\GameRenderObject.h	554	1	BackMirClient
Error	9617	error C2146: syntax error : missing ';' before identifier 'm_sex'	y:\develop\github\backmir\bmclient\Common\GameRenderObject.h	555	1	BackMirClient
Error	9618	error C4430: missing type specifier - int assumed. Note: C++ does not support default-int	y:\develop\github\backmir\bmclient\Common\GameRenderObject.h	555	1	BackMirClient
Error	9619	error C2146: syntax error : missing ';' before identifier 'm_stat'	y:\develop\github\backmir\bmclient\Common\GameRenderObject.h	556	1	BackMirClient
Error	9620	error C4430: missing type specifier - int assumed. Note: C++ does not support default-int	y:\develop\github\backmir\bmclient\Common\GameRenderObject.h	556	1	BackMirClient
Error	9621	error C2146: syntax error : missing ';' before identifier 'm_preStat'	y:\develop\github\backmir\bmclient\Common\GameRenderObject.h	557	1	BackMirClient
Error	9622	error C4430: missing type specifier - int assumed. Note: C++ does not support default-int	y:\develop\github\backmir\bmclient\Common\GameRenderObject.h	557	1	BackMirClient
Error	9623	error C2065: 'm_drt' : undeclared identifier	y:\develop\github\backmir\bmclient\Common\GameRenderObject.h	253	1	BackMirClient
Error	9624	error C2065: 'PDT_DOWN' : undeclared identifier	y:\develop\github\backmir\bmclient\Common\GameRenderObject.h	253	1	BackMirClient
Error	9625	error C2065: 'm_sex' : undeclared identifier	y:\develop\github\backmir\bmclient\Common\GameRenderObject.h	254	1	BackMirClient
Error	9626	error C2065: 'PSX_MAN' : undeclared identifier	y:\develop\github\backmir\bmclient\Common\GameRenderObject.h	254	1	BackMirClient
Error	9627	error C2065: 'm_preStat' : undeclared identifier	y:\develop\github\backmir\bmclient\Common\GameRenderObject.h	255	1	BackMirClient
Error	9628	error C2065: 'm_stat' : undeclared identifier	y:\develop\github\backmir\bmclient\Common\GameRenderObject.h	255	1	BackMirClient
Error	9629	error C2065: 'PST_STAND' : undeclared identifier	y:\develop\github\backmir\bmclient\Common\GameRenderObject.h	255	1	BackMirClient
Error	9630	error C2065: 'm_drt' : undeclared identifier	y:\develop\github\backmir\bmclient\Common\GameRenderObject.h	310	1	BackMirClient
Error	9631	error C2065: '_pd' : undeclared identifier	y:\develop\github\backmir\bmclient\Common\GameRenderObject.h	310	1	BackMirClient
Error	9632	error C2065: 'm_drt' : undeclared identifier	y:\develop\github\backmir\bmclient\Common\GameRenderObject.h	314	1	BackMirClient
Error	9633	error C2065: 'm_stat' : undeclared identifier	y:\develop\github\backmir\bmclient\Common\GameRenderObject.h	318	1	BackMirClient
Error	9634	error C2065: '_ps' : undeclared identifier	y:\develop\github\backmir\bmclient\Common\GameRenderObject.h	318	1	BackMirClient
Error	9635	error C2065: '_ps' : undeclared identifier	y:\develop\github\backmir\bmclient\Common\GameRenderObject.h	320	1	BackMirClient
Error	9636	error C2065: 'PST_STAND' : undeclared identifier	y:\develop\github\backmir\bmclient\Common\GameRenderObject.h	320	1	BackMirClient
Error	9637	error C2065: '_ps' : undeclared identifier	y:\develop\github\backmir\bmclient\Common\GameRenderObject.h	324	1	BackMirClient
Error	9638	error C2065: 'm_stat' : undeclared identifier	y:\develop\github\backmir\bmclient\Common\GameRenderObject.h	328	1	BackMirClient
Error	9639	error C2065: 'm_preStat' : undeclared identifier	y:\develop\github\backmir\bmclient\Common\GameRenderObject.h	332	1	BackMirClient
Error	9640	error C2065: 'm_sex' : undeclared identifier	y:\develop\github\backmir\bmclient\Common\GameRenderObject.h	356	1	BackMirClient
Error	9641	error C2065: '_ps' : undeclared identifier	y:\develop\github\backmir\bmclient\Common\GameRenderObject.h	356	1	BackMirClient
Error	9642	error C2065: 'm_sex' : undeclared identifier	y:\develop\github\backmir\bmclient\Common\GameRenderObject.h	360	1	BackMirClient
Error	9643	error C2065: 'PST_DEAD' : undeclared identifier	y:\develop\github\backmir\bmclient\Common\GameRenderObject.h	429	1	BackMirClient
Error	9644	error C1083: Cannot open include file: 'FastDelegateBind.h': No such file or directory	y:\develop\github\backmir\bmclient\gamedialog\GameCommonDlg.h	9	1	BackMirClient
Warning	9645	warning C4819: The file contains a character that cannot be represented in the current code page (936). Save the file in Unicode format to prevent data loss	y:\develop\github\backmir\bmclient\Common\GlobalDefine.h	1	1	BackMirClient
Error	9646	error C2447: '{' : missing function header (old-style formal list?)	y:\develop\github\backmir\bmclient\Common\GlobalDefine.h	91	1	BackMirClient
Error	9647	error C2447: '{' : missing function header (old-style formal list?)	y:\develop\github\backmir\bmclient\Common\GlobalDefine.h	103	1	BackMirClient
Error	9648	error C2447: '{' : missing function header (old-style formal list?)	y:\develop\github\backmir\bmclient\Common\GlobalDefine.h	128	1	BackMirClient
Error	9649	error C2146: syntax error : missing ';' before identifier 'GetAngle'	y:\develop\github\backmir\bmclient\Common\GlobalFunction.h	26	1	BackMirClient
Error	9650	error C4430: missing type specifier - int assumed. Note: C++ does not support default-int	y:\develop\github\backmir\bmclient\Common\GlobalFunction.h	26	1	BackMirClient
Error	9651	error C4430: missing type specifier - int assumed. Note: C++ does not support default-int	y:\develop\github\backmir\bmclient\net\PacketHandler.h	71	1	BackMirClient
Error	9652	error C2143: syntax error : missing ',' before '&'	y:\develop\github\backmir\bmclient\net\PacketHandler.h	71	1	BackMirClient
Warning	9653	warning C4819: The file contains a character that cannot be represented in the current code page (936). Save the file in Unicode format to prevent data loss	y:\develop\github\backmir\CommonModule\MagicEffectID.h	1	1	BackMirClient
Error	9654	error C2061: syntax error : identifier 'PLAYER_DIRECTION'	y:\develop\github\backmir\bmclient\Common\GameRenderObject.h	308	1	BackMirClient
Error	9655	error C2146: syntax error : missing ';' before identifier 'GetDirection'	y:\develop\github\backmir\bmclient\Common\GameRenderObject.h	312	1	BackMirClient
Error	9656	error C2433: 'GameObject::PLAYER_DIRECTION' : 'inline' not permitted on data declarations	y:\develop\github\backmir\bmclient\Common\GameRenderObject.h	312	1	BackMirClient
Error	9657	error C4430: missing type specifier - int assumed. Note: C++ does not support default-int	y:\develop\github\backmir\bmclient\Common\GameRenderObject.h	312	1	BackMirClient
Error	9658	error C4430: missing type specifier - int assumed. Note: C++ does not support default-int	y:\develop\github\backmir\bmclient\Common\GameRenderObject.h	313	1	BackMirClient
Warning	9659	warning C4183: 'GetDirection': missing return type; assumed to be a member function returning 'int'	y:\develop\github\backmir\bmclient\Common\GameRenderObject.h	315	1	BackMirClient
Error	9660	error C2061: syntax error : identifier 'PLAYER_STATUS'	y:\develop\github\backmir\bmclient\Common\GameRenderObject.h	316	1	BackMirClient
Error	9661	error C2146: syntax error : missing ';' before identifier 'GetStatus'	y:\develop\github\backmir\bmclient\Common\GameRenderObject.h	326	1	BackMirClient
Error	9662	error C2433: 'GameObject::PLAYER_STATUS' : 'inline' not permitted on data declarations	y:\develop\github\backmir\bmclient\Common\GameRenderObject.h	326	1	BackMirClient
Error	9663	error C4430: missing type specifier - int assumed. Note: C++ does not support default-int	y:\develop\github\backmir\bmclient\Common\GameRenderObject.h	326	1	BackMirClient
Error	9664	error C4430: missing type specifier - int assumed. Note: C++ does not support default-int	y:\develop\github\backmir\bmclient\Common\GameRenderObject.h	327	1	BackMirClient
Warning	9665	warning C4183: 'GetStatus': missing return type; assumed to be a member function returning 'int'	y:\develop\github\backmir\bmclient\Common\GameRenderObject.h	329	1	BackMirClient
Error	9666	error C2146: syntax error : missing ';' before identifier 'GetPreStatus'	y:\develop\github\backmir\bmclient\Common\GameRenderObject.h	330	1	BackMirClient
Error	9667	error C2433: 'GameObject::PLAYER_STATUS' : 'inline' not permitted on data declarations	y:\develop\github\backmir\bmclient\Common\GameRenderObject.h	330	1	BackMirClient
Error	9668	error C4430: missing type specifier - int assumed. Note: C++ does not support default-int	y:\develop\github\backmir\bmclient\Common\GameRenderObject.h	330	1	BackMirClient
Error	9669	error C4430: missing type specifier - int assumed. Note: C++ does not support default-int	y:\develop\github\backmir\bmclient\Common\GameRenderObject.h	331	1	BackMirClient
Warning	9670	warning C4183: 'GetPreStatus': missing return type; assumed to be a member function returning 'int'	y:\develop\github\backmir\bmclient\Common\GameRenderObject.h	333	1	BackMirClient
Error	9671	error C2061: syntax error : identifier 'PLAYER_SEX'	y:\develop\github\backmir\bmclient\Common\GameRenderObject.h	354	1	BackMirClient
Error	9672	error C2146: syntax error : missing ';' before identifier 'GetPlayerSex'	y:\develop\github\backmir\bmclient\Common\GameRenderObject.h	358	1	BackMirClient
Error	9673	error C2433: 'GameObject::PLAYER_SEX' : 'inline' not permitted on data declarations	y:\develop\github\backmir\bmclient\Common\GameRenderObject.h	358	1	BackMirClient
Error	9674	error C4430: missing type specifier - int assumed. Note: C++ does not support default-int	y:\develop\github\backmir\bmclient\Common\GameRenderObject.h	358	1	BackMirClient
Error	9675	error C4430: missing type specifier - int assumed. Note: C++ does not support default-int	y:\develop\github\backmir\bmclient\Common\GameRenderObject.h	359	1	BackMirClient
Warning	9676	warning C4183: 'GetPlayerSex': missing return type; assumed to be a member function returning 'int'	y:\develop\github\backmir\bmclient\Common\GameRenderObject.h	361	1	BackMirClient
Error	9677	error C4430: missing type specifier - int assumed. Note: C++ does not support default-int	y:\develop\github\backmir\bmclient\Common\GameRenderObject.h	503	1	BackMirClient
Error	9678	error C2143: syntax error : missing ',' before '&'	y:\develop\github\backmir\bmclient\Common\GameRenderObject.h	503	1	BackMirClient
Error	9679	error C4430: missing type specifier - int assumed. Note: C++ does not support default-int	y:\develop\github\backmir\bmclient\Common\GameRenderObject.h	504	1	BackMirClient
Error	9680	error C2143: syntax error : missing ',' before '&'	y:\develop\github\backmir\bmclient\Common\GameRenderObject.h	504	1	BackMirClient
Error	9681	error C2535: 'void GameObject::DoPacket(const int)' : member function already defined or declared	y:\develop\github\backmir\bmclient\Common\GameRenderObject.h	504	1	BackMirClient
Error	9682	error C4430: missing type specifier - int assumed. Note: C++ does not support default-int	y:\develop\github\backmir\bmclient\Common\GameRenderObject.h	505	1	BackMirClient
Error	9683	error C2143: syntax error : missing ',' before '&'	y:\develop\github\backmir\bmclient\Common\GameRenderObject.h	505	1	BackMirClient
Error	9684	error C2535: 'void GameObject::DoPacket(const int)' : member function already defined or declared	y:\develop\github\backmir\bmclient\Common\GameRenderObject.h	505	1	BackMirClient
Error	9685	error C2061: syntax error : identifier 'PLAYER_STATUS'	y:\develop\github\backmir\bmclient\Common\GameRenderObject.h	513	1	BackMirClient
Error	9686	error C2146: syntax error : missing ';' before identifier 'm_drt'	y:\develop\github\backmir\bmclient\Common\GameRenderObject.h	554	1	BackMirClient
Error	9687	error C4430: missing type specifier - int assumed. Note: C++ does not support default-int	y:\develop\github\backmir\bmclient\Common\GameRenderObject.h	554	1	BackMirClient
Error	9688	error C2146: syntax error : missing ';' before identifier 'm_sex'	y:\develop\github\backmir\bmclient\Common\GameRenderObject.h	555	1	BackMirClient
Error	9689	error C4430: missing type specifier - int assumed. Note: C++ does not support default-int	y:\develop\github\backmir\bmclient\Common\GameRenderObject.h	555	1	BackMirClient
Error	9690	error C2146: syntax error : missing ';' before identifier 'm_stat'	y:\develop\github\backmir\bmclient\Common\GameRenderObject.h	556	1	BackMirClient
Error	9691	error C4430: missing type specifier - int assumed. Note: C++ does not support default-int	y:\develop\github\backmir\bmclient\Common\GameRenderObject.h	556	1	BackMirClient
Error	9692	error C2146: syntax error : missing ';' before identifier 'm_preStat'	y:\develop\github\backmir\bmclient\Common\GameRenderObject.h	557	1	BackMirClient
Error	9693	error C4430: missing type specifier - int assumed. Note: C++ does not support default-int	y:\develop\github\backmir\bmclient\Common\GameRenderObject.h	557	1	BackMirClient
Error	9694	error C2065: 'm_drt' : undeclared identifier	y:\develop\github\backmir\bmclient\Common\GameRenderObject.h	253	1	BackMirClient
Error	9695	error C2065: 'PDT_DOWN' : undeclared identifier	y:\develop\github\backmir\bmclient\Common\GameRenderObject.h	253	1	BackMirClient
Error	9696	error C2065: 'm_sex' : undeclared identifier	y:\develop\github\backmir\bmclient\Common\GameRenderObject.h	254	1	BackMirClient
Error	9697	error C2065: 'PSX_MAN' : undeclared identifier	y:\develop\github\backmir\bmclient\Common\GameRenderObject.h	254	1	BackMirClient
Error	9698	error C2065: 'm_preStat' : undeclared identifier	y:\develop\github\backmir\bmclient\Common\GameRenderObject.h	255	1	BackMirClient
Error	9699	error C2065: 'm_stat' : undeclared identifier	y:\develop\github\backmir\bmclient\Common\GameRenderObject.h	255	1	BackMirClient
Error	9700	error C2065: 'PST_STAND' : undeclared identifier	y:\develop\github\backmir\bmclient\Common\GameRenderObject.h	255	1	BackMirClient
Error	9701	error C2065: 'm_drt' : undeclared identifier	y:\develop\github\backmir\bmclient\Common\GameRenderObject.h	310	1	BackMirClient
Error	9702	error C2065: '_pd' : undeclared identifier	y:\develop\github\backmir\bmclient\Common\GameRenderObject.h	310	1	BackMirClient
Error	9703	error C2065: 'm_drt' : undeclared identifier	y:\develop\github\backmir\bmclient\Common\GameRenderObject.h	314	1	BackMirClient
Error	9704	error C2065: 'm_stat' : undeclared identifier	y:\develop\github\backmir\bmclient\Common\GameRenderObject.h	318	1	BackMirClient
Error	9705	error C2065: '_ps' : undeclared identifier	y:\develop\github\backmir\bmclient\Common\GameRenderObject.h	318	1	BackMirClient
Error	9706	error C2065: '_ps' : undeclared identifier	y:\develop\github\backmir\bmclient\Common\GameRenderObject.h	320	1	BackMirClient
Error	9707	error C2065: 'PST_STAND' : undeclared identifier	y:\develop\github\backmir\bmclient\Common\GameRenderObject.h	320	1	BackMirClient
Error	9708	error C2065: '_ps' : undeclared identifier	y:\develop\github\backmir\bmclient\Common\GameRenderObject.h	324	1	BackMirClient
Error	9709	error C2065: 'm_stat' : undeclared identifier	y:\develop\github\backmir\bmclient\Common\GameRenderObject.h	328	1	BackMirClient
Error	9710	error C2065: 'm_preStat' : undeclared identifier	y:\develop\github\backmir\bmclient\Common\GameRenderObject.h	332	1	BackMirClient
Error	9711	error C2065: 'm_sex' : undeclared identifier	y:\develop\github\backmir\bmclient\Common\GameRenderObject.h	356	1	BackMirClient
Error	9712	error C2065: '_ps' : undeclared identifier	y:\develop\github\backmir\bmclient\Common\GameRenderObject.h	356	1	BackMirClient
Error	9713	error C2065: 'm_sex' : undeclared identifier	y:\develop\github\backmir\bmclient\Common\GameRenderObject.h	360	1	BackMirClient
Error	9714	error C2065: 'PST_DEAD' : undeclared identifier	y:\develop\github\backmir\bmclient\Common\GameRenderObject.h	429	1	BackMirClient
Error	9715	error C1083: Cannot open include file: 'FastDelegateBind.h': No such file or directory	y:\develop\github\backmir\bmclient\gamedialog\GameCommonDlg.h	9	1	BackMirClient
Error	9716	error C1083: Cannot open include file: 'Utils/Utils.h': No such file or directory	C:\Users\Administrator\devlib\Incvc12\DuiLib\UIlib.h	71	1	BackMirClient
Warning	9717	warning C4819: The file contains a character that cannot be represented in the current code page (936). Save the file in Unicode format to prevent data loss	y:\develop\github\backmir\bmclient\common\GlobalDefine.h	1	1	BackMirClient
Error	9718	error C2447: '{' : missing function header (old-style formal list?)	y:\develop\github\backmir\bmclient\common\GlobalDefine.h	91	1	BackMirClient
Error	9719	error C2447: '{' : missing function header (old-style formal list?)	y:\develop\github\backmir\bmclient\common\GlobalDefine.h	103	1	BackMirClient
Error	9720	error C2447: '{' : missing function header (old-style formal list?)	y:\develop\github\backmir\bmclient\common\GlobalDefine.h	128	1	BackMirClient
Error	9721	error C2146: syntax error : missing ';' before identifier 'GetAngle'	y:\develop\github\backmir\bmclient\common\GlobalFunction.h	26	1	BackMirClient
Error	9722	error C4430: missing type specifier - int assumed. Note: C++ does not support default-int	y:\develop\github\backmir\bmclient\common\GlobalFunction.h	26	1	BackMirClient
Warning	9723	warning C4102: '_READ_ERROR_WIX' : unreferenced label	Y:\develop\github\backmir\BMClient\Common\SWilFile.cpp	168	1	BackMirClient
Warning	9724	warning C4102: '_READ_ERROR_WIX' : unreferenced label	Y:\develop\github\backmir\BMClient\Common\SWilFile.cpp	549	1	BackMirClient
Warning	9725	warning C4102: 'lbl_closefile_deleteinfo_ret' : unreferenced label	Y:\develop\github\backmir\BMClient\Common\SIBFile.cpp	123	1	BackMirClient
Warning	9726	warning C4101: 'szBuf' : unreferenced local variable	Y:\develop\github\backmir\BMClient\Common\SIBFile.cpp	63	1	BackMirClient
Warning	9727	warning C4305: 'argument' : truncation from 'double' to 'float'	Y:\develop\github\backmir\BMClient\Common\SelectedTextureManager.cpp	37	1	BackMirClient
Warning	9728	warning C4305: 'argument' : truncation from 'double' to 'float'	Y:\develop\github\backmir\BMClient\Common\SelectedTextureManager.cpp	72	1	BackMirClient
Warning	9729	warning C4819: The file contains a character that cannot be represented in the current code page (936). Save the file in Unicode format to prevent data loss	y:\develop\github\backmir\bmclient\Common\GlobalDefine.h	1	1	BackMirClient
Error	9730	error C2447: '{' : missing function header (old-style formal list?)	y:\develop\github\backmir\bmclient\Common\GlobalDefine.h	91	1	BackMirClient
Error	9731	error C2447: '{' : missing function header (old-style formal list?)	y:\develop\github\backmir\bmclient\Common\GlobalDefine.h	103	1	BackMirClient
Error	9732	error C2447: '{' : missing function header (old-style formal list?)	y:\develop\github\backmir\bmclient\Common\GlobalDefine.h	128	1	BackMirClient
Error	9733	error C2146: syntax error : missing ';' before identifier 'GetAngle'	y:\develop\github\backmir\bmclient\Common\GlobalFunction.h	26	1	BackMirClient
Error	9734	error C4430: missing type specifier - int assumed. Note: C++ does not support default-int	y:\develop\github\backmir\bmclient\Common\GlobalFunction.h	26	1	BackMirClient
Error	9735	error C4430: missing type specifier - int assumed. Note: C++ does not support default-int	y:\develop\github\backmir\bmclient\net\PacketHandler.h	71	1	BackMirClient
Error	9736	error C2143: syntax error : missing ',' before '&'	y:\develop\github\backmir\bmclient\net\PacketHandler.h	71	1	BackMirClient
Warning	9737	warning C4819: The file contains a character that cannot be represented in the current code page (936). Save the file in Unicode format to prevent data loss	y:\develop\github\backmir\CommonModule\MagicEffectID.h	1	1	BackMirClient
Error	9738	error C2061: syntax error : identifier 'PLAYER_DIRECTION'	y:\develop\github\backmir\bmclient\Common\GameRenderObject.h	308	1	BackMirClient
Error	9739	error C2146: syntax error : missing ';' before identifier 'GetDirection'	y:\develop\github\backmir\bmclient\Common\GameRenderObject.h	312	1	BackMirClient
Error	9740	error C2433: 'GameObject::PLAYER_DIRECTION' : 'inline' not permitted on data declarations	y:\develop\github\backmir\bmclient\Common\GameRenderObject.h	312	1	BackMirClient
Error	9741	error C4430: missing type specifier - int assumed. Note: C++ does not support default-int	y:\develop\github\backmir\bmclient\Common\GameRenderObject.h	312	1	BackMirClient
Error	9742	error C4430: missing type specifier - int assumed. Note: C++ does not support default-int	y:\develop\github\backmir\bmclient\Common\GameRenderObject.h	313	1	BackMirClient
Warning	9743	warning C4183: 'GetDirection': missing return type; assumed to be a member function returning 'int'	y:\develop\github\backmir\bmclient\Common\GameRenderObject.h	315	1	BackMirClient
Error	9744	error C2061: syntax error : identifier 'PLAYER_STATUS'	y:\develop\github\backmir\bmclient\Common\GameRenderObject.h	316	1	BackMirClient
Error	9745	error C2146: syntax error : missing ';' before identifier 'GetStatus'	y:\develop\github\backmir\bmclient\Common\GameRenderObject.h	326	1	BackMirClient
Error	9746	error C2433: 'GameObject::PLAYER_STATUS' : 'inline' not permitted on data declarations	y:\develop\github\backmir\bmclient\Common\GameRenderObject.h	326	1	BackMirClient
Error	9747	error C4430: missing type specifier - int assumed. Note: C++ does not support default-int	y:\develop\github\backmir\bmclient\Common\GameRenderObject.h	326	1	BackMirClient
Error	9748	error C4430: missing type specifier - int assumed. Note: C++ does not support default-int	y:\develop\github\backmir\bmclient\Common\GameRenderObject.h	327	1	BackMirClient
Warning	9749	warning C4183: 'GetStatus': missing return type; assumed to be a member function returning 'int'	y:\develop\github\backmir\bmclient\Common\GameRenderObject.h	329	1	BackMirClient
Error	9750	error C2146: syntax error : missing ';' before identifier 'GetPreStatus'	y:\develop\github\backmir\bmclient\Common\GameRenderObject.h	330	1	BackMirClient
Error	9751	error C2433: 'GameObject::PLAYER_STATUS' : 'inline' not permitted on data declarations	y:\develop\github\backmir\bmclient\Common\GameRenderObject.h	330	1	BackMirClient
Error	9752	error C4430: missing type specifier - int assumed. Note: C++ does not support default-int	y:\develop\github\backmir\bmclient\Common\GameRenderObject.h	330	1	BackMirClient
Error	9753	error C4430: missing type specifier - int assumed. Note: C++ does not support default-int	y:\develop\github\backmir\bmclient\Common\GameRenderObject.h	331	1	BackMirClient
Warning	9754	warning C4183: 'GetPreStatus': missing return type; assumed to be a member function returning 'int'	y:\develop\github\backmir\bmclient\Common\GameRenderObject.h	333	1	BackMirClient
Error	9755	error C2061: syntax error : identifier 'PLAYER_SEX'	y:\develop\github\backmir\bmclient\Common\GameRenderObject.h	354	1	BackMirClient
Error	9756	error C2146: syntax error : missing ';' before identifier 'GetPlayerSex'	y:\develop\github\backmir\bmclient\Common\GameRenderObject.h	358	1	BackMirClient
Error	9757	error C2433: 'GameObject::PLAYER_SEX' : 'inline' not permitted on data declarations	y:\develop\github\backmir\bmclient\Common\GameRenderObject.h	358	1	BackMirClient
Error	9758	error C4430: missing type specifier - int assumed. Note: C++ does not support default-int	y:\develop\github\backmir\bmclient\Common\GameRenderObject.h	358	1	BackMirClient
Error	9759	error C4430: missing type specifier - int assumed. Note: C++ does not support default-int	y:\develop\github\backmir\bmclient\Common\GameRenderObject.h	359	1	BackMirClient
Warning	9760	warning C4183: 'GetPlayerSex': missing return type; assumed to be a member function returning 'int'	y:\develop\github\backmir\bmclient\Common\GameRenderObject.h	361	1	BackMirClient
Error	9761	error C4430: missing type specifier - int assumed. Note: C++ does not support default-int	y:\develop\github\backmir\bmclient\Common\GameRenderObject.h	503	1	BackMirClient
Error	9762	error C2143: syntax error : missing ',' before '&'	y:\develop\github\backmir\bmclient\Common\GameRenderObject.h	503	1	BackMirClient
Error	9763	error C4430: missing type specifier - int assumed. Note: C++ does not support default-int	y:\develop\github\backmir\bmclient\Common\GameRenderObject.h	504	1	BackMirClient
Error	9764	error C2143: syntax error : missing ',' before '&'	y:\develop\github\backmir\bmclient\Common\GameRenderObject.h	504	1	BackMirClient
Error	9765	error C2535: 'void GameObject::DoPacket(const int)' : member function already defined or declared	y:\develop\github\backmir\bmclient\Common\GameRenderObject.h	504	1	BackMirClient
Error	9766	error C4430: missing type specifier - int assumed. Note: C++ does not support default-int	y:\develop\github\backmir\bmclient\Common\GameRenderObject.h	505	1	BackMirClient
Error	9767	error C2143: syntax error : missing ',' before '&'	y:\develop\github\backmir\bmclient\Common\GameRenderObject.h	505	1	BackMirClient
Error	9768	error C2535: 'void GameObject::DoPacket(const int)' : member function already defined or declared	y:\develop\github\backmir\bmclient\Common\GameRenderObject.h	505	1	BackMirClient
Error	9769	error C2061: syntax error : identifier 'PLAYER_STATUS'	y:\develop\github\backmir\bmclient\Common\GameRenderObject.h	513	1	BackMirClient
Error	9770	error C2146: syntax error : missing ';' before identifier 'm_drt'	y:\develop\github\backmir\bmclient\Common\GameRenderObject.h	554	1	BackMirClient
Error	9771	error C4430: missing type specifier - int assumed. Note: C++ does not support default-int	y:\develop\github\backmir\bmclient\Common\GameRenderObject.h	554	1	BackMirClient
Error	9772	error C2146: syntax error : missing ';' before identifier 'm_sex'	y:\develop\github\backmir\bmclient\Common\GameRenderObject.h	555	1	BackMirClient
Error	9773	error C4430: missing type specifier - int assumed. Note: C++ does not support default-int	y:\develop\github\backmir\bmclient\Common\GameRenderObject.h	555	1	BackMirClient
Error	9774	error C2146: syntax error : missing ';' before identifier 'm_stat'	y:\develop\github\backmir\bmclient\Common\GameRenderObject.h	556	1	BackMirClient
Error	9775	error C4430: missing type specifier - int assumed. Note: C++ does not support default-int	y:\develop\github\backmir\bmclient\Common\GameRenderObject.h	556	1	BackMirClient
Error	9776	error C2146: syntax error : missing ';' before identifier 'm_preStat'	y:\develop\github\backmir\bmclient\Common\GameRenderObject.h	557	1	BackMirClient
Error	9777	error C4430: missing type specifier - int assumed. Note: C++ does not support default-int	y:\develop\github\backmir\bmclient\Common\GameRenderObject.h	557	1	BackMirClient
Error	9778	error C2065: 'm_drt' : undeclared identifier	y:\develop\github\backmir\bmclient\Common\GameRenderObject.h	253	1	BackMirClient
Error	9779	error C2065: 'PDT_DOWN' : undeclared identifier	y:\develop\github\backmir\bmclient\Common\GameRenderObject.h	253	1	BackMirClient
Error	9780	error C2065: 'm_sex' : undeclared identifier	y:\develop\github\backmir\bmclient\Common\GameRenderObject.h	254	1	BackMirClient
Error	9781	error C2065: 'PSX_MAN' : undeclared identifier	y:\develop\github\backmir\bmclient\Common\GameRenderObject.h	254	1	BackMirClient
Error	9782	error C2065: 'm_preStat' : undeclared identifier	y:\develop\github\backmir\bmclient\Common\GameRenderObject.h	255	1	BackMirClient
Error	9783	error C2065: 'm_stat' : undeclared identifier	y:\develop\github\backmir\bmclient\Common\GameRenderObject.h	255	1	BackMirClient
Error	9784	error C2065: 'PST_STAND' : undeclared identifier	y:\develop\github\backmir\bmclient\Common\GameRenderObject.h	255	1	BackMirClient
Error	9785	error C2065: 'm_drt' : undeclared identifier	y:\develop\github\backmir\bmclient\Common\GameRenderObject.h	310	1	BackMirClient
Error	9786	error C2065: '_pd' : undeclared identifier	y:\develop\github\backmir\bmclient\Common\GameRenderObject.h	310	1	BackMirClient
Error	9787	error C2065: 'm_drt' : undeclared identifier	y:\develop\github\backmir\bmclient\Common\GameRenderObject.h	314	1	BackMirClient
Error	9788	error C2065: 'm_stat' : undeclared identifier	y:\develop\github\backmir\bmclient\Common\GameRenderObject.h	318	1	BackMirClient
Error	9789	error C2065: '_ps' : undeclared identifier	y:\develop\github\backmir\bmclient\Common\GameRenderObject.h	318	1	BackMirClient
Error	9790	error C2065: '_ps' : undeclared identifier	y:\develop\github\backmir\bmclient\Common\GameRenderObject.h	320	1	BackMirClient
Error	9791	error C2065: 'PST_STAND' : undeclared identifier	y:\develop\github\backmir\bmclient\Common\GameRenderObject.h	320	1	BackMirClient
Error	9792	error C2065: '_ps' : undeclared identifier	y:\develop\github\backmir\bmclient\Common\GameRenderObject.h	324	1	BackMirClient
Error	9793	error C2065: 'm_stat' : undeclared identifier	y:\develop\github\backmir\bmclient\Common\GameRenderObject.h	328	1	BackMirClient
Error	9794	error C2065: 'm_preStat' : undeclared identifier	y:\develop\github\backmir\bmclient\Common\GameRenderObject.h	332	1	BackMirClient
Error	9795	error C2065: 'm_sex' : undeclared identifier	y:\develop\github\backmir\bmclient\Common\GameRenderObject.h	356	1	BackMirClient
Error	9796	error C2065: '_ps' : undeclared identifier	y:\develop\github\backmir\bmclient\Common\GameRenderObject.h	356	1	BackMirClient
Error	9797	error C2065: 'm_sex' : undeclared identifier	y:\develop\github\backmir\bmclient\Common\GameRenderObject.h	360	1	BackMirClient
Error	9798	error C2065: 'PST_DEAD' : undeclared identifier	y:\develop\github\backmir\bmclient\Common\GameRenderObject.h	429	1	BackMirClient
Warning	9799	warning C4819: The file contains a character that cannot be represented in the current code page (936). Save the file in Unicode format to prevent data loss	y:\develop\github\backmir\CommonModule\ShareDefine.h	1	1	BackMirClient
Error	9800	error C2365: 'RES_ITEMS' : redefinition; previous definition was 'enumerator'	y:\develop\github\backmir\CommonModule\ShareDefine.h	79	1	BackMirClient
Error	9801	error C2365: 'RES_STATUS' : redefinition; previous definition was 'enumerator'	y:\develop\github\backmir\CommonModule\ShareDefine.h	80	1	BackMirClient
Error	9802	error C2365: 'RES_CUSTOM' : redefinition; previous definition was 'enumerator'	y:\develop\github\backmir\CommonModule\ShareDefine.h	81	1	BackMirClient
Error	9803	error C2365: 'RES_TOTAL' : redefinition; previous definition was 'enumerator'	y:\develop\github\backmir\CommonModule\ShareDefine.h	82	1	BackMirClient
Error	9804	error C2065: 'MEFF_USERTOTAL' : undeclared identifier	y:\develop\github\backmir\bmclient\GameScene\MagicEffect.h	8	1	BackMirClient
Error	9805	error C2061: syntax error : identifier 'PLAYER_STATUS'	y:\develop\github\backmir\bmclient\gamescene\GameOtherPlayer.h	29	1	BackMirClient
Error	9806	error C2061: syntax error : identifier 'MAGICEFFECT_TYPE'	y:\develop\github\backmir\bmclient\gamescene\GameOtherPlayer.h	52	1	BackMirClient
Error	9807	error C2061: syntax error : identifier 'MAGICEFFECT_TYPE'	y:\develop\github\backmir\bmclient\gamescene\GameOtherPlayer.h	53	1	BackMirClient
Error	9808	error C4430: missing type specifier - int assumed. Note: C++ does not support default-int	y:\develop\github\backmir\bmclient\gamescene\GameOtherPlayer.h	157	1	BackMirClient
Error	9809	error C2143: syntax error : missing ',' before '&'	y:\develop\github\backmir\bmclient\gamescene\GameOtherPlayer.h	157	1	BackMirClient
Error	9810	error C4430: missing type specifier - int assumed. Note: C++ does not support default-int	y:\develop\github\backmir\bmclient\gamescene\GameOtherPlayer.h	201	1	BackMirClient
Error	9811	error C2143: syntax error : missing ',' before '&'	y:\develop\github\backmir\bmclient\gamescene\GameOtherPlayer.h	201	1	BackMirClient
Error	9812	error C2535: 'void GameOtherPlayer::DoPacket(const int)' : member function already defined or declared	y:\develop\github\backmir\bmclient\gamescene\GameOtherPlayer.h	201	1	BackMirClient
Error	9813	error C2146: syntax error : missing ';' before identifier 'm_eEffect'	y:\develop\github\backmir\bmclient\gamescene\GameOtherPlayer.h	228	1	BackMirClient
Error	9814	error C4430: missing type specifier - int assumed. Note: C++ does not support default-int	y:\develop\github\backmir\bmclient\gamescene\GameOtherPlayer.h	228	1	BackMirClient
Error	9815	error C2065: 'MAGICEFFECT_TOTAL' : undeclared identifier	y:\develop\github\backmir\bmclient\gamescene\GameOtherPlayer.h	228	1	BackMirClient
Warning	9816	warning C4819: The file contains a character that cannot be represented in the current code page (936). Save the file in Unicode format to prevent data loss	y:\develop\github\backmir\CommonModule\RandGenerator.h	1	1	BackMirClient
Warning	9817	warning C4819: The file contains a character that cannot be represented in the current code page (936). Save the file in Unicode format to prevent data loss	y:\develop\github\backmir\CommonModule\CollDownController.h	1	1	BackMirClient
Error	9818	error C2061: syntax error : identifier 'PLAYER_DIRECTION'	y:\develop\github\backmir\bmclient\gamescene\GamePlayer.h	57	1	BackMirClient
Error	9819	error C2061: syntax error : identifier 'PLAYER_DIRECTION'	y:\develop\github\backmir\bmclient\gamescene\GamePlayer.h	58	1	BackMirClient
Error	9820	error C2143: syntax error : missing ';' before '*'	y:\develop\github\backmir\bmclient\gamescene\GamePlayer.h	73	1	BackMirClient
Error	9821	error C4430: missing type specifier - int assumed. Note: C++ does not support default-int	y:\develop\github\backmir\bmclient\gamescene\GamePlayer.h	73	1	BackMirClient
Error	9822	error C4430: missing type specifier - int assumed. Note: C++ does not support default-int	y:\develop\github\backmir\bmclient\gamescene\GamePlayer.h	74	1	BackMirClient
Warning	9823	warning C4183: 'GetEquip': missing return type; assumed to be a member function returning 'int'	y:\develop\github\backmir\bmclient\gamescene\GamePlayer.h	76	1	BackMirClient
Error	9824	error C2146: syntax error : missing ';' before identifier 'm_equipAttrib'	y:\develop\github\backmir\bmclient\gamescene\GamePlayer.h	350	1	BackMirClient
Error	9825	error C4430: missing type specifier - int assumed. Note: C++ does not support default-int	y:\develop\github\backmir\bmclient\gamescene\GamePlayer.h	350	1	BackMirClient
Error	9826	error C2146: syntax error : missing ';' before identifier 'm_indexs'	y:\develop\github\backmir\bmclient\gamescene\GamePlayer.h	361	1	BackMirClient
Error	9827	error C4430: missing type specifier - int assumed. Note: C++ does not support default-int	y:\develop\github\backmir\bmclient\gamescene\GamePlayer.h	361	1	BackMirClient
Error	9828	error C2065: 'ADD_NORMAL' : undeclared identifier	y:\develop\github\backmir\bmclient\gamescene\GamePlayer.h	182	1	BackMirClient
Error	9829	error C2065: 'ADD_NORMAL' : undeclared identifier	y:\develop\github\backmir\bmclient\gamescene\GamePlayer.h	183	1	BackMirClient
Error	9830	error C2065: 'm_equipAttrib' : undeclared identifier	y:\develop\github\backmir\bmclient\gamescene\GamePlayer.h	75	1	BackMirClient
Error	9831	error C2065: 'PST_NONE' : undeclared identifier	y:\develop\github\backmir\bmclient\gamescene\GamePlayer.h	84	1	BackMirClient
Error	9832	error C2065: 'g_nWanLiTable' : undeclared identifier	y:\develop\github\backmir\bmclient\gamescene\GamePlayer.h	135	1	BackMirClient
Warning	9833	warning C4819: The file contains a character that cannot be represented in the current code page (936). Save the file in Unicode format to prevent data loss	y:\develop\github\backmir\bmclient\Common\GlobalDefine.h	1	1	BackMirClient
Error	9834	error C2447: '{' : missing function header (old-style formal list?)	y:\develop\github\backmir\bmclient\Common\GlobalDefine.h	91	1	BackMirClient
Error	9835	error C2447: '{' : missing function header (old-style formal list?)	y:\develop\github\backmir\bmclient\Common\GlobalDefine.h	103	1	BackMirClient
Error	9836	error C2447: '{' : missing function header (old-style formal list?)	y:\develop\github\backmir\bmclient\Common\GlobalDefine.h	128	1	BackMirClient
Error	9837	error C2146: syntax error : missing ';' before identifier 'GetAngle'	y:\develop\github\backmir\bmclient\Common\GlobalFunction.h	26	1	BackMirClient
Error	9838	error C4430: missing type specifier - int assumed. Note: C++ does not support default-int	y:\develop\github\backmir\bmclient\Common\GlobalFunction.h	26	1	BackMirClient
Error	9839	error C4430: missing type specifier - int assumed. Note: C++ does not support default-int	y:\develop\github\backmir\bmclient\net\PacketHandler.h	71	1	BackMirClient
Error	9840	error C2143: syntax error : missing ',' before '&'	y:\develop\github\backmir\bmclient\net\PacketHandler.h	71	1	BackMirClient
Warning	9841	warning C4819: The file contains a character that cannot be represented in the current code page (936). Save the file in Unicode format to prevent data loss	y:\develop\github\backmir\CommonModule\MagicEffectID.h	1	1	BackMirClient
Error	9842	error C2061: syntax error : identifier 'PLAYER_DIRECTION'	y:\develop\github\backmir\bmclient\Common\GameRenderObject.h	308	1	BackMirClient
Error	9843	error C2146: syntax error : missing ';' before identifier 'GetDirection'	y:\develop\github\backmir\bmclient\Common\GameRenderObject.h	312	1	BackMirClient
Error	9844	error C2433: 'GameObject::PLAYER_DIRECTION' : 'inline' not permitted on data declarations	y:\develop\github\backmir\bmclient\Common\GameRenderObject.h	312	1	BackMirClient
Error	9845	error C4430: missing type specifier - int assumed. Note: C++ does not support default-int	y:\develop\github\backmir\bmclient\Common\GameRenderObject.h	312	1	BackMirClient
Error	9846	error C4430: missing type specifier - int assumed. Note: C++ does not support default-int	y:\develop\github\backmir\bmclient\Common\GameRenderObject.h	313	1	BackMirClient
Warning	9847	warning C4183: 'GetDirection': missing return type; assumed to be a member function returning 'int'	y:\develop\github\backmir\bmclient\Common\GameRenderObject.h	315	1	BackMirClient
Error	9848	error C2061: syntax error : identifier 'PLAYER_STATUS'	y:\develop\github\backmir\bmclient\Common\GameRenderObject.h	316	1	BackMirClient
Error	9849	error C2146: syntax error : missing ';' before identifier 'GetStatus'	y:\develop\github\backmir\bmclient\Common\GameRenderObject.h	326	1	BackMirClient
Error	9850	error C2433: 'GameObject::PLAYER_STATUS' : 'inline' not permitted on data declarations	y:\develop\github\backmir\bmclient\Common\GameRenderObject.h	326	1	BackMirClient
Error	9851	error C4430: missing type specifier - int assumed. Note: C++ does not support default-int	y:\develop\github\backmir\bmclient\Common\GameRenderObject.h	326	1	BackMirClient
Error	9852	error C4430: missing type specifier - int assumed. Note: C++ does not support default-int	y:\develop\github\backmir\bmclient\Common\GameRenderObject.h	327	1	BackMirClient
Warning	9853	warning C4183: 'GetStatus': missing return type; assumed to be a member function returning 'int'	y:\develop\github\backmir\bmclient\Common\GameRenderObject.h	329	1	BackMirClient
Error	9854	error C2146: syntax error : missing ';' before identifier 'GetPreStatus'	y:\develop\github\backmir\bmclient\Common\GameRenderObject.h	330	1	BackMirClient
Error	9855	error C2433: 'GameObject::PLAYER_STATUS' : 'inline' not permitted on data declarations	y:\develop\github\backmir\bmclient\Common\GameRenderObject.h	330	1	BackMirClient
Error	9856	error C4430: missing type specifier - int assumed. Note: C++ does not support default-int	y:\develop\github\backmir\bmclient\Common\GameRenderObject.h	330	1	BackMirClient
Error	9857	error C4430: missing type specifier - int assumed. Note: C++ does not support default-int	y:\develop\github\backmir\bmclient\Common\GameRenderObject.h	331	1	BackMirClient
Warning	9858	warning C4183: 'GetPreStatus': missing return type; assumed to be a member function returning 'int'	y:\develop\github\backmir\bmclient\Common\GameRenderObject.h	333	1	BackMirClient
Error	9859	error C2061: syntax error : identifier 'PLAYER_SEX'	y:\develop\github\backmir\bmclient\Common\GameRenderObject.h	354	1	BackMirClient
Error	9860	error C2146: syntax error : missing ';' before identifier 'GetPlayerSex'	y:\develop\github\backmir\bmclient\Common\GameRenderObject.h	358	1	BackMirClient
Error	9861	error C2433: 'GameObject::PLAYER_SEX' : 'inline' not permitted on data declarations	y:\develop\github\backmir\bmclient\Common\GameRenderObject.h	358	1	BackMirClient
Error	9862	error C4430: missing type specifier - int assumed. Note: C++ does not support default-int	y:\develop\github\backmir\bmclient\Common\GameRenderObject.h	358	1	BackMirClient
Error	9863	error C4430: missing type specifier - int assumed. Note: C++ does not support default-int	y:\develop\github\backmir\bmclient\Common\GameRenderObject.h	359	1	BackMirClient
Warning	9864	warning C4183: 'GetPlayerSex': missing return type; assumed to be a member function returning 'int'	y:\develop\github\backmir\bmclient\Common\GameRenderObject.h	361	1	BackMirClient
Error	9865	error C4430: missing type specifier - int assumed. Note: C++ does not support default-int	y:\develop\github\backmir\bmclient\Common\GameRenderObject.h	503	1	BackMirClient
Error	9866	error C2143: syntax error : missing ',' before '&'	y:\develop\github\backmir\bmclient\Common\GameRenderObject.h	503	1	BackMirClient
Error	9867	error C4430: missing type specifier - int assumed. Note: C++ does not support default-int	y:\develop\github\backmir\bmclient\Common\GameRenderObject.h	504	1	BackMirClient
Error	9868	error C2143: syntax error : missing ',' before '&'	y:\develop\github\backmir\bmclient\Common\GameRenderObject.h	504	1	BackMirClient
Error	9869	error C2535: 'void GameObject::DoPacket(const int)' : member function already defined or declared	y:\develop\github\backmir\bmclient\Common\GameRenderObject.h	504	1	BackMirClient
Error	9870	error C4430: missing type specifier - int assumed. Note: C++ does not support default-int	y:\develop\github\backmir\bmclient\Common\GameRenderObject.h	505	1	BackMirClient
Error	9871	error C2143: syntax error : missing ',' before '&'	y:\develop\github\backmir\bmclient\Common\GameRenderObject.h	505	1	BackMirClient
Error	9872	error C2535: 'void GameObject::DoPacket(const int)' : member function already defined or declared	y:\develop\github\backmir\bmclient\Common\GameRenderObject.h	505	1	BackMirClient
Error	9873	error C2061: syntax error : identifier 'PLAYER_STATUS'	y:\develop\github\backmir\bmclient\Common\GameRenderObject.h	513	1	BackMirClient
Error	9874	error C2146: syntax error : missing ';' before identifier 'm_drt'	y:\develop\github\backmir\bmclient\Common\GameRenderObject.h	554	1	BackMirClient
Error	9875	error C4430: missing type specifier - int assumed. Note: C++ does not support default-int	y:\develop\github\backmir\bmclient\Common\GameRenderObject.h	554	1	BackMirClient
Error	9876	error C2146: syntax error : missing ';' before identifier 'm_sex'	y:\develop\github\backmir\bmclient\Common\GameRenderObject.h	555	1	BackMirClient
Error	9877	error C4430: missing type specifier - int assumed. Note: C++ does not support default-int	y:\develop\github\backmir\bmclient\Common\GameRenderObject.h	555	1	BackMirClient
Error	9878	error C2146: syntax error : missing ';' before identifier 'm_stat'	y:\develop\github\backmir\bmclient\Common\GameRenderObject.h	556	1	BackMirClient
Error	9879	error C4430: missing type specifier - int assumed. Note: C++ does not support default-int	y:\develop\github\backmir\bmclient\Common\GameRenderObject.h	556	1	BackMirClient
Error	9880	error C2146: syntax error : missing ';' before identifier 'm_preStat'	y:\develop\github\backmir\bmclient\Common\GameRenderObject.h	557	1	BackMirClient
Error	9881	error C4430: missing type specifier - int assumed. Note: C++ does not support default-int	y:\develop\github\backmir\bmclient\Common\GameRenderObject.h	557	1	BackMirClient
Error	9882	error C2065: 'm_drt' : undeclared identifier	y:\develop\github\backmir\bmclient\Common\GameRenderObject.h	253	1	BackMirClient
Error	9883	error C2065: 'PDT_DOWN' : undeclared identifier	y:\develop\github\backmir\bmclient\Common\GameRenderObject.h	253	1	BackMirClient
Error	9884	error C2065: 'm_sex' : undeclared identifier	y:\develop\github\backmir\bmclient\Common\GameRenderObject.h	254	1	BackMirClient
Error	9885	error C2065: 'PSX_MAN' : undeclared identifier	y:\develop\github\backmir\bmclient\Common\GameRenderObject.h	254	1	BackMirClient
Error	9886	error C2065: 'm_preStat' : undeclared identifier	y:\develop\github\backmir\bmclient\Common\GameRenderObject.h	255	1	BackMirClient
Error	9887	error C2065: 'm_stat' : undeclared identifier	y:\develop\github\backmir\bmclient\Common\GameRenderObject.h	255	1	BackMirClient
Error	9888	error C2065: 'PST_STAND' : undeclared identifier	y:\develop\github\backmir\bmclient\Common\GameRenderObject.h	255	1	BackMirClient
Error	9889	error C2065: 'm_drt' : undeclared identifier	y:\develop\github\backmir\bmclient\Common\GameRenderObject.h	310	1	BackMirClient
Error	9890	error C2065: '_pd' : undeclared identifier	y:\develop\github\backmir\bmclient\Common\GameRenderObject.h	310	1	BackMirClient
Error	9891	error C2065: 'm_drt' : undeclared identifier	y:\develop\github\backmir\bmclient\Common\GameRenderObject.h	314	1	BackMirClient
Error	9892	error C2065: 'm_stat' : undeclared identifier	y:\develop\github\backmir\bmclient\Common\GameRenderObject.h	318	1	BackMirClient
Error	9893	error C2065: '_ps' : undeclared identifier	y:\develop\github\backmir\bmclient\Common\GameRenderObject.h	318	1	BackMirClient
Error	9894	error C2065: '_ps' : undeclared identifier	y:\develop\github\backmir\bmclient\Common\GameRenderObject.h	320	1	BackMirClient
Error	9895	error C2065: 'PST_STAND' : undeclared identifier	y:\develop\github\backmir\bmclient\Common\GameRenderObject.h	320	1	BackMirClient
Error	9896	error C2065: '_ps' : undeclared identifier	y:\develop\github\backmir\bmclient\Common\GameRenderObject.h	324	1	BackMirClient
Error	9897	error C2065: 'm_stat' : undeclared identifier	y:\develop\github\backmir\bmclient\Common\GameRenderObject.h	328	1	BackMirClient
Error	9898	error C2065: 'm_preStat' : undeclared identifier	y:\develop\github\backmir\bmclient\Common\GameRenderObject.h	332	1	BackMirClient
Error	9899	error C2065: 'm_sex' : undeclared identifier	y:\develop\github\backmir\bmclient\Common\GameRenderObject.h	356	1	BackMirClient
Error	9900	error C2065: '_ps' : undeclared identifier	y:\develop\github\backmir\bmclient\Common\GameRenderObject.h	356	1	BackMirClient
Error	9901	error C2065: 'm_sex' : undeclared identifier	y:\develop\github\backmir\bmclient\Common\GameRenderObject.h	360	1	BackMirClient
Error	9902	error C2065: 'PST_DEAD' : undeclared identifier	y:\develop\github\backmir\bmclient\Common\GameRenderObject.h	429	1	BackMirClient
Warning	9903	warning C4819: The file contains a character that cannot be represented in the current code page (936). Save the file in Unicode format to prevent data loss	y:\develop\github\backmir\CommonModule\ShareDefine.h	1	1	BackMirClient
Error	9904	error C2365: 'RES_ITEMS' : redefinition; previous definition was 'enumerator'	y:\develop\github\backmir\CommonModule\ShareDefine.h	79	1	BackMirClient
Error	9905	error C2365: 'RES_STATUS' : redefinition; previous definition was 'enumerator'	y:\develop\github\backmir\CommonModule\ShareDefine.h	80	1	BackMirClient
Error	9906	error C2365: 'RES_CUSTOM' : redefinition; previous definition was 'enumerator'	y:\develop\github\backmir\CommonModule\ShareDefine.h	81	1	BackMirClient
Error	9907	error C2365: 'RES_TOTAL' : redefinition; previous definition was 'enumerator'	y:\develop\github\backmir\CommonModule\ShareDefine.h	82	1	BackMirClient
Error	9908	error C2065: 'MEFF_USERTOTAL' : undeclared identifier	y:\develop\github\backmir\bmclient\GameScene\MagicEffect.h	8	1	BackMirClient
Error	9909	error C2061: syntax error : identifier 'PLAYER_STATUS'	y:\develop\github\backmir\bmclient\gamescene\GameOtherPlayer.h	29	1	BackMirClient
Error	9910	error C2061: syntax error : identifier 'MAGICEFFECT_TYPE'	y:\develop\github\backmir\bmclient\gamescene\GameOtherPlayer.h	52	1	BackMirClient
Error	9911	error C2061: syntax error : identifier 'MAGICEFFECT_TYPE'	y:\develop\github\backmir\bmclient\gamescene\GameOtherPlayer.h	53	1	BackMirClient
Error	9912	error C4430: missing type specifier - int assumed. Note: C++ does not support default-int	y:\develop\github\backmir\bmclient\gamescene\GameOtherPlayer.h	157	1	BackMirClient
Error	9913	error C2143: syntax error : missing ',' before '&'	y:\develop\github\backmir\bmclient\gamescene\GameOtherPlayer.h	157	1	BackMirClient
Error	9914	error C4430: missing type specifier - int assumed. Note: C++ does not support default-int	y:\develop\github\backmir\bmclient\gamescene\GameOtherPlayer.h	201	1	BackMirClient
Error	9915	error C2143: syntax error : missing ',' before '&'	y:\develop\github\backmir\bmclient\gamescene\GameOtherPlayer.h	201	1	BackMirClient
Error	9916	error C2535: 'void GameOtherPlayer::DoPacket(const int)' : member function already defined or declared	y:\develop\github\backmir\bmclient\gamescene\GameOtherPlayer.h	201	1	BackMirClient
Error	9917	error C2146: syntax error : missing ';' before identifier 'm_eEffect'	y:\develop\github\backmir\bmclient\gamescene\GameOtherPlayer.h	228	1	BackMirClient
Error	9918	error C4430: missing type specifier - int assumed. Note: C++ does not support default-int	y:\develop\github\backmir\bmclient\gamescene\GameOtherPlayer.h	228	1	BackMirClient
Error	9919	error C2065: 'MAGICEFFECT_TOTAL' : undeclared identifier	y:\develop\github\backmir\bmclient\gamescene\GameOtherPlayer.h	228	1	BackMirClient
Warning	9920	warning C4819: The file contains a character that cannot be represented in the current code page (936). Save the file in Unicode format to prevent data loss	y:\develop\github\backmir\CommonModule\RandGenerator.h	1	1	BackMirClient
Warning	9921	warning C4819: The file contains a character that cannot be represented in the current code page (936). Save the file in Unicode format to prevent data loss	y:\develop\github\backmir\CommonModule\CollDownController.h	1	1	BackMirClient
Error	9922	error C2061: syntax error : identifier 'PLAYER_DIRECTION'	y:\develop\github\backmir\bmclient\gamescene\GamePlayer.h	57	1	BackMirClient
Error	9923	error C2061: syntax error : identifier 'PLAYER_DIRECTION'	y:\develop\github\backmir\bmclient\gamescene\GamePlayer.h	58	1	BackMirClient
Error	9924	error C2143: syntax error : missing ';' before '*'	y:\develop\github\backmir\bmclient\gamescene\GamePlayer.h	73	1	BackMirClient
Error	9925	error C4430: missing type specifier - int assumed. Note: C++ does not support default-int	y:\develop\github\backmir\bmclient\gamescene\GamePlayer.h	73	1	BackMirClient
Error	9926	error C4430: missing type specifier - int assumed. Note: C++ does not support default-int	y:\develop\github\backmir\bmclient\gamescene\GamePlayer.h	74	1	BackMirClient
Warning	9927	warning C4183: 'GetEquip': missing return type; assumed to be a member function returning 'int'	y:\develop\github\backmir\bmclient\gamescene\GamePlayer.h	76	1	BackMirClient
Error	9928	error C2146: syntax error : missing ';' before identifier 'm_equipAttrib'	y:\develop\github\backmir\bmclient\gamescene\GamePlayer.h	350	1	BackMirClient
Error	9929	error C4430: missing type specifier - int assumed. Note: C++ does not support default-int	y:\develop\github\backmir\bmclient\gamescene\GamePlayer.h	350	1	BackMirClient
Error	9930	error C2146: syntax error : missing ';' before identifier 'm_indexs'	y:\develop\github\backmir\bmclient\gamescene\GamePlayer.h	361	1	BackMirClient
Error	9931	error C4430: missing type specifier - int assumed. Note: C++ does not support default-int	y:\develop\github\backmir\bmclient\gamescene\GamePlayer.h	361	1	BackMirClient
Error	9932	error C2065: 'ADD_NORMAL' : undeclared identifier	y:\develop\github\backmir\bmclient\gamescene\GamePlayer.h	182	1	BackMirClient
Error	9933	error C2065: 'ADD_NORMAL' : undeclared identifier	y:\develop\github\backmir\bmclient\gamescene\GamePlayer.h	183	1	BackMirClient
Error	9934	error C2065: 'm_equipAttrib' : undeclared identifier	y:\develop\github\backmir\bmclient\gamescene\GamePlayer.h	75	1	BackMirClient
Error	9935	error C2065: 'PST_NONE' : undeclared identifier	y:\develop\github\backmir\bmclient\gamescene\GamePlayer.h	84	1	BackMirClient
Error	9936	error C2065: 'g_nWanLiTable' : undeclared identifier	y:\develop\github\backmir\bmclient\gamescene\GamePlayer.h	135	1	BackMirClient
Error	9937	error C2146: syntax error : missing ';' before identifier 'm_xShowItems'	y:\develop\github\backmir\bmclient\GameScene\GameMapManager.h	137	1	BackMirClient
Error	9938	error C4430: missing type specifier - int assumed. Note: C++ does not support default-int	y:\develop\github\backmir\bmclient\GameScene\GameMapManager.h	137	1	BackMirClient
Error	9939	error C2146: syntax error : missing ';' before identifier 'm_xMouseItems'	y:\develop\github\backmir\bmclient\GameScene\GameMapManager.h	138	1	BackMirClient
Error	9940	error C4430: missing type specifier - int assumed. Note: C++ does not support default-int	y:\develop\github\backmir\bmclient\GameScene\GameMapManager.h	138	1	BackMirClient
Error	9941	error C2065: 'm_xMouseItems' : undeclared identifier	y:\develop\github\backmir\bmclient\GameScene\GameMapManager.h	80	1	BackMirClient
Error	9942	error C2228: left of '.push_back' must have class/struct/union	y:\develop\github\backmir\bmclient\GameScene\GameMapManager.h	80	1	BackMirClient
Error	9943	error C2039: 'list' : is not a member of 'std'	y:\develop\github\backmir\bmclient\common\InteractiveContext.h	76	1	BackMirClient
Error	9944	error C2143: syntax error : missing ';' before '<'	y:\develop\github\backmir\bmclient\common\InteractiveContext.h	76	1	BackMirClient
Error	9945	error C4430: missing type specifier - int assumed. Note: C++ does not support default-int	y:\develop\github\backmir\bmclient\common\InteractiveContext.h	76	1	BackMirClient
Error	9946	error C2143: syntax error : missing ';' before '&'	y:\develop\github\backmir\bmclient\common\InteractiveContext.h	90	1	BackMirClient
Error	9947	error C4430: missing type specifier - int assumed. Note: C++ does not support default-int	y:\develop\github\backmir\bmclient\common\InteractiveContext.h	90	1	BackMirClient
Error	9948	error C4430: missing type specifier - int assumed. Note: C++ does not support default-int	y:\develop\github\backmir\bmclient\common\InteractiveContext.h	91	1	BackMirClient
Warning	9949	warning C4183: 'GetNodes': missing return type; assumed to be a member function returning 'int'	y:\develop\github\backmir\bmclient\common\InteractiveContext.h	93	1	BackMirClient
Error	9950	error C2039: 'list' : is not a member of 'std'	y:\develop\github\backmir\bmclient\common\InteractiveContext.h	98	1	BackMirClient
Error	9951	error C2059: syntax error : '<'	y:\develop\github\backmir\bmclient\common\InteractiveContext.h	98	1	BackMirClient
Error	9952	error C2238: unexpected token(s) preceding ';'	y:\develop\github\backmir\bmclient\common\InteractiveContext.h	98	1	BackMirClient
Error	9953	error C2065: 'm_xNodes' : undeclared identifier	y:\develop\github\backmir\bmclient\common\InteractiveContext.h	92	1	BackMirClient
Warning	9954	warning C4819: The file contains a character that cannot be represented in the current code page (936). Save the file in Unicode format to prevent data loss	y:\develop\github\backmir\bmclient\common\GlobalDefine.h	1	1	BackMirClient
Error	9955	error C2447: '{' : missing function header (old-style formal list?)	y:\develop\github\backmir\bmclient\common\GlobalDefine.h	91	1	BackMirClient
Error	9956	error C2447: '{' : missing function header (old-style formal list?)	y:\develop\github\backmir\bmclient\common\GlobalDefine.h	103	1	BackMirClient
Error	9957	error C2447: '{' : missing function header (old-style formal list?)	y:\develop\github\backmir\bmclient\common\GlobalDefine.h	128	1	BackMirClient
Error	9958	error C2146: syntax error : missing ';' before identifier 'GetAngle'	y:\develop\github\backmir\bmclient\Common\GlobalFunction.h	26	1	BackMirClient
Error	9959	error C4430: missing type specifier - int assumed. Note: C++ does not support default-int	y:\develop\github\backmir\bmclient\Common\GlobalFunction.h	26	1	BackMirClient
Error	9960	error C2039: 'Clear' : is not a member of 'ByteBuffer'	Y:\develop\github\backmir\BMClient\Common\InteractiveContext.cpp	441	1	BackMirClient
Error	9961	error C2065: 'm_xNodes' : undeclared identifier	Y:\develop\github\backmir\BMClient\Common\InteractiveContext.cpp	442	1	BackMirClient
Error	9962	error C2228: left of '.empty' must have class/struct/union	Y:\develop\github\backmir\BMClient\Common\InteractiveContext.cpp	442	1	BackMirClient
Error	9963	error C2653: 'CONTEXTNODELIST' : is not a class or namespace name	Y:\develop\github\backmir\BMClient\Common\InteractiveContext.cpp	444	1	BackMirClient
Error	9964	error C2065: 'const_iterator' : undeclared identifier	Y:\develop\github\backmir\BMClient\Common\InteractiveContext.cpp	444	1	BackMirClient
Error	9965	error C2146: syntax error : missing ';' before identifier 'iter'	Y:\develop\github\backmir\BMClient\Common\InteractiveContext.cpp	444	1	BackMirClient
Error	9966	error C2065: 'iter' : undeclared identifier	Y:\develop\github\backmir\BMClient\Common\InteractiveContext.cpp	444	1	BackMirClient
Error	9967	error C2065: 'm_xNodes' : undeclared identifier	Y:\develop\github\backmir\BMClient\Common\InteractiveContext.cpp	444	1	BackMirClient
Error	9968	error C2228: left of '.begin' must have class/struct/union	Y:\develop\github\backmir\BMClient\Common\InteractiveContext.cpp	444	1	BackMirClient
Error	9969	error C2065: 'iter' : undeclared identifier	Y:\develop\github\backmir\BMClient\Common\InteractiveContext.cpp	445	1	BackMirClient
Error	9970	error C2065: 'iter' : undeclared identifier	Y:\develop\github\backmir\BMClient\Common\InteractiveContext.cpp	446	1	BackMirClient
Error	9971	error C2065: 'm_xNodes' : undeclared identifier	Y:\develop\github\backmir\BMClient\Common\InteractiveContext.cpp	446	1	BackMirClient
Error	9972	error C2228: left of '.end' must have class/struct/union	Y:\develop\github\backmir\BMClient\Common\InteractiveContext.cpp	446	1	BackMirClient
Error	9973	error C2065: 'iter' : undeclared identifier	Y:\develop\github\backmir\BMClient\Common\InteractiveContext.cpp	447	1	BackMirClient
Error	9974	error C2065: 'iter' : undeclared identifier	Y:\develop\github\backmir\BMClient\Common\InteractiveContext.cpp	449	1	BackMirClient
Error	9975	error C2541: 'delete' : cannot delete objects that are not pointers	Y:\develop\github\backmir\BMClient\Common\InteractiveContext.cpp	449	1	BackMirClient
Error	9976	error C2065: 'm_xNodes' : undeclared identifier	Y:\develop\github\backmir\BMClient\Common\InteractiveContext.cpp	451	1	BackMirClient
Error	9977	error C2228: left of '.clear' must have class/struct/union	Y:\develop\github\backmir\BMClient\Common\InteractiveContext.cpp	451	1	BackMirClient
Warning	9978	warning C4800: 'const char *' : forcing value to bool 'true' or 'false' (performance warning)	Y:\develop\github\backmir\BMClient\Common\InteractiveContext.cpp	475	1	BackMirClient
Error	9979	error C2065: 'm_xNodes' : undeclared identifier	Y:\develop\github\backmir\BMClient\Common\InteractiveContext.cpp	476	1	BackMirClient
Error	9980	error C2228: left of '.push_back' must have class/struct/union	Y:\develop\github\backmir\BMClient\Common\InteractiveContext.cpp	476	1	BackMirClient
Error	9981	error C2065: 'm_xNodes' : undeclared identifier	Y:\develop\github\backmir\BMClient\Common\InteractiveContext.cpp	482	1	BackMirClient
Error	9982	error C2228: left of '.size' must have class/struct/union	Y:\develop\github\backmir\BMClient\Common\InteractiveContext.cpp	482	1	BackMirClient
Error	9983	error C2653: 'CONTEXTNODELIST' : is not a class or namespace name	Y:\develop\github\backmir\BMClient\Common\InteractiveContext.cpp	486	1	BackMirClient
Error	9984	error C2065: 'const_iterator' : undeclared identifier	Y:\develop\github\backmir\BMClient\Common\InteractiveContext.cpp	486	1	BackMirClient
Error	9985	error C2146: syntax error : missing ';' before identifier 'begiter'	Y:\develop\github\backmir\BMClient\Common\InteractiveContext.cpp	486	1	BackMirClient
Error	9986	error C2065: 'begiter' : undeclared identifier	Y:\develop\github\backmir\BMClient\Common\InteractiveContext.cpp	486	1	BackMirClient
Error	9987	error C2065: 'm_xNodes' : undeclared identifier	Y:\develop\github\backmir\BMClient\Common\InteractiveContext.cpp	486	1	BackMirClient
Error	9988	error C2228: left of '.begin' must have class/struct/union	Y:\develop\github\backmir\BMClient\Common\InteractiveContext.cpp	486	1	BackMirClient
Error	9989	error C2653: 'CONTEXTNODELIST' : is not a class or namespace name	Y:\develop\github\backmir\BMClient\Common\InteractiveContext.cpp	487	1	BackMirClient
Error	9990	error C2065: 'const_iterator' : undeclared identifier	Y:\develop\github\backmir\BMClient\Common\InteractiveContext.cpp	487	1	BackMirClient
Error	9991	error C2146: syntax error : missing ';' before identifier 'enditer'	Y:\develop\github\backmir\BMClient\Common\InteractiveContext.cpp	487	1	BackMirClient
Error	9992	error C2065: 'enditer' : undeclared identifier	Y:\develop\github\backmir\BMClient\Common\InteractiveContext.cpp	487	1	BackMirClient
Error	9993	error C2065: 'm_xNodes' : undeclared identifier	Y:\develop\github\backmir\BMClient\Common\InteractiveContext.cpp	487	1	BackMirClient
Error	9994	error C2228: left of '.end' must have class/struct/union	Y:\develop\github\backmir\BMClient\Common\InteractiveContext.cpp	487	1	BackMirClient
Error	9995	error C2065: 'begiter' : undeclared identifier	Y:\develop\github\backmir\BMClient\Common\InteractiveContext.cpp	490	1	BackMirClient
Error	9996	error C2065: 'enditer' : undeclared identifier	Y:\develop\github\backmir\BMClient\Common\InteractiveContext.cpp	490	1	BackMirClient
Error	9997	error C2065: 'begiter' : undeclared identifier	Y:\develop\github\backmir\BMClient\Common\InteractiveContext.cpp	492	1	BackMirClient
Warning	9998	warning C4819: The file contains a character that cannot be represented in the current code page (936). Save the file in Unicode format to prevent data loss	y:\develop\github\backmir\bmclient\common\GlobalDefine.h	1	1	BackMirClient
Error	9999	error C2447: '{' : missing function header (old-style formal list?)	y:\develop\github\backmir\bmclient\common\GlobalDefine.h	91	1	BackMirClient
Error	10000	error C2447: '{' : missing function header (old-style formal list?)	y:\develop\github\backmir\bmclient\common\GlobalDefine.h	103	1	BackMirClient
Error	10001	error C2447: '{' : missing function header (old-style formal list?)	y:\develop\github\backmir\bmclient\common\GlobalDefine.h	128	1	BackMirClient
Error	10002	error C2146: syntax error : missing ';' before identifier 'GetAngle'	y:\develop\github\backmir\bmclient\Common\GlobalFunction.h	26	1	BackMirClient
Error	10003	error C4430: missing type specifier - int assumed. Note: C++ does not support default-int	y:\develop\github\backmir\bmclient\Common\GlobalFunction.h	26	1	BackMirClient
Error	10004	error C4430: missing type specifier - int assumed. Note: C++ does not support default-int	y:\develop\github\backmir\bmclient\net\PacketHandler.h	71	1	BackMirClient
Error	10005	error C2143: syntax error : missing ',' before '&'	y:\develop\github\backmir\bmclient\net\PacketHandler.h	71	1	BackMirClient
Warning	10006	warning C4819: The file contains a character that cannot be represented in the current code page (936). Save the file in Unicode format to prevent data loss	y:\develop\github\backmir\CommonModule\MagicEffectID.h	1	1	BackMirClient
Error	10007	error C2061: syntax error : identifier 'PLAYER_DIRECTION'	y:\develop\github\backmir\bmclient\Common\GameRenderObject.h	308	1	BackMirClient
Error	10008	error C2146: syntax error : missing ';' before identifier 'GetDirection'	y:\develop\github\backmir\bmclient\Common\GameRenderObject.h	312	1	BackMirClient
Error	10009	error C2433: 'GameObject::PLAYER_DIRECTION' : 'inline' not permitted on data declarations	y:\develop\github\backmir\bmclient\Common\GameRenderObject.h	312	1	BackMirClient
Error	10010	error C4430: missing type specifier - int assumed. Note: C++ does not support default-int	y:\develop\github\backmir\bmclient\Common\GameRenderObject.h	312	1	BackMirClient
Error	10011	error C4430: missing type specifier - int assumed. Note: C++ does not support default-int	y:\develop\github\backmir\bmclient\Common\GameRenderObject.h	313	1	BackMirClient
Warning	10012	warning C4183: 'GetDirection': missing return type; assumed to be a member function returning 'int'	y:\develop\github\backmir\bmclient\Common\GameRenderObject.h	315	1	BackMirClient
Error	10013	error C2061: syntax error : identifier 'PLAYER_STATUS'	y:\develop\github\backmir\bmclient\Common\GameRenderObject.h	316	1	BackMirClient
Error	10014	error C2146: syntax error : missing ';' before identifier 'GetStatus'	y:\develop\github\backmir\bmclient\Common\GameRenderObject.h	326	1	BackMirClient
Error	10015	error C2433: 'GameObject::PLAYER_STATUS' : 'inline' not permitted on data declarations	y:\develop\github\backmir\bmclient\Common\GameRenderObject.h	326	1	BackMirClient
Error	10016	error C4430: missing type specifier - int assumed. Note: C++ does not support default-int	y:\develop\github\backmir\bmclient\Common\GameRenderObject.h	326	1	BackMirClient
Error	10017	error C4430: missing type specifier - int assumed. Note: C++ does not support default-int	y:\develop\github\backmir\bmclient\Common\GameRenderObject.h	327	1	BackMirClient
Warning	10018	warning C4183: 'GetStatus': missing return type; assumed to be a member function returning 'int'	y:\develop\github\backmir\bmclient\Common\GameRenderObject.h	329	1	BackMirClient
Error	10019	error C2146: syntax error : missing ';' before identifier 'GetPreStatus'	y:\develop\github\backmir\bmclient\Common\GameRenderObject.h	330	1	BackMirClient
Error	10020	error C2433: 'GameObject::PLAYER_STATUS' : 'inline' not permitted on data declarations	y:\develop\github\backmir\bmclient\Common\GameRenderObject.h	330	1	BackMirClient
Error	10021	error C4430: missing type specifier - int assumed. Note: C++ does not support default-int	y:\develop\github\backmir\bmclient\Common\GameRenderObject.h	330	1	BackMirClient
Error	10022	error C4430: missing type specifier - int assumed. Note: C++ does not support default-int	y:\develop\github\backmir\bmclient\Common\GameRenderObject.h	331	1	BackMirClient
Warning	10023	warning C4183: 'GetPreStatus': missing return type; assumed to be a member function returning 'int'	y:\develop\github\backmir\bmclient\Common\GameRenderObject.h	333	1	BackMirClient
Error	10024	error C2061: syntax error : identifier 'PLAYER_SEX'	y:\develop\github\backmir\bmclient\Common\GameRenderObject.h	354	1	BackMirClient
Error	10025	error C2146: syntax error : missing ';' before identifier 'GetPlayerSex'	y:\develop\github\backmir\bmclient\Common\GameRenderObject.h	358	1	BackMirClient
Error	10026	error C2433: 'GameObject::PLAYER_SEX' : 'inline' not permitted on data declarations	y:\develop\github\backmir\bmclient\Common\GameRenderObject.h	358	1	BackMirClient
Error	10027	error C4430: missing type specifier - int assumed. Note: C++ does not support default-int	y:\develop\github\backmir\bmclient\Common\GameRenderObject.h	358	1	BackMirClient
Error	10028	error C4430: missing type specifier - int assumed. Note: C++ does not support default-int	y:\develop\github\backmir\bmclient\Common\GameRenderObject.h	359	1	BackMirClient
Warning	10029	warning C4183: 'GetPlayerSex': missing return type; assumed to be a member function returning 'int'	y:\develop\github\backmir\bmclient\Common\GameRenderObject.h	361	1	BackMirClient
Error	10030	error C4430: missing type specifier - int assumed. Note: C++ does not support default-int	y:\develop\github\backmir\bmclient\Common\GameRenderObject.h	503	1	BackMirClient
Error	10031	error C2143: syntax error : missing ',' before '&'	y:\develop\github\backmir\bmclient\Common\GameRenderObject.h	503	1	BackMirClient
Error	10032	error C4430: missing type specifier - int assumed. Note: C++ does not support default-int	y:\develop\github\backmir\bmclient\Common\GameRenderObject.h	504	1	BackMirClient
Error	10033	error C2143: syntax error : missing ',' before '&'	y:\develop\github\backmir\bmclient\Common\GameRenderObject.h	504	1	BackMirClient
Error	10034	error C2535: 'void GameObject::DoPacket(const int)' : member function already defined or declared	y:\develop\github\backmir\bmclient\Common\GameRenderObject.h	504	1	BackMirClient
Error	10035	error C4430: missing type specifier - int assumed. Note: C++ does not support default-int	y:\develop\github\backmir\bmclient\Common\GameRenderObject.h	505	1	BackMirClient
Error	10036	error C2143: syntax error : missing ',' before '&'	y:\develop\github\backmir\bmclient\Common\GameRenderObject.h	505	1	BackMirClient
Error	10037	error C2535: 'void GameObject::DoPacket(const int)' : member function already defined or declared	y:\develop\github\backmir\bmclient\Common\GameRenderObject.h	505	1	BackMirClient
Error	10038	error C2061: syntax error : identifier 'PLAYER_STATUS'	y:\develop\github\backmir\bmclient\Common\GameRenderObject.h	513	1	BackMirClient
Error	10039	error C2146: syntax error : missing ';' before identifier 'm_drt'	y:\develop\github\backmir\bmclient\Common\GameRenderObject.h	554	1	BackMirClient
Error	10040	error C4430: missing type specifier - int assumed. Note: C++ does not support default-int	y:\develop\github\backmir\bmclient\Common\GameRenderObject.h	554	1	BackMirClient
Error	10041	error C2146: syntax error : missing ';' before identifier 'm_sex'	y:\develop\github\backmir\bmclient\Common\GameRenderObject.h	555	1	BackMirClient
Error	10042	error C4430: missing type specifier - int assumed. Note: C++ does not support default-int	y:\develop\github\backmir\bmclient\Common\GameRenderObject.h	555	1	BackMirClient
Error	10043	error C2146: syntax error : missing ';' before identifier 'm_stat'	y:\develop\github\backmir\bmclient\Common\GameRenderObject.h	556	1	BackMirClient
Error	10044	error C4430: missing type specifier - int assumed. Note: C++ does not support default-int	y:\develop\github\backmir\bmclient\Common\GameRenderObject.h	556	1	BackMirClient
Error	10045	error C2146: syntax error : missing ';' before identifier 'm_preStat'	y:\develop\github\backmir\bmclient\Common\GameRenderObject.h	557	1	BackMirClient
Error	10046	error C4430: missing type specifier - int assumed. Note: C++ does not support default-int	y:\develop\github\backmir\bmclient\Common\GameRenderObject.h	557	1	BackMirClient
Error	10047	error C2065: 'm_drt' : undeclared identifier	y:\develop\github\backmir\bmclient\Common\GameRenderObject.h	253	1	BackMirClient
Error	10048	error C2065: 'PDT_DOWN' : undeclared identifier	y:\develop\github\backmir\bmclient\Common\GameRenderObject.h	253	1	BackMirClient
Error	10049	error C2065: 'm_sex' : undeclared identifier	y:\develop\github\backmir\bmclient\Common\GameRenderObject.h	254	1	BackMirClient
Error	10050	error C2065: 'PSX_MAN' : undeclared identifier	y:\develop\github\backmir\bmclient\Common\GameRenderObject.h	254	1	BackMirClient
Error	10051	error C2065: 'm_preStat' : undeclared identifier	y:\develop\github\backmir\bmclient\Common\GameRenderObject.h	255	1	BackMirClient
Error	10052	error C2065: 'm_stat' : undeclared identifier	y:\develop\github\backmir\bmclient\Common\GameRenderObject.h	255	1	BackMirClient
Error	10053	error C2065: 'PST_STAND' : undeclared identifier	y:\develop\github\backmir\bmclient\Common\GameRenderObject.h	255	1	BackMirClient
Error	10054	error C2065: 'm_drt' : undeclared identifier	y:\develop\github\backmir\bmclient\Common\GameRenderObject.h	310	1	BackMirClient
Error	10055	error C2065: '_pd' : undeclared identifier	y:\develop\github\backmir\bmclient\Common\GameRenderObject.h	310	1	BackMirClient
Error	10056	error C2065: 'm_drt' : undeclared identifier	y:\develop\github\backmir\bmclient\Common\GameRenderObject.h	314	1	BackMirClient
Error	10057	error C2065: 'm_stat' : undeclared identifier	y:\develop\github\backmir\bmclient\Common\GameRenderObject.h	318	1	BackMirClient
Error	10058	error C2065: '_ps' : undeclared identifier	y:\develop\github\backmir\bmclient\Common\GameRenderObject.h	318	1	BackMirClient
Error	10059	error C2065: '_ps' : undeclared identifier	y:\develop\github\backmir\bmclient\Common\GameRenderObject.h	320	1	BackMirClient
Error	10060	error C2065: 'PST_STAND' : undeclared identifier	y:\develop\github\backmir\bmclient\Common\GameRenderObject.h	320	1	BackMirClient
Error	10061	error C2065: '_ps' : undeclared identifier	y:\develop\github\backmir\bmclient\Common\GameRenderObject.h	324	1	BackMirClient
Error	10062	error C2065: 'm_stat' : undeclared identifier	y:\develop\github\backmir\bmclient\Common\GameRenderObject.h	328	1	BackMirClient
Error	10063	error C2065: 'm_preStat' : undeclared identifier	y:\develop\github\backmir\bmclient\Common\GameRenderObject.h	332	1	BackMirClient
Error	10064	error C2065: 'm_sex' : undeclared identifier	y:\develop\github\backmir\bmclient\Common\GameRenderObject.h	356	1	BackMirClient
Error	10065	error C2065: '_ps' : undeclared identifier	y:\develop\github\backmir\bmclient\Common\GameRenderObject.h	356	1	BackMirClient
Error	10066	error C2065: 'm_sex' : undeclared identifier	y:\develop\github\backmir\bmclient\Common\GameRenderObject.h	360	1	BackMirClient
Error	10067	error C2065: 'PST_DEAD' : undeclared identifier	y:\develop\github\backmir\bmclient\Common\GameRenderObject.h	429	1	BackMirClient
Warning	10068	warning C4819: The file contains a character that cannot be represented in the current code page (936). Save the file in Unicode format to prevent data loss	y:\develop\github\backmir\CommonModule\ShareDefine.h	1	1	BackMirClient
Error	10069	error C2365: 'RES_ITEMS' : redefinition; previous definition was 'enumerator'	y:\develop\github\backmir\CommonModule\ShareDefine.h	79	1	BackMirClient
Error	10070	error C2365: 'RES_STATUS' : redefinition; previous definition was 'enumerator'	y:\develop\github\backmir\CommonModule\ShareDefine.h	80	1	BackMirClient
Error	10071	error C2365: 'RES_CUSTOM' : redefinition; previous definition was 'enumerator'	y:\develop\github\backmir\CommonModule\ShareDefine.h	81	1	BackMirClient
Error	10072	error C2365: 'RES_TOTAL' : redefinition; previous definition was 'enumerator'	y:\develop\github\backmir\CommonModule\ShareDefine.h	82	1	BackMirClient
Error	10073	error C2065: 'MEFF_USERTOTAL' : undeclared identifier	y:\develop\github\backmir\bmclient\GameScene\MagicEffect.h	8	1	BackMirClient
Error	10074	error C2061: syntax error : identifier 'PLAYER_STATUS'	y:\develop\github\backmir\bmclient\gamescene\GameOtherPlayer.h	29	1	BackMirClient
Error	10075	error C2061: syntax error : identifier 'MAGICEFFECT_TYPE'	y:\develop\github\backmir\bmclient\gamescene\GameOtherPlayer.h	52	1	BackMirClient
Error	10076	error C2061: syntax error : identifier 'MAGICEFFECT_TYPE'	y:\develop\github\backmir\bmclient\gamescene\GameOtherPlayer.h	53	1	BackMirClient
Error	10077	error C4430: missing type specifier - int assumed. Note: C++ does not support default-int	y:\develop\github\backmir\bmclient\gamescene\GameOtherPlayer.h	157	1	BackMirClient
Error	10078	error C2143: syntax error : missing ',' before '&'	y:\develop\github\backmir\bmclient\gamescene\GameOtherPlayer.h	157	1	BackMirClient
Error	10079	error C4430: missing type specifier - int assumed. Note: C++ does not support default-int	y:\develop\github\backmir\bmclient\gamescene\GameOtherPlayer.h	201	1	BackMirClient
Error	10080	error C2143: syntax error : missing ',' before '&'	y:\develop\github\backmir\bmclient\gamescene\GameOtherPlayer.h	201	1	BackMirClient
Error	10081	error C2535: 'void GameOtherPlayer::DoPacket(const int)' : member function already defined or declared	y:\develop\github\backmir\bmclient\gamescene\GameOtherPlayer.h	201	1	BackMirClient
Error	10082	error C2146: syntax error : missing ';' before identifier 'm_eEffect'	y:\develop\github\backmir\bmclient\gamescene\GameOtherPlayer.h	228	1	BackMirClient
Error	10083	error C4430: missing type specifier - int assumed. Note: C++ does not support default-int	y:\develop\github\backmir\bmclient\gamescene\GameOtherPlayer.h	228	1	BackMirClient
Error	10084	error C2065: 'MAGICEFFECT_TOTAL' : undeclared identifier	y:\develop\github\backmir\bmclient\gamescene\GameOtherPlayer.h	228	1	BackMirClient
Warning	10085	warning C4819: The file contains a character that cannot be represented in the current code page (936). Save the file in Unicode format to prevent data loss	y:\develop\github\backmir\CommonModule\RandGenerator.h	1	1	BackMirClient
Warning	10086	warning C4819: The file contains a character that cannot be represented in the current code page (936). Save the file in Unicode format to prevent data loss	y:\develop\github\backmir\CommonModule\CollDownController.h	1	1	BackMirClient
Error	10087	error C2061: syntax error : identifier 'PLAYER_DIRECTION'	y:\develop\github\backmir\bmclient\gamescene\GamePlayer.h	57	1	BackMirClient
Error	10088	error C2061: syntax error : identifier 'PLAYER_DIRECTION'	y:\develop\github\backmir\bmclient\gamescene\GamePlayer.h	58	1	BackMirClient
Error	10089	error C2143: syntax error : missing ';' before '*'	y:\develop\github\backmir\bmclient\gamescene\GamePlayer.h	73	1	BackMirClient
Error	10090	error C4430: missing type specifier - int assumed. Note: C++ does not support default-int	y:\develop\github\backmir\bmclient\gamescene\GamePlayer.h	73	1	BackMirClient
Error	10091	error C4430: missing type specifier - int assumed. Note: C++ does not support default-int	y:\develop\github\backmir\bmclient\gamescene\GamePlayer.h	74	1	BackMirClient
Warning	10092	warning C4183: 'GetEquip': missing return type; assumed to be a member function returning 'int'	y:\develop\github\backmir\bmclient\gamescene\GamePlayer.h	76	1	BackMirClient
Error	10093	error C2146: syntax error : missing ';' before identifier 'm_equipAttrib'	y:\develop\github\backmir\bmclient\gamescene\GamePlayer.h	350	1	BackMirClient
Error	10094	error C4430: missing type specifier - int assumed. Note: C++ does not support default-int	y:\develop\github\backmir\bmclient\gamescene\GamePlayer.h	350	1	BackMirClient
Error	10095	error C2146: syntax error : missing ';' before identifier 'm_indexs'	y:\develop\github\backmir\bmclient\gamescene\GamePlayer.h	361	1	BackMirClient
Error	10096	error C4430: missing type specifier - int assumed. Note: C++ does not support default-int	y:\develop\github\backmir\bmclient\gamescene\GamePlayer.h	361	1	BackMirClient
Error	10097	error C2065: 'ADD_NORMAL' : undeclared identifier	y:\develop\github\backmir\bmclient\gamescene\GamePlayer.h	182	1	BackMirClient
Error	10098	error C2065: 'ADD_NORMAL' : undeclared identifier	y:\develop\github\backmir\bmclient\gamescene\GamePlayer.h	183	1	BackMirClient
Error	10099	error C2065: 'm_equipAttrib' : undeclared identifier	y:\develop\github\backmir\bmclient\gamescene\GamePlayer.h	75	1	BackMirClient
Error	10100	error C2065: 'PST_NONE' : undeclared identifier	y:\develop\github\backmir\bmclient\gamescene\GamePlayer.h	84	1	BackMirClient
Error	10101	error C2065: 'g_nWanLiTable' : undeclared identifier	y:\develop\github\backmir\bmclient\gamescene\GamePlayer.h	135	1	BackMirClient
Error	10102	error C2146: syntax error : missing ';' before identifier 'm_xShowItems'	y:\develop\github\backmir\bmclient\GameScene\GameMapManager.h	137	1	BackMirClient
Error	10103	error C4430: missing type specifier - int assumed. Note: C++ does not support default-int	y:\develop\github\backmir\bmclient\GameScene\GameMapManager.h	137	1	BackMirClient
Error	10104	error C2146: syntax error : missing ';' before identifier 'm_xMouseItems'	y:\develop\github\backmir\bmclient\GameScene\GameMapManager.h	138	1	BackMirClient
Error	10105	error C4430: missing type specifier - int assumed. Note: C++ does not support default-int	y:\develop\github\backmir\bmclient\GameScene\GameMapManager.h	138	1	BackMirClient
Error	10106	error C2065: 'm_xMouseItems' : undeclared identifier	y:\develop\github\backmir\bmclient\GameScene\GameMapManager.h	80	1	BackMirClient
Error	10107	error C2228: left of '.push_back' must have class/struct/union	y:\develop\github\backmir\bmclient\GameScene\GameMapManager.h	80	1	BackMirClient
Error	10108	error C1083: Cannot open include file: 'FastDelegateBind.h': No such file or directory	y:\develop\github\backmir\bmclient\GameDialog\GameCommonDlg.h	9	1	BackMirClient
Warning	10109	warning C4819: The file contains a character that cannot be represented in the current code page (936). Save the file in Unicode format to prevent data loss	y:\develop\github\backmir\bmclient\common\GlobalDefine.h	1	1	BackMirClient
Error	10110	error C2447: '{' : missing function header (old-style formal list?)	y:\develop\github\backmir\bmclient\common\GlobalDefine.h	91	1	BackMirClient
Error	10111	error C2447: '{' : missing function header (old-style formal list?)	y:\develop\github\backmir\bmclient\common\GlobalDefine.h	103	1	BackMirClient
Error	10112	error C2447: '{' : missing function header (old-style formal list?)	y:\develop\github\backmir\bmclient\common\GlobalDefine.h	128	1	BackMirClient
Error	10113	error C2146: syntax error : missing ';' before identifier 'GetAngle'	y:\develop\github\backmir\bmclient\common\GlobalFunction.h	26	1	BackMirClient
Error	10114	error C4430: missing type specifier - int assumed. Note: C++ does not support default-int	y:\develop\github\backmir\bmclient\common\GlobalFunction.h	26	1	BackMirClient
Warning	10115	warning C4819: The file contains a character that cannot be represented in the current code page (936). Save the file in Unicode format to prevent data loss	y:\develop\github\backmir\bmclient\Common\GlobalDefine.h	1	1	BackMirClient
Error	10116	error C2447: '{' : missing function header (old-style formal list?)	y:\develop\github\backmir\bmclient\Common\GlobalDefine.h	91	1	BackMirClient
Error	10117	error C2447: '{' : missing function header (old-style formal list?)	y:\develop\github\backmir\bmclient\Common\GlobalDefine.h	103	1	BackMirClient
Error	10118	error C2447: '{' : missing function header (old-style formal list?)	y:\develop\github\backmir\bmclient\Common\GlobalDefine.h	128	1	BackMirClient
Error	10119	error C2146: syntax error : missing ';' before identifier 'GetAngle'	y:\develop\github\backmir\bmclient\Common\GlobalFunction.h	26	1	BackMirClient
Error	10120	error C4430: missing type specifier - int assumed. Note: C++ does not support default-int	y:\develop\github\backmir\bmclient\Common\GlobalFunction.h	26	1	BackMirClient
Error	10121	error C4430: missing type specifier - int assumed. Note: C++ does not support default-int	y:\develop\github\backmir\bmclient\net\PacketHandler.h	71	1	BackMirClient
Error	10122	error C2143: syntax error : missing ',' before '&'	y:\develop\github\backmir\bmclient\net\PacketHandler.h	71	1	BackMirClient
Warning	10123	warning C4819: The file contains a character that cannot be represented in the current code page (936). Save the file in Unicode format to prevent data loss	y:\develop\github\backmir\CommonModule\MagicEffectID.h	1	1	BackMirClient
Error	10124	error C2061: syntax error : identifier 'PLAYER_DIRECTION'	y:\develop\github\backmir\bmclient\Common\GameRenderObject.h	308	1	BackMirClient
Error	10125	error C2146: syntax error : missing ';' before identifier 'GetDirection'	y:\develop\github\backmir\bmclient\Common\GameRenderObject.h	312	1	BackMirClient
Error	10126	error C2433: 'GameObject::PLAYER_DIRECTION' : 'inline' not permitted on data declarations	y:\develop\github\backmir\bmclient\Common\GameRenderObject.h	312	1	BackMirClient
Error	10127	error C4430: missing type specifier - int assumed. Note: C++ does not support default-int	y:\develop\github\backmir\bmclient\Common\GameRenderObject.h	312	1	BackMirClient
Error	10128	error C4430: missing type specifier - int assumed. Note: C++ does not support default-int	y:\develop\github\backmir\bmclient\Common\GameRenderObject.h	313	1	BackMirClient
Warning	10129	warning C4183: 'GetDirection': missing return type; assumed to be a member function returning 'int'	y:\develop\github\backmir\bmclient\Common\GameRenderObject.h	315	1	BackMirClient
Error	10130	error C2061: syntax error : identifier 'PLAYER_STATUS'	y:\develop\github\backmir\bmclient\Common\GameRenderObject.h	316	1	BackMirClient
Error	10131	error C2146: syntax error : missing ';' before identifier 'GetStatus'	y:\develop\github\backmir\bmclient\Common\GameRenderObject.h	326	1	BackMirClient
Error	10132	error C2433: 'GameObject::PLAYER_STATUS' : 'inline' not permitted on data declarations	y:\develop\github\backmir\bmclient\Common\GameRenderObject.h	326	1	BackMirClient
Error	10133	error C4430: missing type specifier - int assumed. Note: C++ does not support default-int	y:\develop\github\backmir\bmclient\Common\GameRenderObject.h	326	1	BackMirClient
Error	10134	error C4430: missing type specifier - int assumed. Note: C++ does not support default-int	y:\develop\github\backmir\bmclient\Common\GameRenderObject.h	327	1	BackMirClient
Warning	10135	warning C4183: 'GetStatus': missing return type; assumed to be a member function returning 'int'	y:\develop\github\backmir\bmclient\Common\GameRenderObject.h	329	1	BackMirClient
Error	10136	error C2146: syntax error : missing ';' before identifier 'GetPreStatus'	y:\develop\github\backmir\bmclient\Common\GameRenderObject.h	330	1	BackMirClient
Error	10137	error C2433: 'GameObject::PLAYER_STATUS' : 'inline' not permitted on data declarations	y:\develop\github\backmir\bmclient\Common\GameRenderObject.h	330	1	BackMirClient
Error	10138	error C4430: missing type specifier - int assumed. Note: C++ does not support default-int	y:\develop\github\backmir\bmclient\Common\GameRenderObject.h	330	1	BackMirClient
Error	10139	error C4430: missing type specifier - int assumed. Note: C++ does not support default-int	y:\develop\github\backmir\bmclient\Common\GameRenderObject.h	331	1	BackMirClient
Warning	10140	warning C4183: 'GetPreStatus': missing return type; assumed to be a member function returning 'int'	y:\develop\github\backmir\bmclient\Common\GameRenderObject.h	333	1	BackMirClient
Error	10141	error C2061: syntax error : identifier 'PLAYER_SEX'	y:\develop\github\backmir\bmclient\Common\GameRenderObject.h	354	1	BackMirClient
Error	10142	error C2146: syntax error : missing ';' before identifier 'GetPlayerSex'	y:\develop\github\backmir\bmclient\Common\GameRenderObject.h	358	1	BackMirClient
Error	10143	error C2433: 'GameObject::PLAYER_SEX' : 'inline' not permitted on data declarations	y:\develop\github\backmir\bmclient\Common\GameRenderObject.h	358	1	BackMirClient
Error	10144	error C4430: missing type specifier - int assumed. Note: C++ does not support default-int	y:\develop\github\backmir\bmclient\Common\GameRenderObject.h	358	1	BackMirClient
Error	10145	error C4430: missing type specifier - int assumed. Note: C++ does not support default-int	y:\develop\github\backmir\bmclient\Common\GameRenderObject.h	359	1	BackMirClient
Warning	10146	warning C4183: 'GetPlayerSex': missing return type; assumed to be a member function returning 'int'	y:\develop\github\backmir\bmclient\Common\GameRenderObject.h	361	1	BackMirClient
Error	10147	error C4430: missing type specifier - int assumed. Note: C++ does not support default-int	y:\develop\github\backmir\bmclient\Common\GameRenderObject.h	503	1	BackMirClient
Error	10148	error C2143: syntax error : missing ',' before '&'	y:\develop\github\backmir\bmclient\Common\GameRenderObject.h	503	1	BackMirClient
Error	10149	error C4430: missing type specifier - int assumed. Note: C++ does not support default-int	y:\develop\github\backmir\bmclient\Common\GameRenderObject.h	504	1	BackMirClient
Error	10150	error C2143: syntax error : missing ',' before '&'	y:\develop\github\backmir\bmclient\Common\GameRenderObject.h	504	1	BackMirClient
Error	10151	error C2535: 'void GameObject::DoPacket(const int)' : member function already defined or declared	y:\develop\github\backmir\bmclient\Common\GameRenderObject.h	504	1	BackMirClient
Error	10152	error C4430: missing type specifier - int assumed. Note: C++ does not support default-int	y:\develop\github\backmir\bmclient\Common\GameRenderObject.h	505	1	BackMirClient
Error	10153	error C2143: syntax error : missing ',' before '&'	y:\develop\github\backmir\bmclient\Common\GameRenderObject.h	505	1	BackMirClient
Error	10154	error C2535: 'void GameObject::DoPacket(const int)' : member function already defined or declared	y:\develop\github\backmir\bmclient\Common\GameRenderObject.h	505	1	BackMirClient
Error	10155	error C2061: syntax error : identifier 'PLAYER_STATUS'	y:\develop\github\backmir\bmclient\Common\GameRenderObject.h	513	1	BackMirClient
Error	10156	error C2146: syntax error : missing ';' before identifier 'm_drt'	y:\develop\github\backmir\bmclient\Common\GameRenderObject.h	554	1	BackMirClient
Error	10157	error C4430: missing type specifier - int assumed. Note: C++ does not support default-int	y:\develop\github\backmir\bmclient\Common\GameRenderObject.h	554	1	BackMirClient
Error	10158	error C2146: syntax error : missing ';' before identifier 'm_sex'	y:\develop\github\backmir\bmclient\Common\GameRenderObject.h	555	1	BackMirClient
Error	10159	error C4430: missing type specifier - int assumed. Note: C++ does not support default-int	y:\develop\github\backmir\bmclient\Common\GameRenderObject.h	555	1	BackMirClient
Error	10160	error C2146: syntax error : missing ';' before identifier 'm_stat'	y:\develop\github\backmir\bmclient\Common\GameRenderObject.h	556	1	BackMirClient
Error	10161	error C4430: missing type specifier - int assumed. Note: C++ does not support default-int	y:\develop\github\backmir\bmclient\Common\GameRenderObject.h	556	1	BackMirClient
Error	10162	error C2146: syntax error : missing ';' before identifier 'm_preStat'	y:\develop\github\backmir\bmclient\Common\GameRenderObject.h	557	1	BackMirClient
Error	10163	error C4430: missing type specifier - int assumed. Note: C++ does not support default-int	y:\develop\github\backmir\bmclient\Common\GameRenderObject.h	557	1	BackMirClient
Error	10164	error C2065: 'm_drt' : undeclared identifier	y:\develop\github\backmir\bmclient\Common\GameRenderObject.h	253	1	BackMirClient
Error	10165	error C2065: 'PDT_DOWN' : undeclared identifier	y:\develop\github\backmir\bmclient\Common\GameRenderObject.h	253	1	BackMirClient
Error	10166	error C2065: 'm_sex' : undeclared identifier	y:\develop\github\backmir\bmclient\Common\GameRenderObject.h	254	1	BackMirClient
Error	10167	error C2065: 'PSX_MAN' : undeclared identifier	y:\develop\github\backmir\bmclient\Common\GameRenderObject.h	254	1	BackMirClient
Error	10168	error C2065: 'm_preStat' : undeclared identifier	y:\develop\github\backmir\bmclient\Common\GameRenderObject.h	255	1	BackMirClient
Error	10169	error C2065: 'm_stat' : undeclared identifier	y:\develop\github\backmir\bmclient\Common\GameRenderObject.h	255	1	BackMirClient
Error	10170	error C2065: 'PST_STAND' : undeclared identifier	y:\develop\github\backmir\bmclient\Common\GameRenderObject.h	255	1	BackMirClient
Error	10171	error C2065: 'm_drt' : undeclared identifier	y:\develop\github\backmir\bmclient\Common\GameRenderObject.h	310	1	BackMirClient
Error	10172	error C2065: '_pd' : undeclared identifier	y:\develop\github\backmir\bmclient\Common\GameRenderObject.h	310	1	BackMirClient
Error	10173	error C2065: 'm_drt' : undeclared identifier	y:\develop\github\backmir\bmclient\Common\GameRenderObject.h	314	1	BackMirClient
Error	10174	error C2065: 'm_stat' : undeclared identifier	y:\develop\github\backmir\bmclient\Common\GameRenderObject.h	318	1	BackMirClient
Error	10175	error C2065: '_ps' : undeclared identifier	y:\develop\github\backmir\bmclient\Common\GameRenderObject.h	318	1	BackMirClient
Error	10176	error C2065: '_ps' : undeclared identifier	y:\develop\github\backmir\bmclient\Common\GameRenderObject.h	320	1	BackMirClient
Error	10177	error C2065: 'PST_STAND' : undeclared identifier	y:\develop\github\backmir\bmclient\Common\GameRenderObject.h	320	1	BackMirClient
Error	10178	error C2065: '_ps' : undeclared identifier	y:\develop\github\backmir\bmclient\Common\GameRenderObject.h	324	1	BackMirClient
Error	10179	error C2065: 'm_stat' : undeclared identifier	y:\develop\github\backmir\bmclient\Common\GameRenderObject.h	328	1	BackMirClient
Error	10180	error C2065: 'm_preStat' : undeclared identifier	y:\develop\github\backmir\bmclient\Common\GameRenderObject.h	332	1	BackMirClient
Error	10181	error C2065: 'm_sex' : undeclared identifier	y:\develop\github\backmir\bmclient\Common\GameRenderObject.h	356	1	BackMirClient
Error	10182	error C2065: '_ps' : undeclared identifier	y:\develop\github\backmir\bmclient\Common\GameRenderObject.h	356	1	BackMirClient
Error	10183	error C2065: 'm_sex' : undeclared identifier	y:\develop\github\backmir\bmclient\Common\GameRenderObject.h	360	1	BackMirClient
Error	10184	error C2065: 'PST_DEAD' : undeclared identifier	y:\develop\github\backmir\bmclient\Common\GameRenderObject.h	429	1	BackMirClient
Warning	10185	warning C4819: The file contains a character that cannot be represented in the current code page (936). Save the file in Unicode format to prevent data loss	y:\develop\github\backmir\CommonModule\ShareDefine.h	1	1	BackMirClient
Error	10186	error C2365: 'RES_ITEMS' : redefinition; previous definition was 'enumerator'	y:\develop\github\backmir\CommonModule\ShareDefine.h	79	1	BackMirClient
Error	10187	error C2365: 'RES_STATUS' : redefinition; previous definition was 'enumerator'	y:\develop\github\backmir\CommonModule\ShareDefine.h	80	1	BackMirClient
Error	10188	error C2365: 'RES_CUSTOM' : redefinition; previous definition was 'enumerator'	y:\develop\github\backmir\CommonModule\ShareDefine.h	81	1	BackMirClient
Error	10189	error C2365: 'RES_TOTAL' : redefinition; previous definition was 'enumerator'	y:\develop\github\backmir\CommonModule\ShareDefine.h	82	1	BackMirClient
Error	10190	error C2065: 'MEFF_USERTOTAL' : undeclared identifier	y:\develop\github\backmir\bmclient\GameScene\MagicEffect.h	8	1	BackMirClient
Error	10191	error C2061: syntax error : identifier 'PLAYER_STATUS'	y:\develop\github\backmir\bmclient\gamescene\GameOtherPlayer.h	29	1	BackMirClient
Error	10192	error C2061: syntax error : identifier 'MAGICEFFECT_TYPE'	y:\develop\github\backmir\bmclient\gamescene\GameOtherPlayer.h	52	1	BackMirClient
Error	10193	error C2061: syntax error : identifier 'MAGICEFFECT_TYPE'	y:\develop\github\backmir\bmclient\gamescene\GameOtherPlayer.h	53	1	BackMirClient
Error	10194	error C4430: missing type specifier - int assumed. Note: C++ does not support default-int	y:\develop\github\backmir\bmclient\gamescene\GameOtherPlayer.h	157	1	BackMirClient
Error	10195	error C2143: syntax error : missing ',' before '&'	y:\develop\github\backmir\bmclient\gamescene\GameOtherPlayer.h	157	1	BackMirClient
Error	10196	error C4430: missing type specifier - int assumed. Note: C++ does not support default-int	y:\develop\github\backmir\bmclient\gamescene\GameOtherPlayer.h	201	1	BackMirClient
Error	10197	error C2143: syntax error : missing ',' before '&'	y:\develop\github\backmir\bmclient\gamescene\GameOtherPlayer.h	201	1	BackMirClient
Error	10198	error C2535: 'void GameOtherPlayer::DoPacket(const int)' : member function already defined or declared	y:\develop\github\backmir\bmclient\gamescene\GameOtherPlayer.h	201	1	BackMirClient
Error	10199	error C2146: syntax error : missing ';' before identifier 'm_eEffect'	y:\develop\github\backmir\bmclient\gamescene\GameOtherPlayer.h	228	1	BackMirClient
Error	10200	error C4430: missing type specifier - int assumed. Note: C++ does not support default-int	y:\develop\github\backmir\bmclient\gamescene\GameOtherPlayer.h	228	1	BackMirClient
Error	10201	error C2065: 'MAGICEFFECT_TOTAL' : undeclared identifier	y:\develop\github\backmir\bmclient\gamescene\GameOtherPlayer.h	228	1	BackMirClient
Warning	10202	warning C4819: The file contains a character that cannot be represented in the current code page (936). Save the file in Unicode format to prevent data loss	y:\develop\github\backmir\CommonModule\RandGenerator.h	1	1	BackMirClient
Warning	10203	warning C4819: The file contains a character that cannot be represented in the current code page (936). Save the file in Unicode format to prevent data loss	y:\develop\github\backmir\CommonModule\CollDownController.h	1	1	BackMirClient
Error	10204	error C2061: syntax error : identifier 'PLAYER_DIRECTION'	y:\develop\github\backmir\bmclient\gamescene\GamePlayer.h	57	1	BackMirClient
Error	10205	error C2061: syntax error : identifier 'PLAYER_DIRECTION'	y:\develop\github\backmir\bmclient\gamescene\GamePlayer.h	58	1	BackMirClient
Error	10206	error C2143: syntax error : missing ';' before '*'	y:\develop\github\backmir\bmclient\gamescene\GamePlayer.h	73	1	BackMirClient
Error	10207	error C4430: missing type specifier - int assumed. Note: C++ does not support default-int	y:\develop\github\backmir\bmclient\gamescene\GamePlayer.h	73	1	BackMirClient
Error	10208	error C4430: missing type specifier - int assumed. Note: C++ does not support default-int	y:\develop\github\backmir\bmclient\gamescene\GamePlayer.h	74	1	BackMirClient
Warning	10209	warning C4183: 'GetEquip': missing return type; assumed to be a member function returning 'int'	y:\develop\github\backmir\bmclient\gamescene\GamePlayer.h	76	1	BackMirClient
Error	10210	error C2146: syntax error : missing ';' before identifier 'm_equipAttrib'	y:\develop\github\backmir\bmclient\gamescene\GamePlayer.h	350	1	BackMirClient
Error	10211	error C4430: missing type specifier - int assumed. Note: C++ does not support default-int	y:\develop\github\backmir\bmclient\gamescene\GamePlayer.h	350	1	BackMirClient
Error	10212	error C2146: syntax error : missing ';' before identifier 'm_indexs'	y:\develop\github\backmir\bmclient\gamescene\GamePlayer.h	361	1	BackMirClient
Error	10213	error C4430: missing type specifier - int assumed. Note: C++ does not support default-int	y:\develop\github\backmir\bmclient\gamescene\GamePlayer.h	361	1	BackMirClient
Error	10214	error C2065: 'ADD_NORMAL' : undeclared identifier	y:\develop\github\backmir\bmclient\gamescene\GamePlayer.h	182	1	BackMirClient
Error	10215	error C2065: 'ADD_NORMAL' : undeclared identifier	y:\develop\github\backmir\bmclient\gamescene\GamePlayer.h	183	1	BackMirClient
Error	10216	error C2065: 'm_equipAttrib' : undeclared identifier	y:\develop\github\backmir\bmclient\gamescene\GamePlayer.h	75	1	BackMirClient
Error	10217	error C2065: 'PST_NONE' : undeclared identifier	y:\develop\github\backmir\bmclient\gamescene\GamePlayer.h	84	1	BackMirClient
Error	10218	error C2065: 'g_nWanLiTable' : undeclared identifier	y:\develop\github\backmir\bmclient\gamescene\GamePlayer.h	135	1	BackMirClient
Error	10219	error C2146: syntax error : missing ';' before identifier 'm_indexs'	y:\develop\github\backmir\bmclient\GameScene\GameMonster.h	114	1	BackMirClient
Error	10220	error C4430: missing type specifier - int assumed. Note: C++ does not support default-int	y:\develop\github\backmir\bmclient\GameScene\GameMonster.h	114	1	BackMirClient
Error	10221	error C2146: syntax error : missing ';' before identifier 'm_eEndStatus'	y:\develop\github\backmir\bmclient\GameScene\GameMonster.h	812	1	BackMirClient
Error	10222	error C4430: missing type specifier - int assumed. Note: C++ does not support default-int	y:\develop\github\backmir\bmclient\GameScene\GameMonster.h	812	1	BackMirClient
Error	10223	error C2146: syntax error : missing ';' before identifier 'm_xShowItems'	y:\develop\github\backmir\bmclient\GameScene\GameMapManager.h	137	1	BackMirClient
Error	10224	error C4430: missing type specifier - int assumed. Note: C++ does not support default-int	y:\develop\github\backmir\bmclient\GameScene\GameMapManager.h	137	1	BackMirClient
Error	10225	error C2146: syntax error : missing ';' before identifier 'm_xMouseItems'	y:\develop\github\backmir\bmclient\GameScene\GameMapManager.h	138	1	BackMirClient
Error	10226	error C4430: missing type specifier - int assumed. Note: C++ does not support default-int	y:\develop\github\backmir\bmclient\GameScene\GameMapManager.h	138	1	BackMirClient
Error	10227	error C2065: 'm_xMouseItems' : undeclared identifier	y:\develop\github\backmir\bmclient\GameScene\GameMapManager.h	80	1	BackMirClient
Error	10228	error C2228: left of '.push_back' must have class/struct/union	y:\develop\github\backmir\bmclient\GameScene\GameMapManager.h	80	1	BackMirClient
Error	10229	error C1083: Cannot open include file: 'FastDelegateBind.h': No such file or directory	y:\develop\github\backmir\bmclient\GameDialog\GameCommonDlg.h	9	1	BackMirClient
Warning	10230	warning C4819: The file contains a character that cannot be represented in the current code page (936). Save the file in Unicode format to prevent data loss	y:\develop\github\backmir\bmclient\Common\GlobalDefine.h	1	1	BackMirClient
Error	10231	error C2447: '{' : missing function header (old-style formal list?)	y:\develop\github\backmir\bmclient\Common\GlobalDefine.h	91	1	BackMirClient
Error	10232	error C2447: '{' : missing function header (old-style formal list?)	y:\develop\github\backmir\bmclient\Common\GlobalDefine.h	103	1	BackMirClient
Error	10233	error C2447: '{' : missing function header (old-style formal list?)	y:\develop\github\backmir\bmclient\Common\GlobalDefine.h	128	1	BackMirClient
Error	10234	error C2146: syntax error : missing ';' before identifier 'GetAngle'	y:\develop\github\backmir\bmclient\Common\GlobalFunction.h	26	1	BackMirClient
Error	10235	error C4430: missing type specifier - int assumed. Note: C++ does not support default-int	y:\develop\github\backmir\bmclient\Common\GlobalFunction.h	26	1	BackMirClient
Error	10236	error C4430: missing type specifier - int assumed. Note: C++ does not support default-int	y:\develop\github\backmir\bmclient\net\PacketHandler.h	71	1	BackMirClient
Error	10237	error C2143: syntax error : missing ',' before '&'	y:\develop\github\backmir\bmclient\net\PacketHandler.h	71	1	BackMirClient
Warning	10238	warning C4819: The file contains a character that cannot be represented in the current code page (936). Save the file in Unicode format to prevent data loss	y:\develop\github\backmir\CommonModule\MagicEffectID.h	1	1	BackMirClient
Error	10239	error C2061: syntax error : identifier 'PLAYER_DIRECTION'	y:\develop\github\backmir\bmclient\Common\GameRenderObject.h	308	1	BackMirClient
Error	10240	error C2146: syntax error : missing ';' before identifier 'GetDirection'	y:\develop\github\backmir\bmclient\Common\GameRenderObject.h	312	1	BackMirClient
Error	10241	error C2433: 'GameObject::PLAYER_DIRECTION' : 'inline' not permitted on data declarations	y:\develop\github\backmir\bmclient\Common\GameRenderObject.h	312	1	BackMirClient
Error	10242	error C4430: missing type specifier - int assumed. Note: C++ does not support default-int	y:\develop\github\backmir\bmclient\Common\GameRenderObject.h	312	1	BackMirClient
Error	10243	error C4430: missing type specifier - int assumed. Note: C++ does not support default-int	y:\develop\github\backmir\bmclient\Common\GameRenderObject.h	313	1	BackMirClient
Warning	10244	warning C4183: 'GetDirection': missing return type; assumed to be a member function returning 'int'	y:\develop\github\backmir\bmclient\Common\GameRenderObject.h	315	1	BackMirClient
Error	10245	error C2061: syntax error : identifier 'PLAYER_STATUS'	y:\develop\github\backmir\bmclient\Common\GameRenderObject.h	316	1	BackMirClient
Error	10246	error C2146: syntax error : missing ';' before identifier 'GetStatus'	y:\develop\github\backmir\bmclient\Common\GameRenderObject.h	326	1	BackMirClient
Error	10247	error C2433: 'GameObject::PLAYER_STATUS' : 'inline' not permitted on data declarations	y:\develop\github\backmir\bmclient\Common\GameRenderObject.h	326	1	BackMirClient
Error	10248	error C4430: missing type specifier - int assumed. Note: C++ does not support default-int	y:\develop\github\backmir\bmclient\Common\GameRenderObject.h	326	1	BackMirClient
Error	10249	error C4430: missing type specifier - int assumed. Note: C++ does not support default-int	y:\develop\github\backmir\bmclient\Common\GameRenderObject.h	327	1	BackMirClient
Warning	10250	warning C4183: 'GetStatus': missing return type; assumed to be a member function returning 'int'	y:\develop\github\backmir\bmclient\Common\GameRenderObject.h	329	1	BackMirClient
Error	10251	error C2146: syntax error : missing ';' before identifier 'GetPreStatus'	y:\develop\github\backmir\bmclient\Common\GameRenderObject.h	330	1	BackMirClient
Error	10252	error C2433: 'GameObject::PLAYER_STATUS' : 'inline' not permitted on data declarations	y:\develop\github\backmir\bmclient\Common\GameRenderObject.h	330	1	BackMirClient
Error	10253	error C4430: missing type specifier - int assumed. Note: C++ does not support default-int	y:\develop\github\backmir\bmclient\Common\GameRenderObject.h	330	1	BackMirClient
Error	10254	error C4430: missing type specifier - int assumed. Note: C++ does not support default-int	y:\develop\github\backmir\bmclient\Common\GameRenderObject.h	331	1	BackMirClient
Warning	10255	warning C4183: 'GetPreStatus': missing return type; assumed to be a member function returning 'int'	y:\develop\github\backmir\bmclient\Common\GameRenderObject.h	333	1	BackMirClient
Error	10256	error C2061: syntax error : identifier 'PLAYER_SEX'	y:\develop\github\backmir\bmclient\Common\GameRenderObject.h	354	1	BackMirClient
Error	10257	error C2146: syntax error : missing ';' before identifier 'GetPlayerSex'	y:\develop\github\backmir\bmclient\Common\GameRenderObject.h	358	1	BackMirClient
Error	10258	error C2433: 'GameObject::PLAYER_SEX' : 'inline' not permitted on data declarations	y:\develop\github\backmir\bmclient\Common\GameRenderObject.h	358	1	BackMirClient
Error	10259	error C4430: missing type specifier - int assumed. Note: C++ does not support default-int	y:\develop\github\backmir\bmclient\Common\GameRenderObject.h	358	1	BackMirClient
Error	10260	error C4430: missing type specifier - int assumed. Note: C++ does not support default-int	y:\develop\github\backmir\bmclient\Common\GameRenderObject.h	359	1	BackMirClient
Warning	10261	warning C4183: 'GetPlayerSex': missing return type; assumed to be a member function returning 'int'	y:\develop\github\backmir\bmclient\Common\GameRenderObject.h	361	1	BackMirClient
Error	10262	error C4430: missing type specifier - int assumed. Note: C++ does not support default-int	y:\develop\github\backmir\bmclient\Common\GameRenderObject.h	503	1	BackMirClient
Error	10263	error C2143: syntax error : missing ',' before '&'	y:\develop\github\backmir\bmclient\Common\GameRenderObject.h	503	1	BackMirClient
Error	10264	error C4430: missing type specifier - int assumed. Note: C++ does not support default-int	y:\develop\github\backmir\bmclient\Common\GameRenderObject.h	504	1	BackMirClient
Error	10265	error C2143: syntax error : missing ',' before '&'	y:\develop\github\backmir\bmclient\Common\GameRenderObject.h	504	1	BackMirClient
Error	10266	error C2535: 'void GameObject::DoPacket(const int)' : member function already defined or declared	y:\develop\github\backmir\bmclient\Common\GameRenderObject.h	504	1	BackMirClient
Error	10267	error C4430: missing type specifier - int assumed. Note: C++ does not support default-int	y:\develop\github\backmir\bmclient\Common\GameRenderObject.h	505	1	BackMirClient
Error	10268	error C2143: syntax error : missing ',' before '&'	y:\develop\github\backmir\bmclient\Common\GameRenderObject.h	505	1	BackMirClient
Error	10269	error C2535: 'void GameObject::DoPacket(const int)' : member function already defined or declared	y:\develop\github\backmir\bmclient\Common\GameRenderObject.h	505	1	BackMirClient
Error	10270	error C2061: syntax error : identifier 'PLAYER_STATUS'	y:\develop\github\backmir\bmclient\Common\GameRenderObject.h	513	1	BackMirClient
Error	10271	error C2146: syntax error : missing ';' before identifier 'm_drt'	y:\develop\github\backmir\bmclient\Common\GameRenderObject.h	554	1	BackMirClient
Error	10272	error C4430: missing type specifier - int assumed. Note: C++ does not support default-int	y:\develop\github\backmir\bmclient\Common\GameRenderObject.h	554	1	BackMirClient
Error	10273	error C2146: syntax error : missing ';' before identifier 'm_sex'	y:\develop\github\backmir\bmclient\Common\GameRenderObject.h	555	1	BackMirClient
Error	10274	error C4430: missing type specifier - int assumed. Note: C++ does not support default-int	y:\develop\github\backmir\bmclient\Common\GameRenderObject.h	555	1	BackMirClient
Error	10275	error C2146: syntax error : missing ';' before identifier 'm_stat'	y:\develop\github\backmir\bmclient\Common\GameRenderObject.h	556	1	BackMirClient
Error	10276	error C4430: missing type specifier - int assumed. Note: C++ does not support default-int	y:\develop\github\backmir\bmclient\Common\GameRenderObject.h	556	1	BackMirClient
Error	10277	error C2146: syntax error : missing ';' before identifier 'm_preStat'	y:\develop\github\backmir\bmclient\Common\GameRenderObject.h	557	1	BackMirClient
Error	10278	error C4430: missing type specifier - int assumed. Note: C++ does not support default-int	y:\develop\github\backmir\bmclient\Common\GameRenderObject.h	557	1	BackMirClient
Error	10279	error C2065: 'm_drt' : undeclared identifier	y:\develop\github\backmir\bmclient\Common\GameRenderObject.h	253	1	BackMirClient
Error	10280	error C2065: 'PDT_DOWN' : undeclared identifier	y:\develop\github\backmir\bmclient\Common\GameRenderObject.h	253	1	BackMirClient
Error	10281	error C2065: 'm_sex' : undeclared identifier	y:\develop\github\backmir\bmclient\Common\GameRenderObject.h	254	1	BackMirClient
Error	10282	error C2065: 'PSX_MAN' : undeclared identifier	y:\develop\github\backmir\bmclient\Common\GameRenderObject.h	254	1	BackMirClient
Error	10283	error C2065: 'm_preStat' : undeclared identifier	y:\develop\github\backmir\bmclient\Common\GameRenderObject.h	255	1	BackMirClient
Error	10284	error C2065: 'm_stat' : undeclared identifier	y:\develop\github\backmir\bmclient\Common\GameRenderObject.h	255	1	BackMirClient
Error	10285	error C2065: 'PST_STAND' : undeclared identifier	y:\develop\github\backmir\bmclient\Common\GameRenderObject.h	255	1	BackMirClient
Error	10286	error C2065: 'm_drt' : undeclared identifier	y:\develop\github\backmir\bmclient\Common\GameRenderObject.h	310	1	BackMirClient
Error	10287	error C2065: '_pd' : undeclared identifier	y:\develop\github\backmir\bmclient\Common\GameRenderObject.h	310	1	BackMirClient
Error	10288	error C2065: 'm_drt' : undeclared identifier	y:\develop\github\backmir\bmclient\Common\GameRenderObject.h	314	1	BackMirClient
Error	10289	error C2065: 'm_stat' : undeclared identifier	y:\develop\github\backmir\bmclient\Common\GameRenderObject.h	318	1	BackMirClient
Error	10290	error C2065: '_ps' : undeclared identifier	y:\develop\github\backmir\bmclient\Common\GameRenderObject.h	318	1	BackMirClient
Error	10291	error C2065: '_ps' : undeclared identifier	y:\develop\github\backmir\bmclient\Common\GameRenderObject.h	320	1	BackMirClient
Error	10292	error C2065: 'PST_STAND' : undeclared identifier	y:\develop\github\backmir\bmclient\Common\GameRenderObject.h	320	1	BackMirClient
Error	10293	error C2065: '_ps' : undeclared identifier	y:\develop\github\backmir\bmclient\Common\GameRenderObject.h	324	1	BackMirClient
Error	10294	error C2065: 'm_stat' : undeclared identifier	y:\develop\github\backmir\bmclient\Common\GameRenderObject.h	328	1	BackMirClient
Error	10295	error C2065: 'm_preStat' : undeclared identifier	y:\develop\github\backmir\bmclient\Common\GameRenderObject.h	332	1	BackMirClient
Error	10296	error C2065: 'm_sex' : undeclared identifier	y:\develop\github\backmir\bmclient\Common\GameRenderObject.h	356	1	BackMirClient
Error	10297	error C2065: '_ps' : undeclared identifier	y:\develop\github\backmir\bmclient\Common\GameRenderObject.h	356	1	BackMirClient
Error	10298	error C2065: 'm_sex' : undeclared identifier	y:\develop\github\backmir\bmclient\Common\GameRenderObject.h	360	1	BackMirClient
Error	10299	error C2065: 'PST_DEAD' : undeclared identifier	y:\develop\github\backmir\bmclient\Common\GameRenderObject.h	429	1	BackMirClient
Warning	10300	warning C4819: The file contains a character that cannot be represented in the current code page (936). Save the file in Unicode format to prevent data loss	y:\develop\github\backmir\CommonModule\ShareDefine.h	1	1	BackMirClient
Error	10301	error C2365: 'RES_ITEMS' : redefinition; previous definition was 'enumerator'	y:\develop\github\backmir\CommonModule\ShareDefine.h	79	1	BackMirClient
Error	10302	error C2365: 'RES_STATUS' : redefinition; previous definition was 'enumerator'	y:\develop\github\backmir\CommonModule\ShareDefine.h	80	1	BackMirClient
Error	10303	error C2365: 'RES_CUSTOM' : redefinition; previous definition was 'enumerator'	y:\develop\github\backmir\CommonModule\ShareDefine.h	81	1	BackMirClient
Error	10304	error C2365: 'RES_TOTAL' : redefinition; previous definition was 'enumerator'	y:\develop\github\backmir\CommonModule\ShareDefine.h	82	1	BackMirClient
Error	10305	error C2065: 'MEFF_USERTOTAL' : undeclared identifier	y:\develop\github\backmir\bmclient\GameScene\MagicEffect.h	8	1	BackMirClient
Error	10306	error C2061: syntax error : identifier 'PLAYER_STATUS'	y:\develop\github\backmir\bmclient\gamescene\GameOtherPlayer.h	29	1	BackMirClient
Error	10307	error C2061: syntax error : identifier 'MAGICEFFECT_TYPE'	y:\develop\github\backmir\bmclient\gamescene\GameOtherPlayer.h	52	1	BackMirClient
Error	10308	error C2061: syntax error : identifier 'MAGICEFFECT_TYPE'	y:\develop\github\backmir\bmclient\gamescene\GameOtherPlayer.h	53	1	BackMirClient
Error	10309	error C4430: missing type specifier - int assumed. Note: C++ does not support default-int	y:\develop\github\backmir\bmclient\gamescene\GameOtherPlayer.h	157	1	BackMirClient
Error	10310	error C2143: syntax error : missing ',' before '&'	y:\develop\github\backmir\bmclient\gamescene\GameOtherPlayer.h	157	1	BackMirClient
Error	10311	error C4430: missing type specifier - int assumed. Note: C++ does not support default-int	y:\develop\github\backmir\bmclient\gamescene\GameOtherPlayer.h	201	1	BackMirClient
Error	10312	error C2143: syntax error : missing ',' before '&'	y:\develop\github\backmir\bmclient\gamescene\GameOtherPlayer.h	201	1	BackMirClient
Error	10313	error C2535: 'void GameOtherPlayer::DoPacket(const int)' : member function already defined or declared	y:\develop\github\backmir\bmclient\gamescene\GameOtherPlayer.h	201	1	BackMirClient
Error	10314	error C2146: syntax error : missing ';' before identifier 'm_eEffect'	y:\develop\github\backmir\bmclient\gamescene\GameOtherPlayer.h	228	1	BackMirClient
Error	10315	error C4430: missing type specifier - int assumed. Note: C++ does not support default-int	y:\develop\github\backmir\bmclient\gamescene\GameOtherPlayer.h	228	1	BackMirClient
Error	10316	error C2065: 'MAGICEFFECT_TOTAL' : undeclared identifier	y:\develop\github\backmir\bmclient\gamescene\GameOtherPlayer.h	228	1	BackMirClient
Warning	10317	warning C4819: The file contains a character that cannot be represented in the current code page (936). Save the file in Unicode format to prevent data loss	y:\develop\github\backmir\CommonModule\RandGenerator.h	1	1	BackMirClient
Warning	10318	warning C4819: The file contains a character that cannot be represented in the current code page (936). Save the file in Unicode format to prevent data loss	y:\develop\github\backmir\CommonModule\CollDownController.h	1	1	BackMirClient
Error	10319	error C2061: syntax error : identifier 'PLAYER_DIRECTION'	y:\develop\github\backmir\bmclient\gamescene\GamePlayer.h	57	1	BackMirClient
Error	10320	error C2061: syntax error : identifier 'PLAYER_DIRECTION'	y:\develop\github\backmir\bmclient\gamescene\GamePlayer.h	58	1	BackMirClient
Error	10321	error C2143: syntax error : missing ';' before '*'	y:\develop\github\backmir\bmclient\gamescene\GamePlayer.h	73	1	BackMirClient
Error	10322	error C4430: missing type specifier - int assumed. Note: C++ does not support default-int	y:\develop\github\backmir\bmclient\gamescene\GamePlayer.h	73	1	BackMirClient
Error	10323	error C4430: missing type specifier - int assumed. Note: C++ does not support default-int	y:\develop\github\backmir\bmclient\gamescene\GamePlayer.h	74	1	BackMirClient
Warning	10324	warning C4183: 'GetEquip': missing return type; assumed to be a member function returning 'int'	y:\develop\github\backmir\bmclient\gamescene\GamePlayer.h	76	1	BackMirClient
Error	10325	error C2146: syntax error : missing ';' before identifier 'm_equipAttrib'	y:\develop\github\backmir\bmclient\gamescene\GamePlayer.h	350	1	BackMirClient
Error	10326	error C4430: missing type specifier - int assumed. Note: C++ does not support default-int	y:\develop\github\backmir\bmclient\gamescene\GamePlayer.h	350	1	BackMirClient
Error	10327	error C2146: syntax error : missing ';' before identifier 'm_indexs'	y:\develop\github\backmir\bmclient\gamescene\GamePlayer.h	361	1	BackMirClient
Error	10328	error C4430: missing type specifier - int assumed. Note: C++ does not support default-int	y:\develop\github\backmir\bmclient\gamescene\GamePlayer.h	361	1	BackMirClient
Error	10329	error C2065: 'ADD_NORMAL' : undeclared identifier	y:\develop\github\backmir\bmclient\gamescene\GamePlayer.h	182	1	BackMirClient
Error	10330	error C2065: 'ADD_NORMAL' : undeclared identifier	y:\develop\github\backmir\bmclient\gamescene\GamePlayer.h	183	1	BackMirClient
Error	10331	error C2065: 'm_equipAttrib' : undeclared identifier	y:\develop\github\backmir\bmclient\gamescene\GamePlayer.h	75	1	BackMirClient
Error	10332	error C2065: 'PST_NONE' : undeclared identifier	y:\develop\github\backmir\bmclient\gamescene\GamePlayer.h	84	1	BackMirClient
Error	10333	error C2065: 'g_nWanLiTable' : undeclared identifier	y:\develop\github\backmir\bmclient\gamescene\GamePlayer.h	135	1	BackMirClient
Error	10334	error C2146: syntax error : missing ';' before identifier 'm_xShowItems'	y:\develop\github\backmir\bmclient\GameScene\GameMapManager.h	137	1	BackMirClient
Error	10335	error C4430: missing type specifier - int assumed. Note: C++ does not support default-int	y:\develop\github\backmir\bmclient\GameScene\GameMapManager.h	137	1	BackMirClient
Error	10336	error C2146: syntax error : missing ';' before identifier 'm_xMouseItems'	y:\develop\github\backmir\bmclient\GameScene\GameMapManager.h	138	1	BackMirClient
Error	10337	error C4430: missing type specifier - int assumed. Note: C++ does not support default-int	y:\develop\github\backmir\bmclient\GameScene\GameMapManager.h	138	1	BackMirClient
Error	10338	error C2065: 'm_xMouseItems' : undeclared identifier	y:\develop\github\backmir\bmclient\GameScene\GameMapManager.h	80	1	BackMirClient
Error	10339	error C2228: left of '.push_back' must have class/struct/union	y:\develop\github\backmir\bmclient\GameScene\GameMapManager.h	80	1	BackMirClient
Warning	10340	warning C4819: The file contains a character that cannot be represented in the current code page (936). Save the file in Unicode format to prevent data loss	y:\develop\github\backmir\bmclient\common\GlobalDefine.h	1	1	BackMirClient
Error	10341	error C2447: '{' : missing function header (old-style formal list?)	y:\develop\github\backmir\bmclient\common\GlobalDefine.h	91	1	BackMirClient
Error	10342	error C2447: '{' : missing function header (old-style formal list?)	y:\develop\github\backmir\bmclient\common\GlobalDefine.h	103	1	BackMirClient
Error	10343	error C2447: '{' : missing function header (old-style formal list?)	y:\develop\github\backmir\bmclient\common\GlobalDefine.h	128	1	BackMirClient
Error	10344	error C2146: syntax error : missing ';' before identifier 'GetAngle'	y:\develop\github\backmir\bmclient\common\GlobalFunction.h	26	1	BackMirClient
Error	10345	error C4430: missing type specifier - int assumed. Note: C++ does not support default-int	y:\develop\github\backmir\bmclient\common\GlobalFunction.h	26	1	BackMirClient
Warning	10346	warning C4554: '&' : check operator precedence for possible error; use parentheses to clarify precedence	Y:\develop\github\backmir\BMClient\Common\DrawWndBuffer.cpp	87	1	BackMirClient
Error	10347	error C1083: Cannot open include file: 'Utils/Utils.h': No such file or directory	c:\users\administrator\devlib\incvc12\duilib\UIlib.h	71	1	BackMirClient
Warning	10348	warning C4065: switch statement contains 'default' but no 'case' labels	Y:\develop\github\backmir\BMClient\BackMir\SGameBase.cpp	302	1	BackMirClient
Warning	10349	warning C4800: 'UINT' : forcing value to bool 'true' or 'false' (performance warning)	Y:\develop\github\backmir\BMClient\BackMir\SGameBase.cpp	485	1	BackMirClient
Warning	10350	warning C4819: The file contains a character that cannot be represented in the current code page (936). Save the file in Unicode format to prevent data loss	y:\develop\github\backmir\bmclient\Common\GlobalDefine.h	1	1	BackMirClient
Error	10351	error C2447: '{' : missing function header (old-style formal list?)	y:\develop\github\backmir\bmclient\Common\GlobalDefine.h	91	1	BackMirClient
Error	10352	error C2447: '{' : missing function header (old-style formal list?)	y:\develop\github\backmir\bmclient\Common\GlobalDefine.h	103	1	BackMirClient
Error	10353	error C2447: '{' : missing function header (old-style formal list?)	y:\develop\github\backmir\bmclient\Common\GlobalDefine.h	128	1	BackMirClient
Error	10354	error C2146: syntax error : missing ';' before identifier 'GetAngle'	y:\develop\github\backmir\bmclient\Common\GlobalFunction.h	26	1	BackMirClient
Error	10355	error C4430: missing type specifier - int assumed. Note: C++ does not support default-int	y:\develop\github\backmir\bmclient\Common\GlobalFunction.h	26	1	BackMirClient
Error	10356	error C4430: missing type specifier - int assumed. Note: C++ does not support default-int	y:\develop\github\backmir\bmclient\net\PacketHandler.h	71	1	BackMirClient
Error	10357	error C2143: syntax error : missing ',' before '&'	y:\develop\github\backmir\bmclient\net\PacketHandler.h	71	1	BackMirClient
Warning	10358	warning C4819: The file contains a character that cannot be represented in the current code page (936). Save the file in Unicode format to prevent data loss	y:\develop\github\backmir\CommonModule\MagicEffectID.h	1	1	BackMirClient
Error	10359	error C2061: syntax error : identifier 'PLAYER_DIRECTION'	y:\develop\github\backmir\bmclient\Common\GameRenderObject.h	308	1	BackMirClient
Error	10360	error C2146: syntax error : missing ';' before identifier 'GetDirection'	y:\develop\github\backmir\bmclient\Common\GameRenderObject.h	312	1	BackMirClient
Error	10361	error C2433: 'GameObject::PLAYER_DIRECTION' : 'inline' not permitted on data declarations	y:\develop\github\backmir\bmclient\Common\GameRenderObject.h	312	1	BackMirClient
Error	10362	error C4430: missing type specifier - int assumed. Note: C++ does not support default-int	y:\develop\github\backmir\bmclient\Common\GameRenderObject.h	312	1	BackMirClient
Error	10363	error C4430: missing type specifier - int assumed. Note: C++ does not support default-int	y:\develop\github\backmir\bmclient\Common\GameRenderObject.h	313	1	BackMirClient
Warning	10364	warning C4183: 'GetDirection': missing return type; assumed to be a member function returning 'int'	y:\develop\github\backmir\bmclient\Common\GameRenderObject.h	315	1	BackMirClient
Error	10365	error C2061: syntax error : identifier 'PLAYER_STATUS'	y:\develop\github\backmir\bmclient\Common\GameRenderObject.h	316	1	BackMirClient
Error	10366	error C2146: syntax error : missing ';' before identifier 'GetStatus'	y:\develop\github\backmir\bmclient\Common\GameRenderObject.h	326	1	BackMirClient
Error	10367	error C2433: 'GameObject::PLAYER_STATUS' : 'inline' not permitted on data declarations	y:\develop\github\backmir\bmclient\Common\GameRenderObject.h	326	1	BackMirClient
Error	10368	error C4430: missing type specifier - int assumed. Note: C++ does not support default-int	y:\develop\github\backmir\bmclient\Common\GameRenderObject.h	326	1	BackMirClient
Error	10369	error C4430: missing type specifier - int assumed. Note: C++ does not support default-int	y:\develop\github\backmir\bmclient\Common\GameRenderObject.h	327	1	BackMirClient
Warning	10370	warning C4183: 'GetStatus': missing return type; assumed to be a member function returning 'int'	y:\develop\github\backmir\bmclient\Common\GameRenderObject.h	329	1	BackMirClient
Error	10371	error C2146: syntax error : missing ';' before identifier 'GetPreStatus'	y:\develop\github\backmir\bmclient\Common\GameRenderObject.h	330	1	BackMirClient
Error	10372	error C2433: 'GameObject::PLAYER_STATUS' : 'inline' not permitted on data declarations	y:\develop\github\backmir\bmclient\Common\GameRenderObject.h	330	1	BackMirClient
Error	10373	error C4430: missing type specifier - int assumed. Note: C++ does not support default-int	y:\develop\github\backmir\bmclient\Common\GameRenderObject.h	330	1	BackMirClient
Error	10374	error C4430: missing type specifier - int assumed. Note: C++ does not support default-int	y:\develop\github\backmir\bmclient\Common\GameRenderObject.h	331	1	BackMirClient
Warning	10375	warning C4183: 'GetPreStatus': missing return type; assumed to be a member function returning 'int'	y:\develop\github\backmir\bmclient\Common\GameRenderObject.h	333	1	BackMirClient
Error	10376	error C2061: syntax error : identifier 'PLAYER_SEX'	y:\develop\github\backmir\bmclient\Common\GameRenderObject.h	354	1	BackMirClient
Error	10377	error C2146: syntax error : missing ';' before identifier 'GetPlayerSex'	y:\develop\github\backmir\bmclient\Common\GameRenderObject.h	358	1	BackMirClient
Error	10378	error C2433: 'GameObject::PLAYER_SEX' : 'inline' not permitted on data declarations	y:\develop\github\backmir\bmclient\Common\GameRenderObject.h	358	1	BackMirClient
Error	10379	error C4430: missing type specifier - int assumed. Note: C++ does not support default-int	y:\develop\github\backmir\bmclient\Common\GameRenderObject.h	358	1	BackMirClient
Error	10380	error C4430: missing type specifier - int assumed. Note: C++ does not support default-int	y:\develop\github\backmir\bmclient\Common\GameRenderObject.h	359	1	BackMirClient
Warning	10381	warning C4183: 'GetPlayerSex': missing return type; assumed to be a member function returning 'int'	y:\develop\github\backmir\bmclient\Common\GameRenderObject.h	361	1	BackMirClient
Error	10382	error C4430: missing type specifier - int assumed. Note: C++ does not support default-int	y:\develop\github\backmir\bmclient\Common\GameRenderObject.h	503	1	BackMirClient
Error	10383	error C2143: syntax error : missing ',' before '&'	y:\develop\github\backmir\bmclient\Common\GameRenderObject.h	503	1	BackMirClient
Error	10384	error C4430: missing type specifier - int assumed. Note: C++ does not support default-int	y:\develop\github\backmir\bmclient\Common\GameRenderObject.h	504	1	BackMirClient
Error	10385	error C2143: syntax error : missing ',' before '&'	y:\develop\github\backmir\bmclient\Common\GameRenderObject.h	504	1	BackMirClient
Error	10386	error C2535: 'void GameObject::DoPacket(const int)' : member function already defined or declared	y:\develop\github\backmir\bmclient\Common\GameRenderObject.h	504	1	BackMirClient
Error	10387	error C4430: missing type specifier - int assumed. Note: C++ does not support default-int	y:\develop\github\backmir\bmclient\Common\GameRenderObject.h	505	1	BackMirClient
Error	10388	error C2143: syntax error : missing ',' before '&'	y:\develop\github\backmir\bmclient\Common\GameRenderObject.h	505	1	BackMirClient
Error	10389	error C2535: 'void GameObject::DoPacket(const int)' : member function already defined or declared	y:\develop\github\backmir\bmclient\Common\GameRenderObject.h	505	1	BackMirClient
Error	10390	error C2061: syntax error : identifier 'PLAYER_STATUS'	y:\develop\github\backmir\bmclient\Common\GameRenderObject.h	513	1	BackMirClient
Error	10391	error C2146: syntax error : missing ';' before identifier 'm_drt'	y:\develop\github\backmir\bmclient\Common\GameRenderObject.h	554	1	BackMirClient
Error	10392	error C4430: missing type specifier - int assumed. Note: C++ does not support default-int	y:\develop\github\backmir\bmclient\Common\GameRenderObject.h	554	1	BackMirClient
Error	10393	error C2146: syntax error : missing ';' before identifier 'm_sex'	y:\develop\github\backmir\bmclient\Common\GameRenderObject.h	555	1	BackMirClient
Error	10394	error C4430: missing type specifier - int assumed. Note: C++ does not support default-int	y:\develop\github\backmir\bmclient\Common\GameRenderObject.h	555	1	BackMirClient
Error	10395	error C2146: syntax error : missing ';' before identifier 'm_stat'	y:\develop\github\backmir\bmclient\Common\GameRenderObject.h	556	1	BackMirClient
Error	10396	error C4430: missing type specifier - int assumed. Note: C++ does not support default-int	y:\develop\github\backmir\bmclient\Common\GameRenderObject.h	556	1	BackMirClient
Error	10397	error C2146: syntax error : missing ';' before identifier 'm_preStat'	y:\develop\github\backmir\bmclient\Common\GameRenderObject.h	557	1	BackMirClient
Error	10398	error C4430: missing type specifier - int assumed. Note: C++ does not support default-int	y:\develop\github\backmir\bmclient\Common\GameRenderObject.h	557	1	BackMirClient
Error	10399	error C2065: 'm_drt' : undeclared identifier	y:\develop\github\backmir\bmclient\Common\GameRenderObject.h	253	1	BackMirClient
Error	10400	error C2065: 'PDT_DOWN' : undeclared identifier	y:\develop\github\backmir\bmclient\Common\GameRenderObject.h	253	1	BackMirClient
Error	10401	error C2065: 'm_sex' : undeclared identifier	y:\develop\github\backmir\bmclient\Common\GameRenderObject.h	254	1	BackMirClient
Error	10402	error C2065: 'PSX_MAN' : undeclared identifier	y:\develop\github\backmir\bmclient\Common\GameRenderObject.h	254	1	BackMirClient
Error	10403	error C2065: 'm_preStat' : undeclared identifier	y:\develop\github\backmir\bmclient\Common\GameRenderObject.h	255	1	BackMirClient
Error	10404	error C2065: 'm_stat' : undeclared identifier	y:\develop\github\backmir\bmclient\Common\GameRenderObject.h	255	1	BackMirClient
Error	10405	error C2065: 'PST_STAND' : undeclared identifier	y:\develop\github\backmir\bmclient\Common\GameRenderObject.h	255	1	BackMirClient
Error	10406	error C2065: 'm_drt' : undeclared identifier	y:\develop\github\backmir\bmclient\Common\GameRenderObject.h	310	1	BackMirClient
Error	10407	error C2065: '_pd' : undeclared identifier	y:\develop\github\backmir\bmclient\Common\GameRenderObject.h	310	1	BackMirClient
Error	10408	error C2065: 'm_drt' : undeclared identifier	y:\develop\github\backmir\bmclient\Common\GameRenderObject.h	314	1	BackMirClient
Error	10409	error C2065: 'm_stat' : undeclared identifier	y:\develop\github\backmir\bmclient\Common\GameRenderObject.h	318	1	BackMirClient
Error	10410	error C2065: '_ps' : undeclared identifier	y:\develop\github\backmir\bmclient\Common\GameRenderObject.h	318	1	BackMirClient
Error	10411	error C2065: '_ps' : undeclared identifier	y:\develop\github\backmir\bmclient\Common\GameRenderObject.h	320	1	BackMirClient
Error	10412	error C2065: 'PST_STAND' : undeclared identifier	y:\develop\github\backmir\bmclient\Common\GameRenderObject.h	320	1	BackMirClient
Error	10413	error C2065: '_ps' : undeclared identifier	y:\develop\github\backmir\bmclient\Common\GameRenderObject.h	324	1	BackMirClient
Error	10414	error C2065: 'm_stat' : undeclared identifier	y:\develop\github\backmir\bmclient\Common\GameRenderObject.h	328	1	BackMirClient
Error	10415	error C2065: 'm_preStat' : undeclared identifier	y:\develop\github\backmir\bmclient\Common\GameRenderObject.h	332	1	BackMirClient
Error	10416	error C2065: 'm_sex' : undeclared identifier	y:\develop\github\backmir\bmclient\Common\GameRenderObject.h	356	1	BackMirClient
Error	10417	error C2065: '_ps' : undeclared identifier	y:\develop\github\backmir\bmclient\Common\GameRenderObject.h	356	1	BackMirClient
Error	10418	error C2065: 'm_sex' : undeclared identifier	y:\develop\github\backmir\bmclient\Common\GameRenderObject.h	360	1	BackMirClient
Error	10419	error C2065: 'PST_DEAD' : undeclared identifier	y:\develop\github\backmir\bmclient\Common\GameRenderObject.h	429	1	BackMirClient
Warning	10420	warning C4819: The file contains a character that cannot be represented in the current code page (936). Save the file in Unicode format to prevent data loss	y:\develop\github\backmir\CommonModule\ShareDefine.h	1	1	BackMirClient
Error	10421	error C2365: 'RES_ITEMS' : redefinition; previous definition was 'enumerator'	y:\develop\github\backmir\CommonModule\ShareDefine.h	79	1	BackMirClient
Error	10422	error C2365: 'RES_STATUS' : redefinition; previous definition was 'enumerator'	y:\develop\github\backmir\CommonModule\ShareDefine.h	80	1	BackMirClient
Error	10423	error C2365: 'RES_CUSTOM' : redefinition; previous definition was 'enumerator'	y:\develop\github\backmir\CommonModule\ShareDefine.h	81	1	BackMirClient
Error	10424	error C2365: 'RES_TOTAL' : redefinition; previous definition was 'enumerator'	y:\develop\github\backmir\CommonModule\ShareDefine.h	82	1	BackMirClient
Error	10425	error C2065: 'MEFF_USERTOTAL' : undeclared identifier	y:\develop\github\backmir\bmclient\GameScene\MagicEffect.h	8	1	BackMirClient
Error	10426	error C2061: syntax error : identifier 'PLAYER_STATUS'	y:\develop\github\backmir\bmclient\gamescene\GameOtherPlayer.h	29	1	BackMirClient
Error	10427	error C2061: syntax error : identifier 'MAGICEFFECT_TYPE'	y:\develop\github\backmir\bmclient\gamescene\GameOtherPlayer.h	52	1	BackMirClient
Error	10428	error C2061: syntax error : identifier 'MAGICEFFECT_TYPE'	y:\develop\github\backmir\bmclient\gamescene\GameOtherPlayer.h	53	1	BackMirClient
Error	10429	error C4430: missing type specifier - int assumed. Note: C++ does not support default-int	y:\develop\github\backmir\bmclient\gamescene\GameOtherPlayer.h	157	1	BackMirClient
Error	10430	error C2143: syntax error : missing ',' before '&'	y:\develop\github\backmir\bmclient\gamescene\GameOtherPlayer.h	157	1	BackMirClient
Error	10431	error C4430: missing type specifier - int assumed. Note: C++ does not support default-int	y:\develop\github\backmir\bmclient\gamescene\GameOtherPlayer.h	201	1	BackMirClient
Error	10432	error C2143: syntax error : missing ',' before '&'	y:\develop\github\backmir\bmclient\gamescene\GameOtherPlayer.h	201	1	BackMirClient
Error	10433	error C2535: 'void GameOtherPlayer::DoPacket(const int)' : member function already defined or declared	y:\develop\github\backmir\bmclient\gamescene\GameOtherPlayer.h	201	1	BackMirClient
Error	10434	error C2146: syntax error : missing ';' before identifier 'm_eEffect'	y:\develop\github\backmir\bmclient\gamescene\GameOtherPlayer.h	228	1	BackMirClient
Error	10435	error C4430: missing type specifier - int assumed. Note: C++ does not support default-int	y:\develop\github\backmir\bmclient\gamescene\GameOtherPlayer.h	228	1	BackMirClient
Error	10436	error C2065: 'MAGICEFFECT_TOTAL' : undeclared identifier	y:\develop\github\backmir\bmclient\gamescene\GameOtherPlayer.h	228	1	BackMirClient
Warning	10437	warning C4819: The file contains a character that cannot be represented in the current code page (936). Save the file in Unicode format to prevent data loss	y:\develop\github\backmir\CommonModule\RandGenerator.h	1	1	BackMirClient
Warning	10438	warning C4819: The file contains a character that cannot be represented in the current code page (936). Save the file in Unicode format to prevent data loss	y:\develop\github\backmir\CommonModule\CollDownController.h	1	1	BackMirClient
Error	10439	error C2061: syntax error : identifier 'PLAYER_DIRECTION'	y:\develop\github\backmir\bmclient\gamescene\GamePlayer.h	57	1	BackMirClient
Error	10440	error C2061: syntax error : identifier 'PLAYER_DIRECTION'	y:\develop\github\backmir\bmclient\gamescene\GamePlayer.h	58	1	BackMirClient
Error	10441	error C2143: syntax error : missing ';' before '*'	y:\develop\github\backmir\bmclient\gamescene\GamePlayer.h	73	1	BackMirClient
Error	10442	error C4430: missing type specifier - int assumed. Note: C++ does not support default-int	y:\develop\github\backmir\bmclient\gamescene\GamePlayer.h	73	1	BackMirClient
Error	10443	error C4430: missing type specifier - int assumed. Note: C++ does not support default-int	y:\develop\github\backmir\bmclient\gamescene\GamePlayer.h	74	1	BackMirClient
Warning	10444	warning C4183: 'GetEquip': missing return type; assumed to be a member function returning 'int'	y:\develop\github\backmir\bmclient\gamescene\GamePlayer.h	76	1	BackMirClient
Error	10445	error C2146: syntax error : missing ';' before identifier 'm_equipAttrib'	y:\develop\github\backmir\bmclient\gamescene\GamePlayer.h	350	1	BackMirClient
Error	10446	error C4430: missing type specifier - int assumed. Note: C++ does not support default-int	y:\develop\github\backmir\bmclient\gamescene\GamePlayer.h	350	1	BackMirClient
Error	10447	error C2146: syntax error : missing ';' before identifier 'm_indexs'	y:\develop\github\backmir\bmclient\gamescene\GamePlayer.h	361	1	BackMirClient
Error	10448	error C4430: missing type specifier - int assumed. Note: C++ does not support default-int	y:\develop\github\backmir\bmclient\gamescene\GamePlayer.h	361	1	BackMirClient
Error	10449	error C2065: 'ADD_NORMAL' : undeclared identifier	y:\develop\github\backmir\bmclient\gamescene\GamePlayer.h	182	1	BackMirClient
Error	10450	error C2065: 'ADD_NORMAL' : undeclared identifier	y:\develop\github\backmir\bmclient\gamescene\GamePlayer.h	183	1	BackMirClient
Error	10451	error C2065: 'm_equipAttrib' : undeclared identifier	y:\develop\github\backmir\bmclient\gamescene\GamePlayer.h	75	1	BackMirClient
Error	10452	error C2065: 'PST_NONE' : undeclared identifier	y:\develop\github\backmir\bmclient\gamescene\GamePlayer.h	84	1	BackMirClient
Error	10453	error C2065: 'g_nWanLiTable' : undeclared identifier	y:\develop\github\backmir\bmclient\gamescene\GamePlayer.h	135	1	BackMirClient
Error	10454	error C2146: syntax error : missing ';' before identifier 'm_xShowItems'	y:\develop\github\backmir\bmclient\GameScene\GameMapManager.h	137	1	BackMirClient
Error	10455	error C4430: missing type specifier - int assumed. Note: C++ does not support default-int	y:\develop\github\backmir\bmclient\GameScene\GameMapManager.h	137	1	BackMirClient
Error	10456	error C2146: syntax error : missing ';' before identifier 'm_xMouseItems'	y:\develop\github\backmir\bmclient\GameScene\GameMapManager.h	138	1	BackMirClient
Error	10457	error C4430: missing type specifier - int assumed. Note: C++ does not support default-int	y:\develop\github\backmir\bmclient\GameScene\GameMapManager.h	138	1	BackMirClient
Error	10458	error C2065: 'm_xMouseItems' : undeclared identifier	y:\develop\github\backmir\bmclient\GameScene\GameMapManager.h	80	1	BackMirClient
Error	10459	error C2228: left of '.push_back' must have class/struct/union	y:\develop\github\backmir\bmclient\GameScene\GameMapManager.h	80	1	BackMirClient
Error	10460	error C1083: Cannot open include file: 'FastDelegateBind.h': No such file or directory	y:\develop\github\backmir\bmclient\GameDialog\GameCommonDlg.h	9	1	BackMirClient
Warning	10461	warning C4819: The file contains a character that cannot be represented in the current code page (936). Save the file in Unicode format to prevent data loss	y:\develop\github\backmir\bmclient\common\GlobalDefine.h	1	1	BackMirClient
Error	10462	error C2447: '{' : missing function header (old-style formal list?)	y:\develop\github\backmir\bmclient\common\GlobalDefine.h	91	1	BackMirClient
Error	10463	error C2447: '{' : missing function header (old-style formal list?)	y:\develop\github\backmir\bmclient\common\GlobalDefine.h	103	1	BackMirClient
Error	10464	error C2447: '{' : missing function header (old-style formal list?)	y:\develop\github\backmir\bmclient\common\GlobalDefine.h	128	1	BackMirClient
Error	10465	error C2146: syntax error : missing ';' before identifier 'GetAngle'	y:\develop\github\backmir\bmclient\Common\GlobalFunction.h	26	1	BackMirClient
Error	10466	error C4430: missing type specifier - int assumed. Note: C++ does not support default-int	y:\develop\github\backmir\bmclient\Common\GlobalFunction.h	26	1	BackMirClient
Warning	10467	warning C4819: The file contains a character that cannot be represented in the current code page (936). Save the file in Unicode format to prevent data loss	y:\develop\github\backmir\bmclient\Common\GlobalDefine.h	1	1	BackMirClient
Error	10468	error C2447: '{' : missing function header (old-style formal list?)	y:\develop\github\backmir\bmclient\Common\GlobalDefine.h	91	1	BackMirClient
Error	10469	error C2447: '{' : missing function header (old-style formal list?)	y:\develop\github\backmir\bmclient\Common\GlobalDefine.h	103	1	BackMirClient
Error	10470	error C2447: '{' : missing function header (old-style formal list?)	y:\develop\github\backmir\bmclient\Common\GlobalDefine.h	128	1	BackMirClient
Error	10471	error C2146: syntax error : missing ';' before identifier 'GetAngle'	y:\develop\github\backmir\bmclient\Common\GlobalFunction.h	26	1	BackMirClient
Error	10472	error C4430: missing type specifier - int assumed. Note: C++ does not support default-int	y:\develop\github\backmir\bmclient\Common\GlobalFunction.h	26	1	BackMirClient
Error	10473	error C4430: missing type specifier - int assumed. Note: C++ does not support default-int	y:\develop\github\backmir\bmclient\net\PacketHandler.h	71	1	BackMirClient
Error	10474	error C2143: syntax error : missing ',' before '&'	y:\develop\github\backmir\bmclient\net\PacketHandler.h	71	1	BackMirClient
Warning	10475	warning C4819: The file contains a character that cannot be represented in the current code page (936). Save the file in Unicode format to prevent data loss	y:\develop\github\backmir\CommonModule\MagicEffectID.h	1	1	BackMirClient
Error	10476	error C2061: syntax error : identifier 'PLAYER_DIRECTION'	y:\develop\github\backmir\bmclient\Common\GameRenderObject.h	308	1	BackMirClient
Error	10477	error C2146: syntax error : missing ';' before identifier 'GetDirection'	y:\develop\github\backmir\bmclient\Common\GameRenderObject.h	312	1	BackMirClient
Error	10478	error C2433: 'GameObject::PLAYER_DIRECTION' : 'inline' not permitted on data declarations	y:\develop\github\backmir\bmclient\Common\GameRenderObject.h	312	1	BackMirClient
Error	10479	error C4430: missing type specifier - int assumed. Note: C++ does not support default-int	y:\develop\github\backmir\bmclient\Common\GameRenderObject.h	312	1	BackMirClient
Error	10480	error C4430: missing type specifier - int assumed. Note: C++ does not support default-int	y:\develop\github\backmir\bmclient\Common\GameRenderObject.h	313	1	BackMirClient
Warning	10481	warning C4183: 'GetDirection': missing return type; assumed to be a member function returning 'int'	y:\develop\github\backmir\bmclient\Common\GameRenderObject.h	315	1	BackMirClient
Error	10482	error C2061: syntax error : identifier 'PLAYER_STATUS'	y:\develop\github\backmir\bmclient\Common\GameRenderObject.h	316	1	BackMirClient
Error	10483	error C2146: syntax error : missing ';' before identifier 'GetStatus'	y:\develop\github\backmir\bmclient\Common\GameRenderObject.h	326	1	BackMirClient
Error	10484	error C2433: 'GameObject::PLAYER_STATUS' : 'inline' not permitted on data declarations	y:\develop\github\backmir\bmclient\Common\GameRenderObject.h	326	1	BackMirClient
Error	10485	error C4430: missing type specifier - int assumed. Note: C++ does not support default-int	y:\develop\github\backmir\bmclient\Common\GameRenderObject.h	326	1	BackMirClient
Error	10486	error C4430: missing type specifier - int assumed. Note: C++ does not support default-int	y:\develop\github\backmir\bmclient\Common\GameRenderObject.h	327	1	BackMirClient
Warning	10487	warning C4183: 'GetStatus': missing return type; assumed to be a member function returning 'int'	y:\develop\github\backmir\bmclient\Common\GameRenderObject.h	329	1	BackMirClient
Error	10488	error C2146: syntax error : missing ';' before identifier 'GetPreStatus'	y:\develop\github\backmir\bmclient\Common\GameRenderObject.h	330	1	BackMirClient
Error	10489	error C2433: 'GameObject::PLAYER_STATUS' : 'inline' not permitted on data declarations	y:\develop\github\backmir\bmclient\Common\GameRenderObject.h	330	1	BackMirClient
Error	10490	error C4430: missing type specifier - int assumed. Note: C++ does not support default-int	y:\develop\github\backmir\bmclient\Common\GameRenderObject.h	330	1	BackMirClient
Error	10491	error C4430: missing type specifier - int assumed. Note: C++ does not support default-int	y:\develop\github\backmir\bmclient\Common\GameRenderObject.h	331	1	BackMirClient
Warning	10492	warning C4183: 'GetPreStatus': missing return type; assumed to be a member function returning 'int'	y:\develop\github\backmir\bmclient\Common\GameRenderObject.h	333	1	BackMirClient
Error	10493	error C2061: syntax error : identifier 'PLAYER_SEX'	y:\develop\github\backmir\bmclient\Common\GameRenderObject.h	354	1	BackMirClient
Error	10494	error C2146: syntax error : missing ';' before identifier 'GetPlayerSex'	y:\develop\github\backmir\bmclient\Common\GameRenderObject.h	358	1	BackMirClient
Error	10495	error C2433: 'GameObject::PLAYER_SEX' : 'inline' not permitted on data declarations	y:\develop\github\backmir\bmclient\Common\GameRenderObject.h	358	1	BackMirClient
Error	10496	error C4430: missing type specifier - int assumed. Note: C++ does not support default-int	y:\develop\github\backmir\bmclient\Common\GameRenderObject.h	358	1	BackMirClient
Error	10497	error C4430: missing type specifier - int assumed. Note: C++ does not support default-int	y:\develop\github\backmir\bmclient\Common\GameRenderObject.h	359	1	BackMirClient
Warning	10498	warning C4183: 'GetPlayerSex': missing return type; assumed to be a member function returning 'int'	y:\develop\github\backmir\bmclient\Common\GameRenderObject.h	361	1	BackMirClient
Error	10499	error C4430: missing type specifier - int assumed. Note: C++ does not support default-int	y:\develop\github\backmir\bmclient\Common\GameRenderObject.h	503	1	BackMirClient
Error	10500	error C2143: syntax error : missing ',' before '&'	y:\develop\github\backmir\bmclient\Common\GameRenderObject.h	503	1	BackMirClient
Error	10501	error C4430: missing type specifier - int assumed. Note: C++ does not support default-int	y:\develop\github\backmir\bmclient\Common\GameRenderObject.h	504	1	BackMirClient
Error	10502	error C2143: syntax error : missing ',' before '&'	y:\develop\github\backmir\bmclient\Common\GameRenderObject.h	504	1	BackMirClient
Error	10503	error C2535: 'void GameObject::DoPacket(const int)' : member function already defined or declared	y:\develop\github\backmir\bmclient\Common\GameRenderObject.h	504	1	BackMirClient
Error	10504	error C4430: missing type specifier - int assumed. Note: C++ does not support default-int	y:\develop\github\backmir\bmclient\Common\GameRenderObject.h	505	1	BackMirClient
Error	10505	error C2143: syntax error : missing ',' before '&'	y:\develop\github\backmir\bmclient\Common\GameRenderObject.h	505	1	BackMirClient
Error	10506	error C2535: 'void GameObject::DoPacket(const int)' : member function already defined or declared	y:\develop\github\backmir\bmclient\Common\GameRenderObject.h	505	1	BackMirClient
Error	10507	error C2061: syntax error : identifier 'PLAYER_STATUS'	y:\develop\github\backmir\bmclient\Common\GameRenderObject.h	513	1	BackMirClient
Error	10508	error C2146: syntax error : missing ';' before identifier 'm_drt'	y:\develop\github\backmir\bmclient\Common\GameRenderObject.h	554	1	BackMirClient
Error	10509	error C4430: missing type specifier - int assumed. Note: C++ does not support default-int	y:\develop\github\backmir\bmclient\Common\GameRenderObject.h	554	1	BackMirClient
Error	10510	error C2146: syntax error : missing ';' before identifier 'm_sex'	y:\develop\github\backmir\bmclient\Common\GameRenderObject.h	555	1	BackMirClient
Error	10511	error C4430: missing type specifier - int assumed. Note: C++ does not support default-int	y:\develop\github\backmir\bmclient\Common\GameRenderObject.h	555	1	BackMirClient
Error	10512	error C2146: syntax error : missing ';' before identifier 'm_stat'	y:\develop\github\backmir\bmclient\Common\GameRenderObject.h	556	1	BackMirClient
Error	10513	error C4430: missing type specifier - int assumed. Note: C++ does not support default-int	y:\develop\github\backmir\bmclient\Common\GameRenderObject.h	556	1	BackMirClient
Error	10514	error C2146: syntax error : missing ';' before identifier 'm_preStat'	y:\develop\github\backmir\bmclient\Common\GameRenderObject.h	557	1	BackMirClient
Error	10515	error C4430: missing type specifier - int assumed. Note: C++ does not support default-int	y:\develop\github\backmir\bmclient\Common\GameRenderObject.h	557	1	BackMirClient
Error	10516	error C2065: 'm_drt' : undeclared identifier	y:\develop\github\backmir\bmclient\Common\GameRenderObject.h	253	1	BackMirClient
Error	10517	error C2065: 'PDT_DOWN' : undeclared identifier	y:\develop\github\backmir\bmclient\Common\GameRenderObject.h	253	1	BackMirClient
Error	10518	error C2065: 'm_sex' : undeclared identifier	y:\develop\github\backmir\bmclient\Common\GameRenderObject.h	254	1	BackMirClient
Error	10519	error C2065: 'PSX_MAN' : undeclared identifier	y:\develop\github\backmir\bmclient\Common\GameRenderObject.h	254	1	BackMirClient
Error	10520	error C2065: 'm_preStat' : undeclared identifier	y:\develop\github\backmir\bmclient\Common\GameRenderObject.h	255	1	BackMirClient
Error	10521	error C2065: 'm_stat' : undeclared identifier	y:\develop\github\backmir\bmclient\Common\GameRenderObject.h	255	1	BackMirClient
Error	10522	error C2065: 'PST_STAND' : undeclared identifier	y:\develop\github\backmir\bmclient\Common\GameRenderObject.h	255	1	BackMirClient
Error	10523	error C2065: 'm_drt' : undeclared identifier	y:\develop\github\backmir\bmclient\Common\GameRenderObject.h	310	1	BackMirClient
Error	10524	error C2065: '_pd' : undeclared identifier	y:\develop\github\backmir\bmclient\Common\GameRenderObject.h	310	1	BackMirClient
Error	10525	error C2065: 'm_drt' : undeclared identifier	y:\develop\github\backmir\bmclient\Common\GameRenderObject.h	314	1	BackMirClient
Error	10526	error C2065: 'm_stat' : undeclared identifier	y:\develop\github\backmir\bmclient\Common\GameRenderObject.h	318	1	BackMirClient
Error	10527	error C2065: '_ps' : undeclared identifier	y:\develop\github\backmir\bmclient\Common\GameRenderObject.h	318	1	BackMirClient
Error	10528	error C2065: '_ps' : undeclared identifier	y:\develop\github\backmir\bmclient\Common\GameRenderObject.h	320	1	BackMirClient
Error	10529	error C2065: 'PST_STAND' : undeclared identifier	y:\develop\github\backmir\bmclient\Common\GameRenderObject.h	320	1	BackMirClient
Error	10530	error C2065: '_ps' : undeclared identifier	y:\develop\github\backmir\bmclient\Common\GameRenderObject.h	324	1	BackMirClient
Error	10531	error C2065: 'm_stat' : undeclared identifier	y:\develop\github\backmir\bmclient\Common\GameRenderObject.h	328	1	BackMirClient
Error	10532	error C2065: 'm_preStat' : undeclared identifier	y:\develop\github\backmir\bmclient\Common\GameRenderObject.h	332	1	BackMirClient
Error	10533	error C2065: 'm_sex' : undeclared identifier	y:\develop\github\backmir\bmclient\Common\GameRenderObject.h	356	1	BackMirClient
Error	10534	error C2065: '_ps' : undeclared identifier	y:\develop\github\backmir\bmclient\Common\GameRenderObject.h	356	1	BackMirClient
Error	10535	error C2065: 'm_sex' : undeclared identifier	y:\develop\github\backmir\bmclient\Common\GameRenderObject.h	360	1	BackMirClient
Error	10536	error C2065: 'PST_DEAD' : undeclared identifier	y:\develop\github\backmir\bmclient\Common\GameRenderObject.h	429	1	BackMirClient
Warning	10537	warning C4819: The file contains a character that cannot be represented in the current code page (936). Save the file in Unicode format to prevent data loss	y:\develop\github\backmir\CommonModule\ShareDefine.h	1	1	BackMirClient
Error	10538	error C2365: 'RES_ITEMS' : redefinition; previous definition was 'enumerator'	y:\develop\github\backmir\CommonModule\ShareDefine.h	79	1	BackMirClient
Error	10539	error C2365: 'RES_STATUS' : redefinition; previous definition was 'enumerator'	y:\develop\github\backmir\CommonModule\ShareDefine.h	80	1	BackMirClient
Error	10540	error C2365: 'RES_CUSTOM' : redefinition; previous definition was 'enumerator'	y:\develop\github\backmir\CommonModule\ShareDefine.h	81	1	BackMirClient
Error	10541	error C2365: 'RES_TOTAL' : redefinition; previous definition was 'enumerator'	y:\develop\github\backmir\CommonModule\ShareDefine.h	82	1	BackMirClient
Error	10542	error C2065: 'MEFF_USERTOTAL' : undeclared identifier	y:\develop\github\backmir\bmclient\GameScene\MagicEffect.h	8	1	BackMirClient
Error	10543	error C2061: syntax error : identifier 'PLAYER_STATUS'	y:\develop\github\backmir\bmclient\gamescene\GameOtherPlayer.h	29	1	BackMirClient
Error	10544	error C2061: syntax error : identifier 'MAGICEFFECT_TYPE'	y:\develop\github\backmir\bmclient\gamescene\GameOtherPlayer.h	52	1	BackMirClient
Error	10545	error C2061: syntax error : identifier 'MAGICEFFECT_TYPE'	y:\develop\github\backmir\bmclient\gamescene\GameOtherPlayer.h	53	1	BackMirClient
Error	10546	error C4430: missing type specifier - int assumed. Note: C++ does not support default-int	y:\develop\github\backmir\bmclient\gamescene\GameOtherPlayer.h	157	1	BackMirClient
Error	10547	error C2143: syntax error : missing ',' before '&'	y:\develop\github\backmir\bmclient\gamescene\GameOtherPlayer.h	157	1	BackMirClient
Error	10548	error C4430: missing type specifier - int assumed. Note: C++ does not support default-int	y:\develop\github\backmir\bmclient\gamescene\GameOtherPlayer.h	201	1	BackMirClient
Error	10549	error C2143: syntax error : missing ',' before '&'	y:\develop\github\backmir\bmclient\gamescene\GameOtherPlayer.h	201	1	BackMirClient
Error	10550	error C2535: 'void GameOtherPlayer::DoPacket(const int)' : member function already defined or declared	y:\develop\github\backmir\bmclient\gamescene\GameOtherPlayer.h	201	1	BackMirClient
Error	10551	error C2146: syntax error : missing ';' before identifier 'm_eEffect'	y:\develop\github\backmir\bmclient\gamescene\GameOtherPlayer.h	228	1	BackMirClient
Error	10552	error C4430: missing type specifier - int assumed. Note: C++ does not support default-int	y:\develop\github\backmir\bmclient\gamescene\GameOtherPlayer.h	228	1	BackMirClient
Error	10553	error C2065: 'MAGICEFFECT_TOTAL' : undeclared identifier	y:\develop\github\backmir\bmclient\gamescene\GameOtherPlayer.h	228	1	BackMirClient
Warning	10554	warning C4819: The file contains a character that cannot be represented in the current code page (936). Save the file in Unicode format to prevent data loss	y:\develop\github\backmir\CommonModule\RandGenerator.h	1	1	BackMirClient
Warning	10555	warning C4819: The file contains a character that cannot be represented in the current code page (936). Save the file in Unicode format to prevent data loss	y:\develop\github\backmir\CommonModule\CollDownController.h	1	1	BackMirClient
Error	10556	error C2061: syntax error : identifier 'PLAYER_DIRECTION'	y:\develop\github\backmir\bmclient\gamescene\GamePlayer.h	57	1	BackMirClient
Error	10557	error C2061: syntax error : identifier 'PLAYER_DIRECTION'	y:\develop\github\backmir\bmclient\gamescene\GamePlayer.h	58	1	BackMirClient
Error	10558	error C2143: syntax error : missing ';' before '*'	y:\develop\github\backmir\bmclient\gamescene\GamePlayer.h	73	1	BackMirClient
Error	10559	error C4430: missing type specifier - int assumed. Note: C++ does not support default-int	y:\develop\github\backmir\bmclient\gamescene\GamePlayer.h	73	1	BackMirClient
Error	10560	error C4430: missing type specifier - int assumed. Note: C++ does not support default-int	y:\develop\github\backmir\bmclient\gamescene\GamePlayer.h	74	1	BackMirClient
Warning	10561	warning C4183: 'GetEquip': missing return type; assumed to be a member function returning 'int'	y:\develop\github\backmir\bmclient\gamescene\GamePlayer.h	76	1	BackMirClient
Error	10562	error C2146: syntax error : missing ';' before identifier 'm_equipAttrib'	y:\develop\github\backmir\bmclient\gamescene\GamePlayer.h	350	1	BackMirClient
Error	10563	error C4430: missing type specifier - int assumed. Note: C++ does not support default-int	y:\develop\github\backmir\bmclient\gamescene\GamePlayer.h	350	1	BackMirClient
Error	10564	error C2146: syntax error : missing ';' before identifier 'm_indexs'	y:\develop\github\backmir\bmclient\gamescene\GamePlayer.h	361	1	BackMirClient
Error	10565	error C4430: missing type specifier - int assumed. Note: C++ does not support default-int	y:\develop\github\backmir\bmclient\gamescene\GamePlayer.h	361	1	BackMirClient
Error	10566	error C2065: 'ADD_NORMAL' : undeclared identifier	y:\develop\github\backmir\bmclient\gamescene\GamePlayer.h	182	1	BackMirClient
Error	10567	error C2065: 'ADD_NORMAL' : undeclared identifier	y:\develop\github\backmir\bmclient\gamescene\GamePlayer.h	183	1	BackMirClient
Error	10568	error C2065: 'm_equipAttrib' : undeclared identifier	y:\develop\github\backmir\bmclient\gamescene\GamePlayer.h	75	1	BackMirClient
Error	10569	error C2065: 'PST_NONE' : undeclared identifier	y:\develop\github\backmir\bmclient\gamescene\GamePlayer.h	84	1	BackMirClient
Error	10570	error C2065: 'g_nWanLiTable' : undeclared identifier	y:\develop\github\backmir\bmclient\gamescene\GamePlayer.h	135	1	BackMirClient
Error	10571	error C2146: syntax error : missing ';' before identifier 'm_xShowItems'	y:\develop\github\backmir\bmclient\GameScene\GameMapManager.h	137	1	BackMirClient
Error	10572	error C4430: missing type specifier - int assumed. Note: C++ does not support default-int	y:\develop\github\backmir\bmclient\GameScene\GameMapManager.h	137	1	BackMirClient
Error	10573	error C2146: syntax error : missing ';' before identifier 'm_xMouseItems'	y:\develop\github\backmir\bmclient\GameScene\GameMapManager.h	138	1	BackMirClient
Error	10574	error C4430: missing type specifier - int assumed. Note: C++ does not support default-int	y:\develop\github\backmir\bmclient\GameScene\GameMapManager.h	138	1	BackMirClient
Error	10575	error C2065: 'm_xMouseItems' : undeclared identifier	y:\develop\github\backmir\bmclient\GameScene\GameMapManager.h	80	1	BackMirClient
Error	10576	error C2228: left of '.push_back' must have class/struct/union	y:\develop\github\backmir\bmclient\GameScene\GameMapManager.h	80	1	BackMirClient
Error	10577	error C1083: Cannot open include file: 'FastDelegateBind.h': No such file or directory	y:\develop\github\backmir\bmclient\GameDialog\GameCommonDlg.h	9	1	BackMirClient
Warning	10578	warning C4819: The file contains a character that cannot be represented in the current code page (936). Save the file in Unicode format to prevent data loss	y:\develop\github\backmir\bmclient\common\GlobalDefine.h	1	1	BackMirClient
Error	10579	error C2447: '{' : missing function header (old-style formal list?)	y:\develop\github\backmir\bmclient\common\GlobalDefine.h	91	1	BackMirClient
Error	10580	error C2447: '{' : missing function header (old-style formal list?)	y:\develop\github\backmir\bmclient\common\GlobalDefine.h	103	1	BackMirClient
Error	10581	error C2447: '{' : missing function header (old-style formal list?)	y:\develop\github\backmir\bmclient\common\GlobalDefine.h	128	1	BackMirClient
Error	10582	error C2146: syntax error : missing ';' before identifier 'GetAngle'	y:\develop\github\backmir\bmclient\Common\GlobalFunction.h	26	1	BackMirClient
Error	10583	error C4430: missing type specifier - int assumed. Note: C++ does not support default-int	y:\develop\github\backmir\bmclient\Common\GlobalFunction.h	26	1	BackMirClient
Error	10584	error C2144: syntax error : 'int' should be preceded by ';'	Y:\develop\github\backmir\BMClient\BackMir\GlobalLuaConfig.cpp	6	1	BackMirClient
Error	10585	error C4430: missing type specifier - int assumed. Note: C++ does not support default-int	Y:\develop\github\backmir\BMClient\BackMir\GlobalLuaConfig.cpp	6	1	BackMirClient
Error	10586	error C1083: Cannot open include file: 'Utils/Utils.h': No such file or directory	C:\Users\Administrator\devlib\Incvc12\DuiLib\uilib.h	71	1	BackMirClient
Error	10587	error C1083: Cannot open include file: 'Utils/Utils.h': No such file or directory	C:\Users\Administrator\devlib\Incvc12\DuiLib\uilib.h	71	1	BackMirClient
Error	10588	error C1083: Cannot open include file: 'Utils/Utils.h': No such file or directory	C:\Users\Administrator\devlib\Incvc12\DuiLib\uilib.h	71	1	BackMirClient
Error	10589	error C1083: Cannot open include file: 'Utils/Utils.h': No such file or directory	C:\Users\Administrator\devlib\Incvc12\DuiLib\uilib.h	71	1	BackMirClient
Error	10590	error C1083: Cannot open include file: 'Utils/Utils.h': No such file or directory	C:\Users\Administrator\devlib\Incvc12\DuiLib\uilib.h	71	1	BackMirClient
Error	10591	error C1083: Cannot open include file: 'Utils/Utils.h': No such file or directory	C:\Users\Administrator\devlib\Incvc12\DuiLib\UIlib.h	71	1	BackMirClient
Error	10592	error C1083: Cannot open include file: 'zip.h': No such file or directory	Y:\develop\github\backmir\CommonModule\ZipDataReader.cpp	5	1	BackMirClient
Error	10593	error C1083: Cannot open source file: '..\CommonModule\xxtea.cpp': No such file or directory	Y:\develop\github\backmir\BMClient\c1xx	BackMirClient
Error	10594	error C2039: 'snprintf' : is not a member of 'std'	Y:\develop\github\backmir\CommonModule\utils.cpp	49	1	BackMirClient
Error	10595	error C3861: 'snprintf': identifier not found	Y:\develop\github\backmir\CommonModule\utils.cpp	49	1	BackMirClient
Error	10596	error C2039: 'snprintf' : is not a member of 'std'	Y:\develop\github\backmir\CommonModule\utils.cpp	56	1	BackMirClient
Error	10597	error C3861: 'snprintf': identifier not found	Y:\develop\github\backmir\CommonModule\utils.cpp	56	1	BackMirClient
Error	10598	error C1083: Cannot open source file: '..\CommonModule\StoveManager.cpp': No such file or directory	Y:\develop\github\backmir\BMClient\c1xx	BackMirClient
Warning	10599	warning C4715: 'CTextureBuffer::InitBuffer' : not all control paths return a value	y:\develop\github\backmir\bmclient\common\ctexturebuffer.cpp	68	1	BackMirClient
Error	10600	error C1083: Cannot open source file: '..\CommonModule\StackWalker\StackWalker.cpp': No such file or directory	Y:\develop\github\backmir\BMClient\c1xx	BackMirClient
Error	10601	error C1083: Cannot open source file: '..\CommonModule\ScriptEngine.cpp': No such file or directory	Y:\develop\github\backmir\BMClient\c1xx	BackMirClient
Warning	10602	warning C4819: The file contains a character that cannot be represented in the current code page (936). Save the file in Unicode format to prevent data loss	y:\develop\github\backmir\commonmodule\MagicEffectID.h	1	1	BackMirClient
Warning	10603	warning C4819: The file contains a character that cannot be represented in the current code page (936). Save the file in Unicode format to prevent data loss	y:\develop\github\backmir\commonmodule\lua_extend.h	1	1	BackMirClient
Warning	10604	warning C4819: The file contains a character that cannot be represented in the current code page (936). Save the file in Unicode format to prevent data loss	y:\develop\github\backmir\commonmodule\LuaIterator.h	1	1	BackMirClient
Error	10605	error C2059: syntax error : '{'	y:\develop\github\backmir\commonmodule\LuaIterator.h	20	1	BackMirClient
Error	10606	error C2334: unexpected token(s) preceding '{'; skipping apparent function body	y:\develop\github\backmir\commonmodule\LuaIterator.h	20	1	BackMirClient
Warning	10607	warning C4819: The file contains a character that cannot be represented in the current code page (936). Save the file in Unicode format to prevent data loss	y:\develop\github\backmir\commonmodule\LuaDataLoader.h	1	1	BackMirClient
Warning	10608	warning C4819: The file contains a character that cannot be represented in the current code page (936). Save the file in Unicode format to prevent data loss	y:\develop\github\backmir\commonmodule\LuaConfigLoader.h	1	1	BackMirClient
Warning	10609	warning C4819: The file contains a character that cannot be represented in the current code page (936). Save the file in Unicode format to prevent data loss	Y:\develop\github\backmir\CommonModule\LuaBaseExecutor.cpp	1	1	BackMirClient
Warning	10610	warning C4819: The file contains a character that cannot be represented in the current code page (936). Save the file in Unicode format to prevent data loss	y:\develop\github\backmir\commonmodule\LuaBaseExecutor.h	1	1	BackMirClient
Warning	10611	warning C4819: The file contains a character that cannot be represented in the current code page (936). Save the file in Unicode format to prevent data loss	Y:\develop\github\backmir\CommonModule\LuaBaseEngine_Dispatcher.cpp	1	1	BackMirClient
Warning	10612	warning C4819: The file contains a character that cannot be represented in the current code page (936). Save the file in Unicode format to prevent data loss	Y:\develop\github\backmir\CommonModule\LuaBaseEngine.cpp	1	1	BackMirClient
Error	10613	error C3861: 'snprintf': identifier not found	Y:\develop\github\backmir\CommonModule\LuaBaseEngine.cpp	54	1	BackMirClient
Error	10614	error C1083: Cannot open include file: 'google/protobuf/port_def.inc': No such file or directory	y:\develop\github\backmir\commonmodule\loginsvr.pb.h	10	1	BackMirClient
Warning	10615	warning C4819: The file contains a character that cannot be represented in the current code page (936). Save the file in Unicode format to prevent data loss	Y:\develop\github\backmir\CommonModule\HideAttribHelper.cpp	1	1	BackMirClient
Warning	10616	warning C4819: The file contains a character that cannot be represented in the current code page (936). Save the file in Unicode format to prevent data loss	y:\develop\github\backmir\commonmodule\HideAttribHelper.h	1	1	BackMirClient
Error	10617	error C2144: syntax error : 'unsigned int' should be preceded by ';'	Y:\develop\github\backmir\CommonModule\HideAttribHelper.cpp	6	1	BackMirClient
Error	10618	error C4430: missing type specifier - int assumed. Note: C++ does not support default-int	Y:\develop\github\backmir\CommonModule\HideAttribHelper.cpp	6	1	BackMirClient
Error	10619	error C2144: syntax error : 'unsigned int' should be preceded by ';'	Y:\develop\github\backmir\CommonModule\HideAttribHelper.cpp	7	1	BackMirClient
Error	10620	error C4430: missing type specifier - int assumed. Note: C++ does not support default-int	Y:\develop\github\backmir\CommonModule\HideAttribHelper.cpp	7	1	BackMirClient
Error	10621	error C2086: 'int `anonymous-namespace'::constexpr' : redefinition	Y:\develop\github\backmir\CommonModule\HideAttribHelper.cpp	7	1	BackMirClient
Error	10622	error C2144: syntax error : 'int' should be preceded by ';'	Y:\develop\github\backmir\CommonModule\HideAttribHelper.cpp	8	1	BackMirClient
Error	10623	error C4430: missing type specifier - int assumed. Note: C++ does not support default-int	Y:\develop\github\backmir\CommonModule\HideAttribHelper.cpp	8	1	BackMirClient
Error	10624	error C2086: 'int `anonymous-namespace'::constexpr' : redefinition	Y:\develop\github\backmir\CommonModule\HideAttribHelper.cpp	8	1	BackMirClient
Error	10625	error C2144: syntax error : 'unsigned int' should be preceded by ';'	Y:\develop\github\backmir\CommonModule\HideAttribHelper.cpp	11	1	BackMirClient
Error	10626	error C4430: missing type specifier - int assumed. Note: C++ does not support default-int	Y:\develop\github\backmir\CommonModule\HideAttribHelper.cpp	11	1	BackMirClient
Error	10627	error C2086: 'int `anonymous-namespace'::constexpr' : redefinition	Y:\develop\github\backmir\CommonModule\HideAttribHelper.cpp	11	1	BackMirClient
Error	10628	error C2144: syntax error : 'unsigned int' should be preceded by ';'	Y:\develop\github\backmir\CommonModule\HideAttribHelper.cpp	12	1	BackMirClient
Error	10629	error C4430: missing type specifier - int assumed. Note: C++ does not support default-int	Y:\develop\github\backmir\CommonModule\HideAttribHelper.cpp	12	1	BackMirClient
Error	10630	error C2086: 'int `anonymous-namespace'::constexpr' : redefinition	Y:\develop\github\backmir\CommonModule\HideAttribHelper.cpp	12	1	BackMirClient
Error	10631	error C2144: syntax error : 'unsigned int' should be preceded by ';'	Y:\develop\github\backmir\CommonModule\HideAttribHelper.cpp	13	1	BackMirClient
Error	10632	error C4430: missing type specifier - int assumed. Note: C++ does not support default-int	Y:\develop\github\backmir\CommonModule\HideAttribHelper.cpp	13	1	BackMirClient
Error	10633	error C2086: 'int `anonymous-namespace'::constexpr' : redefinition	Y:\develop\github\backmir\CommonModule\HideAttribHelper.cpp	13	1	BackMirClient
Error	10634	error C2144: syntax error : 'int' should be preceded by ';'	Y:\develop\github\backmir\CommonModule\HideAttribHelper.cpp	14	1	BackMirClient
Error	10635	error C4430: missing type specifier - int assumed. Note: C++ does not support default-int	Y:\develop\github\backmir\CommonModule\HideAttribHelper.cpp	14	1	BackMirClient
Error	10636	error C2086: 'int `anonymous-namespace'::constexpr' : redefinition	Y:\develop\github\backmir\CommonModule\HideAttribHelper.cpp	14	1	BackMirClient
Warning	10637	warning C4819: The file contains a character that cannot be represented in the current code page (936). Save the file in Unicode format to prevent data loss	Y:\develop\github\backmir\CommonModule\GameStructSerialize.cpp	1	1	BackMirClient
Warning	10638	warning C4819: The file contains a character that cannot be represented in the current code page (936). Save the file in Unicode format to prevent data loss	Y:\develop\github\backmir\CommonModule\GamePacket.cpp	1	1	BackMirClient
Warning	10639	warning C4819: The file contains a character that cannot be represented in the current code page (936). Save the file in Unicode format to prevent data loss	Y:\develop\github\backmir\CommonModule\DataParser.cpp	1	1	BackMirClient
Warning	10640	warning C4819: The file contains a character that cannot be represented in the current code page (936). Save the file in Unicode format to prevent data loss	Y:\develop\github\backmir\CommonModule\DataEncryptor.cpp	1	1	BackMirClient
Warning	10641	warning C4819: The file contains a character that cannot be represented in the current code page (936). Save the file in Unicode format to prevent data loss	y:\develop\github\backmir\commonmodule\DataEncryptor.h	1	1	BackMirClient
Error	10642	error C2062: type 'unsigned int' unexpected	y:\develop\github\backmir\commonmodule\DataEncryptor.h	16	1	BackMirClient
Error	10643	error C2039: 'GetCheckSum' : is not a member of 'DataEncryptor'	Y:\develop\github\backmir\CommonModule\DataEncryptor.cpp	4	1	BackMirClient
Warning	10644	warning C4819: The file contains a character that cannot be represented in the current code page (936). Save the file in Unicode format to prevent data loss	Y:\develop\github\backmir\CommonModule\CommandLineHelper.cpp	1	1	BackMirClient
Warning	10645	warning C4819: The file contains a character that cannot be represented in the current code page (936). Save the file in Unicode format to prevent data loss	y:\develop\github\backmir\commonmodule\CommandLineHelper.h	1	1	BackMirClient
Error	10646	error C2039: 'GetAllParams' : is not a member of 'CommandLineHelper'	Y:\develop\github\backmir\CommonModule\CommandLineHelper.cpp	113	1	BackMirClient
Error	10647	error C2270: 'GetAllParams' : modifiers not allowed on nonmember functions	Y:\develop\github\backmir\CommonModule\CommandLineHelper.cpp	114	1	BackMirClient
Error	10648	error C2065: 'm_vecRaw' : undeclared identifier	Y:\develop\github\backmir\CommonModule\CommandLineHelper.cpp	115	1	BackMirClient
Warning	10649	warning C4819: The file contains a character that cannot be represented in the current code page (936). Save the file in Unicode format to prevent data loss	Y:\develop\github\backmir\CommonModule\CollDownController.cpp	1	1	BackMirClient
Warning	10650	warning C4819: The file contains a character that cannot be represented in the current code page (936). Save the file in Unicode format to prevent data loss	y:\develop\github\backmir\commonmodule\CollDownController.h	1	1	BackMirClient
Error	10651	error C2039: 'Update' : is not a member of 'CoolDownController'	Y:\develop\github\backmir\CommonModule\CollDownController.cpp	31	1	BackMirClient
Error	10652	error C2065: 'm_xItems' : undeclared identifier	Y:\develop\github\backmir\CommonModule\CollDownController.cpp	34	1	BackMirClient
Error	10653	error C2228: left of '.begin' must have class/struct/union	Y:\develop\github\backmir\CommonModule\CollDownController.cpp	34	1	BackMirClient
Error	10654	error C3536: 'it': cannot be used before it is initialized	Y:\develop\github\backmir\CommonModule\CollDownController.cpp	35	1	BackMirClient
Error	10655	error C2065: 'm_xItems' : undeclared identifier	Y:\develop\github\backmir\CommonModule\CollDownController.cpp	35	1	BackMirClient
Error	10656	error C2228: left of '.end' must have class/struct/union	Y:\develop\github\backmir\CommonModule\CollDownController.cpp	35	1	BackMirClient
Error	10657	error C1903: unable to recover from previous error(s); stopping compilation	Y:\develop\github\backmir\CommonModule\CollDownController.cpp	35	1	BackMirClient
Warning	10658	warning C4819: The file contains a character that cannot be represented in the current code page (936). Save the file in Unicode format to prevent data loss	Y:\develop\github\backmir\CommonModule\ByteBuffer.cpp	1	1	BackMirClient
Error	10659	error C1083: Cannot open source file: '..\CommonModule\BMHttpManager.cpp': No such file or directory	Y:\develop\github\backmir\BMClient\c1xx	BackMirClient
